[2025-12-19T00:20:51.617+0900] Using G1
[2025-12-19T00:20:51.617+0900] Version: 17.0.17+10-Ubuntu-122.04 (release)
[2025-12-19T00:20:51.617+0900] CPUs: 12 total, 12 available
[2025-12-19T00:20:51.617+0900] Memory: 11948M
[2025-12-19T00:20:51.617+0900] Large Page Support: Disabled
[2025-12-19T00:20:51.617+0900] NUMA Support: Disabled
[2025-12-19T00:20:51.617+0900] Compressed Oops: Enabled (Zero based)
[2025-12-19T00:20:51.618+0900] Heap Region Size: 4M
[2025-12-19T00:20:51.618+0900] Heap Min Capacity: 8M
[2025-12-19T00:20:51.618+0900] Heap Initial Capacity: 188M
[2025-12-19T00:20:51.618+0900] Heap Max Capacity: 8G
[2025-12-19T00:20:51.618+0900] Pre-touch: Disabled
[2025-12-19T00:20:51.618+0900] Parallel Workers: 10
[2025-12-19T00:20:51.618+0900] Concurrent Workers: 3
[2025-12-19T00:20:51.618+0900] Concurrent Refinement Workers: 10
[2025-12-19T00:20:51.618+0900] Periodic GC: Disabled
[2025-12-19T00:20:51.622+0900] CDS archive(s) mapped at: [0x000000b000000000-0x000000b000be0000-0x000000b000be0000), size 12451840, SharedBaseAddress: 0x000000b000000000, ArchiveRelocationMode: 1.
[2025-12-19T00:20:51.622+0900] Compressed class space mapped at: 0x000000b001000000-0x000000b041000000, reserved size: 1073741824
[2025-12-19T00:20:51.622+0900] Narrow klass base: 0x000000b000000000, Narrow klass shift: 0, Narrow klass range: 0x100000000
[2025-12-19T00:20:51.813+0900] GC(0) Pause Young (Normal) (G1 Evacuation Pause)
[2025-12-19T00:20:51.813+0900] GC(0) Using 4 workers of 10 for evacuation
[2025-12-19T00:20:51.820+0900] GC(0)   Pre Evacuate Collection Set: 0.1ms
[2025-12-19T00:20:51.820+0900] GC(0)   Merge Heap Roots: 0.1ms
[2025-12-19T00:20:51.820+0900] GC(0)   Evacuate Collection Set: 5.9ms
[2025-12-19T00:20:51.820+0900] GC(0)   Post Evacuate Collection Set: 0.4ms
[2025-12-19T00:20:51.820+0900] GC(0)   Other: 0.5ms
[2025-12-19T00:20:51.820+0900] GC(0) Eden regions: 5->0(2)
[2025-12-19T00:20:51.820+0900] GC(0) Survivor regions: 0->1(1)
[2025-12-19T00:20:51.820+0900] GC(0) Old regions: 0->3
[2025-12-19T00:20:51.820+0900] GC(0) Archive regions: 2->2
[2025-12-19T00:20:51.820+0900] GC(0) Humongous regions: 3->3
[2025-12-19T00:20:51.820+0900] GC(0) Metaspace: 542K(768K)->542K(768K) NonClass: 529K(640K)->529K(640K) Class: 13K(128K)->13K(128K)
[2025-12-19T00:20:51.820+0900] GC(0) Pause Young (Normal) (G1 Evacuation Pause) 35M->30M(196M) 7.571ms
[2025-12-19T00:20:51.820+0900] GC(0) User=0.01s Sys=0.02s Real=0.01s
[2025-12-19T00:20:51.871+0900] GC(1) Pause Young (Normal) (G1 Evacuation Pause)
[2025-12-19T00:20:51.871+0900] GC(1) Using 4 workers of 10 for evacuation
[2025-12-19T00:20:51.874+0900] GC(1)   Pre Evacuate Collection Set: 0.1ms
[2025-12-19T00:20:51.874+0900] GC(1)   Merge Heap Roots: 0.1ms
[2025-12-19T00:20:51.874+0900] GC(1)   Evacuate Collection Set: 3.0ms
[2025-12-19T00:20:51.874+0900] GC(1)   Post Evacuate Collection Set: 0.3ms
[2025-12-19T00:20:51.874+0900] GC(1)   Other: 0.2ms
[2025-12-19T00:20:51.874+0900] GC(1) Eden regions: 2->0(5)
[2025-12-19T00:20:51.874+0900] GC(1) Survivor regions: 1->1(1)
[2025-12-19T00:20:51.875+0900] GC(1) Old regions: 3->5
[2025-12-19T00:20:51.875+0900] GC(1) Archive regions: 2->2
[2025-12-19T00:20:51.875+0900] GC(1) Humongous regions: 5->5
[2025-12-19T00:20:51.875+0900] GC(1) Metaspace: 563K(768K)->563K(768K) NonClass: 550K(640K)->550K(640K) Class: 13K(128K)->13K(128K)
[2025-12-19T00:20:51.875+0900] GC(1) Pause Young (Normal) (G1 Evacuation Pause) 46M->45M(196M) 4.041ms
[2025-12-19T00:20:51.875+0900] GC(1) User=0.00s Sys=0.01s Real=0.00s
[2025-12-19T00:20:51.923+0900] GC(2) Pause Young (Concurrent Start) (G1 Humongous Allocation)
[2025-12-19T00:20:51.923+0900] GC(2) Using 4 workers of 10 for evacuation
[2025-12-19T00:20:51.926+0900] GC(2)   Pre Evacuate Collection Set: 0.1ms
[2025-12-19T00:20:51.926+0900] GC(2)   Merge Heap Roots: 0.6ms
[2025-12-19T00:20:51.926+0900] GC(2)   Evacuate Collection Set: 1.9ms
[2025-12-19T00:20:51.926+0900] GC(2)   Post Evacuate Collection Set: 0.3ms
[2025-12-19T00:20:51.926+0900] GC(2)   Other: 0.2ms
[2025-12-19T00:20:51.926+0900] GC(2) Eden regions: 2->0(7)
[2025-12-19T00:20:51.926+0900] GC(2) Survivor regions: 1->1(1)
[2025-12-19T00:20:51.926+0900] GC(2) Old regions: 5->7
[2025-12-19T00:20:51.926+0900] GC(2) Archive regions: 2->2
[2025-12-19T00:20:51.926+0900] GC(2) Humongous regions: 6->6
[2025-12-19T00:20:51.926+0900] GC(2) Metaspace: 1045K(1152K)->1045K(1152K) NonClass: 990K(1024K)->990K(1024K) Class: 55K(128K)->55K(128K)
[2025-12-19T00:20:51.926+0900] GC(2) Pause Young (Concurrent Start) (G1 Humongous Allocation) 57M->57M(196M) 3.625ms
[2025-12-19T00:20:51.927+0900] GC(2) User=0.01s Sys=0.00s Real=0.01s
[2025-12-19T00:20:51.927+0900] GC(3) Concurrent Undo Cycle
[2025-12-19T00:20:51.929+0900] GC(3) Concurrent Cleanup for Next Mark
[2025-12-19T00:20:51.931+0900] GC(3) Concurrent Cleanup for Next Mark 2.692ms
[2025-12-19T00:20:51.932+0900] GC(3) Concurrent Undo Cycle 5.028ms
[2025-12-19T00:20:52.000+0900] GC(4) Pause Young (Concurrent Start) (G1 Humongous Allocation)
[2025-12-19T00:20:52.000+0900] GC(4) Using 4 workers of 10 for evacuation
[2025-12-19T00:20:52.003+0900] GC(4)   Pre Evacuate Collection Set: 0.2ms
[2025-12-19T00:20:52.003+0900] GC(4)   Merge Heap Roots: 0.1ms
[2025-12-19T00:20:52.003+0900] GC(4)   Evacuate Collection Set: 2.3ms
[2025-12-19T00:20:52.003+0900] GC(4)   Post Evacuate Collection Set: 0.2ms
[2025-12-19T00:20:52.003+0900] GC(4)   Other: 0.4ms
[2025-12-19T00:20:52.003+0900] GC(4) Eden regions: 0->0(4)
[2025-12-19T00:20:52.003+0900] GC(4) Survivor regions: 1->0(1)
[2025-12-19T00:20:52.003+0900] GC(4) Old regions: 7->8
[2025-12-19T00:20:52.004+0900] GC(4) Archive regions: 2->2
[2025-12-19T00:20:52.004+0900] GC(4) Humongous regions: 18->18
[2025-12-19T00:20:52.004+0900] GC(4) Metaspace: 1045K(1152K)->1045K(1152K) NonClass: 990K(1024K)->990K(1024K) Class: 55K(128K)->55K(128K)
[2025-12-19T00:20:52.004+0900] GC(4) Pause Young (Concurrent Start) (G1 Humongous Allocation) 105M->104M(196M) 4.188ms
[2025-12-19T00:20:52.004+0900] GC(4) User=0.01s Sys=0.00s Real=0.00s
[2025-12-19T00:20:52.004+0900] GC(5) Concurrent Mark Cycle
[2025-12-19T00:20:52.004+0900] GC(5) Concurrent Clear Claimed Marks
[2025-12-19T00:20:52.005+0900] GC(5) Concurrent Clear Claimed Marks 0.122ms
[2025-12-19T00:20:52.005+0900] GC(5) Concurrent Scan Root Regions
[2025-12-19T00:20:52.006+0900] GC(5) Concurrent Scan Root Regions 0.666ms
[2025-12-19T00:20:52.006+0900] GC(5) Concurrent Mark
[2025-12-19T00:20:52.006+0900] GC(5) Concurrent Mark From Roots
[2025-12-19T00:20:52.006+0900] GC(5) Using 3 workers of 3 for marking
[2025-12-19T00:20:52.010+0900] GC(5) Concurrent Mark From Roots 4.037ms
[2025-12-19T00:20:52.010+0900] GC(5) Concurrent Preclean
[2025-12-19T00:20:52.010+0900] GC(5) Concurrent Preclean 0.242ms
[2025-12-19T00:20:52.011+0900] GC(5) Pause Remark
[2025-12-19T00:20:52.011+0900] GC(5) Pause Remark 113M->113M(208M) 0.783ms
[2025-12-19T00:20:52.012+0900] GC(5) User=0.00s Sys=0.00s Real=0.00s
[2025-12-19T00:20:52.012+0900] GC(5) Concurrent Mark 5.956ms
[2025-12-19T00:20:52.012+0900] GC(5) Concurrent Rebuild Remembered Sets
[2025-12-19T00:20:52.013+0900] GC(5) Concurrent Rebuild Remembered Sets 0.769ms
[2025-12-19T00:20:52.013+0900] GC(5) Pause Cleanup
[2025-12-19T00:20:52.013+0900] GC(5) Pause Cleanup 113M->113M(208M) 0.071ms
[2025-12-19T00:20:52.013+0900] GC(5) User=0.00s Sys=0.00s Real=0.00s
[2025-12-19T00:20:52.013+0900] GC(5) Concurrent Cleanup for Next Mark
[2025-12-19T00:20:52.014+0900] GC(5) Concurrent Cleanup for Next Mark 0.441ms
[2025-12-19T00:20:52.016+0900] GC(5) Concurrent Mark Cycle 11.533ms
[2025-12-19T00:20:52.316+0900] GC(6) Pause Young (Prepare Mixed) (G1 Evacuation Pause)
[2025-12-19T00:20:52.316+0900] GC(6) Using 5 workers of 10 for evacuation
[2025-12-19T00:20:52.317+0900] GC(6)   Pre Evacuate Collection Set: 0.1ms
[2025-12-19T00:20:52.317+0900] GC(6)   Merge Heap Roots: 0.1ms
[2025-12-19T00:20:52.317+0900] GC(6)   Evacuate Collection Set: 0.6ms
[2025-12-19T00:20:52.317+0900] GC(6)   Post Evacuate Collection Set: 0.5ms
[2025-12-19T00:20:52.317+0900] GC(6)   Other: 0.3ms
[2025-12-19T00:20:52.317+0900] GC(6) Eden regions: 4->0(2)
[2025-12-19T00:20:52.317+0900] GC(6) Survivor regions: 0->1(1)
[2025-12-19T00:20:52.317+0900] GC(6) Old regions: 8->8
[2025-12-19T00:20:52.317+0900] GC(6) Archive regions: 2->2
[2025-12-19T00:20:52.317+0900] GC(6) Humongous regions: 20->20
[2025-12-19T00:20:52.318+0900] GC(6) Metaspace: 3037K(3200K)->3037K(3200K) NonClass: 2720K(2816K)->2720K(2816K) Class: 316K(384K)->316K(384K)
[2025-12-19T00:20:52.318+0900] GC(6) Pause Young (Prepare Mixed) (G1 Evacuation Pause) 128M->116M(308M) 2.019ms
[2025-12-19T00:20:52.318+0900] GC(6) User=0.00s Sys=0.00s Real=0.01s
[2025-12-19T00:20:52.398+0900] GC(7) Pause Young (Mixed) (G1 Evacuation Pause)
[2025-12-19T00:20:52.398+0900] GC(7) Using 7 workers of 10 for evacuation
[2025-12-19T00:20:52.401+0900] GC(7)   Pre Evacuate Collection Set: 0.1ms
[2025-12-19T00:20:52.401+0900] GC(7)   Merge Heap Roots: 0.0ms
[2025-12-19T00:20:52.401+0900] GC(7)   Evacuate Collection Set: 2.0ms
[2025-12-19T00:20:52.401+0900] GC(7)   Post Evacuate Collection Set: 0.3ms
[2025-12-19T00:20:52.401+0900] GC(7)   Other: 0.4ms
[2025-12-19T00:20:52.401+0900] GC(7) Eden regions: 2->0(12)
[2025-12-19T00:20:52.401+0900] GC(7) Survivor regions: 1->1(1)
[2025-12-19T00:20:52.401+0900] GC(7) Old regions: 8->8
[2025-12-19T00:20:52.401+0900] GC(7) Archive regions: 2->2
[2025-12-19T00:20:52.401+0900] GC(7) Humongous regions: 20->20
[2025-12-19T00:20:52.401+0900] GC(7) Metaspace: 5029K(5248K)->5029K(5248K) NonClass: 4432K(4544K)->4432K(4544K) Class: 596K(704K)->596K(704K)
[2025-12-19T00:20:52.401+0900] GC(7) Pause Young (Mixed) (G1 Evacuation Pause) 124M->116M(308M) 3.166ms
[2025-12-19T00:20:52.401+0900] GC(7) User=0.01s Sys=0.01s Real=0.00s
[2025-12-19T00:20:52.873+0900] GC(8) Pause Young (Normal) (G1 Evacuation Pause)
[2025-12-19T00:20:52.873+0900] GC(8) Using 7 workers of 10 for evacuation
[2025-12-19T00:20:52.881+0900] GC(8)   Pre Evacuate Collection Set: 0.1ms
[2025-12-19T00:20:52.881+0900] GC(8)   Merge Heap Roots: 0.0ms
[2025-12-19T00:20:52.881+0900] GC(8)   Evacuate Collection Set: 6.4ms
[2025-12-19T00:20:52.881+0900] GC(8)   Post Evacuate Collection Set: 0.9ms
[2025-12-19T00:20:52.881+0900] GC(8)   Other: 0.5ms
[2025-12-19T00:20:52.881+0900] GC(8) Eden regions: 12->0(23)
[2025-12-19T00:20:52.881+0900] GC(8) Survivor regions: 1->2(2)
[2025-12-19T00:20:52.882+0900] GC(8) Old regions: 8->8
[2025-12-19T00:20:52.882+0900] GC(8) Archive regions: 2->2
[2025-12-19T00:20:52.882+0900] GC(8) Humongous regions: 20->20
[2025-12-19T00:20:52.882+0900] GC(8) Metaspace: 18770K(19008K)->18770K(19008K) NonClass: 16746K(16896K)->16746K(16896K) Class: 2023K(2112K)->2023K(2112K)
[2025-12-19T00:20:52.882+0900] GC(8) Pause Young (Normal) (G1 Evacuation Pause) 164M->119M(308M) 9.132ms
[2025-12-19T00:20:52.882+0900] GC(8) User=0.01s Sys=0.00s Real=0.01s
[2025-12-19T00:20:53.012+0900] GC(9) Pause Young (Concurrent Start) (Metadata GC Threshold)
[2025-12-19T00:20:53.012+0900] GC(9) Using 7 workers of 10 for evacuation
[2025-12-19T00:20:53.015+0900] GC(9)   Pre Evacuate Collection Set: 0.1ms
[2025-12-19T00:20:53.015+0900] GC(9)   Merge Heap Roots: 0.1ms
[2025-12-19T00:20:53.015+0900] GC(9)   Evacuate Collection Set: 2.0ms
[2025-12-19T00:20:53.015+0900] GC(9)   Post Evacuate Collection Set: 0.5ms
[2025-12-19T00:20:53.015+0900] GC(9)   Other: 0.2ms
[2025-12-19T00:20:53.016+0900] GC(9) Eden regions: 7->0(25)
[2025-12-19T00:20:53.016+0900] GC(9) Survivor regions: 2->2(4)
[2025-12-19T00:20:53.016+0900] GC(9) Old regions: 8->8
[2025-12-19T00:20:53.016+0900] GC(9) Archive regions: 2->2
[2025-12-19T00:20:53.016+0900] GC(9) Humongous regions: 20->20
[2025-12-19T00:20:53.016+0900] GC(9) Metaspace: 21243K(21504K)->21243K(21504K) NonClass: 18942K(19072K)->18942K(19072K) Class: 2301K(2432K)->2301K(2432K)
[2025-12-19T00:20:53.016+0900] GC(9) Pause Young (Concurrent Start) (Metadata GC Threshold) 145M->120M(308M) 3.847ms
[2025-12-19T00:20:53.016+0900] GC(9) User=0.02s Sys=0.00s Real=0.01s
[2025-12-19T00:20:53.016+0900] GC(10) Concurrent Mark Cycle
[2025-12-19T00:20:53.018+0900] GC(10) Concurrent Clear Claimed Marks
[2025-12-19T00:20:53.018+0900] GC(10) Concurrent Clear Claimed Marks 0.189ms
[2025-12-19T00:20:53.018+0900] GC(10) Concurrent Scan Root Regions
[2025-12-19T00:20:53.020+0900] GC(10) Concurrent Scan Root Regions 1.725ms
[2025-12-19T00:20:53.020+0900] GC(10) Concurrent Mark
[2025-12-19T00:20:53.020+0900] GC(10) Concurrent Mark From Roots
[2025-12-19T00:20:53.020+0900] GC(10) Using 3 workers of 3 for marking
[2025-12-19T00:20:53.021+0900] GC(10) Concurrent Mark From Roots 1.208ms
[2025-12-19T00:20:53.022+0900] GC(10) Concurrent Preclean
[2025-12-19T00:20:53.022+0900] GC(10) Concurrent Preclean 0.111ms
[2025-12-19T00:20:53.023+0900] GC(10) Pause Remark
[2025-12-19T00:20:53.025+0900] GC(10) Pause Remark 122M->122M(308M) 1.153ms
[2025-12-19T00:20:53.025+0900] GC(10) User=0.01s Sys=0.00s Real=0.00s
[2025-12-19T00:20:53.025+0900] GC(10) Concurrent Mark 5.199ms
[2025-12-19T00:20:53.025+0900] GC(10) Concurrent Rebuild Remembered Sets
[2025-12-19T00:20:53.025+0900] GC(10) Concurrent Rebuild Remembered Sets 0.609ms
[2025-12-19T00:20:53.027+0900] GC(10) Pause Cleanup
[2025-12-19T00:20:53.027+0900] GC(10) Pause Cleanup 122M->122M(308M) 0.622ms
[2025-12-19T00:20:53.027+0900] GC(10) User=0.00s Sys=0.00s Real=0.00s
[2025-12-19T00:20:53.027+0900] GC(10) Concurrent Cleanup for Next Mark
[2025-12-19T00:20:53.028+0900] GC(10) Concurrent Cleanup for Next Mark 0.533ms
[2025-12-19T00:20:53.028+0900] GC(10) Concurrent Mark Cycle 11.738ms
[2025-12-19T00:20:53.402+0900] GC(11) Pause Young (Concurrent Start) (Metadata GC Threshold)
[2025-12-19T00:20:53.402+0900] GC(11) Using 7 workers of 10 for evacuation
[2025-12-19T00:20:53.406+0900] GC(11)   Pre Evacuate Collection Set: 0.1ms
[2025-12-19T00:20:53.406+0900] GC(11)   Merge Heap Roots: 0.1ms
[2025-12-19T00:20:53.406+0900] GC(11)   Evacuate Collection Set: 2.9ms
[2025-12-19T00:20:53.406+0900] GC(11)   Post Evacuate Collection Set: 0.7ms
[2025-12-19T00:20:53.407+0900] GC(11)   Other: 0.2ms
[2025-12-19T00:20:53.407+0900] GC(11) Eden regions: 15->0(25)
[2025-12-19T00:20:53.407+0900] GC(11) Survivor regions: 2->4(4)
[2025-12-19T00:20:53.407+0900] GC(11) Old regions: 8->8
[2025-12-19T00:20:53.407+0900] GC(11) Archive regions: 2->2
[2025-12-19T00:20:53.407+0900] GC(11) Humongous regions: 20->20
[2025-12-19T00:20:53.407+0900] GC(11) Metaspace: 35843K(36096K)->35843K(36096K) NonClass: 31812K(31936K)->31812K(31936K) Class: 4031K(4160K)->4031K(4160K)
[2025-12-19T00:20:53.407+0900] GC(11) Pause Young (Concurrent Start) (Metadata GC Threshold) 178M->128M(308M) 4.930ms
[2025-12-19T00:20:53.407+0900] GC(11) User=0.01s Sys=0.01s Real=0.01s
[2025-12-19T00:20:53.407+0900] GC(12) Concurrent Mark Cycle
[2025-12-19T00:20:53.407+0900] GC(12) Concurrent Clear Claimed Marks
[2025-12-19T00:20:53.408+0900] GC(12) Concurrent Clear Claimed Marks 0.093ms
[2025-12-19T00:20:53.408+0900] GC(12) Concurrent Scan Root Regions
[2025-12-19T00:20:53.410+0900] GC(12) Concurrent Scan Root Regions 1.942ms
[2025-12-19T00:20:53.410+0900] GC(12) Concurrent Mark
[2025-12-19T00:20:53.410+0900] GC(12) Concurrent Mark From Roots
[2025-12-19T00:20:53.410+0900] GC(12) Using 3 workers of 3 for marking
[2025-12-19T00:20:53.411+0900] GC(12) Concurrent Mark From Roots 1.197ms
[2025-12-19T00:20:53.411+0900] GC(12) Concurrent Preclean
[2025-12-19T00:20:53.411+0900] GC(12) Concurrent Preclean 0.109ms
[2025-12-19T00:20:53.412+0900] GC(12) Pause Remark
[2025-12-19T00:20:53.413+0900] GC(12) Pause Remark 131M->131M(308M) 1.026ms
[2025-12-19T00:20:53.413+0900] GC(12) User=0.00s Sys=0.00s Real=0.00s
[2025-12-19T00:20:53.413+0900] GC(12) Concurrent Mark 3.185ms
[2025-12-19T00:20:53.413+0900] GC(12) Concurrent Rebuild Remembered Sets
[2025-12-19T00:20:53.414+0900] GC(12) Concurrent Rebuild Remembered Sets 0.748ms
[2025-12-19T00:20:53.415+0900] GC(12) Pause Cleanup
[2025-12-19T00:20:53.415+0900] GC(12) Pause Cleanup 131M->131M(308M) 0.245ms
[2025-12-19T00:20:53.415+0900] GC(12) User=0.00s Sys=0.00s Real=0.00s
[2025-12-19T00:20:53.415+0900] GC(12) Concurrent Cleanup for Next Mark
[2025-12-19T00:20:53.416+0900] GC(12) Concurrent Cleanup for Next Mark 0.828ms
[2025-12-19T00:20:53.416+0900] GC(12) Concurrent Mark Cycle 8.801ms
[2025-12-19T00:20:55.189+0900] GC(13) Pause Young (Normal) (G1 Evacuation Pause)
[2025-12-19T00:20:55.190+0900] GC(13) Using 10 workers of 10 for evacuation
[2025-12-19T00:20:55.204+0900] GC(13)   Pre Evacuate Collection Set: 0.1ms
[2025-12-19T00:20:55.204+0900] GC(13)   Merge Heap Roots: 0.1ms
[2025-12-19T00:20:55.205+0900] GC(13)   Evacuate Collection Set: 11.1ms
[2025-12-19T00:20:55.207+0900] GC(13)   Post Evacuate Collection Set: 2.5ms
[2025-12-19T00:20:55.207+0900] GC(13)   Other: 0.5ms
[2025-12-19T00:20:55.207+0900] GC(13) Eden regions: 25->0(34)
[2025-12-19T00:20:55.208+0900] GC(13) Survivor regions: 4->4(4)
[2025-12-19T00:20:55.208+0900] GC(13) Old regions: 8->10
[2025-12-19T00:20:55.208+0900] GC(13) Archive regions: 2->2
[2025-12-19T00:20:55.208+0900] GC(13) Humongous regions: 20->20
[2025-12-19T00:20:55.209+0900] GC(13) Metaspace: 50446K(50944K)->50446K(50944K) NonClass: 44654K(44928K)->44654K(44928K) Class: 5792K(6016K)->5792K(6016K)
[2025-12-19T00:20:55.209+0900] GC(13) Pause Young (Normal) (G1 Evacuation Pause) 228M->137M(384M) 19.902ms
[2025-12-19T00:20:55.209+0900] GC(13) User=0.04s Sys=0.01s Real=0.02s
[2025-12-19T00:20:55.761+0900] GC(14) Pause Young (Concurrent Start) (Metadata GC Threshold)
[2025-12-19T00:20:55.761+0900] GC(14) Using 10 workers of 10 for evacuation
[2025-12-19T00:20:55.779+0900] GC(14)   Pre Evacuate Collection Set: 0.2ms
[2025-12-19T00:20:55.780+0900] GC(14)   Merge Heap Roots: 0.1ms
[2025-12-19T00:20:55.780+0900] GC(14)   Evacuate Collection Set: 14.7ms
[2025-12-19T00:20:55.781+0900] GC(14)   Post Evacuate Collection Set: 0.6ms
[2025-12-19T00:20:55.781+0900] GC(14)   Other: 1.7ms
[2025-12-19T00:20:55.781+0900] GC(14) Eden regions: 20->0(35)
[2025-12-19T00:20:55.781+0900] GC(14) Survivor regions: 4->4(5)
[2025-12-19T00:20:55.781+0900] GC(14) Old regions: 10->12
[2025-12-19T00:20:55.781+0900] GC(14) Archive regions: 2->2
[2025-12-19T00:20:55.781+0900] GC(14) Humongous regions: 20->20
[2025-12-19T00:20:55.781+0900] GC(14) Metaspace: 59964K(60480K)->59964K(60480K) NonClass: 52906K(53184K)->52906K(53184K) Class: 7058K(7296K)->7058K(7296K)
[2025-12-19T00:20:55.781+0900] GC(14) Pause Young (Concurrent Start) (Metadata GC Threshold) 214M->141M(384M) 19.629ms
[2025-12-19T00:20:55.781+0900] GC(14) User=0.07s Sys=0.01s Real=0.02s
[2025-12-19T00:20:55.781+0900] GC(15) Concurrent Mark Cycle
[2025-12-19T00:20:55.781+0900] GC(15) Concurrent Clear Claimed Marks
[2025-12-19T00:20:55.782+0900] GC(15) Concurrent Clear Claimed Marks 0.119ms
[2025-12-19T00:20:55.782+0900] GC(15) Concurrent Scan Root Regions
[2025-12-19T00:20:55.791+0900] GC(15) Concurrent Scan Root Regions 8.979ms
[2025-12-19T00:20:55.791+0900] GC(15) Concurrent Mark
[2025-12-19T00:20:55.791+0900] GC(15) Concurrent Mark From Roots
[2025-12-19T00:20:55.791+0900] GC(15) Using 3 workers of 3 for marking
[2025-12-19T00:20:55.817+0900] GC(15) Concurrent Mark From Roots 25.955ms
[2025-12-19T00:20:55.817+0900] GC(15) Concurrent Preclean
[2025-12-19T00:20:55.822+0900] GC(15) Concurrent Preclean 4.378ms
[2025-12-19T00:20:55.827+0900] GC(15) Pause Remark
[2025-12-19T00:20:55.835+0900] GC(15) Pause Remark 145M->145M(384M) 7.264ms
[2025-12-19T00:20:55.836+0900] GC(15) User=0.00s Sys=0.00s Real=0.01s
[2025-12-19T00:20:55.838+0900] GC(15) Concurrent Mark 47.543ms
[2025-12-19T00:20:55.839+0900] GC(15) Concurrent Rebuild Remembered Sets
[2025-12-19T00:20:55.849+0900] GC(15) Concurrent Rebuild Remembered Sets 10.248ms
[2025-12-19T00:20:55.851+0900] GC(15) Pause Cleanup
[2025-12-19T00:20:55.852+0900] GC(15) Pause Cleanup 146M->146M(384M) 1.175ms
[2025-12-19T00:20:55.853+0900] GC(15) User=0.00s Sys=0.00s Real=0.00s
[2025-12-19T00:20:55.857+0900] GC(15) Concurrent Cleanup for Next Mark
[2025-12-19T00:20:55.858+0900] GC(15) Concurrent Cleanup for Next Mark 1.480ms
[2025-12-19T00:20:55.859+0900] GC(15) Concurrent Mark Cycle 77.106ms
[2025-12-19T00:21:05.343+0900] GC(16) Pause Young (Concurrent Start) (G1 Evacuation Pause)
[2025-12-19T00:21:05.343+0900] GC(16) Using 10 workers of 10 for evacuation
[2025-12-19T00:21:05.352+0900] GC(16)   Pre Evacuate Collection Set: 0.3ms
[2025-12-19T00:21:05.352+0900] GC(16)   Merge Heap Roots: 0.1ms
[2025-12-19T00:21:05.352+0900] GC(16)   Evacuate Collection Set: 7.2ms
[2025-12-19T00:21:05.352+0900] GC(16)   Post Evacuate Collection Set: 0.8ms
[2025-12-19T00:21:05.352+0900] GC(16)   Other: 0.5ms
[2025-12-19T00:21:05.352+0900] GC(16) Eden regions: 35->0(34)
[2025-12-19T00:21:05.352+0900] GC(16) Survivor regions: 4->4(5)
[2025-12-19T00:21:05.352+0900] GC(16) Old regions: 12->14
[2025-12-19T00:21:05.353+0900] GC(16) Archive regions: 2->2
[2025-12-19T00:21:05.353+0900] GC(16) Humongous regions: 20->20
[2025-12-19T00:21:05.353+0900] GC(16) Metaspace: 79339K(79936K)->79339K(79936K) NonClass: 70276K(70592K)->70276K(70592K) Class: 9063K(9344K)->9063K(9344K)
[2025-12-19T00:21:05.353+0900] GC(16) Pause Young (Concurrent Start) (G1 Evacuation Pause) 281M->151M(384M) 9.638ms
[2025-12-19T00:21:05.353+0900] GC(16) User=0.08s Sys=0.00s Real=0.01s
[2025-12-19T00:21:05.353+0900] GC(17) Concurrent Mark Cycle
[2025-12-19T00:21:05.353+0900] GC(17) Concurrent Clear Claimed Marks
[2025-12-19T00:21:05.353+0900] GC(17) Concurrent Clear Claimed Marks 0.252ms
[2025-12-19T00:21:05.353+0900] GC(17) Concurrent Scan Root Regions
[2025-12-19T00:21:05.356+0900] GC(17) Concurrent Scan Root Regions 2.842ms
[2025-12-19T00:21:05.356+0900] GC(17) Concurrent Mark
[2025-12-19T00:21:05.356+0900] GC(17) Concurrent Mark From Roots
[2025-12-19T00:21:05.357+0900] GC(17) Using 3 workers of 3 for marking
[2025-12-19T00:21:05.360+0900] GC(17) Concurrent Mark From Roots 3.967ms
[2025-12-19T00:21:05.361+0900] GC(17) Concurrent Preclean
[2025-12-19T00:21:05.361+0900] GC(17) Concurrent Preclean 0.107ms
[2025-12-19T00:21:05.361+0900] GC(17) Pause Remark
[2025-12-19T00:21:05.363+0900] GC(17) Pause Remark 154M->154M(384M) 1.932ms
[2025-12-19T00:21:05.363+0900] GC(17) User=0.01s Sys=0.00s Real=0.00s
[2025-12-19T00:21:05.363+0900] GC(17) Concurrent Mark 6.481ms
[2025-12-19T00:21:05.363+0900] GC(17) Concurrent Rebuild Remembered Sets
[2025-12-19T00:21:05.366+0900] GC(17) Concurrent Rebuild Remembered Sets 3.112ms
[2025-12-19T00:21:05.366+0900] GC(17) Pause Cleanup
[2025-12-19T00:21:05.366+0900] GC(17) Pause Cleanup 155M->155M(384M) 0.141ms
[2025-12-19T00:21:05.367+0900] GC(17) User=0.00s Sys=0.00s Real=0.00s
[2025-12-19T00:21:05.367+0900] GC(17) Concurrent Cleanup for Next Mark
[2025-12-19T00:21:05.367+0900] GC(17) Concurrent Cleanup for Next Mark 0.654ms
[2025-12-19T00:21:05.367+0900] GC(17) Concurrent Mark Cycle 14.528ms
[2025-12-19T00:23:55.701+0900] GC(18) Pause Young (Normal) (G1 Evacuation Pause)
[2025-12-19T00:23:55.701+0900] GC(18) Using 10 workers of 10 for evacuation
[2025-12-19T00:23:55.715+0900] GC(18)   Pre Evacuate Collection Set: 0.5ms
[2025-12-19T00:23:55.715+0900] GC(18)   Merge Heap Roots: 0.2ms
[2025-12-19T00:23:55.715+0900] GC(18)   Evacuate Collection Set: 12.1ms
[2025-12-19T00:23:55.715+0900] GC(18)   Post Evacuate Collection Set: 1.0ms
[2025-12-19T00:23:55.715+0900] GC(18)   Other: 0.5ms
[2025-12-19T00:23:55.715+0900] GC(18) Eden regions: 34->0(35)
[2025-12-19T00:23:55.716+0900] GC(18) Survivor regions: 4->4(5)
[2025-12-19T00:23:55.716+0900] GC(18) Old regions: 14->15
[2025-12-19T00:23:55.716+0900] GC(18) Archive regions: 2->2
[2025-12-19T00:23:55.716+0900] GC(18) Humongous regions: 20->20
[2025-12-19T00:23:55.716+0900] GC(18) Metaspace: 94711K(95552K)->94711K(95552K) NonClass: 83925K(84352K)->83925K(84352K) Class: 10785K(11200K)->10785K(11200K)
[2025-12-19T00:23:55.716+0900] GC(18) Pause Young (Normal) (G1 Evacuation Pause) 287M->155M(384M) 14.926ms
[2025-12-19T00:23:55.716+0900] GC(18) User=0.11s Sys=0.00s Real=0.02s
[2025-12-19T00:29:56.538+0900] GC(19) Pause Young (Normal) (G1 Evacuation Pause)
[2025-12-19T00:29:56.538+0900] GC(19) Using 10 workers of 10 for evacuation
[2025-12-19T00:29:56.557+0900] GC(19)   Pre Evacuate Collection Set: 0.5ms
[2025-12-19T00:29:56.557+0900] GC(19)   Merge Heap Roots: 0.2ms
[2025-12-19T00:29:56.557+0900] GC(19)   Evacuate Collection Set: 16.0ms
[2025-12-19T00:29:56.557+0900] GC(19)   Post Evacuate Collection Set: 1.8ms
[2025-12-19T00:29:56.557+0900] GC(19)   Other: 0.8ms
[2025-12-19T00:29:56.557+0900] GC(19) Eden regions: 35->0(37)
[2025-12-19T00:29:56.557+0900] GC(19) Survivor regions: 4->2(5)
[2025-12-19T00:29:56.557+0900] GC(19) Old regions: 15->17
[2025-12-19T00:29:56.557+0900] GC(19) Archive regions: 2->2
[2025-12-19T00:29:56.557+0900] GC(19) Humongous regions: 20->20
[2025-12-19T00:29:56.558+0900] GC(19) Metaspace: 96779K(97600K)->96779K(97600K) NonClass: 85973K(86400K)->85973K(86400K) Class: 10805K(11200K)->10805K(11200K)
[2025-12-19T00:29:56.558+0900] GC(19) Pause Young (Normal) (G1 Evacuation Pause) 295M->156M(384M) 19.902ms
[2025-12-19T00:29:56.558+0900] GC(19) User=0.15s Sys=0.01s Real=0.02s
[2025-12-19T00:35:57.335+0900] GC(20) Pause Young (Normal) (G1 Evacuation Pause)
[2025-12-19T00:35:57.336+0900] GC(20) Using 10 workers of 10 for evacuation
[2025-12-19T00:35:57.363+0900] GC(20)   Pre Evacuate Collection Set: 1.3ms
[2025-12-19T00:35:57.363+0900] GC(20)   Merge Heap Roots: 0.2ms
[2025-12-19T00:35:57.363+0900] GC(20)   Evacuate Collection Set: 22.4ms
[2025-12-19T00:35:57.363+0900] GC(20)   Post Evacuate Collection Set: 2.8ms
[2025-12-19T00:35:57.363+0900] GC(20)   Other: 1.3ms
[2025-12-19T00:35:57.363+0900] GC(20) Eden regions: 37->0(38)
[2025-12-19T00:35:57.363+0900] GC(20) Survivor regions: 2->3(5)
[2025-12-19T00:35:57.364+0900] GC(20) Old regions: 17->17
[2025-12-19T00:35:57.364+0900] GC(20) Archive regions: 2->2
[2025-12-19T00:35:57.364+0900] GC(20) Humongous regions: 20->20
[2025-12-19T00:35:57.364+0900] GC(20) Metaspace: 97774K(98624K)->97774K(98624K) NonClass: 86967K(87424K)->86967K(87424K) Class: 10807K(11200K)->10807K(11200K)
[2025-12-19T00:35:57.364+0900] GC(20) Pause Young (Normal) (G1 Evacuation Pause) 304M->157M(384M) 28.765ms
[2025-12-19T00:35:57.364+0900] GC(20) User=0.24s Sys=0.00s Real=0.02s
[2025-12-19T00:41:58.232+0900] GC(21) Pause Young (Normal) (G1 Evacuation Pause)
[2025-12-19T00:41:58.232+0900] GC(21) Using 10 workers of 10 for evacuation
[2025-12-19T00:41:58.243+0900] GC(21)   Pre Evacuate Collection Set: 0.4ms
[2025-12-19T00:41:58.243+0900] GC(21)   Merge Heap Roots: 0.2ms
[2025-12-19T00:41:58.243+0900] GC(21)   Evacuate Collection Set: 8.4ms
[2025-12-19T00:41:58.243+0900] GC(21)   Post Evacuate Collection Set: 1.1ms
[2025-12-19T00:41:58.243+0900] GC(21)   Other: 0.7ms
[2025-12-19T00:41:58.243+0900] GC(21) Eden regions: 38->0(39)
[2025-12-19T00:41:58.243+0900] GC(21) Survivor regions: 3->3(6)
[2025-12-19T00:41:58.243+0900] GC(21) Old regions: 17->17
[2025-12-19T00:41:58.243+0900] GC(21) Archive regions: 2->2
[2025-12-19T00:41:58.243+0900] GC(21) Humongous regions: 20->20
[2025-12-19T00:41:58.243+0900] GC(21) Metaspace: 98647K(99392K)->98647K(99392K) NonClass: 87838K(88192K)->87838K(88192K) Class: 10809K(11200K)->10809K(11200K)
[2025-12-19T00:41:58.243+0900] GC(21) Pause Young (Normal) (G1 Evacuation Pause) 309M->157M(384M) 11.395ms
[2025-12-19T00:41:58.243+0900] GC(21) User=0.08s Sys=0.00s Real=0.01s
[2025-12-19T00:47:40.238+0900] GC(22) Pause Young (Normal) (G1 Evacuation Pause)
[2025-12-19T00:47:40.239+0900] GC(22) Using 10 workers of 10 for evacuation
[2025-12-19T00:47:40.276+0900] GC(22)   Pre Evacuate Collection Set: 1.2ms
[2025-12-19T00:47:40.276+0900] GC(22)   Merge Heap Roots: 0.4ms
[2025-12-19T00:47:40.276+0900] GC(22)   Evacuate Collection Set: 33.1ms
[2025-12-19T00:47:40.276+0900] GC(22)   Post Evacuate Collection Set: 1.5ms
[2025-12-19T00:47:40.277+0900] GC(22)   Other: 1.6ms
[2025-12-19T00:47:40.277+0900] GC(22) Eden regions: 39->0(40)
[2025-12-19T00:47:40.277+0900] GC(22) Survivor regions: 3->3(6)
[2025-12-19T00:47:40.277+0900] GC(22) Old regions: 17->17
[2025-12-19T00:47:40.277+0900] GC(22) Archive regions: 2->2
[2025-12-19T00:47:40.277+0900] GC(22) Humongous regions: 20->20
[2025-12-19T00:47:40.277+0900] GC(22) Metaspace: 100005K(100736K)->100005K(100736K) NonClass: 89110K(89472K)->89110K(89472K) Class: 10894K(11264K)->10894K(11264K)
[2025-12-19T00:47:40.277+0900] GC(22) Pause Young (Normal) (G1 Evacuation Pause) 313M->158M(384M) 38.689ms
[2025-12-19T00:47:40.277+0900] GC(22) User=0.31s Sys=0.00s Real=0.04s
[2025-12-19T00:52:59.649+0900] GC(23) Pause Young (Normal) (G1 Evacuation Pause)
[2025-12-19T00:52:59.650+0900] GC(23) Using 10 workers of 10 for evacuation
[2025-12-19T00:52:59.666+0900] GC(23)   Pre Evacuate Collection Set: 0.6ms
[2025-12-19T00:52:59.666+0900] GC(23)   Merge Heap Roots: 0.2ms
[2025-12-19T00:52:59.666+0900] GC(23)   Evacuate Collection Set: 14.0ms
[2025-12-19T00:52:59.666+0900] GC(23)   Post Evacuate Collection Set: 1.2ms
[2025-12-19T00:52:59.666+0900] GC(23)   Other: 0.8ms
[2025-12-19T00:52:59.666+0900] GC(23) Eden regions: 40->0(40)
[2025-12-19T00:52:59.666+0900] GC(23) Survivor regions: 3->3(6)
[2025-12-19T00:52:59.666+0900] GC(23) Old regions: 17->17
[2025-12-19T00:52:59.666+0900] GC(23) Archive regions: 2->2
[2025-12-19T00:52:59.666+0900] GC(23) Humongous regions: 20->20
[2025-12-19T00:52:59.666+0900] GC(23) Metaspace: 101019K(101824K)->101019K(101824K) NonClass: 90094K(90496K)->90094K(90496K) Class: 10925K(11328K)->10925K(11328K)
[2025-12-19T00:52:59.666+0900] GC(23) Pause Young (Normal) (G1 Evacuation Pause) 318M->160M(384M) 17.322ms
[2025-12-19T00:52:59.666+0900] GC(23) User=0.13s Sys=0.00s Real=0.02s
[2025-12-19T00:56:00.100+0900] GC(24) Pause Young (Normal) (G1 Evacuation Pause)
[2025-12-19T00:56:00.100+0900] GC(24) Using 10 workers of 10 for evacuation
[2025-12-19T00:56:00.109+0900] GC(24)   Pre Evacuate Collection Set: 0.3ms
[2025-12-19T00:56:00.109+0900] GC(24)   Merge Heap Roots: 0.1ms
[2025-12-19T00:56:00.109+0900] GC(24)   Evacuate Collection Set: 7.8ms
[2025-12-19T00:56:00.109+0900] GC(24)   Post Evacuate Collection Set: 0.7ms
[2025-12-19T00:56:00.109+0900] GC(24)   Other: 0.4ms
[2025-12-19T00:56:00.109+0900] GC(24) Eden regions: 40->0(37)
[2025-12-19T00:56:00.109+0900] GC(24) Survivor regions: 3->5(6)
[2025-12-19T00:56:00.109+0900] GC(24) Old regions: 17->17
[2025-12-19T00:56:00.109+0900] GC(24) Archive regions: 2->2
[2025-12-19T00:56:00.109+0900] GC(24) Humongous regions: 20->20
[2025-12-19T00:56:00.109+0900] GC(24) Metaspace: 103155K(103936K)->103155K(103936K) NonClass: 91995K(92416K)->91995K(92416K) Class: 11160K(11520K)->11160K(11520K)
[2025-12-19T00:56:00.109+0900] GC(24) Pause Young (Normal) (G1 Evacuation Pause) 320M->166M(384M) 9.804ms
[2025-12-19T00:56:00.109+0900] GC(24) User=0.07s Sys=0.00s Real=0.01s
[2025-12-19T01:00:00.832+0900] GC(25) Pause Young (Normal) (G1 Evacuation Pause)
[2025-12-19T01:00:00.832+0900] GC(25) Using 10 workers of 10 for evacuation
[2025-12-19T01:00:00.858+0900] GC(25)   Pre Evacuate Collection Set: 0.5ms
[2025-12-19T01:00:00.858+0900] GC(25)   Merge Heap Roots: 0.2ms
[2025-12-19T01:00:00.858+0900] GC(25)   Evacuate Collection Set: 23.9ms
[2025-12-19T01:00:00.858+0900] GC(25)   Post Evacuate Collection Set: 1.1ms
[2025-12-19T01:00:00.858+0900] GC(25)   Other: 0.6ms
[2025-12-19T01:00:00.858+0900] GC(25) Eden regions: 37->0(38)
[2025-12-19T01:00:00.858+0900] GC(25) Survivor regions: 5->4(6)
[2025-12-19T01:00:00.858+0900] GC(25) Old regions: 17->18
[2025-12-19T01:00:00.858+0900] GC(25) Archive regions: 2->2
[2025-12-19T01:00:00.858+0900] GC(25) Humongous regions: 20->20
[2025-12-19T01:00:00.859+0900] GC(25) Metaspace: 104197K(105024K)->104197K(105024K) NonClass: 93017K(93440K)->93017K(93440K) Class: 11180K(11584K)->11180K(11584K)
[2025-12-19T01:00:00.859+0900] GC(25) Pause Young (Normal) (G1 Evacuation Pause) 314M->168M(384M) 26.925ms
[2025-12-19T01:00:00.859+0900] GC(25) User=0.21s Sys=0.02s Real=0.03s
[2025-12-19T01:03:01.419+0900] GC(26) Pause Young (Normal) (G1 Evacuation Pause)
[2025-12-19T01:03:01.420+0900] GC(26) Using 10 workers of 10 for evacuation
[2025-12-19T01:03:01.434+0900] GC(26)   Pre Evacuate Collection Set: 0.6ms
[2025-12-19T01:03:01.434+0900] GC(26)   Merge Heap Roots: 0.3ms
[2025-12-19T01:03:01.434+0900] GC(26)   Evacuate Collection Set: 12.3ms
[2025-12-19T01:03:01.434+0900] GC(26)   Post Evacuate Collection Set: 1.1ms
[2025-12-19T01:03:01.434+0900] GC(26)   Other: 0.9ms
[2025-12-19T01:03:01.434+0900] GC(26) Eden regions: 38->0(38)
[2025-12-19T01:03:01.435+0900] GC(26) Survivor regions: 4->4(6)
[2025-12-19T01:03:01.435+0900] GC(26) Old regions: 18->18
[2025-12-19T01:03:01.435+0900] GC(26) Archive regions: 2->2
[2025-12-19T01:03:01.435+0900] GC(26) Humongous regions: 20->20
[2025-12-19T01:03:01.435+0900] GC(26) Metaspace: 105894K(106752K)->105894K(106752K) NonClass: 94655K(95104K)->94655K(95104K) Class: 11239K(11648K)->11239K(11648K)
[2025-12-19T01:03:01.435+0900] GC(26) Pause Young (Normal) (G1 Evacuation Pause) 320M->169M(384M) 15.692ms
[2025-12-19T01:03:01.435+0900] GC(26) User=0.07s Sys=0.01s Real=0.02s
[2025-12-19T01:07:02.218+0900] GC(27) Pause Young (Normal) (G1 Evacuation Pause)
[2025-12-19T01:07:02.219+0900] GC(27) Using 10 workers of 10 for evacuation
[2025-12-19T01:07:02.240+0900] GC(27)   Pre Evacuate Collection Set: 0.9ms
[2025-12-19T01:07:02.241+0900] GC(27)   Merge Heap Roots: 0.4ms
[2025-12-19T01:07:02.241+0900] GC(27)   Evacuate Collection Set: 17.8ms
[2025-12-19T01:07:02.241+0900] GC(27)   Post Evacuate Collection Set: 2.2ms
[2025-12-19T01:07:02.241+0900] GC(27)   Other: 1.1ms
[2025-12-19T01:07:02.241+0900] GC(27) Eden regions: 38->0(37)
[2025-12-19T01:07:02.241+0900] GC(27) Survivor regions: 4->4(6)
[2025-12-19T01:07:02.241+0900] GC(27) Old regions: 18->19
[2025-12-19T01:07:02.241+0900] GC(27) Archive regions: 2->2
[2025-12-19T01:07:02.241+0900] GC(27) Humongous regions: 20->20
[2025-12-19T01:07:02.241+0900] GC(27) Metaspace: 107404K(108288K)->107404K(108288K) NonClass: 96045K(96512K)->96045K(96512K) Class: 11359K(11776K)->11359K(11776K)
[2025-12-19T01:07:02.241+0900] GC(27) Pause Young (Normal) (G1 Evacuation Pause) 321M->170M(384M) 23.015ms
[2025-12-19T01:07:02.241+0900] GC(27) User=0.19s Sys=0.00s Real=0.02s
[2025-12-19T06:33:01.922+0900] GC(28) Pause Young (Normal) (G1 Evacuation Pause)
[2025-12-19T06:33:02.033+0900] GC(28) Using 10 workers of 10 for evacuation
[2025-12-19T06:33:02.058+0900] GC(28)   Pre Evacuate Collection Set: 1.0ms
[2025-12-19T06:33:02.058+0900] GC(28)   Merge Heap Roots: 0.4ms
[2025-12-19T06:33:02.058+0900] GC(28)   Evacuate Collection Set: 20.3ms
[2025-12-19T06:33:02.058+0900] GC(28)   Post Evacuate Collection Set: 3.1ms
[2025-12-19T06:33:02.059+0900] GC(28)   Other: 111.0ms
[2025-12-19T06:33:02.059+0900] GC(28) Eden regions: 37->0(37)
[2025-12-19T06:33:02.059+0900] GC(28) Survivor regions: 4->4(6)
[2025-12-19T06:33:02.059+0900] GC(28) Old regions: 19->19
[2025-12-19T06:33:02.059+0900] GC(28) Archive regions: 2->2
[2025-12-19T06:33:02.060+0900] GC(28) Humongous regions: 20->20
[2025-12-19T06:33:02.061+0900] GC(28) Metaspace: 107595K(108480K)->107595K(108480K) NonClass: 96235K(96704K)->96235K(96704K) Class: 11360K(11776K)->11360K(11776K)
[2025-12-19T06:33:02.062+0900] GC(28) Pause Young (Normal) (G1 Evacuation Pause) 318M->172M(384M) 139.754ms
[2025-12-19T06:33:02.064+0900] GC(28) User=0.11s Sys=0.00s Real=0.14s
[2025-12-19T08:52:36.953+0900] GC(29) Pause Young (Normal) (G1 Evacuation Pause)
[2025-12-19T08:52:36.953+0900] GC(29) Using 10 workers of 10 for evacuation
[2025-12-19T08:52:36.964+0900] GC(29)   Pre Evacuate Collection Set: 0.7ms
[2025-12-19T08:52:36.964+0900] GC(29)   Merge Heap Roots: 0.3ms
[2025-12-19T08:52:36.965+0900] GC(29)   Evacuate Collection Set: 8.7ms
[2025-12-19T08:52:36.965+0900] GC(29)   Post Evacuate Collection Set: 1.0ms
[2025-12-19T08:52:36.965+0900] GC(29)   Other: 0.8ms
[2025-12-19T08:52:36.965+0900] GC(29) Eden regions: 37->0(37)
[2025-12-19T08:52:36.965+0900] GC(29) Survivor regions: 4->4(6)
[2025-12-19T08:52:36.965+0900] GC(29) Old regions: 19->19
[2025-12-19T08:52:36.965+0900] GC(29) Archive regions: 2->2
[2025-12-19T08:52:36.965+0900] GC(29) Humongous regions: 20->20
[2025-12-19T08:52:36.965+0900] GC(29) Metaspace: 108093K(108928K)->108093K(108928K) NonClass: 96710K(97152K)->96710K(97152K) Class: 11383K(11776K)->11383K(11776K)
[2025-12-19T08:52:36.965+0900] GC(29) Pause Young (Normal) (G1 Evacuation Pause) 320M->172M(384M) 12.268ms
[2025-12-19T08:52:36.965+0900] GC(29) User=0.08s Sys=0.00s Real=0.01s
[2025-12-19T08:56:15.181+0900] GC(30) Pause Young (Normal) (G1 Evacuation Pause)
[2025-12-19T08:56:15.182+0900] GC(30) Using 10 workers of 10 for evacuation
[2025-12-19T08:56:15.213+0900] GC(30)   Pre Evacuate Collection Set: 1.5ms
[2025-12-19T08:56:15.213+0900] GC(30)   Merge Heap Roots: 0.5ms
[2025-12-19T08:56:15.213+0900] GC(30)   Evacuate Collection Set: 26.6ms
[2025-12-19T08:56:15.213+0900] GC(30)   Post Evacuate Collection Set: 1.6ms
[2025-12-19T08:56:15.213+0900] GC(30)   Other: 1.6ms
[2025-12-19T08:56:15.213+0900] GC(30) Eden regions: 37->0(38)
[2025-12-19T08:56:15.213+0900] GC(30) Survivor regions: 4->2(6)
[2025-12-19T08:56:15.213+0900] GC(30) Old regions: 19->21
[2025-12-19T08:56:15.213+0900] GC(30) Archive regions: 2->2
[2025-12-19T08:56:15.213+0900] GC(30) Humongous regions: 20->20
[2025-12-19T08:56:15.213+0900] GC(30) Metaspace: 108333K(109120K)->108333K(109120K) NonClass: 96949K(97344K)->96949K(97344K) Class: 11383K(11776K)->11383K(11776K)
[2025-12-19T08:56:15.213+0900] GC(30) Pause Young (Normal) (G1 Evacuation Pause) 320M->172M(384M) 32.368ms
[2025-12-19T08:56:15.214+0900] GC(30) User=0.18s Sys=0.06s Real=0.03s
[2025-12-19T08:59:38.237+0900] GC(31) Pause Young (Normal) (G1 Evacuation Pause)
[2025-12-19T08:59:38.237+0900] GC(31) Using 10 workers of 10 for evacuation
[2025-12-19T08:59:38.249+0900] GC(31)   Pre Evacuate Collection Set: 0.4ms
[2025-12-19T08:59:38.249+0900] GC(31)   Merge Heap Roots: 0.1ms
[2025-12-19T08:59:38.249+0900] GC(31)   Evacuate Collection Set: 9.5ms
[2025-12-19T08:59:38.249+0900] GC(31)   Post Evacuate Collection Set: 0.9ms
[2025-12-19T08:59:38.249+0900] GC(31)   Other: 0.5ms
[2025-12-19T08:59:38.249+0900] GC(31) Eden regions: 38->0(37)
[2025-12-19T08:59:38.249+0900] GC(31) Survivor regions: 2->3(5)
[2025-12-19T08:59:38.249+0900] GC(31) Old regions: 21->21
[2025-12-19T08:59:38.249+0900] GC(31) Archive regions: 2->2
[2025-12-19T08:59:38.249+0900] GC(31) Humongous regions: 20->20
[2025-12-19T08:59:38.249+0900] GC(31) Metaspace: 108492K(109376K)->108492K(109376K) NonClass: 97108K(97600K)->97108K(97600K) Class: 11383K(11776K)->11383K(11776K)
[2025-12-19T08:59:38.249+0900] GC(31) Pause Young (Normal) (G1 Evacuation Pause) 324M->174M(384M) 11.910ms
[2025-12-19T08:59:38.249+0900] GC(31) User=0.07s Sys=0.01s Real=0.02s
[2025-12-19T09:03:38.979+0900] GC(32) Pause Young (Normal) (G1 Evacuation Pause)
[2025-12-19T09:03:38.980+0900] GC(32) Using 10 workers of 10 for evacuation
[2025-12-19T09:03:38.995+0900] GC(32)   Pre Evacuate Collection Set: 2.6ms
[2025-12-19T09:03:38.995+0900] GC(32)   Merge Heap Roots: 0.4ms
[2025-12-19T09:03:38.995+0900] GC(32)   Evacuate Collection Set: 10.4ms
[2025-12-19T09:03:38.995+0900] GC(32)   Post Evacuate Collection Set: 1.2ms
[2025-12-19T09:03:38.995+0900] GC(32)   Other: 1.0ms
[2025-12-19T09:03:38.995+0900] GC(32) Eden regions: 37->0(37)
[2025-12-19T09:03:38.995+0900] GC(32) Survivor regions: 3->3(5)
[2025-12-19T09:03:38.995+0900] GC(32) Old regions: 21->21
[2025-12-19T09:03:38.995+0900] GC(32) Archive regions: 2->2
[2025-12-19T09:03:38.995+0900] GC(32) Humongous regions: 20->20
[2025-12-19T09:03:38.995+0900] GC(32) Metaspace: 108709K(109568K)->108709K(109568K) NonClass: 97323K(97792K)->97323K(97792K) Class: 11385K(11776K)->11385K(11776K)
[2025-12-19T09:03:38.995+0900] GC(32) Pause Young (Normal) (G1 Evacuation Pause) 322M->174M(384M) 16.293ms
[2025-12-19T09:03:38.996+0900] GC(32) User=0.07s Sys=0.00s Real=0.02s
[2025-12-19T09:06:54.680+0900] GC(33) Pause Young (Normal) (G1 Evacuation Pause)
[2025-12-19T09:06:54.680+0900] GC(33) Using 10 workers of 10 for evacuation
[2025-12-19T09:06:54.704+0900] GC(33)   Pre Evacuate Collection Set: 0.8ms
[2025-12-19T09:06:54.704+0900] GC(33)   Merge Heap Roots: 0.3ms
[2025-12-19T09:06:54.704+0900] GC(33)   Evacuate Collection Set: 20.0ms
[2025-12-19T09:06:54.704+0900] GC(33)   Post Evacuate Collection Set: 1.5ms
[2025-12-19T09:06:54.704+0900] GC(33)   Other: 1.2ms
[2025-12-19T09:06:54.704+0900] GC(33) Eden regions: 37->0(37)
[2025-12-19T09:06:54.704+0900] GC(33) Survivor regions: 3->3(5)
[2025-12-19T09:06:54.704+0900] GC(33) Old regions: 21->21
[2025-12-19T09:06:54.704+0900] GC(33) Archive regions: 2->2
[2025-12-19T09:06:54.704+0900] GC(33) Humongous regions: 20->20
[2025-12-19T09:06:54.704+0900] GC(33) Metaspace: 108802K(109632K)->108802K(109632K) NonClass: 97415K(97856K)->97415K(97856K) Class: 11387K(11776K)->11387K(11776K)
[2025-12-19T09:06:54.704+0900] GC(33) Pause Young (Normal) (G1 Evacuation Pause) 322M->174M(384M) 24.696ms
[2025-12-19T09:06:54.705+0900] GC(33) User=0.19s Sys=0.00s Real=0.02s
[2025-12-19T09:10:37.467+0900] GC(34) Pause Young (Normal) (G1 Evacuation Pause)
[2025-12-19T09:10:37.469+0900] GC(34) Using 10 workers of 10 for evacuation
[2025-12-19T09:10:37.503+0900] GC(34)   Pre Evacuate Collection Set: 1.1ms
[2025-12-19T09:10:37.503+0900] GC(34)   Merge Heap Roots: 0.3ms
[2025-12-19T09:10:37.504+0900] GC(34)   Evacuate Collection Set: 29.6ms
[2025-12-19T09:10:37.504+0900] GC(34)   Post Evacuate Collection Set: 2.3ms
[2025-12-19T09:10:37.504+0900] GC(34)   Other: 3.4ms
[2025-12-19T09:10:37.504+0900] GC(34) Eden regions: 37->0(37)
[2025-12-19T09:10:37.504+0900] GC(34) Survivor regions: 3->3(5)
[2025-12-19T09:10:37.504+0900] GC(34) Old regions: 21->21
[2025-12-19T09:10:37.504+0900] GC(34) Archive regions: 2->2
[2025-12-19T09:10:37.504+0900] GC(34) Humongous regions: 20->20
[2025-12-19T09:10:37.504+0900] GC(34) Metaspace: 109133K(110016K)->109133K(110016K) NonClass: 97746K(98240K)->97746K(98240K) Class: 11387K(11776K)->11387K(11776K)
[2025-12-19T09:10:37.504+0900] GC(34) Pause Young (Normal) (G1 Evacuation Pause) 322M->175M(384M) 37.355ms
[2025-12-19T09:10:37.504+0900] GC(34) User=0.23s Sys=0.01s Real=0.04s
[2025-12-19T09:17:51.665+0900] GC(35) Pause Young (Normal) (G1 Evacuation Pause)
[2025-12-19T09:17:51.666+0900] GC(35) Using 10 workers of 10 for evacuation
[2025-12-19T09:17:51.679+0900] GC(35)   Pre Evacuate Collection Set: 1.4ms
[2025-12-19T09:17:51.679+0900] GC(35)   Merge Heap Roots: 0.5ms
[2025-12-19T09:17:51.679+0900] GC(35)   Evacuate Collection Set: 9.7ms
[2025-12-19T09:17:51.679+0900] GC(35)   Post Evacuate Collection Set: 1.0ms
[2025-12-19T09:17:51.679+0900] GC(35)   Other: 1.1ms
[2025-12-19T09:17:51.679+0900] GC(35) Eden regions: 37->0(37)
[2025-12-19T09:17:51.679+0900] GC(35) Survivor regions: 3->3(5)
[2025-12-19T09:17:51.679+0900] GC(35) Old regions: 21->21
[2025-12-19T09:17:51.679+0900] GC(35) Archive regions: 2->2
[2025-12-19T09:17:51.679+0900] GC(35) Humongous regions: 20->20
[2025-12-19T09:17:51.679+0900] GC(35) Metaspace: 109211K(110080K)->109211K(110080K) NonClass: 97823K(98304K)->97823K(98304K) Class: 11387K(11776K)->11387K(11776K)
[2025-12-19T09:17:51.679+0900] GC(35) Pause Young (Normal) (G1 Evacuation Pause) 323M->176M(384M) 14.171ms
[2025-12-19T09:17:51.680+0900] GC(35) User=0.09s Sys=0.00s Real=0.01s
[2025-12-19T09:21:15.603+0900] GC(36) Pause Young (Normal) (G1 Evacuation Pause)
[2025-12-19T09:21:15.603+0900] GC(36) Using 10 workers of 10 for evacuation
[2025-12-19T09:21:15.621+0900] GC(36)   Pre Evacuate Collection Set: 1.0ms
[2025-12-19T09:21:15.621+0900] GC(36)   Merge Heap Roots: 0.4ms
[2025-12-19T09:21:15.621+0900] GC(36)   Evacuate Collection Set: 14.4ms
[2025-12-19T09:21:15.621+0900] GC(36)   Post Evacuate Collection Set: 1.5ms
[2025-12-19T09:21:15.621+0900] GC(36)   Other: 1.0ms
[2025-12-19T09:21:15.621+0900] GC(36) Eden regions: 37->0(37)
[2025-12-19T09:21:15.621+0900] GC(36) Survivor regions: 3->3(5)
[2025-12-19T09:21:15.622+0900] GC(36) Old regions: 21->21
[2025-12-19T09:21:15.622+0900] GC(36) Archive regions: 2->2
[2025-12-19T09:21:15.622+0900] GC(36) Humongous regions: 20->20
[2025-12-19T09:21:15.622+0900] GC(36) Metaspace: 109260K(110080K)->109260K(110080K) NonClass: 97872K(98304K)->97872K(98304K) Class: 11387K(11776K)->11387K(11776K)
[2025-12-19T09:21:15.622+0900] GC(36) Pause Young (Normal) (G1 Evacuation Pause) 324M->176M(384M) 19.407ms
[2025-12-19T09:21:15.622+0900] GC(36) User=0.13s Sys=0.00s Real=0.02s
[2025-12-19T09:23:52.444+0900] GC(37) Pause Young (Normal) (G1 Evacuation Pause)
[2025-12-19T09:23:52.444+0900] GC(37) Using 10 workers of 10 for evacuation
[2025-12-19T09:23:52.451+0900] GC(37)   Pre Evacuate Collection Set: 0.3ms
[2025-12-19T09:23:52.451+0900] GC(37)   Merge Heap Roots: 0.2ms
[2025-12-19T09:23:52.451+0900] GC(37)   Evacuate Collection Set: 5.2ms
[2025-12-19T09:23:52.451+0900] GC(37)   Post Evacuate Collection Set: 0.9ms
[2025-12-19T09:23:52.451+0900] GC(37)   Other: 0.5ms
[2025-12-19T09:23:52.451+0900] GC(37) Eden regions: 37->0(37)
[2025-12-19T09:23:52.451+0900] GC(37) Survivor regions: 3->3(5)
[2025-12-19T09:23:52.451+0900] GC(37) Old regions: 21->21
[2025-12-19T09:23:52.451+0900] GC(37) Archive regions: 2->2
[2025-12-19T09:23:52.451+0900] GC(37) Humongous regions: 20->20
[2025-12-19T09:23:52.452+0900] GC(37) Metaspace: 109449K(110272K)->109449K(110272K) NonClass: 98061K(98496K)->98061K(98496K) Class: 11388K(11776K)->11388K(11776K)
[2025-12-19T09:23:52.452+0900] GC(37) Pause Young (Normal) (G1 Evacuation Pause) 324M->178M(384M) 7.347ms
[2025-12-19T09:23:52.452+0900] GC(37) User=0.05s Sys=0.00s Real=0.01s
[2025-12-19T09:27:15.701+0900] GC(38) Pause Young (Normal) (G1 Evacuation Pause)
[2025-12-19T09:27:15.703+0900] GC(38) Using 10 workers of 10 for evacuation
[2025-12-19T09:27:15.732+0900] GC(38)   Pre Evacuate Collection Set: 0.6ms
[2025-12-19T09:27:15.732+0900] GC(38)   Merge Heap Roots: 0.3ms
[2025-12-19T09:27:15.732+0900] GC(38)   Evacuate Collection Set: 26.7ms
[2025-12-19T09:27:15.732+0900] GC(38)   Post Evacuate Collection Set: 1.3ms
[2025-12-19T09:27:15.732+0900] GC(38)   Other: 1.6ms
[2025-12-19T09:27:15.732+0900] GC(38) Eden regions: 37->0(37)
[2025-12-19T09:27:15.732+0900] GC(38) Survivor regions: 3->3(5)
[2025-12-19T09:27:15.732+0900] GC(38) Old regions: 21->21
[2025-12-19T09:27:15.733+0900] GC(38) Archive regions: 2->2
[2025-12-19T09:27:15.733+0900] GC(38) Humongous regions: 20->20
[2025-12-19T09:27:15.733+0900] GC(38) Metaspace: 109488K(110336K)->109488K(110336K) NonClass: 98100K(98560K)->98100K(98560K) Class: 11388K(11776K)->11388K(11776K)
[2025-12-19T09:27:15.733+0900] GC(38) Pause Young (Normal) (G1 Evacuation Pause) 326M->178M(384M) 31.245ms
[2025-12-19T09:27:15.733+0900] GC(38) User=0.26s Sys=0.00s Real=0.03s
[2025-12-19T09:30:20.748+0900] GC(39) Pause Young (Normal) (G1 Evacuation Pause)
[2025-12-19T09:30:20.749+0900] GC(39) Using 10 workers of 10 for evacuation
[2025-12-19T09:30:20.766+0900] GC(39)   Pre Evacuate Collection Set: 1.0ms
[2025-12-19T09:30:20.766+0900] GC(39)   Merge Heap Roots: 0.5ms
[2025-12-19T09:30:20.767+0900] GC(39)   Evacuate Collection Set: 14.3ms
[2025-12-19T09:30:20.767+0900] GC(39)   Post Evacuate Collection Set: 1.3ms
[2025-12-19T09:30:20.767+0900] GC(39)   Other: 1.3ms
[2025-12-19T09:30:20.767+0900] GC(39) Eden regions: 37->0(37)
[2025-12-19T09:30:20.767+0900] GC(39) Survivor regions: 3->3(5)
[2025-12-19T09:30:20.767+0900] GC(39) Old regions: 21->21
[2025-12-19T09:30:20.767+0900] GC(39) Archive regions: 2->2
[2025-12-19T09:30:20.767+0900] GC(39) Humongous regions: 20->20
[2025-12-19T09:30:20.767+0900] GC(39) Metaspace: 109903K(110720K)->109903K(110720K) NonClass: 98481K(98880K)->98481K(98880K) Class: 11422K(11840K)->11422K(11840K)
[2025-12-19T09:30:20.767+0900] GC(39) Pause Young (Normal) (G1 Evacuation Pause) 326M->178M(384M) 19.170ms
[2025-12-19T09:30:20.767+0900] GC(39) User=0.14s Sys=0.00s Real=0.01s
[2025-12-19T09:32:53.686+0900] GC(40) Pause Young (Normal) (G1 Evacuation Pause)
[2025-12-19T09:32:53.686+0900] GC(40) Using 10 workers of 10 for evacuation
[2025-12-19T09:32:53.693+0900] GC(40)   Pre Evacuate Collection Set: 0.3ms
[2025-12-19T09:32:53.693+0900] GC(40)   Merge Heap Roots: 0.2ms
[2025-12-19T09:32:53.693+0900] GC(40)   Evacuate Collection Set: 5.0ms
[2025-12-19T09:32:53.693+0900] GC(40)   Post Evacuate Collection Set: 0.7ms
[2025-12-19T09:32:53.693+0900] GC(40)   Other: 0.6ms
[2025-12-19T09:32:53.693+0900] GC(40) Eden regions: 37->0(35)
[2025-12-19T09:32:53.693+0900] GC(40) Survivor regions: 3->4(5)
[2025-12-19T09:32:53.693+0900] GC(40) Old regions: 21->21
[2025-12-19T09:32:53.693+0900] GC(40) Archive regions: 2->2
[2025-12-19T09:32:53.693+0900] GC(40) Humongous regions: 20->20
[2025-12-19T09:32:53.693+0900] GC(40) Metaspace: 110086K(110976K)->110086K(110976K) NonClass: 98662K(99136K)->98662K(99136K) Class: 11423K(11840K)->11423K(11840K)
[2025-12-19T09:32:53.693+0900] GC(40) Pause Young (Normal) (G1 Evacuation Pause) 326M->179M(384M) 7.134ms
[2025-12-19T09:32:53.693+0900] GC(40) User=0.05s Sys=0.00s Real=0.00s
[2025-12-19T09:35:54.049+0900] GC(41) Pause Young (Normal) (G1 Evacuation Pause)
[2025-12-19T09:35:54.050+0900] GC(41) Using 10 workers of 10 for evacuation
[2025-12-19T09:35:54.065+0900] GC(41)   Pre Evacuate Collection Set: 0.4ms
[2025-12-19T09:35:54.065+0900] GC(41)   Merge Heap Roots: 0.2ms
[2025-12-19T09:35:54.065+0900] GC(41)   Evacuate Collection Set: 12.0ms
[2025-12-19T09:35:54.065+0900] GC(41)   Post Evacuate Collection Set: 2.6ms
[2025-12-19T09:35:54.065+0900] GC(41)   Other: 0.6ms
[2025-12-19T09:35:54.065+0900] GC(41) Eden regions: 35->0(36)
[2025-12-19T09:35:54.065+0900] GC(41) Survivor regions: 4->3(5)
[2025-12-19T09:35:54.065+0900] GC(41) Old regions: 21->22
[2025-12-19T09:35:54.065+0900] GC(41) Archive regions: 2->2
[2025-12-19T09:35:54.066+0900] GC(41) Humongous regions: 20->20
[2025-12-19T09:35:54.066+0900] GC(41) Metaspace: 110103K(111040K)->110103K(111040K) NonClass: 98680K(99200K)->98680K(99200K) Class: 11423K(11840K)->11423K(11840K)
[2025-12-19T09:35:54.066+0900] GC(41) Pause Young (Normal) (G1 Evacuation Pause) 319M->180M(384M) 16.393ms
[2025-12-19T09:35:54.066+0900] GC(41) User=0.13s Sys=0.00s Real=0.02s
[2025-12-19T09:38:54.315+0900] GC(42) Pause Young (Concurrent Start) (G1 Evacuation Pause)
[2025-12-19T09:38:54.315+0900] GC(42) Using 10 workers of 10 for evacuation
[2025-12-19T09:38:54.333+0900] GC(42)   Pre Evacuate Collection Set: 1.0ms
[2025-12-19T09:38:54.333+0900] GC(42)   Merge Heap Roots: 0.1ms
[2025-12-19T09:38:54.333+0900] GC(42)   Evacuate Collection Set: 15.6ms
[2025-12-19T09:38:54.333+0900] GC(42)   Post Evacuate Collection Set: 1.1ms
[2025-12-19T09:38:54.333+0900] GC(42)   Other: 0.6ms
[2025-12-19T09:38:54.333+0900] GC(42) Eden regions: 36->0(36)
[2025-12-19T09:38:54.333+0900] GC(42) Survivor regions: 3->3(5)
[2025-12-19T09:38:54.333+0900] GC(42) Old regions: 22->22
[2025-12-19T09:38:54.334+0900] GC(42) Archive regions: 2->2
[2025-12-19T09:38:54.334+0900] GC(42) Humongous regions: 20->20
[2025-12-19T09:38:54.334+0900] GC(42) Metaspace: 110138K(111040K)->110138K(111040K) NonClass: 98714K(99200K)->98714K(99200K) Class: 11423K(11840K)->11423K(11840K)
[2025-12-19T09:38:54.334+0900] GC(42) Pause Young (Concurrent Start) (G1 Evacuation Pause) 324M->180M(384M) 18.803ms
[2025-12-19T09:38:54.334+0900] GC(42) User=0.15s Sys=0.00s Real=0.02s
[2025-12-19T09:38:54.334+0900] GC(43) Concurrent Mark Cycle
[2025-12-19T09:38:54.334+0900] GC(43) Concurrent Clear Claimed Marks
[2025-12-19T09:38:54.334+0900] GC(43) Concurrent Clear Claimed Marks 0.251ms
[2025-12-19T09:38:54.335+0900] GC(43) Concurrent Scan Root Regions
[2025-12-19T09:38:54.338+0900] GC(43) Concurrent Scan Root Regions 3.614ms
[2025-12-19T09:38:54.338+0900] GC(43) Concurrent Mark
[2025-12-19T09:38:54.338+0900] GC(43) Concurrent Mark From Roots
[2025-12-19T09:38:54.338+0900] GC(43) Using 3 workers of 3 for marking
[2025-12-19T09:38:54.353+0900] GC(43) Concurrent Mark From Roots 14.836ms
[2025-12-19T09:38:54.353+0900] GC(43) Concurrent Preclean
[2025-12-19T09:38:54.353+0900] GC(43) Concurrent Preclean 0.133ms
[2025-12-19T09:38:54.354+0900] GC(43) Pause Remark
[2025-12-19T09:38:54.385+0900] GC(43) Pause Remark 182M->182M(384M) 31.458ms
[2025-12-19T09:38:54.385+0900] GC(43) User=0.28s Sys=0.00s Real=0.03s
[2025-12-19T09:38:54.385+0900] GC(43) Concurrent Mark 47.079ms
[2025-12-19T09:38:54.385+0900] GC(43) Concurrent Rebuild Remembered Sets
[2025-12-19T09:38:54.392+0900] GC(43) Concurrent Rebuild Remembered Sets 6.376ms
[2025-12-19T09:38:54.401+0900] GC(43) Pause Cleanup
[2025-12-19T09:38:54.401+0900] GC(43) Pause Cleanup 183M->183M(384M) 0.146ms
[2025-12-19T09:38:54.401+0900] GC(43) User=0.01s Sys=0.00s Real=0.00s
[2025-12-19T09:38:54.401+0900] GC(43) Concurrent Cleanup for Next Mark
[2025-12-19T09:38:54.402+0900] GC(43) Concurrent Cleanup for Next Mark 1.570ms
[2025-12-19T09:38:54.403+0900] GC(43) Concurrent Mark Cycle 68.806ms
[2025-12-19T09:41:39.972+0900] GC(44) Pause Young (Normal) (G1 Evacuation Pause)
[2025-12-19T09:41:39.972+0900] GC(44) Using 10 workers of 10 for evacuation
[2025-12-19T09:41:39.996+0900] GC(44)   Pre Evacuate Collection Set: 1.0ms
[2025-12-19T09:41:39.996+0900] GC(44)   Merge Heap Roots: 0.4ms
[2025-12-19T09:41:39.996+0900] GC(44)   Evacuate Collection Set: 18.9ms
[2025-12-19T09:41:39.996+0900] GC(44)   Post Evacuate Collection Set: 2.5ms
[2025-12-19T09:41:39.996+0900] GC(44)   Other: 1.1ms
[2025-12-19T09:41:39.996+0900] GC(44) Eden regions: 36->0(36)
[2025-12-19T09:41:39.996+0900] GC(44) Survivor regions: 3->3(5)
[2025-12-19T09:41:39.996+0900] GC(44) Old regions: 22->22
[2025-12-19T09:41:39.996+0900] GC(44) Archive regions: 2->2
[2025-12-19T09:41:39.996+0900] GC(44) Humongous regions: 20->20
[2025-12-19T09:41:39.997+0900] GC(44) Metaspace: 109997K(111040K)->109997K(111040K) NonClass: 98607K(99200K)->98607K(99200K) Class: 11390K(11840K)->11390K(11840K)
[2025-12-19T09:41:39.997+0900] GC(44) Pause Young (Normal) (G1 Evacuation Pause) 324M->180M(384M) 24.570ms
[2025-12-19T09:41:39.997+0900] GC(44) User=0.20s Sys=0.00s Real=0.03s
[2025-12-19T09:43:55.193+0900] GC(45) Pause Young (Concurrent Start) (G1 Evacuation Pause)
[2025-12-19T09:43:55.193+0900] GC(45) Using 10 workers of 10 for evacuation
[2025-12-19T09:43:55.210+0900] GC(45)   Pre Evacuate Collection Set: 0.9ms
[2025-12-19T09:43:55.210+0900] GC(45)   Merge Heap Roots: 0.1ms
[2025-12-19T09:43:55.210+0900] GC(45)   Evacuate Collection Set: 14.8ms
[2025-12-19T09:43:55.210+0900] GC(45)   Post Evacuate Collection Set: 0.9ms
[2025-12-19T09:43:55.210+0900] GC(45)   Other: 0.7ms
[2025-12-19T09:43:55.210+0900] GC(45) Eden regions: 36->0(34)
[2025-12-19T09:43:55.210+0900] GC(45) Survivor regions: 3->4(5)
[2025-12-19T09:43:55.210+0900] GC(45) Old regions: 22->22
[2025-12-19T09:43:55.211+0900] GC(45) Archive regions: 2->2
[2025-12-19T09:43:55.211+0900] GC(45) Humongous regions: 20->20
[2025-12-19T09:43:55.211+0900] GC(45) Metaspace: 109998K(111040K)->109998K(111040K) NonClass: 98607K(99200K)->98607K(99200K) Class: 11390K(11840K)->11390K(11840K)
[2025-12-19T09:43:55.211+0900] GC(45) Pause Young (Concurrent Start) (G1 Evacuation Pause) 324M->182M(384M) 18.002ms
[2025-12-19T09:43:55.211+0900] GC(45) User=0.15s Sys=0.00s Real=0.02s
[2025-12-19T09:43:55.211+0900] GC(46) Concurrent Mark Cycle
[2025-12-19T09:43:55.211+0900] GC(46) Concurrent Clear Claimed Marks
[2025-12-19T09:43:55.211+0900] GC(46) Concurrent Clear Claimed Marks 0.167ms
[2025-12-19T09:43:55.211+0900] GC(46) Concurrent Scan Root Regions
[2025-12-19T09:43:55.213+0900] GC(46) Concurrent Scan Root Regions 1.754ms
[2025-12-19T09:43:55.213+0900] GC(46) Concurrent Mark
[2025-12-19T09:43:55.213+0900] GC(46) Concurrent Mark From Roots
[2025-12-19T09:43:55.213+0900] GC(46) Using 3 workers of 3 for marking
[2025-12-19T09:43:55.231+0900] GC(46) Concurrent Mark From Roots 17.621ms
[2025-12-19T09:43:55.231+0900] GC(46) Concurrent Preclean
[2025-12-19T09:43:55.231+0900] GC(46) Concurrent Preclean 0.154ms
[2025-12-19T09:43:55.231+0900] GC(46) Pause Remark
[2025-12-19T09:43:55.244+0900] GC(46) Pause Remark 188M->188M(384M) 12.863ms
[2025-12-19T09:43:55.244+0900] GC(46) User=0.11s Sys=0.00s Real=0.01s
[2025-12-19T09:43:55.244+0900] GC(46) Concurrent Mark 31.311ms
[2025-12-19T09:43:55.244+0900] GC(46) Concurrent Rebuild Remembered Sets
[2025-12-19T09:43:55.250+0900] GC(46) Concurrent Rebuild Remembered Sets 5.172ms
[2025-12-19T09:43:55.250+0900] GC(46) Pause Cleanup
[2025-12-19T09:43:55.250+0900] GC(46) Pause Cleanup 188M->188M(384M) 0.087ms
[2025-12-19T09:43:55.250+0900] GC(46) User=0.00s Sys=0.00s Real=0.00s
[2025-12-19T09:43:55.250+0900] GC(46) Concurrent Cleanup for Next Mark
[2025-12-19T09:43:55.250+0900] GC(46) Concurrent Cleanup for Next Mark 0.538ms
[2025-12-19T09:43:55.250+0900] GC(46) Concurrent Mark Cycle 39.613ms
[2025-12-19T10:03:05.274+0900] GC(47) Pause Young (Normal) (G1 Evacuation Pause)
[2025-12-19T10:03:05.275+0900] GC(47) Using 10 workers of 10 for evacuation
[2025-12-19T10:03:05.294+0900] GC(47)   Pre Evacuate Collection Set: 0.3ms
[2025-12-19T10:03:05.294+0900] GC(47)   Merge Heap Roots: 0.2ms
[2025-12-19T10:03:05.294+0900] GC(47)   Evacuate Collection Set: 17.3ms
[2025-12-19T10:03:05.294+0900] GC(47)   Post Evacuate Collection Set: 1.1ms
[2025-12-19T10:03:05.294+0900] GC(47)   Other: 0.5ms
[2025-12-19T10:03:05.294+0900] GC(47) Eden regions: 34->0(36)
[2025-12-19T10:03:05.294+0900] GC(47) Survivor regions: 4->3(5)
[2025-12-19T10:03:05.294+0900] GC(47) Old regions: 22->22
[2025-12-19T10:03:05.294+0900] GC(47) Archive regions: 2->2
[2025-12-19T10:03:05.294+0900] GC(47) Humongous regions: 20->20
[2025-12-19T10:03:05.294+0900] GC(47) Metaspace: 110002K(111040K)->110002K(111040K) NonClass: 98611K(99200K)->98611K(99200K) Class: 11390K(11840K)->11390K(11840K)
[2025-12-19T10:03:05.294+0900] GC(47) Pause Young (Normal) (G1 Evacuation Pause) 318M->182M(384M) 20.070ms
[2025-12-19T10:03:05.295+0900] GC(47) User=0.18s Sys=0.00s Real=0.02s
[2025-12-19T10:07:30.481+0900] GC(48) Pause Young (Concurrent Start) (G1 Evacuation Pause)
[2025-12-19T10:07:30.483+0900] GC(48) Using 10 workers of 10 for evacuation
[2025-12-19T10:07:30.504+0900] GC(48)   Pre Evacuate Collection Set: 2.6ms
[2025-12-19T10:07:30.504+0900] GC(48)   Merge Heap Roots: 0.3ms
[2025-12-19T10:07:30.505+0900] GC(48)   Evacuate Collection Set: 15.8ms
[2025-12-19T10:07:30.505+0900] GC(48)   Post Evacuate Collection Set: 1.7ms
[2025-12-19T10:07:30.505+0900] GC(48)   Other: 2.8ms
[2025-12-19T10:07:30.505+0900] GC(48) Eden regions: 36->0(36)
[2025-12-19T10:07:30.505+0900] GC(48) Survivor regions: 3->3(5)
[2025-12-19T10:07:30.505+0900] GC(48) Old regions: 22->22
[2025-12-19T10:07:30.505+0900] GC(48) Archive regions: 2->2
[2025-12-19T10:07:30.505+0900] GC(48) Humongous regions: 20->20
[2025-12-19T10:07:30.505+0900] GC(48) Metaspace: 110003K(111040K)->110003K(111040K) NonClass: 98612K(99200K)->98612K(99200K) Class: 11390K(11840K)->11390K(11840K)
[2025-12-19T10:07:30.505+0900] GC(48) Pause Young (Concurrent Start) (G1 Evacuation Pause) 326M->182M(384M) 23.916ms
[2025-12-19T10:07:30.505+0900] GC(48) User=0.16s Sys=0.00s Real=0.02s
[2025-12-19T10:07:30.505+0900] GC(49) Concurrent Mark Cycle
[2025-12-19T10:07:30.505+0900] GC(49) Concurrent Clear Claimed Marks
[2025-12-19T10:07:30.506+0900] GC(49) Concurrent Clear Claimed Marks 0.205ms
[2025-12-19T10:07:30.506+0900] GC(49) Concurrent Scan Root Regions
[2025-12-19T10:07:30.509+0900] GC(49) Concurrent Scan Root Regions 3.484ms
[2025-12-19T10:07:30.509+0900] GC(49) Concurrent Mark
[2025-12-19T10:07:30.509+0900] GC(49) Concurrent Mark From Roots
[2025-12-19T10:07:30.509+0900] GC(49) Using 3 workers of 3 for marking
[2025-12-19T10:07:30.533+0900] GC(49) Concurrent Mark From Roots 23.682ms
[2025-12-19T10:07:30.533+0900] GC(49) Concurrent Preclean
[2025-12-19T10:07:30.533+0900] GC(49) Concurrent Preclean 0.218ms
[2025-12-19T10:07:30.534+0900] GC(49) Pause Remark
[2025-12-19T10:07:30.543+0900] GC(49) Pause Remark 182M->182M(384M) 9.950ms
[2025-12-19T10:07:30.544+0900] GC(49) User=0.10s Sys=0.00s Real=0.01s
[2025-12-19T10:07:30.544+0900] GC(49) Concurrent Mark 34.398ms
[2025-12-19T10:07:30.544+0900] GC(49) Concurrent Rebuild Remembered Sets
[2025-12-19T10:07:30.550+0900] GC(49) Concurrent Rebuild Remembered Sets 5.863ms
[2025-12-19T10:07:30.550+0900] GC(49) Pause Cleanup
[2025-12-19T10:07:30.550+0900] GC(49) Pause Cleanup 182M->182M(384M) 0.161ms
[2025-12-19T10:07:30.550+0900] GC(49) User=0.00s Sys=0.00s Real=0.00s
[2025-12-19T10:07:30.550+0900] GC(49) Concurrent Cleanup for Next Mark
[2025-12-19T10:07:30.552+0900] GC(49) Concurrent Cleanup for Next Mark 1.984ms
[2025-12-19T10:07:30.552+0900] GC(49) Concurrent Mark Cycle 46.675ms
[2025-12-19T10:09:49.005+0900] GC(50) Pause Young (Normal) (G1 Evacuation Pause)
[2025-12-19T10:09:49.005+0900] GC(50) Using 10 workers of 10 for evacuation
[2025-12-19T10:09:49.018+0900] GC(50)   Pre Evacuate Collection Set: 2.0ms
[2025-12-19T10:09:49.018+0900] GC(50)   Merge Heap Roots: 0.2ms
[2025-12-19T10:09:49.019+0900] GC(50)   Evacuate Collection Set: 9.3ms
[2025-12-19T10:09:49.019+0900] GC(50)   Post Evacuate Collection Set: 1.2ms
[2025-12-19T10:09:49.019+0900] GC(50)   Other: 0.8ms
[2025-12-19T10:09:49.019+0900] GC(50) Eden regions: 36->0(35)
[2025-12-19T10:09:49.019+0900] GC(50) Survivor regions: 3->3(5)
[2025-12-19T10:09:49.019+0900] GC(50) Old regions: 22->23
[2025-12-19T10:09:49.019+0900] GC(50) Archive regions: 2->2
[2025-12-19T10:09:49.019+0900] GC(50) Humongous regions: 20->20
[2025-12-19T10:09:49.019+0900] GC(50) Metaspace: 110023K(111040K)->110023K(111040K) NonClass: 98632K(99200K)->98632K(99200K) Class: 11390K(11840K)->11390K(11840K)
[2025-12-19T10:09:49.019+0900] GC(50) Pause Young (Normal) (G1 Evacuation Pause) 326M->184M(384M) 14.038ms
[2025-12-19T10:09:49.019+0900] GC(50) User=0.11s Sys=0.00s Real=0.01s
[2025-12-19T10:11:49.365+0900] GC(51) Pause Young (Concurrent Start) (G1 Evacuation Pause)
[2025-12-19T10:11:49.366+0900] GC(51) Using 10 workers of 10 for evacuation
[2025-12-19T10:11:49.373+0900] GC(51)   Pre Evacuate Collection Set: 1.1ms
[2025-12-19T10:11:49.373+0900] GC(51)   Merge Heap Roots: 0.2ms
[2025-12-19T10:11:49.373+0900] GC(51)   Evacuate Collection Set: 5.0ms
[2025-12-19T10:11:49.373+0900] GC(51)   Post Evacuate Collection Set: 1.0ms
[2025-12-19T10:11:49.373+0900] GC(51)   Other: 0.7ms
[2025-12-19T10:11:49.373+0900] GC(51) Eden regions: 35->0(35)
[2025-12-19T10:11:49.373+0900] GC(51) Survivor regions: 3->3(5)
[2025-12-19T10:11:49.373+0900] GC(51) Old regions: 23->23
[2025-12-19T10:11:49.374+0900] GC(51) Archive regions: 2->2
[2025-12-19T10:11:49.374+0900] GC(51) Humongous regions: 20->20
[2025-12-19T10:11:49.374+0900] GC(51) Metaspace: 110178K(111168K)->110178K(111168K) NonClass: 98787K(99328K)->98787K(99328K) Class: 11390K(11840K)->11390K(11840K)
[2025-12-19T10:11:49.374+0900] GC(51) Pause Young (Concurrent Start) (G1 Evacuation Pause) 324M->185M(384M) 8.430ms
[2025-12-19T10:11:49.374+0900] GC(51) User=0.05s Sys=0.00s Real=0.01s
[2025-12-19T10:11:49.374+0900] GC(52) Concurrent Mark Cycle
[2025-12-19T10:11:49.374+0900] GC(52) Concurrent Clear Claimed Marks
[2025-12-19T10:11:49.374+0900] GC(52) Concurrent Clear Claimed Marks 0.142ms
[2025-12-19T10:11:49.374+0900] GC(52) Concurrent Scan Root Regions
[2025-12-19T10:11:49.376+0900] GC(52) Concurrent Scan Root Regions 1.772ms
[2025-12-19T10:11:49.376+0900] GC(52) Concurrent Mark
[2025-12-19T10:11:49.376+0900] GC(52) Concurrent Mark From Roots
[2025-12-19T10:11:49.376+0900] GC(52) Using 3 workers of 3 for marking
[2025-12-19T10:11:49.393+0900] GC(52) Concurrent Mark From Roots 17.382ms
[2025-12-19T10:11:49.393+0900] GC(52) Concurrent Preclean
[2025-12-19T10:11:49.394+0900] GC(52) Concurrent Preclean 0.322ms
[2025-12-19T10:11:49.394+0900] GC(52) Pause Remark
[2025-12-19T10:11:49.407+0900] GC(52) Pause Remark 190M->190M(384M) 12.743ms
[2025-12-19T10:11:49.407+0900] GC(52) User=0.11s Sys=0.00s Real=0.01s
[2025-12-19T10:11:49.407+0900] GC(52) Concurrent Mark 31.231ms
[2025-12-19T10:11:49.407+0900] GC(52) Concurrent Rebuild Remembered Sets
[2025-12-19T10:11:49.413+0900] GC(52) Concurrent Rebuild Remembered Sets 6.268ms
[2025-12-19T10:11:49.414+0900] GC(52) Pause Cleanup
[2025-12-19T10:11:49.414+0900] GC(52) Pause Cleanup 191M->191M(384M) 0.346ms
[2025-12-19T10:11:49.414+0900] GC(52) User=0.00s Sys=0.00s Real=0.00s
[2025-12-19T10:11:49.416+0900] GC(52) Concurrent Cleanup for Next Mark
[2025-12-19T10:11:49.417+0900] GC(52) Concurrent Cleanup for Next Mark 1.644ms
[2025-12-19T10:11:49.418+0900] GC(52) Concurrent Mark Cycle 43.959ms
[2025-12-19T10:14:49.803+0900] GC(53) Pause Young (Normal) (G1 Evacuation Pause)
[2025-12-19T10:14:49.804+0900] GC(53) Using 10 workers of 10 for evacuation
[2025-12-19T10:14:49.814+0900] GC(53)   Pre Evacuate Collection Set: 0.3ms
[2025-12-19T10:14:49.814+0900] GC(53)   Merge Heap Roots: 0.1ms
[2025-12-19T10:14:49.814+0900] GC(53)   Evacuate Collection Set: 8.5ms
[2025-12-19T10:14:49.814+0900] GC(53)   Post Evacuate Collection Set: 1.3ms
[2025-12-19T10:14:49.814+0900] GC(53)   Other: 0.5ms
[2025-12-19T10:14:49.814+0900] GC(53) Eden regions: 35->0(35)
[2025-12-19T10:14:49.814+0900] GC(53) Survivor regions: 3->3(5)
[2025-12-19T10:14:49.814+0900] GC(53) Old regions: 23->23
[2025-12-19T10:14:49.814+0900] GC(53) Archive regions: 2->2
[2025-12-19T10:14:49.814+0900] GC(53) Humongous regions: 20->20
[2025-12-19T10:14:49.814+0900] GC(53) Metaspace: 110185K(111168K)->110185K(111168K) NonClass: 98794K(99328K)->98794K(99328K) Class: 11390K(11840K)->11390K(11840K)
[2025-12-19T10:14:49.814+0900] GC(53) Pause Young (Normal) (G1 Evacuation Pause) 325M->184M(384M) 11.174ms
[2025-12-19T10:14:49.815+0900] GC(53) User=0.09s Sys=0.00s Real=0.01s
[2025-12-19T10:16:50.105+0900] GC(54) Pause Young (Concurrent Start) (G1 Evacuation Pause)
[2025-12-19T10:16:50.105+0900] GC(54) Using 10 workers of 10 for evacuation
[2025-12-19T10:16:50.112+0900] GC(54)   Pre Evacuate Collection Set: 0.9ms
[2025-12-19T10:16:50.112+0900] GC(54)   Merge Heap Roots: 0.1ms
[2025-12-19T10:16:50.112+0900] GC(54)   Evacuate Collection Set: 4.5ms
[2025-12-19T10:16:50.112+0900] GC(54)   Post Evacuate Collection Set: 0.9ms
[2025-12-19T10:16:50.112+0900] GC(54)   Other: 0.5ms
[2025-12-19T10:16:50.112+0900] GC(54) Eden regions: 35->0(33)
[2025-12-19T10:16:50.112+0900] GC(54) Survivor regions: 3->4(5)
[2025-12-19T10:16:50.112+0900] GC(54) Old regions: 23->23
[2025-12-19T10:16:50.112+0900] GC(54) Archive regions: 2->2
[2025-12-19T10:16:50.112+0900] GC(54) Humongous regions: 20->20
[2025-12-19T10:16:50.112+0900] GC(54) Metaspace: 110195K(111168K)->110195K(111168K) NonClass: 98804K(99328K)->98804K(99328K) Class: 11390K(11840K)->11390K(11840K)
[2025-12-19T10:16:50.112+0900] GC(54) Pause Young (Concurrent Start) (G1 Evacuation Pause) 324M->186M(384M) 7.321ms
[2025-12-19T10:16:50.112+0900] GC(54) User=0.05s Sys=0.00s Real=0.00s
[2025-12-19T10:16:50.112+0900] GC(55) Concurrent Mark Cycle
[2025-12-19T10:16:50.112+0900] GC(55) Concurrent Clear Claimed Marks
[2025-12-19T10:16:50.113+0900] GC(55) Concurrent Clear Claimed Marks 0.164ms
[2025-12-19T10:16:50.113+0900] GC(55) Concurrent Scan Root Regions
[2025-12-19T10:16:50.115+0900] GC(55) Concurrent Scan Root Regions 1.931ms
[2025-12-19T10:16:50.115+0900] GC(55) Concurrent Mark
[2025-12-19T10:16:50.115+0900] GC(55) Concurrent Mark From Roots
[2025-12-19T10:16:50.115+0900] GC(55) Using 3 workers of 3 for marking
[2025-12-19T10:16:50.130+0900] GC(55) Concurrent Mark From Roots 15.677ms
[2025-12-19T10:16:50.131+0900] GC(55) Concurrent Preclean
[2025-12-19T10:16:50.131+0900] GC(55) Concurrent Preclean 0.316ms
[2025-12-19T10:16:50.131+0900] GC(55) Pause Remark
[2025-12-19T10:16:50.137+0900] GC(55) Pause Remark 187M->187M(384M) 5.722ms
[2025-12-19T10:16:50.137+0900] GC(55) User=0.04s Sys=0.00s Real=0.01s
[2025-12-19T10:16:50.137+0900] GC(55) Concurrent Mark 22.752ms
[2025-12-19T10:16:50.137+0900] GC(55) Concurrent Rebuild Remembered Sets
[2025-12-19T10:16:50.143+0900] GC(55) Concurrent Rebuild Remembered Sets 5.262ms
[2025-12-19T10:16:50.143+0900] GC(55) Pause Cleanup
[2025-12-19T10:16:50.143+0900] GC(55) Pause Cleanup 187M->187M(384M) 0.124ms
[2025-12-19T10:16:50.143+0900] GC(55) User=0.00s Sys=0.00s Real=0.00s
[2025-12-19T10:16:50.143+0900] GC(55) Concurrent Cleanup for Next Mark
[2025-12-19T10:16:50.144+0900] GC(55) Concurrent Cleanup for Next Mark 0.755ms
[2025-12-19T10:16:50.144+0900] GC(55) Concurrent Mark Cycle 31.560ms
[2025-12-19T10:19:50.391+0900] GC(56) Pause Young (Normal) (G1 Evacuation Pause)
[2025-12-19T10:19:50.391+0900] GC(56) Using 10 workers of 10 for evacuation
[2025-12-19T10:19:50.402+0900] GC(56)   Pre Evacuate Collection Set: 0.5ms
[2025-12-19T10:19:50.402+0900] GC(56)   Merge Heap Roots: 0.4ms
[2025-12-19T10:19:50.402+0900] GC(56)   Evacuate Collection Set: 7.5ms
[2025-12-19T10:19:50.402+0900] GC(56)   Post Evacuate Collection Set: 2.1ms
[2025-12-19T10:19:50.402+0900] GC(56)   Other: 1.0ms
[2025-12-19T10:19:50.402+0900] GC(56) Eden regions: 33->0(35)
[2025-12-19T10:19:50.402+0900] GC(56) Survivor regions: 4->3(5)
[2025-12-19T10:19:50.402+0900] GC(56) Old regions: 23->23
[2025-12-19T10:19:50.402+0900] GC(56) Archive regions: 2->2
[2025-12-19T10:19:50.402+0900] GC(56) Humongous regions: 20->20
[2025-12-19T10:19:50.403+0900] GC(56) Metaspace: 110212K(111168K)->110212K(111168K) NonClass: 98821K(99328K)->98821K(99328K) Class: 11390K(11840K)->11390K(11840K)
[2025-12-19T10:19:50.403+0900] GC(56) Pause Young (Normal) (G1 Evacuation Pause) 318M->185M(384M) 12.083ms
[2025-12-19T10:19:50.403+0900] GC(56) User=0.09s Sys=0.00s Real=0.01s
[2025-12-19T10:21:50.860+0900] GC(57) Pause Young (Concurrent Start) (G1 Evacuation Pause)
[2025-12-19T10:21:50.860+0900] GC(57) Using 10 workers of 10 for evacuation
[2025-12-19T10:21:50.871+0900] GC(57)   Pre Evacuate Collection Set: 0.9ms
[2025-12-19T10:21:50.871+0900] GC(57)   Merge Heap Roots: 0.2ms
[2025-12-19T10:21:50.871+0900] GC(57)   Evacuate Collection Set: 8.2ms
[2025-12-19T10:21:50.871+0900] GC(57)   Post Evacuate Collection Set: 1.2ms
[2025-12-19T10:21:50.871+0900] GC(57)   Other: 0.7ms
[2025-12-19T10:21:50.871+0900] GC(57) Eden regions: 35->0(35)
[2025-12-19T10:21:50.871+0900] GC(57) Survivor regions: 3->3(5)
[2025-12-19T10:21:50.872+0900] GC(57) Old regions: 23->23
[2025-12-19T10:21:50.872+0900] GC(57) Archive regions: 2->2
[2025-12-19T10:21:50.872+0900] GC(57) Humongous regions: 20->20
[2025-12-19T10:21:50.872+0900] GC(57) Metaspace: 110248K(111168K)->110248K(111168K) NonClass: 98857K(99328K)->98857K(99328K) Class: 11391K(11840K)->11391K(11840K)
[2025-12-19T10:21:50.872+0900] GC(57) Pause Young (Concurrent Start) (G1 Evacuation Pause) 325M->186M(384M) 11.818ms
[2025-12-19T10:21:50.872+0900] GC(57) User=0.09s Sys=0.00s Real=0.01s
[2025-12-19T10:21:50.872+0900] GC(58) Concurrent Mark Cycle
[2025-12-19T10:21:50.872+0900] GC(58) Concurrent Clear Claimed Marks
[2025-12-19T10:21:50.872+0900] GC(58) Concurrent Clear Claimed Marks 0.132ms
[2025-12-19T10:21:50.872+0900] GC(58) Concurrent Scan Root Regions
[2025-12-19T10:21:50.874+0900] GC(58) Concurrent Scan Root Regions 1.933ms
[2025-12-19T10:21:50.874+0900] GC(58) Concurrent Mark
[2025-12-19T10:21:50.874+0900] GC(58) Concurrent Mark From Roots
[2025-12-19T10:21:50.874+0900] GC(58) Using 3 workers of 3 for marking
[2025-12-19T10:21:50.898+0900] GC(58) Concurrent Mark From Roots 23.388ms
[2025-12-19T10:21:50.898+0900] GC(58) Concurrent Preclean
[2025-12-19T10:21:50.898+0900] GC(58) Concurrent Preclean 0.172ms
[2025-12-19T10:21:50.898+0900] GC(58) Pause Remark
[2025-12-19T10:21:50.918+0900] GC(58) Pause Remark 202M->202M(384M) 19.930ms
[2025-12-19T10:21:50.918+0900] GC(58) User=0.18s Sys=0.00s Real=0.02s
[2025-12-19T10:21:50.918+0900] GC(58) Concurrent Mark 44.017ms
[2025-12-19T10:21:50.918+0900] GC(58) Concurrent Rebuild Remembered Sets
[2025-12-19T10:21:50.927+0900] GC(58) Concurrent Rebuild Remembered Sets 8.666ms
[2025-12-19T10:21:50.927+0900] GC(58) Pause Cleanup
[2025-12-19T10:21:50.927+0900] GC(58) Pause Cleanup 203M->203M(384M) 0.189ms
[2025-12-19T10:21:50.928+0900] GC(58) User=0.00s Sys=0.00s Real=0.00s
[2025-12-19T10:21:50.928+0900] GC(58) Concurrent Cleanup for Next Mark
[2025-12-19T10:21:50.929+0900] GC(58) Concurrent Cleanup for Next Mark 1.756ms
[2025-12-19T10:21:50.930+0900] GC(58) Concurrent Mark Cycle 57.592ms
[2025-12-19T10:24:31.968+0900] GC(59) Pause Young (Normal) (G1 Evacuation Pause)
[2025-12-19T10:24:31.971+0900] GC(59) Using 10 workers of 10 for evacuation
[2025-12-19T10:24:31.988+0900] GC(59)   Pre Evacuate Collection Set: 1.6ms
[2025-12-19T10:24:31.988+0900] GC(59)   Merge Heap Roots: 0.8ms
[2025-12-19T10:24:31.988+0900] GC(59)   Evacuate Collection Set: 12.8ms
[2025-12-19T10:24:31.988+0900] GC(59)   Post Evacuate Collection Set: 1.9ms
[2025-12-19T10:24:31.989+0900] GC(59)   Other: 3.4ms
[2025-12-19T10:24:31.989+0900] GC(59) Eden regions: 35->0(52)
[2025-12-19T10:24:31.989+0900] GC(59) Survivor regions: 3->3(5)
[2025-12-19T10:24:31.989+0900] GC(59) Old regions: 23->24
[2025-12-19T10:24:31.989+0900] GC(59) Archive regions: 2->2
[2025-12-19T10:24:31.989+0900] GC(59) Humongous regions: 20->20
[2025-12-19T10:24:31.989+0900] GC(59) Metaspace: 110262K(111168K)->110262K(111168K) NonClass: 98870K(99328K)->98870K(99328K) Class: 11391K(11840K)->11391K(11840K)
[2025-12-19T10:24:31.989+0900] GC(59) Pause Young (Normal) (G1 Evacuation Pause) 326M->186M(464M) 20.904ms
[2025-12-19T10:24:31.989+0900] GC(59) User=0.14s Sys=0.00s Real=0.03s
[2025-12-19T10:27:51.749+0900] GC(60) Pause Young (Normal) (G1 Evacuation Pause)
[2025-12-19T10:27:51.750+0900] GC(60) Using 10 workers of 10 for evacuation
[2025-12-19T10:27:51.760+0900] GC(60)   Pre Evacuate Collection Set: 0.6ms
[2025-12-19T10:27:51.760+0900] GC(60)   Merge Heap Roots: 0.3ms
[2025-12-19T10:27:51.760+0900] GC(60)   Evacuate Collection Set: 6.9ms
[2025-12-19T10:27:51.760+0900] GC(60)   Post Evacuate Collection Set: 1.7ms
[2025-12-19T10:27:51.760+0900] GC(60)   Other: 0.7ms
[2025-12-19T10:27:51.760+0900] GC(60) Eden regions: 52->0(52)
[2025-12-19T10:27:51.760+0900] GC(60) Survivor regions: 3->3(7)
[2025-12-19T10:27:51.760+0900] GC(60) Old regions: 24->24
[2025-12-19T10:27:51.760+0900] GC(60) Archive regions: 2->2
[2025-12-19T10:27:51.760+0900] GC(60) Humongous regions: 20->20
[2025-12-19T10:27:51.760+0900] GC(60) Metaspace: 110305K(111232K)->110305K(111232K) NonClass: 98913K(99392K)->98913K(99392K) Class: 11391K(11840K)->11391K(11840K)
[2025-12-19T10:27:51.760+0900] GC(60) Pause Young (Normal) (G1 Evacuation Pause) 394M->188M(464M) 10.905ms
[2025-12-19T10:27:51.760+0900] GC(60) User=0.09s Sys=0.00s Real=0.01s
[2025-12-19T10:32:11.032+0900] GC(61) Pause Young (Normal) (G1 Evacuation Pause)
[2025-12-19T10:32:11.033+0900] GC(61) Using 10 workers of 10 for evacuation
[2025-12-19T10:32:11.081+0900] GC(61)   Pre Evacuate Collection Set: 1.5ms
[2025-12-19T10:32:11.081+0900] GC(61)   Merge Heap Roots: 0.8ms
[2025-12-19T10:32:11.081+0900] GC(61)   Evacuate Collection Set: 42.2ms
[2025-12-19T10:32:11.081+0900] GC(61)   Post Evacuate Collection Set: 2.5ms
[2025-12-19T10:32:11.081+0900] GC(61)   Other: 2.3ms
[2025-12-19T10:32:11.081+0900] GC(61) Eden regions: 52->0(52)
[2025-12-19T10:32:11.081+0900] GC(61) Survivor regions: 3->3(7)
[2025-12-19T10:32:11.081+0900] GC(61) Old regions: 24->24
[2025-12-19T10:32:11.082+0900] GC(61) Archive regions: 2->2
[2025-12-19T10:32:11.082+0900] GC(61) Humongous regions: 20->20
[2025-12-19T10:32:11.082+0900] GC(61) Metaspace: 110533K(111424K)->110533K(111424K) NonClass: 99141K(99584K)->99141K(99584K) Class: 11391K(11840K)->11391K(11840K)
[2025-12-19T10:32:11.082+0900] GC(61) Pause Young (Normal) (G1 Evacuation Pause) 396M->188M(464M) 50.209ms
[2025-12-19T10:32:11.082+0900] GC(61) User=0.44s Sys=0.00s Real=0.05s
[2025-12-19T10:51:26.472+0900] GC(62) Pause Young (Normal) (G1 Evacuation Pause)
[2025-12-19T10:51:26.472+0900] GC(62) Using 10 workers of 10 for evacuation
[2025-12-19T10:51:26.497+0900] GC(62)   Pre Evacuate Collection Set: 0.5ms
[2025-12-19T10:51:26.497+0900] GC(62)   Merge Heap Roots: 0.3ms
[2025-12-19T10:51:26.497+0900] GC(62)   Evacuate Collection Set: 22.0ms
[2025-12-19T10:51:26.497+0900] GC(62)   Post Evacuate Collection Set: 1.7ms
[2025-12-19T10:51:26.497+0900] GC(62)   Other: 0.8ms
[2025-12-19T10:51:26.497+0900] GC(62) Eden regions: 52->0(50)
[2025-12-19T10:51:26.497+0900] GC(62) Survivor regions: 3->4(7)
[2025-12-19T10:51:26.497+0900] GC(62) Old regions: 24->24
[2025-12-19T10:51:26.497+0900] GC(62) Archive regions: 2->2
[2025-12-19T10:51:26.497+0900] GC(62) Humongous regions: 20->20
[2025-12-19T10:51:26.497+0900] GC(62) Metaspace: 110537K(111424K)->110537K(111424K) NonClass: 99145K(99584K)->99145K(99584K) Class: 11391K(11840K)->11391K(11840K)
[2025-12-19T10:51:26.497+0900] GC(62) Pause Young (Normal) (G1 Evacuation Pause) 396M->189M(464M) 25.534ms
[2025-12-19T10:51:26.497+0900] GC(62) User=0.21s Sys=0.01s Real=0.02s
[2025-12-19T15:08:05.896+0900] GC(63) Pause Young (Normal) (G1 Evacuation Pause)
[2025-12-19T15:08:05.897+0900] GC(63) Using 10 workers of 10 for evacuation
[2025-12-19T15:08:05.910+0900] GC(63)   Pre Evacuate Collection Set: 0.4ms
[2025-12-19T15:08:05.911+0900] GC(63)   Merge Heap Roots: 0.2ms
[2025-12-19T15:08:05.911+0900] GC(63)   Evacuate Collection Set: 11.9ms
[2025-12-19T15:08:05.911+0900] GC(63)   Post Evacuate Collection Set: 1.2ms
[2025-12-19T15:08:05.911+0900] GC(63)   Other: 0.6ms
[2025-12-19T15:08:05.911+0900] GC(63) Eden regions: 50->0(50)
[2025-12-19T15:08:05.911+0900] GC(63) Survivor regions: 4->4(7)
[2025-12-19T15:08:05.911+0900] GC(63) Old regions: 24->24
[2025-12-19T15:08:05.911+0900] GC(63) Archive regions: 2->2
[2025-12-19T15:08:05.911+0900] GC(63) Humongous regions: 20->20
[2025-12-19T15:08:05.911+0900] GC(63) Metaspace: 110615K(111488K)->110615K(111488K) NonClass: 99218K(99648K)->99218K(99648K) Class: 11397K(11840K)->11397K(11840K)
[2025-12-19T15:08:05.911+0900] GC(63) Pause Young (Normal) (G1 Evacuation Pause) 389M->191M(464M) 14.624ms
[2025-12-19T15:08:05.911+0900] GC(63) User=0.12s Sys=0.00s Real=0.01s
[2025-12-19T15:11:06.402+0900] GC(64) Pause Young (Normal) (G1 Evacuation Pause)
[2025-12-19T15:11:06.402+0900] GC(64) Using 10 workers of 10 for evacuation
[2025-12-19T15:11:06.426+0900] GC(64)   Pre Evacuate Collection Set: 2.1ms
[2025-12-19T15:11:06.426+0900] GC(64)   Merge Heap Roots: 1.4ms
[2025-12-19T15:11:06.427+0900] GC(64)   Evacuate Collection Set: 16.3ms
[2025-12-19T15:11:06.427+0900] GC(64)   Post Evacuate Collection Set: 3.3ms
[2025-12-19T15:11:06.427+0900] GC(64)   Other: 1.4ms
[2025-12-19T15:11:06.427+0900] GC(64) Eden regions: 50->0(50)
[2025-12-19T15:11:06.427+0900] GC(64) Survivor regions: 4->4(7)
[2025-12-19T15:11:06.427+0900] GC(64) Old regions: 24->24
[2025-12-19T15:11:06.427+0900] GC(64) Archive regions: 2->2
[2025-12-19T15:11:06.427+0900] GC(64) Humongous regions: 20->20
[2025-12-19T15:11:06.427+0900] GC(64) Metaspace: 110707K(111552K)->110707K(111552K) NonClass: 99310K(99712K)->99310K(99712K) Class: 11397K(11840K)->11397K(11840K)
[2025-12-19T15:11:06.427+0900] GC(64) Pause Young (Normal) (G1 Evacuation Pause) 391M->191M(464M) 25.362ms
[2025-12-19T15:11:06.427+0900] GC(64) User=0.18s Sys=0.01s Real=0.02s
[2025-12-19T15:14:06.993+0900] GC(65) Pause Young (Normal) (G1 Evacuation Pause)
[2025-12-19T15:14:06.994+0900] GC(65) Using 10 workers of 10 for evacuation
[2025-12-19T15:14:07.011+0900] GC(65)   Pre Evacuate Collection Set: 0.4ms
[2025-12-19T15:14:07.011+0900] GC(65)   Merge Heap Roots: 0.2ms
[2025-12-19T15:14:07.011+0900] GC(65)   Evacuate Collection Set: 13.3ms
[2025-12-19T15:14:07.011+0900] GC(65)   Post Evacuate Collection Set: 3.4ms
[2025-12-19T15:14:07.012+0900] GC(65)   Other: 0.7ms
[2025-12-19T15:14:07.012+0900] GC(65) Eden regions: 50->0(50)
[2025-12-19T15:14:07.012+0900] GC(65) Survivor regions: 4->4(7)
[2025-12-19T15:14:07.012+0900] GC(65) Old regions: 24->24
[2025-12-19T15:14:07.012+0900] GC(65) Archive regions: 2->2
[2025-12-19T15:14:07.012+0900] GC(65) Humongous regions: 20->20
[2025-12-19T15:14:07.012+0900] GC(65) Metaspace: 110714K(111552K)->110714K(111552K) NonClass: 99316K(99712K)->99316K(99712K) Class: 11397K(11840K)->11397K(11840K)
[2025-12-19T15:14:07.012+0900] GC(65) Pause Young (Normal) (G1 Evacuation Pause) 391M->192M(464M) 18.519ms
[2025-12-19T15:14:07.012+0900] GC(65) User=0.16s Sys=0.00s Real=0.02s
[2025-12-19T15:17:07.476+0900] GC(66) Pause Young (Normal) (G1 Evacuation Pause)
[2025-12-19T15:17:07.476+0900] GC(66) Using 10 workers of 10 for evacuation
[2025-12-19T15:17:07.483+0900] GC(66)   Pre Evacuate Collection Set: 0.3ms
[2025-12-19T15:17:07.483+0900] GC(66)   Merge Heap Roots: 0.2ms
[2025-12-19T15:17:07.483+0900] GC(66)   Evacuate Collection Set: 5.0ms
[2025-12-19T15:17:07.483+0900] GC(66)   Post Evacuate Collection Set: 1.0ms
[2025-12-19T15:17:07.483+0900] GC(66)   Other: 0.6ms
[2025-12-19T15:17:07.483+0900] GC(66) Eden regions: 50->0(50)
[2025-12-19T15:17:07.483+0900] GC(66) Survivor regions: 4->4(7)
[2025-12-19T15:17:07.483+0900] GC(66) Old regions: 24->24
[2025-12-19T15:17:07.483+0900] GC(66) Archive regions: 2->2
[2025-12-19T15:17:07.483+0900] GC(66) Humongous regions: 20->20
[2025-12-19T15:17:07.483+0900] GC(66) Metaspace: 110759K(111616K)->110759K(111616K) NonClass: 99361K(99776K)->99361K(99776K) Class: 11397K(11840K)->11397K(11840K)
[2025-12-19T15:17:07.483+0900] GC(66) Pause Young (Normal) (G1 Evacuation Pause) 392M->193M(464M) 7.403ms
[2025-12-19T15:17:07.483+0900] GC(66) User=0.05s Sys=0.00s Real=0.01s
[2025-12-19T15:20:07.848+0900] GC(67) Pause Young (Normal) (G1 Evacuation Pause)
[2025-12-19T15:20:07.849+0900] GC(67) Using 10 workers of 10 for evacuation
[2025-12-19T15:20:07.867+0900] GC(67)   Pre Evacuate Collection Set: 0.8ms
[2025-12-19T15:20:07.868+0900] GC(67)   Merge Heap Roots: 0.6ms
[2025-12-19T15:20:07.868+0900] GC(67)   Evacuate Collection Set: 12.4ms
[2025-12-19T15:20:07.868+0900] GC(67)   Post Evacuate Collection Set: 4.5ms
[2025-12-19T15:20:07.868+0900] GC(67)   Other: 0.8ms
[2025-12-19T15:20:07.868+0900] GC(67) Eden regions: 50->0(49)
[2025-12-19T15:20:07.868+0900] GC(67) Survivor regions: 4->4(7)
[2025-12-19T15:20:07.868+0900] GC(67) Old regions: 24->25
[2025-12-19T15:20:07.868+0900] GC(67) Archive regions: 2->2
[2025-12-19T15:20:07.868+0900] GC(67) Humongous regions: 20->20
[2025-12-19T15:20:07.868+0900] GC(67) Metaspace: 110797K(111680K)->110797K(111680K) NonClass: 99399K(99840K)->99399K(99840K) Class: 11397K(11840K)->11397K(11840K)
[2025-12-19T15:20:07.868+0900] GC(67) Pause Young (Normal) (G1 Evacuation Pause) 393M->194M(464M) 19.915ms
[2025-12-19T15:20:07.868+0900] GC(67) User=0.15s Sys=0.00s Real=0.02s
[2025-12-19T15:23:08.284+0900] GC(68) Pause Young (Normal) (G1 Evacuation Pause)
[2025-12-19T15:23:08.284+0900] GC(68) Using 10 workers of 10 for evacuation
[2025-12-19T15:23:08.291+0900] GC(68)   Pre Evacuate Collection Set: 0.3ms
[2025-12-19T15:23:08.292+0900] GC(68)   Merge Heap Roots: 0.2ms
[2025-12-19T15:23:08.292+0900] GC(68)   Evacuate Collection Set: 5.6ms
[2025-12-19T15:23:08.292+0900] GC(68)   Post Evacuate Collection Set: 1.1ms
[2025-12-19T15:23:08.292+0900] GC(68)   Other: 0.6ms
[2025-12-19T15:23:08.292+0900] GC(68) Eden regions: 49->0(49)
[2025-12-19T15:23:08.292+0900] GC(68) Survivor regions: 4->4(7)
[2025-12-19T15:23:08.292+0900] GC(68) Old regions: 25->25
[2025-12-19T15:23:08.292+0900] GC(68) Archive regions: 2->2
[2025-12-19T15:23:08.292+0900] GC(68) Humongous regions: 20->20
[2025-12-19T15:23:08.292+0900] GC(68) Metaspace: 110804K(111680K)->110804K(111680K) NonClass: 99407K(99840K)->99407K(99840K) Class: 11397K(11840K)->11397K(11840K)
[2025-12-19T15:23:08.292+0900] GC(68) Pause Young (Normal) (G1 Evacuation Pause) 390M->194M(464M) 8.438ms
[2025-12-19T15:23:08.292+0900] GC(68) User=0.06s Sys=0.00s Real=0.01s
[2025-12-19T15:26:08.618+0900] GC(69) Pause Young (Normal) (G1 Evacuation Pause)
[2025-12-19T15:26:08.618+0900] GC(69) Using 10 workers of 10 for evacuation
[2025-12-19T15:26:08.638+0900] GC(69)   Pre Evacuate Collection Set: 0.3ms
[2025-12-19T15:26:08.638+0900] GC(69)   Merge Heap Roots: 0.4ms
[2025-12-19T15:26:08.638+0900] GC(69)   Evacuate Collection Set: 17.3ms
[2025-12-19T15:26:08.638+0900] GC(69)   Post Evacuate Collection Set: 1.1ms
[2025-12-19T15:26:08.638+0900] GC(69)   Other: 0.6ms
[2025-12-19T15:26:08.638+0900] GC(69) Eden regions: 49->0(49)
[2025-12-19T15:26:08.638+0900] GC(69) Survivor regions: 4->4(7)
[2025-12-19T15:26:08.638+0900] GC(69) Old regions: 25->25
[2025-12-19T15:26:08.638+0900] GC(69) Archive regions: 2->2
[2025-12-19T15:26:08.638+0900] GC(69) Humongous regions: 20->20
[2025-12-19T15:26:08.638+0900] GC(69) Metaspace: 110816K(111680K)->110816K(111680K) NonClass: 99418K(99840K)->99418K(99840K) Class: 11397K(11840K)->11397K(11840K)
[2025-12-19T15:26:08.638+0900] GC(69) Pause Young (Normal) (G1 Evacuation Pause) 390M->195M(464M) 20.359ms
[2025-12-19T15:26:08.639+0900] GC(69) User=0.17s Sys=0.00s Real=0.02s
[2025-12-19T15:29:09.000+0900] GC(70) Pause Young (Normal) (G1 Evacuation Pause)
[2025-12-19T15:29:09.001+0900] GC(70) Using 10 workers of 10 for evacuation
[2025-12-19T15:29:09.007+0900] GC(70)   Pre Evacuate Collection Set: 0.4ms
[2025-12-19T15:29:09.007+0900] GC(70)   Merge Heap Roots: 0.2ms
[2025-12-19T15:29:09.007+0900] GC(70)   Evacuate Collection Set: 4.5ms
[2025-12-19T15:29:09.007+0900] GC(70)   Post Evacuate Collection Set: 1.0ms
[2025-12-19T15:29:09.007+0900] GC(70)   Other: 0.7ms
[2025-12-19T15:29:09.007+0900] GC(70) Eden regions: 49->0(49)
[2025-12-19T15:29:09.007+0900] GC(70) Survivor regions: 4->4(7)
[2025-12-19T15:29:09.007+0900] GC(70) Old regions: 25->25
[2025-12-19T15:29:09.007+0900] GC(70) Archive regions: 2->2
[2025-12-19T15:29:09.007+0900] GC(70) Humongous regions: 20->20
[2025-12-19T15:29:09.007+0900] GC(70) Metaspace: 110853K(111680K)->110853K(111680K) NonClass: 99456K(99840K)->99456K(99840K) Class: 11397K(11840K)->11397K(11840K)
[2025-12-19T15:29:09.007+0900] GC(70) Pause Young (Normal) (G1 Evacuation Pause) 391M->195M(464M) 7.189ms
[2025-12-19T15:29:09.007+0900] GC(70) User=0.04s Sys=0.00s Real=0.01s
[2025-12-19T15:32:09.467+0900] GC(71) Pause Young (Normal) (G1 Evacuation Pause)
[2025-12-19T15:32:09.468+0900] GC(71) Using 10 workers of 10 for evacuation
[2025-12-19T15:32:09.482+0900] GC(71)   Pre Evacuate Collection Set: 0.4ms
[2025-12-19T15:32:09.482+0900] GC(71)   Merge Heap Roots: 0.2ms
[2025-12-19T15:32:09.482+0900] GC(71)   Evacuate Collection Set: 11.9ms
[2025-12-19T15:32:09.482+0900] GC(71)   Post Evacuate Collection Set: 1.2ms
[2025-12-19T15:32:09.482+0900] GC(71)   Other: 0.7ms
[2025-12-19T15:32:09.482+0900] GC(71) Eden regions: 49->0(49)
[2025-12-19T15:32:09.482+0900] GC(71) Survivor regions: 4->4(7)
[2025-12-19T15:32:09.482+0900] GC(71) Old regions: 25->25
[2025-12-19T15:32:09.482+0900] GC(71) Archive regions: 2->2
[2025-12-19T15:32:09.482+0900] GC(71) Humongous regions: 20->20
[2025-12-19T15:32:09.482+0900] GC(71) Metaspace: 110921K(111744K)->110921K(111744K) NonClass: 99523K(99904K)->99523K(99904K) Class: 11397K(11840K)->11397K(11840K)
[2025-12-19T15:32:09.482+0900] GC(71) Pause Young (Normal) (G1 Evacuation Pause) 391M->195M(464M) 15.000ms
[2025-12-19T15:32:09.483+0900] GC(71) User=0.12s Sys=0.00s Real=0.01s
[2025-12-19T15:35:09.863+0900] GC(72) Pause Young (Normal) (G1 Evacuation Pause)
[2025-12-19T15:35:09.863+0900] GC(72) Using 10 workers of 10 for evacuation
[2025-12-19T15:35:09.876+0900] GC(72)   Pre Evacuate Collection Set: 0.4ms
[2025-12-19T15:35:09.876+0900] GC(72)   Merge Heap Roots: 0.2ms
[2025-12-19T15:35:09.876+0900] GC(72)   Evacuate Collection Set: 9.1ms
[2025-12-19T15:35:09.876+0900] GC(72)   Post Evacuate Collection Set: 2.4ms
[2025-12-19T15:35:09.876+0900] GC(72)   Other: 0.7ms
[2025-12-19T15:35:09.876+0900] GC(72) Eden regions: 49->0(49)
[2025-12-19T15:35:09.876+0900] GC(72) Survivor regions: 4->4(7)
[2025-12-19T15:35:09.876+0900] GC(72) Old regions: 25->25
[2025-12-19T15:35:09.876+0900] GC(72) Archive regions: 2->2
[2025-12-19T15:35:09.876+0900] GC(72) Humongous regions: 20->20
[2025-12-19T15:35:09.876+0900] GC(72) Metaspace: 110951K(111808K)->110951K(111808K) NonClass: 99554K(99968K)->99554K(99968K) Class: 11397K(11840K)->11397K(11840K)
[2025-12-19T15:35:09.876+0900] GC(72) Pause Young (Normal) (G1 Evacuation Pause) 391M->195M(464M) 13.376ms
[2025-12-19T15:35:09.876+0900] GC(72) User=0.10s Sys=0.00s Real=0.02s
[2025-12-19T15:37:44.918+0900] GC(73) Pause Young (Normal) (G1 Evacuation Pause)
[2025-12-19T15:37:44.918+0900] GC(73) Using 10 workers of 10 for evacuation
[2025-12-19T15:37:44.942+0900] GC(73)   Pre Evacuate Collection Set: 1.7ms
[2025-12-19T15:37:44.943+0900] GC(73)   Merge Heap Roots: 1.3ms
[2025-12-19T15:37:44.943+0900] GC(73)   Evacuate Collection Set: 18.5ms
[2025-12-19T15:37:44.943+0900] GC(73)   Post Evacuate Collection Set: 2.4ms
[2025-12-19T15:37:44.943+0900] GC(73)   Other: 0.8ms
[2025-12-19T15:37:44.943+0900] GC(73) Eden regions: 49->0(50)
[2025-12-19T15:37:44.943+0900] GC(73) Survivor regions: 4->3(7)
[2025-12-19T15:37:44.943+0900] GC(73) Old regions: 25->26
[2025-12-19T15:37:44.943+0900] GC(73) Archive regions: 2->2
[2025-12-19T15:37:44.943+0900] GC(73) Humongous regions: 20->20
[2025-12-19T15:37:44.943+0900] GC(73) Metaspace: 110965K(111808K)->110965K(111808K) NonClass: 99567K(99968K)->99567K(99968K) Class: 11397K(11840K)->11397K(11840K)
[2025-12-19T15:37:44.943+0900] GC(73) Pause Young (Normal) (G1 Evacuation Pause) 391M->196M(464M) 25.495ms
[2025-12-19T15:37:44.943+0900] GC(73) User=0.21s Sys=0.00s Real=0.02s
[2025-12-19T15:40:10.734+0900] GC(74) Pause Young (Normal) (G1 Evacuation Pause)
[2025-12-19T15:40:10.734+0900] GC(74) Using 10 workers of 10 for evacuation
[2025-12-19T15:40:10.758+0900] GC(74)   Pre Evacuate Collection Set: 0.5ms
[2025-12-19T15:40:10.758+0900] GC(74)   Merge Heap Roots: 0.3ms
[2025-12-19T15:40:10.758+0900] GC(74)   Evacuate Collection Set: 21.4ms
[2025-12-19T15:40:10.758+0900] GC(74)   Post Evacuate Collection Set: 1.4ms
[2025-12-19T15:40:10.758+0900] GC(74)   Other: 0.7ms
[2025-12-19T15:40:10.758+0900] GC(74) Eden regions: 50->0(48)
[2025-12-19T15:40:10.758+0900] GC(74) Survivor regions: 3->4(7)
[2025-12-19T15:40:10.758+0900] GC(74) Old regions: 26->26
[2025-12-19T15:40:10.758+0900] GC(74) Archive regions: 2->2
[2025-12-19T15:40:10.758+0900] GC(74) Humongous regions: 20->20
[2025-12-19T15:40:10.758+0900] GC(74) Metaspace: 110970K(111808K)->110970K(111808K) NonClass: 99573K(99968K)->99573K(99968K) Class: 11397K(11840K)->11397K(11840K)
[2025-12-19T15:40:10.758+0900] GC(74) Pause Young (Normal) (G1 Evacuation Pause) 396M->198M(464M) 24.769ms
[2025-12-19T15:40:10.759+0900] GC(74) User=0.22s Sys=0.00s Real=0.03s
[2025-12-19T15:43:11.152+0900] GC(75) Pause Young (Normal) (G1 Evacuation Pause)
[2025-12-19T15:43:11.153+0900] GC(75) Using 10 workers of 10 for evacuation
[2025-12-19T15:43:11.178+0900] GC(75)   Pre Evacuate Collection Set: 0.8ms
[2025-12-19T15:43:11.178+0900] GC(75)   Merge Heap Roots: 0.4ms
[2025-12-19T15:43:11.178+0900] GC(75)   Evacuate Collection Set: 20.8ms
[2025-12-19T15:43:11.178+0900] GC(75)   Post Evacuate Collection Set: 2.9ms
[2025-12-19T15:43:11.179+0900] GC(75)   Other: 1.2ms
[2025-12-19T15:43:11.179+0900] GC(75) Eden regions: 48->0(48)
[2025-12-19T15:43:11.179+0900] GC(75) Survivor regions: 4->4(7)
[2025-12-19T15:43:11.179+0900] GC(75) Old regions: 26->26
[2025-12-19T15:43:11.179+0900] GC(75) Archive regions: 2->2
[2025-12-19T15:43:11.179+0900] GC(75) Humongous regions: 20->20
[2025-12-19T15:43:11.180+0900] GC(75) Metaspace: 111048K(111872K)->111048K(111872K) NonClass: 99651K(100032K)->99651K(100032K) Class: 11397K(11840K)->11397K(11840K)
[2025-12-19T15:43:11.180+0900] GC(75) Pause Young (Normal) (G1 Evacuation Pause) 390M->197M(464M) 27.394ms
[2025-12-19T15:43:11.180+0900] GC(75) User=0.23s Sys=0.00s Real=0.03s
[2025-12-19T15:45:11.612+0900] GC(76) Pause Young (Normal) (G1 Evacuation Pause)
[2025-12-19T15:45:11.613+0900] GC(76) Using 10 workers of 10 for evacuation
[2025-12-19T15:45:11.625+0900] GC(76)   Pre Evacuate Collection Set: 0.5ms
[2025-12-19T15:45:11.625+0900] GC(76)   Merge Heap Roots: 0.2ms
[2025-12-19T15:45:11.625+0900] GC(76)   Evacuate Collection Set: 9.0ms
[2025-12-19T15:45:11.625+0900] GC(76)   Post Evacuate Collection Set: 2.6ms
[2025-12-19T15:45:11.625+0900] GC(76)   Other: 0.6ms
[2025-12-19T15:45:11.626+0900] GC(76) Eden regions: 48->0(48)
[2025-12-19T15:45:11.626+0900] GC(76) Survivor regions: 4->4(7)
[2025-12-19T15:45:11.626+0900] GC(76) Old regions: 26->26
[2025-12-19T15:45:11.626+0900] GC(76) Archive regions: 2->2
[2025-12-19T15:45:11.626+0900] GC(76) Humongous regions: 20->20
[2025-12-19T15:45:11.626+0900] GC(76) Metaspace: 111084K(111936K)->111084K(111936K) NonClass: 99687K(100096K)->99687K(100096K) Class: 11397K(11840K)->11397K(11840K)
[2025-12-19T15:45:11.626+0900] GC(76) Pause Young (Normal) (G1 Evacuation Pause) 389M->199M(464M) 13.196ms
[2025-12-19T15:45:11.626+0900] GC(76) User=0.11s Sys=0.00s Real=0.01s
[2025-12-19T15:48:12.065+0900] GC(77) Pause Young (Normal) (G1 Evacuation Pause)
[2025-12-19T15:48:12.065+0900] GC(77) Using 10 workers of 10 for evacuation
[2025-12-19T15:48:12.073+0900] GC(77)   Pre Evacuate Collection Set: 0.4ms
[2025-12-19T15:48:12.073+0900] GC(77)   Merge Heap Roots: 0.3ms
[2025-12-19T15:48:12.073+0900] GC(77)   Evacuate Collection Set: 6.2ms
[2025-12-19T15:48:12.073+0900] GC(77)   Post Evacuate Collection Set: 1.1ms
[2025-12-19T15:48:12.073+0900] GC(77)   Other: 0.6ms
[2025-12-19T15:48:12.073+0900] GC(77) Eden regions: 48->0(48)
[2025-12-19T15:48:12.073+0900] GC(77) Survivor regions: 4->4(7)
[2025-12-19T15:48:12.073+0900] GC(77) Old regions: 26->26
[2025-12-19T15:48:12.074+0900] GC(77) Archive regions: 2->2
[2025-12-19T15:48:12.074+0900] GC(77) Humongous regions: 20->20
[2025-12-19T15:48:12.074+0900] GC(77) Metaspace: 111121K(111936K)->111121K(111936K) NonClass: 99724K(100096K)->99724K(100096K) Class: 11397K(11840K)->11397K(11840K)
[2025-12-19T15:48:12.074+0900] GC(77) Pause Young (Normal) (G1 Evacuation Pause) 391M->199M(464M) 9.067ms
[2025-12-19T15:48:12.074+0900] GC(77) User=0.06s Sys=0.00s Real=0.01s
[2025-12-19T15:50:39.412+0900] GC(78) Pause Young (Normal) (G1 Evacuation Pause)
[2025-12-19T15:50:39.415+0900] GC(78) Using 10 workers of 10 for evacuation
[2025-12-19T15:50:39.435+0900] GC(78)   Pre Evacuate Collection Set: 1.5ms
[2025-12-19T15:50:39.435+0900] GC(78)   Merge Heap Roots: 0.6ms
[2025-12-19T15:50:39.435+0900] GC(78)   Evacuate Collection Set: 14.9ms
[2025-12-19T15:50:39.435+0900] GC(78)   Post Evacuate Collection Set: 2.4ms
[2025-12-19T15:50:39.435+0900] GC(78)   Other: 3.3ms
[2025-12-19T15:50:39.435+0900] GC(78) Eden regions: 48->0(49)
[2025-12-19T15:50:39.436+0900] GC(78) Survivor regions: 4->3(7)
[2025-12-19T15:50:39.436+0900] GC(78) Old regions: 26->27
[2025-12-19T15:50:39.436+0900] GC(78) Archive regions: 2->2
[2025-12-19T15:50:39.436+0900] GC(78) Humongous regions: 20->20
[2025-12-19T15:50:39.436+0900] GC(78) Metaspace: 111126K(112000K)->111126K(112000K) NonClass: 99729K(100160K)->99729K(100160K) Class: 11397K(11840K)->11397K(11840K)
[2025-12-19T15:50:39.436+0900] GC(78) Pause Young (Normal) (G1 Evacuation Pause) 391M->199M(464M) 23.484ms
[2025-12-19T15:50:39.436+0900] GC(78) User=0.16s Sys=0.00s Real=0.02s
[2025-12-19T15:53:35.101+0900] GC(79) Pause Young (Normal) (G1 Evacuation Pause)
[2025-12-19T15:53:35.102+0900] GC(79) Using 10 workers of 10 for evacuation
[2025-12-19T15:53:35.123+0900] GC(79)   Pre Evacuate Collection Set: 0.4ms
[2025-12-19T15:53:35.123+0900] GC(79)   Merge Heap Roots: 0.2ms
[2025-12-19T15:53:35.123+0900] GC(79)   Evacuate Collection Set: 17.6ms
[2025-12-19T15:53:35.123+0900] GC(79)   Post Evacuate Collection Set: 2.5ms
[2025-12-19T15:53:35.123+0900] GC(79)   Other: 0.8ms
[2025-12-19T15:53:35.123+0900] GC(79) Eden regions: 49->0(47)
[2025-12-19T15:53:35.123+0900] GC(79) Survivor regions: 3->4(7)
[2025-12-19T15:53:35.123+0900] GC(79) Old regions: 27->27
[2025-12-19T15:53:35.123+0900] GC(79) Archive regions: 2->2
[2025-12-19T15:53:35.123+0900] GC(79) Humongous regions: 20->20
[2025-12-19T15:53:35.123+0900] GC(79) Metaspace: 111143K(112000K)->111143K(112000K) NonClass: 99745K(100160K)->99745K(100160K) Class: 11397K(11840K)->11397K(11840K)
[2025-12-19T15:53:35.123+0900] GC(79) Pause Young (Normal) (G1 Evacuation Pause) 395M->201M(464M) 21.952ms
[2025-12-19T15:53:35.123+0900] GC(79) User=0.20s Sys=0.00s Real=0.02s
[2025-12-19T15:58:13.603+0900] GC(80) Pause Young (Normal) (G1 Evacuation Pause)
[2025-12-19T15:58:13.604+0900] GC(80) Using 10 workers of 10 for evacuation
[2025-12-19T15:58:13.617+0900] GC(80)   Pre Evacuate Collection Set: 1.1ms
[2025-12-19T15:58:13.617+0900] GC(80)   Merge Heap Roots: 0.7ms
[2025-12-19T15:58:13.617+0900] GC(80)   Evacuate Collection Set: 9.4ms
[2025-12-19T15:58:13.617+0900] GC(80)   Post Evacuate Collection Set: 1.4ms
[2025-12-19T15:58:13.617+0900] GC(80)   Other: 1.1ms
[2025-12-19T15:58:13.617+0900] GC(80) Eden regions: 47->0(49)
[2025-12-19T15:58:13.617+0900] GC(80) Survivor regions: 4->3(7)
[2025-12-19T15:58:13.617+0900] GC(80) Old regions: 27->27
[2025-12-19T15:58:13.617+0900] GC(80) Archive regions: 2->2
[2025-12-19T15:58:13.617+0900] GC(80) Humongous regions: 20->20
[2025-12-19T15:58:13.617+0900] GC(80) Metaspace: 111143K(112000K)->111143K(112000K) NonClass: 99745K(100160K)->99745K(100160K) Class: 11397K(11840K)->11397K(11840K)
[2025-12-19T15:58:13.617+0900] GC(80) Pause Young (Normal) (G1 Evacuation Pause) 389M->200M(464M) 14.248ms
[2025-12-19T15:58:13.618+0900] GC(80) User=0.10s Sys=0.00s Real=0.01s
[2025-12-19T16:00:42.437+0900] GC(81) Pause Young (Normal) (G1 Evacuation Pause)
[2025-12-19T16:00:42.437+0900] GC(81) Using 10 workers of 10 for evacuation
[2025-12-19T16:00:42.451+0900] GC(81)   Pre Evacuate Collection Set: 0.5ms
[2025-12-19T16:00:42.452+0900] GC(81)   Merge Heap Roots: 2.1ms
[2025-12-19T16:00:42.452+0900] GC(81)   Evacuate Collection Set: 7.8ms
[2025-12-19T16:00:42.452+0900] GC(81)   Post Evacuate Collection Set: 3.5ms
[2025-12-19T16:00:42.452+0900] GC(81)   Other: 0.7ms
[2025-12-19T16:00:42.452+0900] GC(81) Eden regions: 49->0(47)
[2025-12-19T16:00:42.452+0900] GC(81) Survivor regions: 3->4(7)
[2025-12-19T16:00:42.452+0900] GC(81) Old regions: 27->27
[2025-12-19T16:00:42.452+0900] GC(81) Archive regions: 2->2
[2025-12-19T16:00:42.452+0900] GC(81) Humongous regions: 20->20
[2025-12-19T16:00:42.452+0900] GC(81) Metaspace: 111161K(112064K)->111161K(112064K) NonClass: 99763K(100224K)->99763K(100224K) Class: 11397K(11840K)->11397K(11840K)
[2025-12-19T16:00:42.453+0900] GC(81) Pause Young (Normal) (G1 Evacuation Pause) 396M->203M(464M) 15.870ms
[2025-12-19T16:00:42.453+0900] GC(81) User=0.08s Sys=0.01s Real=0.02s
[2025-12-19T16:03:22.027+0900] GC(82) Pause Young (Normal) (G1 Evacuation Pause)
[2025-12-19T16:03:22.029+0900] GC(82) Using 10 workers of 10 for evacuation
[2025-12-19T16:03:22.059+0900] GC(82)   Pre Evacuate Collection Set: 6.6ms
[2025-12-19T16:03:22.059+0900] GC(82)   Merge Heap Roots: 0.6ms
[2025-12-19T16:03:22.059+0900] GC(82)   Evacuate Collection Set: 19.0ms
[2025-12-19T16:03:22.059+0900] GC(82)   Post Evacuate Collection Set: 2.2ms
[2025-12-19T16:03:22.059+0900] GC(82)   Other: 3.7ms
[2025-12-19T16:03:22.059+0900] GC(82) Eden regions: 47->0(49)
[2025-12-19T16:03:22.059+0900] GC(82) Survivor regions: 4->3(7)
[2025-12-19T16:03:22.059+0900] GC(82) Old regions: 27->27
[2025-12-19T16:03:22.059+0900] GC(82) Archive regions: 2->2
[2025-12-19T16:03:22.059+0900] GC(82) Humongous regions: 20->20
[2025-12-19T16:03:22.059+0900] GC(82) Metaspace: 111174K(112064K)->111174K(112064K) NonClass: 99777K(100224K)->99777K(100224K) Class: 11397K(11840K)->11397K(11840K)
[2025-12-19T16:03:22.059+0900] GC(82) Pause Young (Normal) (G1 Evacuation Pause) 391M->201M(464M) 32.757ms
[2025-12-19T16:03:22.060+0900] GC(82) User=0.24s Sys=0.00s Real=0.04s
[2025-12-19T16:05:43.272+0900] GC(83) Pause Young (Normal) (G1 Evacuation Pause)
[2025-12-19T16:05:43.273+0900] GC(83) Using 10 workers of 10 for evacuation
[2025-12-19T16:05:43.288+0900] GC(83)   Pre Evacuate Collection Set: 0.5ms
[2025-12-19T16:05:43.288+0900] GC(83)   Merge Heap Roots: 0.5ms
[2025-12-19T16:05:43.289+0900] GC(83)   Evacuate Collection Set: 11.8ms
[2025-12-19T16:05:43.289+0900] GC(83)   Post Evacuate Collection Set: 2.5ms
[2025-12-19T16:05:43.289+0900] GC(83)   Other: 0.7ms
[2025-12-19T16:05:43.289+0900] GC(83) Eden regions: 49->0(47)
[2025-12-19T16:05:43.289+0900] GC(83) Survivor regions: 3->4(7)
[2025-12-19T16:05:43.289+0900] GC(83) Old regions: 27->27
[2025-12-19T16:05:43.289+0900] GC(83) Archive regions: 2->2
[2025-12-19T16:05:43.289+0900] GC(83) Humongous regions: 20->20
[2025-12-19T16:05:43.289+0900] GC(83) Metaspace: 111199K(112064K)->111199K(112064K) NonClass: 99802K(100224K)->99802K(100224K) Class: 11397K(11840K)->11397K(11840K)
[2025-12-19T16:05:43.290+0900] GC(83) Pause Young (Normal) (G1 Evacuation Pause) 397M->203M(464M) 17.311ms
[2025-12-19T16:05:43.290+0900] GC(83) User=0.12s Sys=0.00s Real=0.02s
[2025-12-19T16:08:11.179+0900] GC(84) Pause Young (Normal) (G1 Evacuation Pause)
[2025-12-19T16:08:11.180+0900] GC(84) Using 10 workers of 10 for evacuation
[2025-12-19T16:08:11.193+0900] GC(84)   Pre Evacuate Collection Set: 1.1ms
[2025-12-19T16:08:11.193+0900] GC(84)   Merge Heap Roots: 0.4ms
[2025-12-19T16:08:11.193+0900] GC(84)   Evacuate Collection Set: 9.5ms
[2025-12-19T16:08:11.194+0900] GC(84)   Post Evacuate Collection Set: 1.4ms
[2025-12-19T16:08:11.194+0900] GC(84)   Other: 1.7ms
[2025-12-19T16:08:11.194+0900] GC(84) Eden regions: 47->0(48)
[2025-12-19T16:08:11.194+0900] GC(84) Survivor regions: 4->3(7)
[2025-12-19T16:08:11.194+0900] GC(84) Old regions: 27->28
[2025-12-19T16:08:11.194+0900] GC(84) Archive regions: 2->2
[2025-12-19T16:08:11.194+0900] GC(84) Humongous regions: 20->20
[2025-12-19T16:08:11.194+0900] GC(84) Metaspace: 111234K(112128K)->111234K(112128K) NonClass: 99837K(100288K)->99837K(100288K) Class: 11397K(11840K)->11397K(11840K)
[2025-12-19T16:08:11.194+0900] GC(84) Pause Young (Normal) (G1 Evacuation Pause) 391M->203M(464M) 14.746ms
[2025-12-19T16:08:11.194+0900] GC(84) User=0.08s Sys=0.00s Real=0.01s
[2025-12-19T16:10:44.083+0900] GC(85) Pause Young (Normal) (G1 Evacuation Pause)
[2025-12-19T16:10:44.084+0900] GC(85) Using 10 workers of 10 for evacuation
[2025-12-19T16:10:44.098+0900] GC(85)   Pre Evacuate Collection Set: 0.4ms
[2025-12-19T16:10:44.098+0900] GC(85)   Merge Heap Roots: 0.2ms
[2025-12-19T16:10:44.098+0900] GC(85)   Evacuate Collection Set: 8.6ms
[2025-12-19T16:10:44.098+0900] GC(85)   Post Evacuate Collection Set: 4.2ms
[2025-12-19T16:10:44.098+0900] GC(85)   Other: 0.9ms
[2025-12-19T16:10:44.098+0900] GC(85) Eden regions: 48->0(48)
[2025-12-19T16:10:44.098+0900] GC(85) Survivor regions: 3->3(7)
[2025-12-19T16:10:44.098+0900] GC(85) Old regions: 28->28
[2025-12-19T16:10:44.099+0900] GC(85) Archive regions: 2->2
[2025-12-19T16:10:44.099+0900] GC(85) Humongous regions: 20->20
[2025-12-19T16:10:44.099+0900] GC(85) Metaspace: 111239K(112128K)->111239K(112128K) NonClass: 99842K(100288K)->99842K(100288K) Class: 11397K(11840K)->11397K(11840K)
[2025-12-19T16:10:44.099+0900] GC(85) Pause Young (Normal) (G1 Evacuation Pause) 395M->204M(464M) 15.269ms
[2025-12-19T16:10:44.099+0900] GC(85) User=0.11s Sys=0.00s Real=0.02s
[2025-12-19T16:38:02.136+0900] GC(86) Pause Young (Normal) (G1 Evacuation Pause)
[2025-12-19T16:38:02.137+0900] GC(86) Using 10 workers of 10 for evacuation
[2025-12-19T16:38:02.147+0900] GC(86)   Pre Evacuate Collection Set: 0.5ms
[2025-12-19T16:38:02.147+0900] GC(86)   Merge Heap Roots: 1.0ms
[2025-12-19T16:38:02.147+0900] GC(86)   Evacuate Collection Set: 7.2ms
[2025-12-19T16:38:02.147+0900] GC(86)   Post Evacuate Collection Set: 1.7ms
[2025-12-19T16:38:02.148+0900] GC(86)   Other: 0.9ms
[2025-12-19T16:38:02.148+0900] GC(86) Eden regions: 48->0(46)
[2025-12-19T16:38:02.148+0900] GC(86) Survivor regions: 3->4(7)
[2025-12-19T16:38:02.148+0900] GC(86) Old regions: 28->28
[2025-12-19T16:38:02.148+0900] GC(86) Archive regions: 2->2
[2025-12-19T16:38:02.148+0900] GC(86) Humongous regions: 20->20
[2025-12-19T16:38:02.148+0900] GC(86) Metaspace: 111245K(112128K)->111245K(112128K) NonClass: 99848K(100288K)->99848K(100288K) Class: 11397K(11840K)->11397K(11840K)
[2025-12-19T16:38:02.148+0900] GC(86) Pause Young (Normal) (G1 Evacuation Pause) 396M->206M(464M) 11.764ms
[2025-12-19T16:38:02.148+0900] GC(86) User=0.09s Sys=0.00s Real=0.01s
[2025-12-19T16:41:00.991+0900] GC(87) Pause Young (Normal) (G1 Evacuation Pause)
[2025-12-19T16:41:00.992+0900] GC(87) Using 10 workers of 10 for evacuation
[2025-12-19T16:41:01.037+0900] GC(87)   Pre Evacuate Collection Set: 1.1ms
[2025-12-19T16:41:01.037+0900] GC(87)   Merge Heap Roots: 0.6ms
[2025-12-19T16:41:01.037+0900] GC(87)   Evacuate Collection Set: 38.0ms
[2025-12-19T16:41:01.037+0900] GC(87)   Post Evacuate Collection Set: 5.0ms
[2025-12-19T16:41:01.037+0900] GC(87)   Other: 2.1ms
[2025-12-19T16:41:01.037+0900] GC(87) Eden regions: 46->0(48)
[2025-12-19T16:41:01.037+0900] GC(87) Survivor regions: 4->3(7)
[2025-12-19T16:41:01.037+0900] GC(87) Old regions: 28->28
[2025-12-19T16:41:01.038+0900] GC(87) Archive regions: 2->2
[2025-12-19T16:41:01.038+0900] GC(87) Humongous regions: 20->20
[2025-12-19T16:41:01.038+0900] GC(87) Metaspace: 111271K(112128K)->111271K(112128K) NonClass: 99874K(100288K)->99874K(100288K) Class: 11397K(11840K)->11397K(11840K)
[2025-12-19T16:41:01.038+0900] GC(87) Pause Young (Normal) (G1 Evacuation Pause) 390M->204M(464M) 47.198ms
[2025-12-19T16:41:01.038+0900] GC(87) User=0.40s Sys=0.00s Real=0.05s
[2025-12-19T16:43:02.974+0900] GC(88) Pause Young (Normal) (G1 Evacuation Pause)
[2025-12-19T16:43:02.974+0900] GC(88) Using 10 workers of 10 for evacuation
[2025-12-19T16:43:02.982+0900] GC(88)   Pre Evacuate Collection Set: 0.4ms
[2025-12-19T16:43:02.982+0900] GC(88)   Merge Heap Roots: 0.3ms
[2025-12-19T16:43:02.982+0900] GC(88)   Evacuate Collection Set: 5.4ms
[2025-12-19T16:43:02.982+0900] GC(88)   Post Evacuate Collection Set: 1.4ms
[2025-12-19T16:43:02.982+0900] GC(88)   Other: 0.9ms
[2025-12-19T16:43:02.982+0900] GC(88) Eden regions: 48->0(48)
[2025-12-19T16:43:02.982+0900] GC(88) Survivor regions: 3->3(7)
[2025-12-19T16:43:02.982+0900] GC(88) Old regions: 28->28
[2025-12-19T16:43:02.982+0900] GC(88) Archive regions: 2->2
[2025-12-19T16:43:02.983+0900] GC(88) Humongous regions: 20->20
[2025-12-19T16:43:02.983+0900] GC(88) Metaspace: 111308K(112192K)->111308K(112192K) NonClass: 99910K(100352K)->99910K(100352K) Class: 11397K(11840K)->11397K(11840K)
[2025-12-19T16:43:02.983+0900] GC(88) Pause Young (Normal) (G1 Evacuation Pause) 396M->206M(464M) 8.833ms
[2025-12-19T16:43:02.983+0900] GC(88) User=0.06s Sys=0.01s Real=0.01s
[2025-12-19T16:45:03.263+0900] GC(89) Pause Young (Normal) (G1 Evacuation Pause)
[2025-12-19T16:45:03.264+0900] GC(89) Using 10 workers of 10 for evacuation
[2025-12-19T16:45:03.272+0900] GC(89)   Pre Evacuate Collection Set: 0.4ms
[2025-12-19T16:45:03.272+0900] GC(89)   Merge Heap Roots: 0.2ms
[2025-12-19T16:45:03.272+0900] GC(89)   Evacuate Collection Set: 6.1ms
[2025-12-19T16:45:03.272+0900] GC(89)   Post Evacuate Collection Set: 1.2ms
[2025-12-19T16:45:03.272+0900] GC(89)   Other: 0.8ms
[2025-12-19T16:45:03.272+0900] GC(89) Eden regions: 48->0(46)
[2025-12-19T16:45:03.273+0900] GC(89) Survivor regions: 3->4(7)
[2025-12-19T16:45:03.273+0900] GC(89) Old regions: 28->28
[2025-12-19T16:45:03.273+0900] GC(89) Archive regions: 2->2
[2025-12-19T16:45:03.273+0900] GC(89) Humongous regions: 20->20
[2025-12-19T16:45:03.273+0900] GC(89) Metaspace: 111350K(112256K)->111350K(112256K) NonClass: 99952K(100416K)->99952K(100416K) Class: 11397K(11840K)->11397K(11840K)
[2025-12-19T16:45:03.273+0900] GC(89) Pause Young (Normal) (G1 Evacuation Pause) 398M->207M(464M) 9.348ms
[2025-12-19T16:45:03.273+0900] GC(89) User=0.07s Sys=0.00s Real=0.01s
[2025-12-19T16:48:13.439+0900] GC(90) Pause Young (Normal) (G1 Evacuation Pause)
[2025-12-19T16:48:13.440+0900] GC(90) Using 10 workers of 10 for evacuation
[2025-12-19T16:48:13.468+0900] GC(90)   Pre Evacuate Collection Set: 0.9ms
[2025-12-19T16:48:13.468+0900] GC(90)   Merge Heap Roots: 0.5ms
[2025-12-19T16:48:13.468+0900] GC(90)   Evacuate Collection Set: 22.7ms
[2025-12-19T16:48:13.468+0900] GC(90)   Post Evacuate Collection Set: 2.9ms
[2025-12-19T16:48:13.468+0900] GC(90)   Other: 1.7ms
[2025-12-19T16:48:13.468+0900] GC(90) Eden regions: 46->0(48)
[2025-12-19T16:48:13.468+0900] GC(90) Survivor regions: 4->3(7)
[2025-12-19T16:48:13.469+0900] GC(90) Old regions: 28->28
[2025-12-19T16:48:13.469+0900] GC(90) Archive regions: 2->2
[2025-12-19T16:48:13.469+0900] GC(90) Humongous regions: 20->20
[2025-12-19T16:48:13.469+0900] GC(90) Metaspace: 111353K(112256K)->111353K(112256K) NonClass: 99956K(100416K)->99956K(100416K) Class: 11397K(11840K)->11397K(11840K)
[2025-12-19T16:48:13.469+0900] GC(90) Pause Young (Normal) (G1 Evacuation Pause) 391M->206M(464M) 29.903ms
[2025-12-19T16:48:13.469+0900] GC(90) User=0.24s Sys=0.00s Real=0.03s
[2025-12-19T16:50:13.141+0900] GC(91) Pause Young (Normal) (G1 Evacuation Pause)
[2025-12-19T16:50:13.144+0900] GC(91) Using 10 workers of 10 for evacuation
[2025-12-19T16:50:13.187+0900] GC(91)   Pre Evacuate Collection Set: 7.7ms
[2025-12-19T16:50:13.187+0900] GC(91)   Merge Heap Roots: 0.6ms
[2025-12-19T16:50:13.187+0900] GC(91)   Evacuate Collection Set: 32.1ms
[2025-12-19T16:50:13.188+0900] GC(91)   Post Evacuate Collection Set: 2.4ms
[2025-12-19T16:50:13.188+0900] GC(91)   Other: 3.4ms
[2025-12-19T16:50:13.188+0900] GC(91) Eden regions: 48->0(47)
[2025-12-19T16:50:13.188+0900] GC(91) Survivor regions: 3->3(7)
[2025-12-19T16:50:13.188+0900] GC(91) Old regions: 28->29
[2025-12-19T16:50:13.188+0900] GC(91) Archive regions: 2->2
[2025-12-19T16:50:13.188+0900] GC(91) Humongous regions: 20->20
[2025-12-19T16:50:13.188+0900] GC(91) Metaspace: 111414K(112256K)->111414K(112256K) NonClass: 100016K(100416K)->100016K(100416K) Class: 11397K(11840K)->11397K(11840K)
[2025-12-19T16:50:13.188+0900] GC(91) Pause Young (Normal) (G1 Evacuation Pause) 398M->207M(464M) 46.649ms
[2025-12-19T16:50:13.188+0900] GC(91) User=0.35s Sys=0.03s Real=0.05s
[2025-12-19T16:53:05.463+0900] GC(92) Pause Young (Normal) (G1 Evacuation Pause)
[2025-12-19T16:53:05.463+0900] GC(92) Using 10 workers of 10 for evacuation
[2025-12-19T16:53:05.479+0900] GC(92)   Pre Evacuate Collection Set: 1.1ms
[2025-12-19T16:53:05.479+0900] GC(92)   Merge Heap Roots: 0.3ms
[2025-12-19T16:53:05.479+0900] GC(92)   Evacuate Collection Set: 10.4ms
[2025-12-19T16:53:05.479+0900] GC(92)   Post Evacuate Collection Set: 3.4ms
[2025-12-19T16:53:05.479+0900] GC(92)   Other: 0.9ms
[2025-12-19T16:53:05.479+0900] GC(92) Eden regions: 47->0(47)
[2025-12-19T16:53:05.479+0900] GC(92) Survivor regions: 3->3(7)
[2025-12-19T16:53:05.479+0900] GC(92) Old regions: 29->29
[2025-12-19T16:53:05.479+0900] GC(92) Archive regions: 2->2
[2025-12-19T16:53:05.479+0900] GC(92) Humongous regions: 20->20
[2025-12-19T16:53:05.480+0900] GC(92) Metaspace: 111428K(112320K)->111428K(112320K) NonClass: 100031K(100480K)->100031K(100480K) Class: 11397K(11840K)->11397K(11840K)
[2025-12-19T16:53:05.480+0900] GC(92) Pause Young (Normal) (G1 Evacuation Pause) 395M->207M(464M) 16.690ms
[2025-12-19T16:53:05.480+0900] GC(92) User=0.13s Sys=0.00s Real=0.02s
[2025-12-19T16:55:06.184+0900] GC(93) Pause Young (Normal) (G1 Evacuation Pause)
[2025-12-19T16:55:06.185+0900] GC(93) Using 10 workers of 10 for evacuation
[2025-12-19T16:55:06.198+0900] GC(93)   Pre Evacuate Collection Set: 0.5ms
[2025-12-19T16:55:06.198+0900] GC(93)   Merge Heap Roots: 0.2ms
[2025-12-19T16:55:06.198+0900] GC(93)   Evacuate Collection Set: 9.8ms
[2025-12-19T16:55:06.198+0900] GC(93)   Post Evacuate Collection Set: 2.7ms
[2025-12-19T16:55:06.198+0900] GC(93)   Other: 0.8ms
[2025-12-19T16:55:06.198+0900] GC(93) Eden regions: 47->0(47)
[2025-12-19T16:55:06.198+0900] GC(93) Survivor regions: 3->3(7)
[2025-12-19T16:55:06.199+0900] GC(93) Old regions: 29->29
[2025-12-19T16:55:06.199+0900] GC(93) Archive regions: 2->2
[2025-12-19T16:55:06.199+0900] GC(93) Humongous regions: 20->20
[2025-12-19T16:55:06.199+0900] GC(93) Metaspace: 111429K(112320K)->111429K(112320K) NonClass: 100031K(100480K)->100031K(100480K) Class: 11397K(11840K)->11397K(11840K)
[2025-12-19T16:55:06.199+0900] GC(93) Pause Young (Normal) (G1 Evacuation Pause) 395M->208M(464M) 14.287ms
[2025-12-19T16:55:06.199+0900] GC(93) User=0.11s Sys=0.00s Real=0.01s
[2025-12-19T16:57:06.545+0900] GC(94) Pause Young (Normal) (G1 Evacuation Pause)
[2025-12-19T16:57:06.545+0900] GC(94) Using 10 workers of 10 for evacuation
[2025-12-19T16:57:06.557+0900] GC(94)   Pre Evacuate Collection Set: 0.5ms
[2025-12-19T16:57:06.557+0900] GC(94)   Merge Heap Roots: 0.2ms
[2025-12-19T16:57:06.557+0900] GC(94)   Evacuate Collection Set: 9.4ms
[2025-12-19T16:57:06.557+0900] GC(94)   Post Evacuate Collection Set: 1.4ms
[2025-12-19T16:57:06.557+0900] GC(94)   Other: 0.9ms
[2025-12-19T16:57:06.557+0900] GC(94) Eden regions: 47->0(47)
[2025-12-19T16:57:06.558+0900] GC(94) Survivor regions: 3->3(7)
[2025-12-19T16:57:06.558+0900] GC(94) Old regions: 29->29
[2025-12-19T16:57:06.558+0900] GC(94) Archive regions: 2->2
[2025-12-19T16:57:06.558+0900] GC(94) Humongous regions: 20->20
[2025-12-19T16:57:06.558+0900] GC(94) Metaspace: 111434K(112320K)->111434K(112320K) NonClass: 100036K(100480K)->100036K(100480K) Class: 11398K(11840K)->11398K(11840K)
[2025-12-19T16:57:06.558+0900] GC(94) Pause Young (Normal) (G1 Evacuation Pause) 396M->210M(464M) 12.733ms
[2025-12-19T16:57:06.558+0900] GC(94) User=0.10s Sys=0.00s Real=0.01s
[2025-12-19T16:59:07.020+0900] GC(95) Pause Young (Normal) (G1 Evacuation Pause)
[2025-12-19T16:59:07.022+0900] GC(95) Using 10 workers of 10 for evacuation
[2025-12-19T16:59:07.036+0900] GC(95)   Pre Evacuate Collection Set: 0.5ms
[2025-12-19T16:59:07.036+0900] GC(95)   Merge Heap Roots: 0.2ms
[2025-12-19T16:59:07.036+0900] GC(95)   Evacuate Collection Set: 10.9ms
[2025-12-19T16:59:07.036+0900] GC(95)   Post Evacuate Collection Set: 2.1ms
[2025-12-19T16:59:07.036+0900] GC(95)   Other: 1.6ms
[2025-12-19T16:59:07.036+0900] GC(95) Eden regions: 47->0(45)
[2025-12-19T16:59:07.036+0900] GC(95) Survivor regions: 3->4(7)
[2025-12-19T16:59:07.036+0900] GC(95) Old regions: 29->29
[2025-12-19T16:59:07.037+0900] GC(95) Archive regions: 2->2
[2025-12-19T16:59:07.037+0900] GC(95) Humongous regions: 20->20
[2025-12-19T16:59:07.037+0900] GC(95) Metaspace: 111437K(112320K)->111437K(112320K) NonClass: 100039K(100480K)->100039K(100480K) Class: 11398K(11840K)->11398K(11840K)
[2025-12-19T16:59:07.037+0900] GC(95) Pause Young (Normal) (G1 Evacuation Pause) 398M->211M(464M) 16.608ms
[2025-12-19T16:59:07.037+0900] GC(95) User=0.12s Sys=0.00s Real=0.02s
[2025-12-19T17:01:15.780+0900] GC(96) Pause Young (Normal) (G1 Evacuation Pause)
[2025-12-19T17:01:15.781+0900] GC(96) Using 10 workers of 10 for evacuation
[2025-12-19T17:01:15.801+0900] GC(96)   Pre Evacuate Collection Set: 0.7ms
[2025-12-19T17:01:15.801+0900] GC(96)   Merge Heap Roots: 0.4ms
[2025-12-19T17:01:15.801+0900] GC(96)   Evacuate Collection Set: 13.5ms
[2025-12-19T17:01:15.801+0900] GC(96)   Post Evacuate Collection Set: 4.9ms
[2025-12-19T17:01:15.801+0900] GC(96)   Other: 1.1ms
[2025-12-19T17:01:15.801+0900] GC(96) Eden regions: 45->0(47)
[2025-12-19T17:01:15.801+0900] GC(96) Survivor regions: 4->3(7)
[2025-12-19T17:01:15.801+0900] GC(96) Old regions: 29->29
[2025-12-19T17:01:15.801+0900] GC(96) Archive regions: 2->2
[2025-12-19T17:01:15.801+0900] GC(96) Humongous regions: 20->20
[2025-12-19T17:01:15.801+0900] GC(96) Metaspace: 111455K(112320K)->111455K(112320K) NonClass: 100056K(100480K)->100056K(100480K) Class: 11398K(11840K)->11398K(11840K)
[2025-12-19T17:01:15.801+0900] GC(96) Pause Young (Normal) (G1 Evacuation Pause) 391M->209M(464M) 21.262ms
[2025-12-19T17:01:15.801+0900] GC(96) User=0.17s Sys=0.00s Real=0.02s
[2025-12-19T17:03:36.701+0900] GC(97) Pause Young (Normal) (G1 Evacuation Pause)
[2025-12-19T17:03:36.703+0900] GC(97) Using 10 workers of 10 for evacuation
[2025-12-19T17:03:36.735+0900] GC(97)   Pre Evacuate Collection Set: 2.0ms
[2025-12-19T17:03:36.735+0900] GC(97)   Merge Heap Roots: 1.3ms
[2025-12-19T17:03:36.735+0900] GC(97)   Evacuate Collection Set: 25.5ms
[2025-12-19T17:03:36.735+0900] GC(97)   Post Evacuate Collection Set: 2.0ms
[2025-12-19T17:03:36.735+0900] GC(97)   Other: 2.9ms
[2025-12-19T17:03:36.735+0900] GC(97) Eden regions: 47->0(46)
[2025-12-19T17:03:36.735+0900] GC(97) Survivor regions: 3->3(7)
[2025-12-19T17:03:36.735+0900] GC(97) Old regions: 29->30
[2025-12-19T17:03:36.735+0900] GC(97) Archive regions: 2->2
[2025-12-19T17:03:36.735+0900] GC(97) Humongous regions: 20->20
[2025-12-19T17:03:36.735+0900] GC(97) Metaspace: 111464K(112320K)->111464K(112320K) NonClass: 100064K(100480K)->100064K(100480K) Class: 11399K(11840K)->11399K(11840K)
[2025-12-19T17:03:36.735+0900] GC(97) Pause Young (Normal) (G1 Evacuation Pause) 397M->209M(464M) 34.141ms
[2025-12-19T17:03:36.735+0900] GC(97) User=0.27s Sys=0.00s Real=0.04s
[2025-12-19T17:11:26.005+0900] GC(98) Pause Young (Normal) (G1 Evacuation Pause)
[2025-12-19T17:11:26.007+0900] GC(98) Using 10 workers of 10 for evacuation
[2025-12-19T17:11:26.032+0900] GC(98)   Pre Evacuate Collection Set: 1.8ms
[2025-12-19T17:11:26.032+0900] GC(98)   Merge Heap Roots: 0.6ms
[2025-12-19T17:11:26.032+0900] GC(98)   Evacuate Collection Set: 18.1ms
[2025-12-19T17:11:26.032+0900] GC(98)   Post Evacuate Collection Set: 3.7ms
[2025-12-19T17:11:26.032+0900] GC(98)   Other: 3.1ms
[2025-12-19T17:11:26.032+0900] GC(98) Eden regions: 46->0(46)
[2025-12-19T17:11:26.032+0900] GC(98) Survivor regions: 3->3(7)
[2025-12-19T17:11:26.032+0900] GC(98) Old regions: 30->30
[2025-12-19T17:11:26.032+0900] GC(98) Archive regions: 2->2
[2025-12-19T17:11:26.032+0900] GC(98) Humongous regions: 20->20
[2025-12-19T17:11:26.032+0900] GC(98) Metaspace: 111474K(112320K)->111474K(112320K) NonClass: 100074K(100480K)->100074K(100480K) Class: 11399K(11840K)->11399K(11840K)
[2025-12-19T17:11:26.032+0900] GC(98) Pause Young (Normal) (G1 Evacuation Pause) 393M->209M(464M) 27.651ms
[2025-12-19T17:11:26.033+0900] GC(98) User=0.20s Sys=0.00s Real=0.03s
[2025-12-19T17:13:26.684+0900] GC(99) Pause Young (Normal) (G1 Evacuation Pause)
[2025-12-19T17:13:26.684+0900] GC(99) Using 10 workers of 10 for evacuation
[2025-12-19T17:13:26.698+0900] GC(99)   Pre Evacuate Collection Set: 0.8ms
[2025-12-19T17:13:26.698+0900] GC(99)   Merge Heap Roots: 0.6ms
[2025-12-19T17:13:26.698+0900] GC(99)   Evacuate Collection Set: 10.4ms
[2025-12-19T17:13:26.698+0900] GC(99)   Post Evacuate Collection Set: 1.6ms
[2025-12-19T17:13:26.698+0900] GC(99)   Other: 1.0ms
[2025-12-19T17:13:26.698+0900] GC(99) Eden regions: 46->0(46)
[2025-12-19T17:13:26.698+0900] GC(99) Survivor regions: 3->3(7)
[2025-12-19T17:13:26.698+0900] GC(99) Old regions: 30->30
[2025-12-19T17:13:26.698+0900] GC(99) Archive regions: 2->2
[2025-12-19T17:13:26.699+0900] GC(99) Humongous regions: 20->20
[2025-12-19T17:13:26.699+0900] GC(99) Metaspace: 111490K(112320K)->111490K(112320K) NonClass: 100090K(100480K)->100090K(100480K) Class: 11399K(11840K)->11399K(11840K)
[2025-12-19T17:13:26.699+0900] GC(99) Pause Young (Normal) (G1 Evacuation Pause) 393M->210M(464M) 14.979ms
[2025-12-19T17:13:26.699+0900] GC(99) User=0.12s Sys=0.00s Real=0.01s
[2025-12-19T17:15:33.761+0900] GC(100) Pause Young (Normal) (G1 Evacuation Pause)
[2025-12-19T17:15:33.761+0900] GC(100) Using 10 workers of 10 for evacuation
[2025-12-19T17:15:33.770+0900] GC(100)   Pre Evacuate Collection Set: 1.1ms
[2025-12-19T17:15:33.770+0900] GC(100)   Merge Heap Roots: 0.4ms
[2025-12-19T17:15:33.770+0900] GC(100)   Evacuate Collection Set: 5.9ms
[2025-12-19T17:15:33.770+0900] GC(100)   Post Evacuate Collection Set: 1.2ms
[2025-12-19T17:15:33.770+0900] GC(100)   Other: 0.8ms
[2025-12-19T17:15:33.770+0900] GC(100) Eden regions: 46->0(46)
[2025-12-19T17:15:33.770+0900] GC(100) Survivor regions: 3->3(7)
[2025-12-19T17:15:33.770+0900] GC(100) Old regions: 30->30
[2025-12-19T17:15:33.770+0900] GC(100) Archive regions: 2->2
[2025-12-19T17:15:33.770+0900] GC(100) Humongous regions: 20->20
[2025-12-19T17:15:33.770+0900] GC(100) Metaspace: 111491K(112320K)->111491K(112320K) NonClass: 100091K(100480K)->100091K(100480K) Class: 11399K(11840K)->11399K(11840K)
[2025-12-19T17:15:33.770+0900] GC(100) Pause Young (Normal) (G1 Evacuation Pause) 394M->211M(464M) 9.659ms
[2025-12-19T17:15:33.770+0900] GC(100) User=0.05s Sys=0.00s Real=0.01s
[2025-12-19T17:27:23.693+0900] GC(101) Pause Young (Normal) (G1 Evacuation Pause)
[2025-12-19T17:27:23.694+0900] GC(101) Using 10 workers of 10 for evacuation
[2025-12-19T17:27:23.703+0900] GC(101)   Pre Evacuate Collection Set: 0.6ms
[2025-12-19T17:27:23.703+0900] GC(101)   Merge Heap Roots: 0.3ms
[2025-12-19T17:27:23.703+0900] GC(101)   Evacuate Collection Set: 6.0ms
[2025-12-19T17:27:23.703+0900] GC(101)   Post Evacuate Collection Set: 1.5ms
[2025-12-19T17:27:23.703+0900] GC(101)   Other: 0.9ms
[2025-12-19T17:27:23.703+0900] GC(101) Eden regions: 46->0(46)
[2025-12-19T17:27:23.703+0900] GC(101) Survivor regions: 3->3(7)
[2025-12-19T17:27:23.703+0900] GC(101) Old regions: 30->30
[2025-12-19T17:27:23.703+0900] GC(101) Archive regions: 2->2
[2025-12-19T17:27:23.703+0900] GC(101) Humongous regions: 20->20
[2025-12-19T17:27:23.703+0900] GC(101) Metaspace: 111497K(112320K)->111497K(112320K) NonClass: 100097K(100480K)->100097K(100480K) Class: 11399K(11840K)->11399K(11840K)
[2025-12-19T17:27:23.703+0900] GC(101) Pause Young (Normal) (G1 Evacuation Pause) 395M->211M(464M) 9.631ms
[2025-12-19T17:27:23.703+0900] GC(101) User=0.07s Sys=0.00s Real=0.01s
[2025-12-19T17:29:23.970+0900] GC(102) Pause Young (Normal) (G1 Evacuation Pause)
[2025-12-19T17:29:23.970+0900] GC(102) Using 10 workers of 10 for evacuation
[2025-12-19T17:29:23.974+0900] GC(102)   Pre Evacuate Collection Set: 0.2ms
[2025-12-19T17:29:23.975+0900] GC(102)   Merge Heap Roots: 0.2ms
[2025-12-19T17:29:23.975+0900] GC(102)   Evacuate Collection Set: 2.7ms
[2025-12-19T17:29:23.975+0900] GC(102)   Post Evacuate Collection Set: 0.8ms
[2025-12-19T17:29:23.975+0900] GC(102)   Other: 0.9ms
[2025-12-19T17:29:23.975+0900] GC(102) Eden regions: 46->0(46)
[2025-12-19T17:29:23.975+0900] GC(102) Survivor regions: 3->3(7)
[2025-12-19T17:29:23.975+0900] GC(102) Old regions: 30->30
[2025-12-19T17:29:23.975+0900] GC(102) Archive regions: 2->2
[2025-12-19T17:29:23.975+0900] GC(102) Humongous regions: 20->20
[2025-12-19T17:29:23.975+0900] GC(102) Metaspace: 111500K(112384K)->111500K(112384K) NonClass: 100100K(100544K)->100100K(100544K) Class: 11399K(11840K)->11399K(11840K)
[2025-12-19T17:29:23.975+0900] GC(102) Pause Young (Normal) (G1 Evacuation Pause) 395M->211M(464M) 5.392ms
[2025-12-19T17:29:23.975+0900] GC(102) User=0.03s Sys=0.00s Real=0.01s
[2025-12-19T17:31:24.235+0900] GC(103) Pause Young (Normal) (G1 Evacuation Pause)
[2025-12-19T17:31:24.235+0900] GC(103) Using 10 workers of 10 for evacuation
[2025-12-19T17:31:24.241+0900] GC(103)   Pre Evacuate Collection Set: 0.4ms
[2025-12-19T17:31:24.241+0900] GC(103)   Merge Heap Roots: 0.2ms
[2025-12-19T17:31:24.241+0900] GC(103)   Evacuate Collection Set: 3.7ms
[2025-12-19T17:31:24.241+0900] GC(103)   Post Evacuate Collection Set: 0.9ms
[2025-12-19T17:31:24.241+0900] GC(103)   Other: 0.6ms
[2025-12-19T17:31:24.241+0900] GC(103) Eden regions: 46->0(46)
[2025-12-19T17:31:24.241+0900] GC(103) Survivor regions: 3->3(7)
[2025-12-19T17:31:24.241+0900] GC(103) Old regions: 30->30
[2025-12-19T17:31:24.241+0900] GC(103) Archive regions: 2->2
[2025-12-19T17:31:24.241+0900] GC(103) Humongous regions: 20->20
[2025-12-19T17:31:24.241+0900] GC(103) Metaspace: 111502K(112384K)->111502K(112384K) NonClass: 100102K(100544K)->100102K(100544K) Class: 11399K(11840K)->11399K(11840K)
[2025-12-19T17:31:24.241+0900] GC(103) Pause Young (Normal) (G1 Evacuation Pause) 395M->212M(464M) 6.138ms
[2025-12-19T17:31:24.241+0900] GC(103) User=0.03s Sys=0.00s Real=0.00s
[2025-12-19T17:33:24.494+0900] GC(104) Pause Young (Normal) (G1 Evacuation Pause)
[2025-12-19T17:33:24.494+0900] GC(104) Using 10 workers of 10 for evacuation
[2025-12-19T17:33:24.498+0900] GC(104)   Pre Evacuate Collection Set: 0.2ms
[2025-12-19T17:33:24.498+0900] GC(104)   Merge Heap Roots: 0.1ms
[2025-12-19T17:33:24.498+0900] GC(104)   Evacuate Collection Set: 2.1ms
[2025-12-19T17:33:24.498+0900] GC(104)   Post Evacuate Collection Set: 0.8ms
[2025-12-19T17:33:24.498+0900] GC(104)   Other: 0.7ms
[2025-12-19T17:33:24.498+0900] GC(104) Eden regions: 46->0(45)
[2025-12-19T17:33:24.498+0900] GC(104) Survivor regions: 3->3(7)
[2025-12-19T17:33:24.498+0900] GC(104) Old regions: 30->31
[2025-12-19T17:33:24.498+0900] GC(104) Archive regions: 2->2
[2025-12-19T17:33:24.498+0900] GC(104) Humongous regions: 20->20
[2025-12-19T17:33:24.498+0900] GC(104) Metaspace: 111502K(112384K)->111502K(112384K) NonClass: 100102K(100544K)->100102K(100544K) Class: 11399K(11840K)->11399K(11840K)
[2025-12-19T17:33:24.498+0900] GC(104) Pause Young (Normal) (G1 Evacuation Pause) 396M->213M(464M) 4.290ms
[2025-12-19T17:33:24.498+0900] GC(104) User=0.02s Sys=0.00s Real=0.00s
[2025-12-19T19:53:15.130+0900] GC(105) Pause Young (Concurrent Start) (G1 Evacuation Pause)
[2025-12-19T19:53:15.130+0900] GC(105) Using 10 workers of 10 for evacuation
[2025-12-19T19:53:15.154+0900] GC(105)   Pre Evacuate Collection Set: 3.0ms
[2025-12-19T19:53:15.154+0900] GC(105)   Merge Heap Roots: 0.2ms
[2025-12-19T19:53:15.154+0900] GC(105)   Evacuate Collection Set: 17.2ms
[2025-12-19T19:53:15.154+0900] GC(105)   Post Evacuate Collection Set: 2.8ms
[2025-12-19T19:53:15.154+0900] GC(105)   Other: 1.9ms
[2025-12-19T19:53:15.154+0900] GC(105) Eden regions: 45->0(45)
[2025-12-19T19:53:15.154+0900] GC(105) Survivor regions: 3->3(6)
[2025-12-19T19:53:15.154+0900] GC(105) Old regions: 31->31
[2025-12-19T19:53:15.155+0900] GC(105) Archive regions: 2->2
[2025-12-19T19:53:15.155+0900] GC(105) Humongous regions: 20->20
[2025-12-19T19:53:15.155+0900] GC(105) Metaspace: 111518K(112384K)->111518K(112384K) NonClass: 100117K(100544K)->100117K(100544K) Class: 11400K(11840K)->11400K(11840K)
[2025-12-19T19:53:15.155+0900] GC(105) Pause Young (Concurrent Start) (G1 Evacuation Pause) 393M->213M(464M) 25.125ms
[2025-12-19T19:53:15.155+0900] GC(105) User=0.18s Sys=0.00s Real=0.02s
[2025-12-19T19:53:15.155+0900] GC(106) Concurrent Mark Cycle
[2025-12-19T19:53:15.155+0900] GC(106) Concurrent Clear Claimed Marks
[2025-12-19T19:53:15.155+0900] GC(106) Concurrent Clear Claimed Marks 0.196ms
[2025-12-19T19:53:15.155+0900] GC(106) Concurrent Scan Root Regions
[2025-12-19T19:53:15.164+0900] GC(106) Concurrent Scan Root Regions 8.777ms
[2025-12-19T19:53:15.164+0900] GC(106) Concurrent Mark
[2025-12-19T19:53:15.164+0900] GC(106) Concurrent Mark From Roots
[2025-12-19T19:53:15.165+0900] GC(106) Using 3 workers of 3 for marking
[2025-12-19T19:53:15.207+0900] GC(106) Concurrent Mark From Roots 42.731ms
[2025-12-19T19:53:15.207+0900] GC(106) Concurrent Preclean
[2025-12-19T19:53:15.208+0900] GC(106) Concurrent Preclean 0.560ms
[2025-12-19T19:53:15.208+0900] GC(106) Pause Remark
[2025-12-19T19:53:15.255+0900] GC(106) Pause Remark 232M->232M(464M) 47.130ms
[2025-12-19T19:53:15.256+0900] GC(106) User=0.44s Sys=0.00s Real=0.04s
[2025-12-19T19:53:15.256+0900] GC(106) Concurrent Mark 91.281ms
[2025-12-19T19:53:15.256+0900] GC(106) Concurrent Rebuild Remembered Sets
[2025-12-19T19:53:15.264+0900] GC(106) Concurrent Rebuild Remembered Sets 8.246ms
[2025-12-19T19:53:15.265+0900] GC(106) Pause Cleanup
[2025-12-19T19:53:15.266+0900] GC(106) Pause Cleanup 240M->240M(464M) 0.200ms
[2025-12-19T19:53:15.266+0900] GC(106) User=0.00s Sys=0.00s Real=0.00s
[2025-12-19T19:53:15.266+0900] GC(106) Concurrent Cleanup for Next Mark
[2025-12-19T19:53:15.268+0900] GC(106) Concurrent Cleanup for Next Mark 1.967ms
[2025-12-19T19:53:15.268+0900] GC(106) Concurrent Mark Cycle 112.790ms
[2025-12-19T19:56:12.331+0900] GC(107) Pause Young (Prepare Mixed) (G1 Evacuation Pause)
[2025-12-19T19:56:12.333+0900] GC(107) Using 10 workers of 10 for evacuation
[2025-12-19T19:56:12.348+0900] GC(107)   Pre Evacuate Collection Set: 1.3ms
[2025-12-19T19:56:12.349+0900] GC(107)   Merge Heap Roots: 0.5ms
[2025-12-19T19:56:12.349+0900] GC(107)   Evacuate Collection Set: 11.0ms
[2025-12-19T19:56:12.349+0900] GC(107)   Post Evacuate Collection Set: 1.6ms
[2025-12-19T19:56:12.349+0900] GC(107)   Other: 3.3ms
[2025-12-19T19:56:12.349+0900] GC(107) Eden regions: 45->0(2)
[2025-12-19T19:56:12.349+0900] GC(107) Survivor regions: 3->3(6)
[2025-12-19T19:56:12.349+0900] GC(107) Old regions: 31->31
[2025-12-19T19:56:12.349+0900] GC(107) Archive regions: 2->2
[2025-12-19T19:56:12.349+0900] GC(107) Humongous regions: 20->20
[2025-12-19T19:56:12.349+0900] GC(107) Metaspace: 110790K(112384K)->110790K(112384K) NonClass: 99556K(100544K)->99556K(100544K) Class: 11233K(11840K)->11233K(11840K)
[2025-12-19T19:56:12.349+0900] GC(107) Pause Young (Prepare Mixed) (G1 Evacuation Pause) 393M->214M(464M) 18.229ms
[2025-12-19T19:56:12.349+0900] GC(107) User=0.12s Sys=0.00s Real=0.02s
[2025-12-19T19:56:34.142+0900] GC(108) Pause Young (Mixed) (G1 Evacuation Pause)
[2025-12-19T19:56:34.143+0900] GC(108) Using 10 workers of 10 for evacuation
[2025-12-19T19:56:34.166+0900] GC(108)   Pre Evacuate Collection Set: 0.5ms
[2025-12-19T19:56:34.166+0900] GC(108)   Merge Heap Roots: 0.4ms
[2025-12-19T19:56:34.166+0900] GC(108)   Evacuate Collection Set: 19.7ms
[2025-12-19T19:56:34.166+0900] GC(108)   Post Evacuate Collection Set: 1.2ms
[2025-12-19T19:56:34.166+0900] GC(108)   Other: 2.3ms
[2025-12-19T19:56:34.166+0900] GC(108) Eden regions: 2->0(47)
[2025-12-19T19:56:34.166+0900] GC(108) Survivor regions: 3->1(1)
[2025-12-19T19:56:34.166+0900] GC(108) Old regions: 31->32
[2025-12-19T19:56:34.167+0900] GC(108) Archive regions: 2->2
[2025-12-19T19:56:34.167+0900] GC(108) Humongous regions: 20->20
[2025-12-19T19:56:34.167+0900] GC(108) Metaspace: 110807K(112384K)->110807K(112384K) NonClass: 99574K(100544K)->99574K(100544K) Class: 11233K(11840K)->11233K(11840K)
[2025-12-19T19:56:34.167+0900] GC(108) Pause Young (Mixed) (G1 Evacuation Pause) 222M->211M(464M) 24.932ms
[2025-12-19T19:56:34.167+0900] GC(108) User=0.19s Sys=0.00s Real=0.03s
[2025-12-19T19:58:49.833+0900] GC(109) Pause Young (Concurrent Start) (G1 Evacuation Pause)
[2025-12-19T19:58:49.833+0900] GC(109) Using 10 workers of 10 for evacuation
[2025-12-19T19:58:49.842+0900] GC(109)   Pre Evacuate Collection Set: 0.8ms
[2025-12-19T19:58:49.842+0900] GC(109)   Merge Heap Roots: 0.3ms
[2025-12-19T19:58:49.842+0900] GC(109)   Evacuate Collection Set: 6.1ms
[2025-12-19T19:58:49.842+0900] GC(109)   Post Evacuate Collection Set: 1.0ms
[2025-12-19T19:58:49.842+0900] GC(109)   Other: 0.8ms
[2025-12-19T19:58:49.842+0900] GC(109) Eden regions: 47->0(47)
[2025-12-19T19:58:49.842+0900] GC(109) Survivor regions: 1->1(6)
[2025-12-19T19:58:49.842+0900] GC(109) Old regions: 32->32
[2025-12-19T19:58:49.842+0900] GC(109) Archive regions: 2->2
[2025-12-19T19:58:49.842+0900] GC(109) Humongous regions: 20->20
[2025-12-19T19:58:49.842+0900] GC(109) Metaspace: 110818K(112384K)->110818K(112384K) NonClass: 99584K(100544K)->99584K(100544K) Class: 11234K(11840K)->11234K(11840K)
[2025-12-19T19:58:49.843+0900] GC(109) Pause Young (Concurrent Start) (G1 Evacuation Pause) 399M->212M(464M) 9.626ms
[2025-12-19T19:58:49.843+0900] GC(109) User=0.07s Sys=0.00s Real=0.01s
[2025-12-19T19:58:49.843+0900] GC(110) Concurrent Mark Cycle
[2025-12-19T19:58:49.843+0900] GC(110) Concurrent Clear Claimed Marks
[2025-12-19T19:58:49.843+0900] GC(110) Concurrent Clear Claimed Marks 0.127ms
[2025-12-19T19:58:49.843+0900] GC(110) Concurrent Scan Root Regions
[2025-12-19T19:58:49.845+0900] GC(110) Concurrent Scan Root Regions 2.207ms
[2025-12-19T19:58:49.845+0900] GC(110) Concurrent Mark
[2025-12-19T19:58:49.846+0900] GC(110) Concurrent Mark From Roots
[2025-12-19T19:58:49.846+0900] GC(110) Using 3 workers of 3 for marking
[2025-12-19T19:58:49.868+0900] GC(110) Concurrent Mark From Roots 22.513ms
[2025-12-19T19:58:49.868+0900] GC(110) Concurrent Preclean
[2025-12-19T19:58:49.868+0900] GC(110) Concurrent Preclean 0.219ms
[2025-12-19T19:58:49.869+0900] GC(110) Pause Remark
[2025-12-19T19:58:49.883+0900] GC(110) Pause Remark 214M->214M(464M) 14.018ms
[2025-12-19T19:58:49.883+0900] GC(110) User=0.13s Sys=0.00s Real=0.01s
[2025-12-19T19:58:49.883+0900] GC(110) Concurrent Mark 37.406ms
[2025-12-19T19:58:49.883+0900] GC(110) Concurrent Rebuild Remembered Sets
[2025-12-19T19:58:49.890+0900] GC(110) Concurrent Rebuild Remembered Sets 7.247ms
[2025-12-19T19:58:49.890+0900] GC(110) Pause Cleanup
[2025-12-19T19:58:49.891+0900] GC(110) Pause Cleanup 215M->215M(464M) 0.161ms
[2025-12-19T19:58:49.891+0900] GC(110) User=0.00s Sys=0.00s Real=0.00s
[2025-12-19T19:58:49.891+0900] GC(110) Concurrent Cleanup for Next Mark
[2025-12-19T19:58:49.892+0900] GC(110) Concurrent Cleanup for Next Mark 1.078ms
[2025-12-19T19:58:49.892+0900] GC(110) Concurrent Mark Cycle 49.069ms
[2025-12-19T20:01:49.780+0900] GC(111) Pause Young (Prepare Mixed) (G1 Evacuation Pause)
[2025-12-19T20:01:49.781+0900] GC(111) Using 10 workers of 10 for evacuation
[2025-12-19T20:01:49.788+0900] GC(111)   Pre Evacuate Collection Set: 0.4ms
[2025-12-19T20:01:49.788+0900] GC(111)   Merge Heap Roots: 0.3ms
[2025-12-19T20:01:49.788+0900] GC(111)   Evacuate Collection Set: 5.4ms
[2025-12-19T20:01:49.788+0900] GC(111)   Post Evacuate Collection Set: 1.1ms
[2025-12-19T20:01:49.788+0900] GC(111)   Other: 0.8ms
[2025-12-19T20:01:49.788+0900] GC(111) Eden regions: 47->0(3)
[2025-12-19T20:01:49.788+0900] GC(111) Survivor regions: 1->2(6)
[2025-12-19T20:01:49.788+0900] GC(111) Old regions: 32->32
[2025-12-19T20:01:49.788+0900] GC(111) Archive regions: 2->2
[2025-12-19T20:01:49.788+0900] GC(111) Humongous regions: 20->20
[2025-12-19T20:01:49.789+0900] GC(111) Metaspace: 110906K(112384K)->110906K(112384K) NonClass: 99672K(100544K)->99672K(100544K) Class: 11234K(11840K)->11234K(11840K)
[2025-12-19T20:01:49.789+0900] GC(111) Pause Young (Prepare Mixed) (G1 Evacuation Pause) 400M->213M(464M) 8.628ms
[2025-12-19T20:01:49.789+0900] GC(111) User=0.06s Sys=0.00s Real=0.00s
[2025-12-19T20:01:49.800+0900] GC(112) Pause Young (Mixed) (G1 Evacuation Pause)
[2025-12-19T20:01:49.800+0900] GC(112) Using 10 workers of 10 for evacuation
[2025-12-19T20:01:49.814+0900] GC(112)   Pre Evacuate Collection Set: 0.1ms
[2025-12-19T20:01:49.814+0900] GC(112)   Merge Heap Roots: 0.1ms
[2025-12-19T20:01:49.814+0900] GC(112)   Evacuate Collection Set: 13.8ms
[2025-12-19T20:01:49.814+0900] GC(112)   Post Evacuate Collection Set: 0.4ms
[2025-12-19T20:01:49.814+0900] GC(112)   Other: 0.3ms
[2025-12-19T20:01:49.814+0900] GC(112) Eden regions: 3->0(47)
[2025-12-19T20:01:49.814+0900] GC(112) Survivor regions: 2->1(1)
[2025-12-19T20:01:49.814+0900] GC(112) Old regions: 32->32
[2025-12-19T20:01:49.815+0900] GC(112) Archive regions: 2->2
[2025-12-19T20:01:49.815+0900] GC(112) Humongous regions: 20->20
[2025-12-19T20:01:49.815+0900] GC(112) Metaspace: 110906K(112384K)->110906K(112384K) NonClass: 99672K(100544K)->99672K(100544K) Class: 11234K(11840K)->11234K(11840K)
[2025-12-19T20:01:49.815+0900] GC(112) Pause Young (Mixed) (G1 Evacuation Pause) 225M->212M(464M) 15.256ms
[2025-12-19T20:01:49.815+0900] GC(112) User=0.14s Sys=0.00s Real=0.02s
[2025-12-19T20:07:06.009+0900] GC(113) Pause Young (Concurrent Start) (G1 Evacuation Pause)
[2025-12-19T20:07:06.009+0900] GC(113) Using 10 workers of 10 for evacuation
[2025-12-19T20:07:06.015+0900] GC(113)   Pre Evacuate Collection Set: 0.8ms
[2025-12-19T20:07:06.016+0900] GC(113)   Merge Heap Roots: 0.2ms
[2025-12-19T20:07:06.016+0900] GC(113)   Evacuate Collection Set: 3.9ms
[2025-12-19T20:07:06.016+0900] GC(113)   Post Evacuate Collection Set: 1.3ms
[2025-12-19T20:07:06.016+0900] GC(113)   Other: 0.8ms
[2025-12-19T20:07:06.016+0900] GC(113) Eden regions: 47->0(47)
[2025-12-19T20:07:06.016+0900] GC(113) Survivor regions: 1->1(6)
[2025-12-19T20:07:06.016+0900] GC(113) Old regions: 32->32
[2025-12-19T20:07:06.016+0900] GC(113) Archive regions: 2->2
[2025-12-19T20:07:06.016+0900] GC(113) Humongous regions: 20->20
[2025-12-19T20:07:06.016+0900] GC(113) Metaspace: 110917K(112384K)->110917K(112384K) NonClass: 99683K(100544K)->99683K(100544K) Class: 11234K(11840K)->11234K(11840K)
[2025-12-19T20:07:06.016+0900] GC(113) Pause Young (Concurrent Start) (G1 Evacuation Pause) 400M->214M(464M) 7.592ms
[2025-12-19T20:07:06.016+0900] GC(113) User=0.04s Sys=0.00s Real=0.01s
[2025-12-19T20:07:06.016+0900] GC(114) Concurrent Mark Cycle
[2025-12-19T20:07:06.016+0900] GC(114) Concurrent Clear Claimed Marks
[2025-12-19T20:07:06.017+0900] GC(114) Concurrent Clear Claimed Marks 0.133ms
[2025-12-19T20:07:06.017+0900] GC(114) Concurrent Scan Root Regions
[2025-12-19T20:07:06.021+0900] GC(114) Concurrent Scan Root Regions 4.310ms
[2025-12-19T20:07:06.021+0900] GC(114) Concurrent Mark
[2025-12-19T20:07:06.021+0900] GC(114) Concurrent Mark From Roots
[2025-12-19T20:07:06.021+0900] GC(114) Using 3 workers of 3 for marking
[2025-12-19T20:07:06.053+0900] GC(114) Concurrent Mark From Roots 31.720ms
[2025-12-19T20:07:06.053+0900] GC(114) Concurrent Preclean
[2025-12-19T20:07:06.053+0900] GC(114) Concurrent Preclean 0.219ms
[2025-12-19T20:07:06.053+0900] GC(114) Pause Remark
[2025-12-19T20:07:06.070+0900] GC(114) Pause Remark 233M->233M(464M) 16.492ms
[2025-12-19T20:07:06.070+0900] GC(114) User=0.16s Sys=0.00s Real=0.01s
[2025-12-19T20:07:06.070+0900] GC(114) Concurrent Mark 49.011ms
[2025-12-19T20:07:06.073+0900] GC(114) Concurrent Rebuild Remembered Sets
[2025-12-19T20:07:06.080+0900] GC(114) Concurrent Rebuild Remembered Sets 7.707ms
[2025-12-19T20:07:06.081+0900] GC(114) Pause Cleanup
[2025-12-19T20:07:06.081+0900] GC(114) Pause Cleanup 237M->237M(464M) 0.203ms
[2025-12-19T20:07:06.081+0900] GC(114) User=0.01s Sys=0.00s Real=0.00s
[2025-12-19T20:07:06.081+0900] GC(114) Concurrent Cleanup for Next Mark
[2025-12-19T20:07:06.083+0900] GC(114) Concurrent Cleanup for Next Mark 2.429ms
[2025-12-19T20:07:06.083+0900] GC(114) Concurrent Mark Cycle 67.113ms
[2025-12-19T20:10:06.423+0900] GC(115) Pause Young (Prepare Mixed) (G1 Evacuation Pause)
[2025-12-19T20:10:06.424+0900] GC(115) Using 10 workers of 10 for evacuation
[2025-12-19T20:10:06.441+0900] GC(115)   Pre Evacuate Collection Set: 0.6ms
[2025-12-19T20:10:06.441+0900] GC(115)   Merge Heap Roots: 0.4ms
[2025-12-19T20:10:06.441+0900] GC(115)   Evacuate Collection Set: 5.9ms
[2025-12-19T20:10:06.441+0900] GC(115)   Post Evacuate Collection Set: 8.9ms
[2025-12-19T20:10:06.441+0900] GC(115)   Other: 1.7ms
[2025-12-19T20:10:06.441+0900] GC(115) Eden regions: 47->0(4)
[2025-12-19T20:10:06.441+0900] GC(115) Survivor regions: 1->1(6)
[2025-12-19T20:10:06.441+0900] GC(115) Old regions: 32->32
[2025-12-19T20:10:06.441+0900] GC(115) Archive regions: 2->2
[2025-12-19T20:10:06.442+0900] GC(115) Humongous regions: 20->20
[2025-12-19T20:10:06.442+0900] GC(115) Metaspace: 110950K(112384K)->110950K(112384K) NonClass: 99716K(100544K)->99716K(100544K) Class: 11234K(11840K)->11234K(11840K)
[2025-12-19T20:10:06.442+0900] GC(115) Pause Young (Prepare Mixed) (G1 Evacuation Pause) 402M->213M(464M) 18.594ms
[2025-12-19T20:10:06.442+0900] GC(115) User=0.11s Sys=0.00s Real=0.02s
[2025-12-19T20:10:06.477+0900] GC(116) Pause Young (Mixed) (G1 Evacuation Pause)
[2025-12-19T20:10:06.477+0900] GC(116) Using 10 workers of 10 for evacuation
[2025-12-19T20:10:06.488+0900] GC(116)   Pre Evacuate Collection Set: 0.1ms
[2025-12-19T20:10:06.488+0900] GC(116)   Merge Heap Roots: 0.1ms
[2025-12-19T20:10:06.488+0900] GC(116)   Evacuate Collection Set: 10.3ms
[2025-12-19T20:10:06.489+0900] GC(116)   Post Evacuate Collection Set: 1.0ms
[2025-12-19T20:10:06.489+0900] GC(116)   Other: 0.3ms
[2025-12-19T20:10:06.489+0900] GC(116) Eden regions: 4->0(47)
[2025-12-19T20:10:06.489+0900] GC(116) Survivor regions: 1->1(1)
[2025-12-19T20:10:06.489+0900] GC(116) Old regions: 32->32
[2025-12-19T20:10:06.489+0900] GC(116) Archive regions: 2->2
[2025-12-19T20:10:06.489+0900] GC(116) Humongous regions: 20->20
[2025-12-19T20:10:06.489+0900] GC(116) Metaspace: 110951K(112384K)->110951K(112384K) NonClass: 99717K(100544K)->99717K(100544K) Class: 11234K(11840K)->11234K(11840K)
[2025-12-19T20:10:06.489+0900] GC(116) Pause Young (Mixed) (G1 Evacuation Pause) 229M->212M(464M) 12.261ms
[2025-12-19T20:10:06.489+0900] GC(116) User=0.05s Sys=0.01s Real=0.01s
[2025-12-19T20:12:48.251+0900] GC(117) Pause Young (Concurrent Start) (G1 Evacuation Pause)
[2025-12-19T20:12:48.253+0900] GC(117) Using 10 workers of 10 for evacuation
[2025-12-19T20:12:48.273+0900] GC(117)   Pre Evacuate Collection Set: 2.9ms
[2025-12-19T20:12:48.273+0900] GC(117)   Merge Heap Roots: 0.5ms
[2025-12-19T20:12:48.273+0900] GC(117)   Evacuate Collection Set: 6.7ms
[2025-12-19T20:12:48.273+0900] GC(117)   Post Evacuate Collection Set: 8.7ms
[2025-12-19T20:12:48.273+0900] GC(117)   Other: 3.2ms
[2025-12-19T20:12:48.273+0900] GC(117) Eden regions: 47->0(173)
[2025-12-19T20:12:48.273+0900] GC(117) Survivor regions: 1->1(6)
[2025-12-19T20:12:48.273+0900] GC(117) Old regions: 32->32
[2025-12-19T20:12:48.273+0900] GC(117) Archive regions: 2->2
[2025-12-19T20:12:48.274+0900] GC(117) Humongous regions: 20->20
[2025-12-19T20:12:48.274+0900] GC(117) Metaspace: 111059K(112448K)->111059K(112448K) NonClass: 99825K(100608K)->99825K(100608K) Class: 11234K(11840K)->11234K(11840K)
[2025-12-19T20:12:48.274+0900] GC(117) Pause Young (Concurrent Start) (G1 Evacuation Pause) 400M->212M(1164M) 22.600ms
[2025-12-19T20:12:48.274+0900] GC(117) User=0.09s Sys=0.01s Real=0.02s
[2025-12-19T20:12:48.274+0900] GC(118) Concurrent Mark Cycle
[2025-12-19T20:12:48.274+0900] GC(118) Concurrent Clear Claimed Marks
[2025-12-19T20:12:48.274+0900] GC(118) Concurrent Clear Claimed Marks 0.175ms
[2025-12-19T20:12:48.274+0900] GC(118) Concurrent Scan Root Regions
[2025-12-19T20:12:48.279+0900] GC(118) Concurrent Scan Root Regions 4.476ms
[2025-12-19T20:12:48.279+0900] GC(118) Concurrent Mark
[2025-12-19T20:12:48.279+0900] GC(118) Concurrent Mark From Roots
[2025-12-19T20:12:48.279+0900] GC(118) Using 3 workers of 3 for marking
[2025-12-19T20:12:48.303+0900] GC(118) Concurrent Mark From Roots 24.091ms
[2025-12-19T20:12:48.303+0900] GC(118) Concurrent Preclean
[2025-12-19T20:12:48.303+0900] GC(118) Concurrent Preclean 0.208ms
[2025-12-19T20:12:48.303+0900] GC(118) Pause Remark
[2025-12-19T20:12:48.329+0900] GC(118) Pause Remark 212M->212M(748M) 25.658ms
[2025-12-19T20:12:48.329+0900] GC(118) User=0.23s Sys=0.00s Real=0.03s
[2025-12-19T20:12:48.329+0900] GC(118) Concurrent Mark 50.519ms
[2025-12-19T20:12:48.329+0900] GC(118) Concurrent Rebuild Remembered Sets
[2025-12-19T20:12:48.337+0900] GC(118) Concurrent Rebuild Remembered Sets 8.094ms
[2025-12-19T20:12:48.338+0900] GC(118) Pause Cleanup
[2025-12-19T20:12:48.338+0900] GC(118) Pause Cleanup 213M->213M(748M) 0.120ms
[2025-12-19T20:12:48.338+0900] GC(118) User=0.00s Sys=0.00s Real=0.00s
[2025-12-19T20:12:48.338+0900] GC(118) Concurrent Cleanup for Next Mark
[2025-12-19T20:12:48.340+0900] GC(118) Concurrent Cleanup for Next Mark 1.787ms
[2025-12-19T20:12:48.340+0900] GC(118) Concurrent Mark Cycle 65.792ms
[2025-12-19T20:18:08.161+0900] GC(119) Pause Young (Prepare Mixed) (G1 Evacuation Pause)
[2025-12-19T20:18:08.161+0900] GC(119) Using 10 workers of 10 for evacuation
[2025-12-19T20:18:08.172+0900] GC(119)   Pre Evacuate Collection Set: 0.6ms
[2025-12-19T20:18:08.172+0900] GC(119)   Merge Heap Roots: 0.3ms
[2025-12-19T20:18:08.172+0900] GC(119)   Evacuate Collection Set: 7.2ms
[2025-12-19T20:18:08.172+0900] GC(119)   Post Evacuate Collection Set: 2.2ms
[2025-12-19T20:18:08.172+0900] GC(119)   Other: 0.9ms
[2025-12-19T20:18:08.172+0900] GC(119) Eden regions: 111->0(7)
[2025-12-19T20:18:08.172+0900] GC(119) Survivor regions: 1->2(14)
[2025-12-19T20:18:08.172+0900] GC(119) Old regions: 32->32
[2025-12-19T20:18:08.173+0900] GC(119) Archive regions: 2->2
[2025-12-19T20:18:08.173+0900] GC(119) Humongous regions: 20->20
[2025-12-19T20:18:08.173+0900] GC(119) Metaspace: 111161K(112448K)->111161K(112448K) NonClass: 99927K(100608K)->99927K(100608K) Class: 11234K(11840K)->11234K(11840K)
[2025-12-19T20:18:08.173+0900] GC(119) Pause Young (Prepare Mixed) (G1 Evacuation Pause) 656M->215M(748M) 12.069ms
[2025-12-19T20:18:08.173+0900] GC(119) User=0.08s Sys=0.00s Real=0.01s
