[2025-12-18T23:48:10.945+0900] Using G1
[2025-12-18T23:48:10.946+0900] Version: 17.0.17+10-Ubuntu-122.04 (release)
[2025-12-18T23:48:10.946+0900] CPUs: 12 total, 12 available
[2025-12-18T23:48:10.946+0900] Memory: 4918M
[2025-12-18T23:48:10.946+0900] Large Page Support: Disabled
[2025-12-18T23:48:10.946+0900] NUMA Support: Disabled
[2025-12-18T23:48:10.946+0900] Compressed Oops: Enabled (Zero based)
[2025-12-18T23:48:10.946+0900] Heap Region Size: 4M
[2025-12-18T23:48:10.946+0900] Heap Min Capacity: 8M
[2025-12-18T23:48:10.946+0900] Heap Initial Capacity: 80M
[2025-12-18T23:48:10.946+0900] Heap Max Capacity: 8G
[2025-12-18T23:48:10.946+0900] Pre-touch: Disabled
[2025-12-18T23:48:10.946+0900] Parallel Workers: 10
[2025-12-18T23:48:10.946+0900] Concurrent Workers: 3
[2025-12-18T23:48:10.946+0900] Concurrent Refinement Workers: 10
[2025-12-18T23:48:10.947+0900] Periodic GC: Disabled
[2025-12-18T23:48:10.949+0900] CDS archive(s) mapped at: [0x0000008000000000-0x0000008000be0000-0x0000008000be0000), size 12451840, SharedBaseAddress: 0x0000008000000000, ArchiveRelocationMode: 1.
[2025-12-18T23:48:10.949+0900] Compressed class space mapped at: 0x0000008001000000-0x0000008041000000, reserved size: 1073741824
[2025-12-18T23:48:10.949+0900] Narrow klass base: 0x0000008000000000, Narrow klass shift: 0, Narrow klass range: 0x100000000
[2025-12-18T23:48:11.022+0900] GC(0) Pause Young (Normal) (G1 Evacuation Pause)
[2025-12-18T23:48:11.023+0900] GC(0) Using 2 workers of 10 for evacuation
[2025-12-18T23:48:11.024+0900] GC(0)   Pre Evacuate Collection Set: 0.0ms
[2025-12-18T23:48:11.025+0900] GC(0)   Merge Heap Roots: 0.1ms
[2025-12-18T23:48:11.025+0900] GC(0)   Evacuate Collection Set: 1.3ms
[2025-12-18T23:48:11.025+0900] GC(0)   Post Evacuate Collection Set: 0.3ms
[2025-12-18T23:48:11.025+0900] GC(0)   Other: 0.4ms
[2025-12-18T23:48:11.025+0900] GC(0) Eden regions: 5->0(2)
[2025-12-18T23:48:11.025+0900] GC(0) Survivor regions: 0->1(1)
[2025-12-18T23:48:11.025+0900] GC(0) Old regions: 0->3
[2025-12-18T23:48:11.025+0900] GC(0) Archive regions: 2->2
[2025-12-18T23:48:11.025+0900] GC(0) Humongous regions: 3->3
[2025-12-18T23:48:11.025+0900] GC(0) Metaspace: 524K(704K)->524K(704K) NonClass: 511K(576K)->511K(576K) Class: 13K(128K)->13K(128K)
[2025-12-18T23:48:11.025+0900] GC(0) Pause Young (Normal) (G1 Evacuation Pause) 35M->30M(88M) 2.730ms
[2025-12-18T23:48:11.025+0900] GC(0) User=0.01s Sys=0.00s Real=0.00s
[2025-12-18T23:48:11.031+0900] GC(1) Pause Young (Concurrent Start) (G1 Humongous Allocation)
[2025-12-18T23:48:11.031+0900] GC(1) Using 2 workers of 10 for evacuation
[2025-12-18T23:48:11.032+0900] GC(1)   Pre Evacuate Collection Set: 0.1ms
[2025-12-18T23:48:11.032+0900] GC(1)   Merge Heap Roots: 0.1ms
[2025-12-18T23:48:11.033+0900] GC(1)   Evacuate Collection Set: 0.7ms
[2025-12-18T23:48:11.033+0900] GC(1)   Post Evacuate Collection Set: 0.2ms
[2025-12-18T23:48:11.033+0900] GC(1)   Other: 0.2ms
[2025-12-18T23:48:11.033+0900] GC(1) Eden regions: 2->0(2)
[2025-12-18T23:48:11.033+0900] GC(1) Survivor regions: 1->1(1)
[2025-12-18T23:48:11.033+0900] GC(1) Old regions: 3->5
[2025-12-18T23:48:11.033+0900] GC(1) Archive regions: 2->2
[2025-12-18T23:48:11.033+0900] GC(1) Humongous regions: 4->4
[2025-12-18T23:48:11.033+0900] GC(1) Metaspace: 546K(768K)->546K(768K) NonClass: 533K(640K)->533K(640K) Class: 13K(128K)->13K(128K)
[2025-12-18T23:48:11.033+0900] GC(1) Pause Young (Concurrent Start) (G1 Humongous Allocation) 40M->40M(88M) 1.894ms
[2025-12-18T23:48:11.033+0900] GC(1) User=0.01s Sys=0.00s Real=0.00s
[2025-12-18T23:48:11.033+0900] GC(2) Concurrent Mark Cycle
[2025-12-18T23:48:11.033+0900] GC(2) Concurrent Clear Claimed Marks
[2025-12-18T23:48:11.033+0900] GC(2) Concurrent Clear Claimed Marks 0.043ms
[2025-12-18T23:48:11.033+0900] GC(2) Concurrent Scan Root Regions
[2025-12-18T23:48:11.034+0900] GC(2) Concurrent Scan Root Regions 0.462ms
[2025-12-18T23:48:11.034+0900] GC(2) Concurrent Mark
[2025-12-18T23:48:11.034+0900] GC(2) Concurrent Mark From Roots
[2025-12-18T23:48:11.034+0900] GC(2) Using 3 workers of 3 for marking
[2025-12-18T23:48:11.035+0900] GC(2) Concurrent Mark From Roots 0.771ms
[2025-12-18T23:48:11.035+0900] GC(2) Concurrent Preclean
[2025-12-18T23:48:11.035+0900] GC(2) Concurrent Preclean 0.079ms
[2025-12-18T23:48:11.035+0900] GC(2) Pause Remark
[2025-12-18T23:48:11.036+0900] GC(2) Pause Remark 44M->44M(96M) 0.408ms
[2025-12-18T23:48:11.036+0900] GC(2) User=0.00s Sys=0.00s Real=0.00s
[2025-12-18T23:48:11.036+0900] GC(2) Concurrent Mark 2.131ms
[2025-12-18T23:48:11.036+0900] GC(2) Concurrent Rebuild Remembered Sets
[2025-12-18T23:48:11.036+0900] GC(2) Concurrent Rebuild Remembered Sets 0.361ms
[2025-12-18T23:48:11.037+0900] GC(2) Pause Cleanup
[2025-12-18T23:48:11.037+0900] GC(2) Pause Cleanup 45M->45M(96M) 0.117ms
[2025-12-18T23:48:11.038+0900] GC(2) User=0.00s Sys=0.00s Real=0.00s
[2025-12-18T23:48:11.038+0900] GC(2) Concurrent Cleanup for Next Mark
[2025-12-18T23:48:11.040+0900] GC(2) Concurrent Cleanup for Next Mark 1.985ms
[2025-12-18T23:48:11.040+0900] GC(2) Concurrent Mark Cycle 6.448ms
[2025-12-18T23:48:11.040+0900] GC(3) Pause Young (Concurrent Start) (G1 Humongous Allocation)
[2025-12-18T23:48:11.040+0900] GC(3) Using 2 workers of 10 for evacuation
[2025-12-18T23:48:11.041+0900] GC(3)   Pre Evacuate Collection Set: 0.0ms
[2025-12-18T23:48:11.041+0900] GC(3)   Merge Heap Roots: 0.1ms
[2025-12-18T23:48:11.041+0900] GC(3)   Evacuate Collection Set: 0.3ms
[2025-12-18T23:48:11.041+0900] GC(3)   Post Evacuate Collection Set: 0.2ms
[2025-12-18T23:48:11.041+0900] GC(3)   Other: 0.1ms
[2025-12-18T23:48:11.041+0900] GC(3) Eden regions: 1->0(1)
[2025-12-18T23:48:11.041+0900] GC(3) Survivor regions: 1->1(1)
[2025-12-18T23:48:11.041+0900] GC(3) Old regions: 5->6
[2025-12-18T23:48:11.041+0900] GC(3) Archive regions: 2->2
[2025-12-18T23:48:11.041+0900] GC(3) Humongous regions: 5->5
[2025-12-18T23:48:11.041+0900] GC(3) Metaspace: 547K(768K)->547K(768K) NonClass: 534K(640K)->534K(640K) Class: 13K(128K)->13K(128K)
[2025-12-18T23:48:11.041+0900] GC(3) Pause Young (Concurrent Start) (G1 Humongous Allocation) 48M->47M(96M) 1.198ms
[2025-12-18T23:48:11.041+0900] GC(3) User=0.00s Sys=0.00s Real=0.00s
[2025-12-18T23:48:11.041+0900] GC(4) Concurrent Mark Cycle
[2025-12-18T23:48:11.041+0900] GC(4) Concurrent Clear Claimed Marks
[2025-12-18T23:48:11.041+0900] GC(4) Concurrent Clear Claimed Marks 0.040ms
[2025-12-18T23:48:11.041+0900] GC(4) Concurrent Scan Root Regions
[2025-12-18T23:48:11.042+0900] GC(4) Concurrent Scan Root Regions 0.161ms
[2025-12-18T23:48:11.042+0900] GC(4) Concurrent Mark
[2025-12-18T23:48:11.042+0900] GC(4) Concurrent Mark From Roots
[2025-12-18T23:48:11.042+0900] GC(4) Using 3 workers of 3 for marking
[2025-12-18T23:48:11.043+0900] GC(4) Concurrent Mark From Roots 0.944ms
[2025-12-18T23:48:11.043+0900] GC(4) Concurrent Preclean
[2025-12-18T23:48:11.043+0900] GC(4) Concurrent Preclean 0.084ms
[2025-12-18T23:48:11.044+0900] GC(4) Pause Remark
[2025-12-18T23:48:11.044+0900] GC(4) Pause Remark 51M->51M(108M) 0.514ms
[2025-12-18T23:48:11.044+0900] GC(4) User=0.00s Sys=0.00s Real=0.00s
[2025-12-18T23:48:11.044+0900] GC(4) Concurrent Mark 2.669ms
[2025-12-18T23:48:11.044+0900] GC(4) Concurrent Rebuild Remembered Sets
[2025-12-18T23:48:11.045+0900] GC(4) Concurrent Rebuild Remembered Sets 0.514ms
[2025-12-18T23:48:11.045+0900] GC(4) Pause Cleanup
[2025-12-18T23:48:11.045+0900] GC(4) Pause Cleanup 52M->52M(108M) 0.102ms
[2025-12-18T23:48:11.046+0900] GC(4) User=0.00s Sys=0.00s Real=0.00s
[2025-12-18T23:48:11.046+0900] GC(4) Concurrent Cleanup for Next Mark
[2025-12-18T23:48:11.046+0900] GC(4) Concurrent Cleanup for Next Mark 0.513ms
[2025-12-18T23:48:11.046+0900] GC(4) Concurrent Mark Cycle 4.962ms
[2025-12-18T23:48:11.049+0900] GC(5) Pause Young (Normal) (G1 Evacuation Pause)
[2025-12-18T23:48:11.049+0900] GC(5) Using 2 workers of 10 for evacuation
[2025-12-18T23:48:11.051+0900] GC(5)   Pre Evacuate Collection Set: 0.0ms
[2025-12-18T23:48:11.051+0900] GC(5)   Merge Heap Roots: 0.0ms
[2025-12-18T23:48:11.051+0900] GC(5)   Evacuate Collection Set: 1.5ms
[2025-12-18T23:48:11.051+0900] GC(5)   Post Evacuate Collection Set: 0.2ms
[2025-12-18T23:48:11.051+0900] GC(5)   Other: 0.1ms
[2025-12-18T23:48:11.051+0900] GC(5) Eden regions: 1->0(2)
[2025-12-18T23:48:11.051+0900] GC(5) Survivor regions: 1->1(1)
[2025-12-18T23:48:11.051+0900] GC(5) Old regions: 6->6
[2025-12-18T23:48:11.051+0900] GC(5) Archive regions: 2->2
[2025-12-18T23:48:11.051+0900] GC(5) Humongous regions: 6->6
[2025-12-18T23:48:11.051+0900] GC(5) Metaspace: 551K(768K)->551K(768K) NonClass: 538K(640K)->538K(640K) Class: 13K(128K)->13K(128K)
[2025-12-18T23:48:11.051+0900] GC(5) Pause Young (Normal) (G1 Evacuation Pause) 55M->55M(108M) 2.628ms
[2025-12-18T23:48:11.051+0900] GC(5) User=0.00s Sys=0.00s Real=0.00s
[2025-12-18T23:48:11.062+0900] GC(6) Pause Young (Concurrent Start) (G1 Humongous Allocation)
[2025-12-18T23:48:11.062+0900] GC(6) Using 2 workers of 10 for evacuation
[2025-12-18T23:48:11.064+0900] GC(6)   Pre Evacuate Collection Set: 0.1ms
[2025-12-18T23:48:11.064+0900] GC(6)   Merge Heap Roots: 0.0ms
[2025-12-18T23:48:11.064+0900] GC(6)   Evacuate Collection Set: 1.3ms
[2025-12-18T23:48:11.064+0900] GC(6)   Post Evacuate Collection Set: 0.4ms
[2025-12-18T23:48:11.064+0900] GC(6)   Other: 0.2ms
[2025-12-18T23:48:11.064+0900] GC(6) Eden regions: 1->0(11)
[2025-12-18T23:48:11.064+0900] GC(6) Survivor regions: 1->1(1)
[2025-12-18T23:48:11.064+0900] GC(6) Old regions: 6->7
[2025-12-18T23:48:11.064+0900] GC(6) Archive regions: 2->2
[2025-12-18T23:48:11.064+0900] GC(6) Humongous regions: 6->6
[2025-12-18T23:48:11.064+0900] GC(6) Metaspace: 1033K(1152K)->1033K(1152K) NonClass: 977K(1024K)->977K(1024K) Class: 55K(128K)->55K(128K)
[2025-12-18T23:48:11.064+0900] GC(6) Pause Young (Concurrent Start) (G1 Humongous Allocation) 57M->56M(216M) 2.487ms
[2025-12-18T23:48:11.064+0900] GC(6) User=0.00s Sys=0.00s Real=0.00s
[2025-12-18T23:48:11.064+0900] GC(7) Concurrent Undo Cycle
[2025-12-18T23:48:11.066+0900] GC(7) Concurrent Cleanup for Next Mark
[2025-12-18T23:48:11.067+0900] GC(7) Concurrent Cleanup for Next Mark 0.520ms
[2025-12-18T23:48:11.067+0900] GC(7) Concurrent Undo Cycle 2.506ms
[2025-12-18T23:48:11.084+0900] GC(8) Pause Young (Concurrent Start) (G1 Humongous Allocation)
[2025-12-18T23:48:11.084+0900] GC(8) Using 5 workers of 10 for evacuation
[2025-12-18T23:48:11.085+0900] GC(8)   Pre Evacuate Collection Set: 0.1ms
[2025-12-18T23:48:11.085+0900] GC(8)   Merge Heap Roots: 0.0ms
[2025-12-18T23:48:11.085+0900] GC(8)   Evacuate Collection Set: 0.7ms
[2025-12-18T23:48:11.085+0900] GC(8)   Post Evacuate Collection Set: 0.2ms
[2025-12-18T23:48:11.085+0900] GC(8)   Other: 0.6ms
[2025-12-18T23:48:11.086+0900] GC(8) Eden regions: 0->0(6)
[2025-12-18T23:48:11.086+0900] GC(8) Survivor regions: 1->1(2)
[2025-12-18T23:48:11.086+0900] GC(8) Old regions: 7->7
[2025-12-18T23:48:11.086+0900] GC(8) Archive regions: 2->2
[2025-12-18T23:48:11.086+0900] GC(8) Humongous regions: 18->18
[2025-12-18T23:48:11.086+0900] GC(8) Metaspace: 1033K(1152K)->1033K(1152K) NonClass: 977K(1024K)->977K(1024K) Class: 55K(128K)->55K(128K)
[2025-12-18T23:48:11.086+0900] GC(8) Pause Young (Concurrent Start) (G1 Humongous Allocation) 104M->104M(216M) 2.126ms
[2025-12-18T23:48:11.086+0900] GC(8) User=0.00s Sys=0.00s Real=0.00s
[2025-12-18T23:48:11.086+0900] GC(9) Concurrent Mark Cycle
[2025-12-18T23:48:11.087+0900] GC(9) Concurrent Clear Claimed Marks
[2025-12-18T23:48:11.087+0900] GC(9) Concurrent Clear Claimed Marks 0.055ms
[2025-12-18T23:48:11.087+0900] GC(9) Concurrent Scan Root Regions
[2025-12-18T23:48:11.088+0900] GC(9) Concurrent Scan Root Regions 0.145ms
[2025-12-18T23:48:11.088+0900] GC(9) Concurrent Mark
[2025-12-18T23:48:11.088+0900] GC(9) Concurrent Mark From Roots
[2025-12-18T23:48:11.088+0900] GC(9) Using 3 workers of 3 for marking
[2025-12-18T23:48:11.089+0900] GC(9) Concurrent Mark From Roots 1.192ms
[2025-12-18T23:48:11.089+0900] GC(9) Concurrent Preclean
[2025-12-18T23:48:11.089+0900] GC(9) Concurrent Preclean 0.104ms
[2025-12-18T23:48:11.089+0900] GC(9) Pause Remark
[2025-12-18T23:48:11.090+0900] GC(9) Pause Remark 113M->113M(216M) 0.447ms
[2025-12-18T23:48:11.090+0900] GC(9) User=0.00s Sys=0.00s Real=0.00s
[2025-12-18T23:48:11.090+0900] GC(9) Concurrent Mark 2.300ms
[2025-12-18T23:48:11.090+0900] GC(9) Concurrent Rebuild Remembered Sets
[2025-12-18T23:48:11.090+0900] GC(9) Concurrent Rebuild Remembered Sets 0.047ms
[2025-12-18T23:48:11.090+0900] GC(9) Pause Cleanup
[2025-12-18T23:48:11.090+0900] GC(9) Pause Cleanup 113M->113M(216M) 0.047ms
[2025-12-18T23:48:11.090+0900] GC(9) User=0.00s Sys=0.00s Real=0.00s
[2025-12-18T23:48:11.091+0900] GC(9) Concurrent Cleanup for Next Mark
[2025-12-18T23:48:11.091+0900] GC(9) Concurrent Cleanup for Next Mark 0.647ms
[2025-12-18T23:48:11.091+0900] GC(9) Concurrent Mark Cycle 5.386ms
[2025-12-18T23:48:11.244+0900] GC(10) Pause Young (Normal) (G1 Evacuation Pause)
[2025-12-18T23:48:11.244+0900] GC(10) Using 5 workers of 10 for evacuation
[2025-12-18T23:48:11.245+0900] GC(10)   Pre Evacuate Collection Set: 0.1ms
[2025-12-18T23:48:11.245+0900] GC(10)   Merge Heap Roots: 0.1ms
[2025-12-18T23:48:11.245+0900] GC(10)   Evacuate Collection Set: 0.8ms
[2025-12-18T23:48:11.245+0900] GC(10)   Post Evacuate Collection Set: 0.2ms
[2025-12-18T23:48:11.245+0900] GC(10)   Other: 0.3ms
[2025-12-18T23:48:11.245+0900] GC(10) Eden regions: 6->0(5)
[2025-12-18T23:48:11.245+0900] GC(10) Survivor regions: 1->1(1)
[2025-12-18T23:48:11.245+0900] GC(10) Old regions: 7->8
[2025-12-18T23:48:11.246+0900] GC(10) Archive regions: 2->2
[2025-12-18T23:48:11.246+0900] GC(10) Humongous regions: 20->20
[2025-12-18T23:48:11.246+0900] GC(10) Metaspace: 4540K(4736K)->4540K(4736K) NonClass: 4001K(4096K)->4001K(4096K) Class: 539K(640K)->539K(640K)
[2025-12-18T23:48:11.246+0900] GC(10) Pause Young (Normal) (G1 Evacuation Pause) 136M->115M(216M) 2.047ms
[2025-12-18T23:48:11.246+0900] GC(10) User=0.00s Sys=0.00s Real=0.00s
[2025-12-18T23:48:11.400+0900] GC(11) Pause Young (Concurrent Start) (G1 Evacuation Pause)
[2025-12-18T23:48:11.400+0900] GC(11) Using 5 workers of 10 for evacuation
[2025-12-18T23:48:11.402+0900] GC(11)   Pre Evacuate Collection Set: 0.1ms
[2025-12-18T23:48:11.402+0900] GC(11)   Merge Heap Roots: 0.1ms
[2025-12-18T23:48:11.402+0900] GC(11)   Evacuate Collection Set: 1.2ms
[2025-12-18T23:48:11.402+0900] GC(11)   Post Evacuate Collection Set: 0.4ms
[2025-12-18T23:48:11.402+0900] GC(11)   Other: 0.2ms
[2025-12-18T23:48:11.403+0900] GC(11) Eden regions: 5->0(6)
[2025-12-18T23:48:11.403+0900] GC(11) Survivor regions: 1->1(1)
[2025-12-18T23:48:11.403+0900] GC(11) Old regions: 8->9
[2025-12-18T23:48:11.403+0900] GC(11) Archive regions: 2->2
[2025-12-18T23:48:11.403+0900] GC(11) Humongous regions: 20->20
[2025-12-18T23:48:11.403+0900] GC(11) Metaspace: 10928K(11136K)->10928K(11136K) NonClass: 9663K(9792K)->9663K(9792K) Class: 1264K(1344K)->1264K(1344K)
[2025-12-18T23:48:11.403+0900] GC(11) Pause Young (Concurrent Start) (G1 Evacuation Pause) 135M->118M(216M) 2.804ms
[2025-12-18T23:48:11.403+0900] GC(11) User=0.01s Sys=0.00s Real=0.00s
[2025-12-18T23:48:11.403+0900] GC(12) Concurrent Mark Cycle
[2025-12-18T23:48:11.403+0900] GC(12) Concurrent Clear Claimed Marks
[2025-12-18T23:48:11.403+0900] GC(12) Concurrent Clear Claimed Marks 0.117ms
[2025-12-18T23:48:11.403+0900] GC(12) Concurrent Scan Root Regions
[2025-12-18T23:48:11.405+0900] GC(12) Concurrent Scan Root Regions 1.297ms
[2025-12-18T23:48:11.405+0900] GC(12) Concurrent Mark
[2025-12-18T23:48:11.405+0900] GC(12) Concurrent Mark From Roots
[2025-12-18T23:48:11.405+0900] GC(12) Using 3 workers of 3 for marking
[2025-12-18T23:48:11.407+0900] GC(12) Concurrent Mark From Roots 1.879ms
[2025-12-18T23:48:11.407+0900] GC(12) Concurrent Preclean
[2025-12-18T23:48:11.407+0900] GC(12) Concurrent Preclean 0.125ms
[2025-12-18T23:48:11.409+0900] GC(12) Pause Remark
[2025-12-18T23:48:11.410+0900] GC(12) Pause Remark 119M->119M(220M) 0.901ms
[2025-12-18T23:48:11.410+0900] GC(12) User=0.00s Sys=0.00s Real=0.00s
[2025-12-18T23:48:11.410+0900] GC(12) Concurrent Mark 4.668ms
[2025-12-18T23:48:11.410+0900] GC(12) Concurrent Rebuild Remembered Sets
[2025-12-18T23:48:11.411+0900] GC(12) Concurrent Rebuild Remembered Sets 0.865ms
[2025-12-18T23:48:11.411+0900] GC(12) Pause Cleanup
[2025-12-18T23:48:11.412+0900] GC(12) Pause Cleanup 119M->119M(220M) 0.111ms
[2025-12-18T23:48:11.412+0900] GC(12) User=0.00s Sys=0.00s Real=0.00s
[2025-12-18T23:48:11.412+0900] GC(12) Concurrent Cleanup for Next Mark
[2025-12-18T23:48:11.412+0900] GC(12) Concurrent Cleanup for Next Mark 0.323ms
[2025-12-18T23:48:11.412+0900] GC(12) Concurrent Mark Cycle 9.301ms
[2025-12-18T23:48:11.530+0900] GC(13) Pause Young (Normal) (G1 Evacuation Pause)
[2025-12-18T23:48:11.530+0900] GC(13) Using 5 workers of 10 for evacuation
[2025-12-18T23:48:11.531+0900] GC(13)   Pre Evacuate Collection Set: 0.1ms
[2025-12-18T23:48:11.531+0900] GC(13)   Merge Heap Roots: 0.1ms
[2025-12-18T23:48:11.531+0900] GC(13)   Evacuate Collection Set: 1.0ms
[2025-12-18T23:48:11.531+0900] GC(13)   Post Evacuate Collection Set: 0.4ms
[2025-12-18T23:48:11.531+0900] GC(13)   Other: 0.2ms
[2025-12-18T23:48:11.532+0900] GC(13) Eden regions: 6->0(8)
[2025-12-18T23:48:11.532+0900] GC(13) Survivor regions: 1->1(1)
[2025-12-18T23:48:11.532+0900] GC(13) Old regions: 9->9
[2025-12-18T23:48:11.532+0900] GC(13) Archive regions: 2->2
[2025-12-18T23:48:11.532+0900] GC(13) Humongous regions: 20->20
[2025-12-18T23:48:11.532+0900] GC(13) Metaspace: 16584K(16832K)->16584K(16832K) NonClass: 14779K(14912K)->14779K(14912K) Class: 1805K(1920K)->1805K(1920K)
[2025-12-18T23:48:11.532+0900] GC(13) Pause Young (Normal) (G1 Evacuation Pause) 142M->119M(220M) 2.149ms
[2025-12-18T23:48:11.532+0900] GC(13) User=0.00s Sys=0.00s Real=0.00s
[2025-12-18T23:48:11.669+0900] GC(14) Pause Young (Concurrent Start) (G1 Evacuation Pause)
[2025-12-18T23:48:11.670+0900] GC(14) Using 5 workers of 10 for evacuation
[2025-12-18T23:48:11.672+0900] GC(14)   Pre Evacuate Collection Set: 0.1ms
[2025-12-18T23:48:11.672+0900] GC(14)   Merge Heap Roots: 0.0ms
[2025-12-18T23:48:11.672+0900] GC(14)   Evacuate Collection Set: 1.4ms
[2025-12-18T23:48:11.672+0900] GC(14)   Post Evacuate Collection Set: 0.6ms
[2025-12-18T23:48:11.672+0900] GC(14)   Other: 0.2ms
[2025-12-18T23:48:11.672+0900] GC(14) Eden regions: 8->0(10)
[2025-12-18T23:48:11.672+0900] GC(14) Survivor regions: 1->1(2)
[2025-12-18T23:48:11.672+0900] GC(14) Old regions: 9->9
[2025-12-18T23:48:11.672+0900] GC(14) Archive regions: 2->2
[2025-12-18T23:48:11.672+0900] GC(14) Humongous regions: 20->20
[2025-12-18T23:48:11.672+0900] GC(14) Metaspace: 21021K(21248K)->21021K(21248K) NonClass: 18749K(18880K)->18749K(18880K) Class: 2271K(2368K)->2271K(2368K)
[2025-12-18T23:48:11.672+0900] GC(14) Pause Young (Concurrent Start) (G1 Evacuation Pause) 151M->121M(220M) 2.707ms
[2025-12-18T23:48:11.672+0900] GC(14) User=0.00s Sys=0.00s Real=0.00s
[2025-12-18T23:48:11.672+0900] GC(15) Concurrent Mark Cycle
[2025-12-18T23:48:11.672+0900] GC(15) Concurrent Clear Claimed Marks
[2025-12-18T23:48:11.673+0900] GC(15) Concurrent Clear Claimed Marks 0.151ms
[2025-12-18T23:48:11.673+0900] GC(15) Concurrent Scan Root Regions
[2025-12-18T23:48:11.674+0900] GC(15) Concurrent Scan Root Regions 0.971ms
[2025-12-18T23:48:11.674+0900] GC(15) Concurrent Mark
[2025-12-18T23:48:11.674+0900] GC(15) Concurrent Mark From Roots
[2025-12-18T23:48:11.674+0900] GC(15) Using 3 workers of 3 for marking
[2025-12-18T23:48:11.675+0900] GC(15) Concurrent Mark From Roots 1.859ms
[2025-12-18T23:48:11.676+0900] GC(15) Concurrent Preclean
[2025-12-18T23:48:11.676+0900] GC(15) Concurrent Preclean 0.114ms
[2025-12-18T23:48:11.676+0900] GC(15) Pause Remark
[2025-12-18T23:48:11.677+0900] GC(15) Pause Remark 122M->122M(220M) 0.843ms
[2025-12-18T23:48:11.677+0900] GC(15) User=0.00s Sys=0.00s Real=0.00s
[2025-12-18T23:48:11.677+0900] GC(15) Concurrent Mark 3.750ms
[2025-12-18T23:48:11.677+0900] GC(15) Concurrent Rebuild Remembered Sets
[2025-12-18T23:48:11.679+0900] GC(15) Concurrent Rebuild Remembered Sets 1.134ms
[2025-12-18T23:48:11.679+0900] GC(15) Pause Cleanup
[2025-12-18T23:48:11.679+0900] GC(15) Pause Cleanup 122M->122M(220M) 0.085ms
[2025-12-18T23:48:11.680+0900] GC(15) User=0.00s Sys=0.00s Real=0.00s
[2025-12-18T23:48:11.680+0900] GC(15) Concurrent Cleanup for Next Mark
[2025-12-18T23:48:11.680+0900] GC(15) Concurrent Cleanup for Next Mark 0.118ms
[2025-12-18T23:48:11.680+0900] GC(15) Concurrent Mark Cycle 7.506ms
[2025-12-18T23:48:11.930+0900] GC(16) Pause Young (Normal) (G1 Evacuation Pause)
[2025-12-18T23:48:11.930+0900] GC(16) Using 5 workers of 10 for evacuation
[2025-12-18T23:48:11.933+0900] GC(16)   Pre Evacuate Collection Set: 0.0ms
[2025-12-18T23:48:11.933+0900] GC(16)   Merge Heap Roots: 0.0ms
[2025-12-18T23:48:11.933+0900] GC(16)   Evacuate Collection Set: 2.4ms
[2025-12-18T23:48:11.933+0900] GC(16)   Post Evacuate Collection Set: 0.8ms
[2025-12-18T23:48:11.934+0900] GC(16)   Other: 0.2ms
[2025-12-18T23:48:11.934+0900] GC(16) Eden regions: 10->0(30)
[2025-12-18T23:48:11.934+0900] GC(16) Survivor regions: 1->2(2)
[2025-12-18T23:48:11.934+0900] GC(16) Old regions: 9->9
[2025-12-18T23:48:11.934+0900] GC(16) Archive regions: 2->2
[2025-12-18T23:48:11.934+0900] GC(16) Humongous regions: 20->20
[2025-12-18T23:48:11.934+0900] GC(16) Metaspace: 33534K(33856K)->33534K(33856K) NonClass: 29729K(29888K)->29729K(29888K) Class: 3804K(3968K)->3804K(3968K)
[2025-12-18T23:48:11.934+0900] GC(16) Pause Young (Normal) (G1 Evacuation Pause) 161M->124M(324M) 4.558ms
[2025-12-18T23:48:11.934+0900] GC(16) User=0.01s Sys=0.01s Real=0.00s
[2025-12-18T23:48:11.995+0900] GC(17) Pause Young (Concurrent Start) (Metadata GC Threshold)
[2025-12-18T23:48:11.995+0900] GC(17) Using 7 workers of 10 for evacuation
[2025-12-18T23:48:12.000+0900] GC(17)   Pre Evacuate Collection Set: 0.1ms
[2025-12-18T23:48:12.000+0900] GC(17)   Merge Heap Roots: 0.2ms
[2025-12-18T23:48:12.000+0900] GC(17)   Evacuate Collection Set: 4.2ms
[2025-12-18T23:48:12.000+0900] GC(17)   Post Evacuate Collection Set: 0.4ms
[2025-12-18T23:48:12.000+0900] GC(17)   Other: 0.2ms
[2025-12-18T23:48:12.000+0900] GC(17) Eden regions: 4->0(25)
[2025-12-18T23:48:12.000+0900] GC(17) Survivor regions: 2->3(4)
[2025-12-18T23:48:12.000+0900] GC(17) Old regions: 9->9
[2025-12-18T23:48:12.000+0900] GC(17) Archive regions: 2->2
[2025-12-18T23:48:12.000+0900] GC(17) Humongous regions: 20->20
[2025-12-18T23:48:12.000+0900] GC(17) Metaspace: 35568K(35776K)->35568K(35776K) NonClass: 31560K(31680K)->31560K(31680K) Class: 4007K(4096K)->4007K(4096K)
[2025-12-18T23:48:12.000+0900] GC(17) Pause Young (Concurrent Start) (Metadata GC Threshold) 138M->129M(324M) 5.409ms
[2025-12-18T23:48:12.000+0900] GC(17) User=0.01s Sys=0.01s Real=0.01s
[2025-12-18T23:48:12.000+0900] GC(18) Concurrent Mark Cycle
[2025-12-18T23:48:12.000+0900] GC(18) Concurrent Clear Claimed Marks
[2025-12-18T23:48:12.001+0900] GC(18) Concurrent Clear Claimed Marks 0.243ms
[2025-12-18T23:48:12.001+0900] GC(18) Concurrent Scan Root Regions
[2025-12-18T23:48:12.002+0900] GC(18) Concurrent Scan Root Regions 1.402ms
[2025-12-18T23:48:12.002+0900] GC(18) Concurrent Mark
[2025-12-18T23:48:12.002+0900] GC(18) Concurrent Mark From Roots
[2025-12-18T23:48:12.003+0900] GC(18) Using 3 workers of 3 for marking
[2025-12-18T23:48:12.005+0900] GC(18) Concurrent Mark From Roots 2.308ms
[2025-12-18T23:48:12.005+0900] GC(18) Concurrent Preclean
[2025-12-18T23:48:12.005+0900] GC(18) Concurrent Preclean 0.131ms
[2025-12-18T23:48:12.005+0900] GC(18) Pause Remark
[2025-12-18T23:48:12.007+0900] GC(18) Pause Remark 131M->131M(324M) 1.334ms
[2025-12-18T23:48:12.007+0900] GC(18) User=0.01s Sys=0.00s Real=0.01s
[2025-12-18T23:48:12.007+0900] GC(18) Concurrent Mark 4.581ms
[2025-12-18T23:48:12.007+0900] GC(18) Concurrent Rebuild Remembered Sets
[2025-12-18T23:48:12.009+0900] GC(18) Concurrent Rebuild Remembered Sets 1.793ms
[2025-12-18T23:48:12.010+0900] GC(18) Pause Cleanup
[2025-12-18T23:48:12.010+0900] GC(18) Pause Cleanup 131M->131M(324M) 0.158ms
[2025-12-18T23:48:12.010+0900] GC(18) User=0.00s Sys=0.00s Real=0.00s
[2025-12-18T23:48:12.010+0900] GC(18) Concurrent Cleanup for Next Mark
[2025-12-18T23:48:12.010+0900] GC(18) Concurrent Cleanup for Next Mark 0.290ms
[2025-12-18T23:48:12.010+0900] GC(18) Concurrent Mark Cycle 10.143ms
[2025-12-18T23:48:14.927+0900] GC(19) Pause Young (Normal) (G1 Evacuation Pause)
[2025-12-18T23:48:14.927+0900] GC(19) Using 10 workers of 10 for evacuation
[2025-12-18T23:48:14.930+0900] GC(19)   Pre Evacuate Collection Set: 0.1ms
[2025-12-18T23:48:14.930+0900] GC(19)   Merge Heap Roots: 0.0ms
[2025-12-18T23:48:14.930+0900] GC(19)   Evacuate Collection Set: 2.6ms
[2025-12-18T23:48:14.930+0900] GC(19)   Post Evacuate Collection Set: 0.4ms
[2025-12-18T23:48:14.930+0900] GC(19)   Other: 0.3ms
[2025-12-18T23:48:14.930+0900] GC(19) Eden regions: 25->0(25)
[2025-12-18T23:48:14.930+0900] GC(19) Survivor regions: 3->4(4)
[2025-12-18T23:48:14.930+0900] GC(19) Old regions: 9->10
[2025-12-18T23:48:14.930+0900] GC(19) Archive regions: 2->2
[2025-12-18T23:48:14.930+0900] GC(19) Humongous regions: 20->20
[2025-12-18T23:48:14.930+0900] GC(19) Metaspace: 54429K(54848K)->54429K(54848K) NonClass: 48161K(48384K)->48161K(48384K) Class: 6267K(6464K)->6267K(6464K)
[2025-12-18T23:48:14.931+0900] GC(19) Pause Young (Normal) (G1 Evacuation Pause) 229M->133M(324M) 3.999ms
[2025-12-18T23:48:14.931+0900] GC(19) User=0.01s Sys=0.01s Real=0.00s
