[2025-12-19T00:17:35.241+0900] Using G1
[2025-12-19T00:17:35.241+0900] Version: 17.0.17+10-Ubuntu-122.04 (release)
[2025-12-19T00:17:35.241+0900] CPUs: 12 total, 12 available
[2025-12-19T00:17:35.241+0900] Memory: 9936M
[2025-12-19T00:17:35.241+0900] Large Page Support: Disabled
[2025-12-19T00:17:35.241+0900] NUMA Support: Disabled
[2025-12-19T00:17:35.241+0900] Compressed Oops: Enabled (Zero based)
[2025-12-19T00:17:35.241+0900] Heap Region Size: 4M
[2025-12-19T00:17:35.241+0900] Heap Min Capacity: 8M
[2025-12-19T00:17:35.242+0900] Heap Initial Capacity: 156M
[2025-12-19T00:17:35.242+0900] Heap Max Capacity: 8G
[2025-12-19T00:17:35.242+0900] Pre-touch: Disabled
[2025-12-19T00:17:35.242+0900] Parallel Workers: 10
[2025-12-19T00:17:35.242+0900] Concurrent Workers: 3
[2025-12-19T00:17:35.242+0900] Concurrent Refinement Workers: 10
[2025-12-19T00:17:35.242+0900] Periodic GC: Disabled
[2025-12-19T00:17:35.246+0900] CDS archive(s) mapped at: [0x000000b800000000-0x000000b800be0000-0x000000b800be0000), size 12451840, SharedBaseAddress: 0x000000b800000000, ArchiveRelocationMode: 1.
[2025-12-19T00:17:35.246+0900] Compressed class space mapped at: 0x000000b801000000-0x000000b841000000, reserved size: 1073741824
[2025-12-19T00:17:35.246+0900] Narrow klass base: 0x000000b800000000, Narrow klass shift: 0, Narrow klass range: 0x100000000
[2025-12-19T00:17:35.466+0900] GC(0) Pause Young (Normal) (G1 Evacuation Pause)
[2025-12-19T00:17:35.467+0900] GC(0) Using 3 workers of 10 for evacuation
[2025-12-19T00:17:35.473+0900] GC(0)   Pre Evacuate Collection Set: 0.1ms
[2025-12-19T00:17:35.473+0900] GC(0)   Merge Heap Roots: 0.1ms
[2025-12-19T00:17:35.473+0900] GC(0)   Evacuate Collection Set: 5.2ms
[2025-12-19T00:17:35.473+0900] GC(0)   Post Evacuate Collection Set: 0.5ms
[2025-12-19T00:17:35.473+0900] GC(0)   Other: 0.4ms
[2025-12-19T00:17:35.473+0900] GC(0) Eden regions: 5->0(2)
[2025-12-19T00:17:35.473+0900] GC(0) Survivor regions: 0->1(1)
[2025-12-19T00:17:35.473+0900] GC(0) Old regions: 0->3
[2025-12-19T00:17:35.473+0900] GC(0) Archive regions: 2->2
[2025-12-19T00:17:35.473+0900] GC(0) Humongous regions: 3->3
[2025-12-19T00:17:35.473+0900] GC(0) Metaspace: 540K(704K)->540K(704K) NonClass: 527K(576K)->527K(576K) Class: 13K(128K)->13K(128K)
[2025-12-19T00:17:35.473+0900] GC(0) Pause Young (Normal) (G1 Evacuation Pause) 35M->30M(164M) 6.905ms
[2025-12-19T00:17:35.473+0900] GC(0) User=0.01s Sys=0.01s Real=0.01s
[2025-12-19T00:17:35.522+0900] GC(1) Pause Young (Normal) (G1 Evacuation Pause)
[2025-12-19T00:17:35.522+0900] GC(1) Using 3 workers of 10 for evacuation
[2025-12-19T00:17:35.526+0900] GC(1)   Pre Evacuate Collection Set: 0.1ms
[2025-12-19T00:17:35.527+0900] GC(1)   Merge Heap Roots: 0.1ms
[2025-12-19T00:17:35.527+0900] GC(1)   Evacuate Collection Set: 3.7ms
[2025-12-19T00:17:35.527+0900] GC(1)   Post Evacuate Collection Set: 0.3ms
[2025-12-19T00:17:35.527+0900] GC(1)   Other: 0.2ms
[2025-12-19T00:17:35.527+0900] GC(1) Eden regions: 2->0(4)
[2025-12-19T00:17:35.527+0900] GC(1) Survivor regions: 1->1(1)
[2025-12-19T00:17:35.527+0900] GC(1) Old regions: 3->5
[2025-12-19T00:17:35.527+0900] GC(1) Archive regions: 2->2
[2025-12-19T00:17:35.527+0900] GC(1) Humongous regions: 5->5
[2025-12-19T00:17:35.527+0900] GC(1) Metaspace: 561K(768K)->561K(768K) NonClass: 548K(640K)->548K(640K) Class: 13K(128K)->13K(128K)
[2025-12-19T00:17:35.527+0900] GC(1) Pause Young (Normal) (G1 Evacuation Pause) 46M->47M(164M) 4.957ms
[2025-12-19T00:17:35.527+0900] GC(1) User=0.00s Sys=0.01s Real=0.00s
[2025-12-19T00:17:35.573+0900] GC(2) Pause Young (Concurrent Start) (G1 Humongous Allocation)
[2025-12-19T00:17:35.573+0900] GC(2) Using 3 workers of 10 for evacuation
[2025-12-19T00:17:35.575+0900] GC(2)   Pre Evacuate Collection Set: 0.0ms
[2025-12-19T00:17:35.575+0900] GC(2)   Merge Heap Roots: 0.0ms
[2025-12-19T00:17:35.575+0900] GC(2)   Evacuate Collection Set: 1.0ms
[2025-12-19T00:17:35.575+0900] GC(2)   Post Evacuate Collection Set: 0.3ms
[2025-12-19T00:17:35.575+0900] GC(2)   Other: 0.2ms
[2025-12-19T00:17:35.575+0900] GC(2) Eden regions: 2->0(6)
[2025-12-19T00:17:35.575+0900] GC(2) Survivor regions: 1->1(1)
[2025-12-19T00:17:35.575+0900] GC(2) Old regions: 5->7
[2025-12-19T00:17:35.576+0900] GC(2) Archive regions: 2->2
[2025-12-19T00:17:35.576+0900] GC(2) Humongous regions: 6->6
[2025-12-19T00:17:35.576+0900] GC(2) Metaspace: 1043K(1152K)->1043K(1152K) NonClass: 987K(1024K)->987K(1024K) Class: 55K(128K)->55K(128K)
[2025-12-19T00:17:35.576+0900] GC(2) Pause Young (Concurrent Start) (G1 Humongous Allocation) 58M->56M(164M) 2.782ms
[2025-12-19T00:17:35.576+0900] GC(2) User=0.00s Sys=0.00s Real=0.00s
[2025-12-19T00:17:35.576+0900] GC(3) Concurrent Undo Cycle
[2025-12-19T00:17:35.576+0900] GC(3) Concurrent Cleanup for Next Mark
[2025-12-19T00:17:35.578+0900] GC(3) Concurrent Cleanup for Next Mark 1.467ms
[2025-12-19T00:17:35.578+0900] GC(3) Concurrent Undo Cycle 1.787ms
[2025-12-19T00:17:35.689+0900] GC(4) Pause Young (Concurrent Start) (G1 Humongous Allocation)
[2025-12-19T00:17:35.690+0900] GC(4) Using 3 workers of 10 for evacuation
[2025-12-19T00:17:35.692+0900] GC(4)   Pre Evacuate Collection Set: 0.0ms
[2025-12-19T00:17:35.692+0900] GC(4)   Merge Heap Roots: 0.1ms
[2025-12-19T00:17:35.692+0900] GC(4)   Evacuate Collection Set: 1.5ms
[2025-12-19T00:17:35.692+0900] GC(4)   Post Evacuate Collection Set: 0.2ms
[2025-12-19T00:17:35.692+0900] GC(4)   Other: 0.3ms
[2025-12-19T00:17:35.692+0900] GC(4) Eden regions: 0->0(2)
[2025-12-19T00:17:35.692+0900] GC(4) Survivor regions: 1->0(1)
[2025-12-19T00:17:35.692+0900] GC(4) Old regions: 7->8
[2025-12-19T00:17:35.692+0900] GC(4) Archive regions: 2->2
[2025-12-19T00:17:35.692+0900] GC(4) Humongous regions: 18->18
[2025-12-19T00:17:35.692+0900] GC(4) Metaspace: 1043K(1152K)->1043K(1152K) NonClass: 987K(1024K)->987K(1024K) Class: 55K(128K)->55K(128K)
[2025-12-19T00:17:35.693+0900] GC(4) Pause Young (Concurrent Start) (G1 Humongous Allocation) 104M->104M(164M) 3.223ms
[2025-12-19T00:17:35.693+0900] GC(4) User=0.00s Sys=0.00s Real=0.01s
[2025-12-19T00:17:35.693+0900] GC(5) Concurrent Mark Cycle
[2025-12-19T00:17:35.693+0900] GC(5) Concurrent Clear Claimed Marks
[2025-12-19T00:17:35.693+0900] GC(5) Concurrent Clear Claimed Marks 0.199ms
[2025-12-19T00:17:35.693+0900] GC(5) Concurrent Scan Root Regions
[2025-12-19T00:17:35.695+0900] GC(5) Concurrent Scan Root Regions 1.413ms
[2025-12-19T00:17:35.696+0900] GC(5) Concurrent Mark
[2025-12-19T00:17:35.696+0900] GC(5) Concurrent Mark From Roots
[2025-12-19T00:17:35.697+0900] GC(5) Using 3 workers of 3 for marking
[2025-12-19T00:17:35.698+0900] GC(5) Concurrent Mark From Roots 2.445ms
[2025-12-19T00:17:35.698+0900] GC(5) Concurrent Preclean
[2025-12-19T00:17:35.699+0900] GC(5) Concurrent Preclean 0.176ms
[2025-12-19T00:17:35.700+0900] GC(5) Pause Remark
[2025-12-19T00:17:35.700+0900] GC(5) Pause Remark 113M->113M(208M) 0.646ms
[2025-12-19T00:17:35.700+0900] GC(5) User=0.00s Sys=0.00s Real=0.00s
[2025-12-19T00:17:35.700+0900] GC(5) Concurrent Mark 4.681ms
[2025-12-19T00:17:35.701+0900] GC(5) Concurrent Rebuild Remembered Sets
[2025-12-19T00:17:35.701+0900] GC(5) Concurrent Rebuild Remembered Sets 0.629ms
[2025-12-19T00:17:35.702+0900] GC(5) Pause Cleanup
[2025-12-19T00:17:35.702+0900] GC(5) Pause Cleanup 113M->113M(208M) 0.192ms
[2025-12-19T00:17:35.702+0900] GC(5) User=0.00s Sys=0.00s Real=0.00s
[2025-12-19T00:17:35.702+0900] GC(5) Concurrent Cleanup for Next Mark
[2025-12-19T00:17:35.703+0900] GC(5) Concurrent Cleanup for Next Mark 1.222ms
[2025-12-19T00:17:35.703+0900] GC(5) Concurrent Mark Cycle 10.348ms
[2025-12-19T00:17:35.830+0900] GC(6) Pause Young (Normal) (G1 Evacuation Pause)
[2025-12-19T00:17:35.831+0900] GC(6) Using 5 workers of 10 for evacuation
[2025-12-19T00:17:35.834+0900] GC(6)   Pre Evacuate Collection Set: 0.1ms
[2025-12-19T00:17:35.834+0900] GC(6)   Merge Heap Roots: 0.1ms
[2025-12-19T00:17:35.834+0900] GC(6)   Evacuate Collection Set: 1.9ms
[2025-12-19T00:17:35.834+0900] GC(6)   Post Evacuate Collection Set: 0.6ms
[2025-12-19T00:17:35.836+0900] GC(6)   Other: 1.2ms
[2025-12-19T00:17:35.836+0900] GC(6) Eden regions: 2->0(12)
[2025-12-19T00:17:35.836+0900] GC(6) Survivor regions: 0->1(1)
[2025-12-19T00:17:35.836+0900] GC(6) Old regions: 8->8
[2025-12-19T00:17:35.836+0900] GC(6) Archive regions: 2->2
[2025-12-19T00:17:35.836+0900] GC(6) Humongous regions: 20->20
[2025-12-19T00:17:35.836+0900] GC(6) Metaspace: 1588K(1792K)->1588K(1792K) NonClass: 1477K(1600K)->1477K(1600K) Class: 110K(192K)->110K(192K)
[2025-12-19T00:17:35.837+0900] GC(6) Pause Young (Normal) (G1 Evacuation Pause) 120M->115M(308M) 6.450ms
[2025-12-19T00:17:35.837+0900] GC(6) User=0.00s Sys=0.00s Real=0.00s
[2025-12-19T00:17:36.416+0900] GC(7) Pause Young (Normal) (G1 Evacuation Pause)
[2025-12-19T00:17:36.416+0900] GC(7) Using 7 workers of 10 for evacuation
[2025-12-19T00:17:36.421+0900] GC(7)   Pre Evacuate Collection Set: 0.0ms
[2025-12-19T00:17:36.422+0900] GC(7)   Merge Heap Roots: 0.1ms
[2025-12-19T00:17:36.422+0900] GC(7)   Evacuate Collection Set: 4.4ms
[2025-12-19T00:17:36.422+0900] GC(7)   Post Evacuate Collection Set: 0.5ms
[2025-12-19T00:17:36.422+0900] GC(7)   Other: 0.3ms
[2025-12-19T00:17:36.422+0900] GC(7) Eden regions: 12->0(24)
[2025-12-19T00:17:36.422+0900] GC(7) Survivor regions: 1->2(2)
[2025-12-19T00:17:36.422+0900] GC(7) Old regions: 8->8
[2025-12-19T00:17:36.422+0900] GC(7) Archive regions: 2->2
[2025-12-19T00:17:36.422+0900] GC(7) Humongous regions: 20->20
[2025-12-19T00:17:36.422+0900] GC(7) Metaspace: 14080K(14336K)->14080K(14336K) NonClass: 12428K(12544K)->12428K(12544K) Class: 1652K(1792K)->1652K(1792K)
[2025-12-19T00:17:36.422+0900] GC(7) Pause Young (Normal) (G1 Evacuation Pause) 163M->119M(308M) 6.207ms
[2025-12-19T00:17:36.422+0900] GC(7) User=0.00s Sys=0.02s Real=0.01s
[2025-12-19T00:17:36.701+0900] GC(8) Pause Young (Concurrent Start) (Metadata GC Threshold)
[2025-12-19T00:17:36.701+0900] GC(8) Using 7 workers of 10 for evacuation
[2025-12-19T00:17:36.706+0900] GC(8)   Pre Evacuate Collection Set: 0.1ms
[2025-12-19T00:17:36.706+0900] GC(8)   Merge Heap Roots: 0.1ms
[2025-12-19T00:17:36.706+0900] GC(8)   Evacuate Collection Set: 3.6ms
[2025-12-19T00:17:36.706+0900] GC(8)   Post Evacuate Collection Set: 0.7ms
[2025-12-19T00:17:36.706+0900] GC(8)   Other: 0.5ms
[2025-12-19T00:17:36.706+0900] GC(8) Eden regions: 11->0(25)
[2025-12-19T00:17:36.706+0900] GC(8) Survivor regions: 2->3(4)
[2025-12-19T00:17:36.706+0900] GC(8) Old regions: 8->8
[2025-12-19T00:17:36.706+0900] GC(8) Archive regions: 2->2
[2025-12-19T00:17:36.706+0900] GC(8) Humongous regions: 20->20
[2025-12-19T00:17:36.706+0900] GC(8) Metaspace: 21312K(21504K)->21312K(21504K) NonClass: 18999K(19072K)->18999K(19072K) Class: 2313K(2432K)->2313K(2432K)
[2025-12-19T00:17:36.706+0900] GC(8) Pause Young (Concurrent Start) (Metadata GC Threshold) 161M->121M(308M) 5.674ms
[2025-12-19T00:17:36.707+0900] GC(8) User=0.02s Sys=0.01s Real=0.00s
[2025-12-19T00:17:36.707+0900] GC(9) Concurrent Mark Cycle
[2025-12-19T00:17:36.707+0900] GC(9) Concurrent Clear Claimed Marks
[2025-12-19T00:17:36.707+0900] GC(9) Concurrent Clear Claimed Marks 0.197ms
[2025-12-19T00:17:36.707+0900] GC(9) Concurrent Scan Root Regions
[2025-12-19T00:17:36.709+0900] GC(9) Concurrent Scan Root Regions 1.728ms
[2025-12-19T00:17:36.709+0900] GC(9) Concurrent Mark
[2025-12-19T00:17:36.709+0900] GC(9) Concurrent Mark From Roots
[2025-12-19T00:17:36.709+0900] GC(9) Using 3 workers of 3 for marking
[2025-12-19T00:17:36.710+0900] GC(9) Concurrent Mark From Roots 1.156ms
[2025-12-19T00:17:36.710+0900] GC(9) Concurrent Preclean
[2025-12-19T00:17:36.710+0900] GC(9) Concurrent Preclean 0.104ms
[2025-12-19T00:17:36.711+0900] GC(9) Pause Remark
[2025-12-19T00:17:36.712+0900] GC(9) Pause Remark 123M->123M(308M) 1.185ms
[2025-12-19T00:17:36.712+0900] GC(9) User=0.01s Sys=0.00s Real=0.00s
[2025-12-19T00:17:36.712+0900] GC(9) Concurrent Mark 3.206ms
[2025-12-19T00:17:36.712+0900] GC(9) Concurrent Rebuild Remembered Sets
[2025-12-19T00:17:36.712+0900] GC(9) Concurrent Rebuild Remembered Sets 0.423ms
[2025-12-19T00:17:36.714+0900] GC(9) Pause Cleanup
[2025-12-19T00:17:36.714+0900] GC(9) Pause Cleanup 123M->123M(308M) 0.097ms
[2025-12-19T00:17:36.714+0900] GC(9) User=0.00s Sys=0.00s Real=0.00s
[2025-12-19T00:17:36.714+0900] GC(9) Concurrent Cleanup for Next Mark
[2025-12-19T00:17:36.715+0900] GC(9) Concurrent Cleanup for Next Mark 0.921ms
[2025-12-19T00:17:36.715+0900] GC(9) Concurrent Mark Cycle 8.347ms
[2025-12-19T00:17:37.134+0900] GC(10) Pause Young (Concurrent Start) (Metadata GC Threshold)
[2025-12-19T00:17:37.134+0900] GC(10) Using 7 workers of 10 for evacuation
[2025-12-19T00:17:37.143+0900] GC(10)   Pre Evacuate Collection Set: 0.1ms
[2025-12-19T00:17:37.143+0900] GC(10)   Merge Heap Roots: 0.2ms
[2025-12-19T00:17:37.143+0900] GC(10)   Evacuate Collection Set: 7.4ms
[2025-12-19T00:17:37.143+0900] GC(10)   Post Evacuate Collection Set: 0.7ms
[2025-12-19T00:17:37.143+0900] GC(10)   Other: 0.4ms
[2025-12-19T00:17:37.143+0900] GC(10) Eden regions: 16->0(24)
[2025-12-19T00:17:37.143+0900] GC(10) Survivor regions: 3->4(4)
[2025-12-19T00:17:37.144+0900] GC(10) Old regions: 8->8
[2025-12-19T00:17:37.144+0900] GC(10) Archive regions: 2->2
[2025-12-19T00:17:37.144+0900] GC(10) Humongous regions: 20->20
[2025-12-19T00:17:37.144+0900] GC(10) Metaspace: 35880K(36160K)->35880K(36160K) NonClass: 31875K(32000K)->31875K(32000K) Class: 4004K(4160K)->4004K(4160K)
[2025-12-19T00:17:37.144+0900] GC(10) Pause Young (Concurrent Start) (Metadata GC Threshold) 183M->129M(308M) 9.900ms
[2025-12-19T00:17:37.144+0900] GC(10) User=0.03s Sys=0.01s Real=0.01s
[2025-12-19T00:17:37.144+0900] GC(11) Concurrent Mark Cycle
[2025-12-19T00:17:37.145+0900] GC(11) Concurrent Clear Claimed Marks
[2025-12-19T00:17:37.145+0900] GC(11) Concurrent Clear Claimed Marks 0.106ms
[2025-12-19T00:17:37.145+0900] GC(11) Concurrent Scan Root Regions
[2025-12-19T00:17:37.147+0900] GC(11) Concurrent Scan Root Regions 2.054ms
[2025-12-19T00:17:37.147+0900] GC(11) Concurrent Mark
[2025-12-19T00:17:37.147+0900] GC(11) Concurrent Mark From Roots
[2025-12-19T00:17:37.147+0900] GC(11) Using 3 workers of 3 for marking
[2025-12-19T00:17:37.149+0900] GC(11) Concurrent Mark From Roots 1.550ms
[2025-12-19T00:17:37.149+0900] GC(11) Concurrent Preclean
[2025-12-19T00:17:37.149+0900] GC(11) Concurrent Preclean 0.170ms
[2025-12-19T00:17:37.149+0900] GC(11) Pause Remark
[2025-12-19T00:17:37.153+0900] GC(11) Pause Remark 131M->131M(308M) 3.930ms
[2025-12-19T00:17:37.153+0900] GC(11) User=0.01s Sys=0.00s Real=0.01s
[2025-12-19T00:17:37.153+0900] GC(11) Concurrent Mark 6.537ms
[2025-12-19T00:17:37.154+0900] GC(11) Concurrent Rebuild Remembered Sets
[2025-12-19T00:17:37.154+0900] GC(11) Concurrent Rebuild Remembered Sets 0.087ms
[2025-12-19T00:17:37.157+0900] GC(11) Pause Cleanup
[2025-12-19T00:17:37.157+0900] GC(11) Pause Cleanup 131M->131M(308M) 0.076ms
[2025-12-19T00:17:37.157+0900] GC(11) User=0.00s Sys=0.00s Real=0.00s
[2025-12-19T00:17:37.159+0900] GC(11) Concurrent Cleanup for Next Mark
[2025-12-19T00:17:37.159+0900] GC(11) Concurrent Cleanup for Next Mark 0.908ms
[2025-12-19T00:17:37.160+0900] GC(11) Concurrent Mark Cycle 15.170ms
[2025-12-19T00:17:38.894+0900] GC(12) Pause Young (Normal) (G1 Evacuation Pause)
[2025-12-19T00:17:38.894+0900] GC(12) Using 7 workers of 10 for evacuation
[2025-12-19T00:17:38.908+0900] GC(12)   Pre Evacuate Collection Set: 0.1ms
[2025-12-19T00:17:38.908+0900] GC(12)   Merge Heap Roots: 0.0ms
[2025-12-19T00:17:38.908+0900] GC(12)   Evacuate Collection Set: 11.3ms
[2025-12-19T00:17:38.908+0900] GC(12)   Post Evacuate Collection Set: 2.0ms
[2025-12-19T00:17:38.908+0900] GC(12)   Other: 0.2ms
[2025-12-19T00:17:38.908+0900] GC(12) Eden regions: 24->0(22)
[2025-12-19T00:17:38.908+0900] GC(12) Survivor regions: 4->4(4)
[2025-12-19T00:17:38.908+0900] GC(12) Old regions: 8->10
[2025-12-19T00:17:38.908+0900] GC(12) Archive regions: 2->2
[2025-12-19T00:17:38.908+0900] GC(12) Humongous regions: 20->20
[2025-12-19T00:17:38.908+0900] GC(12) Metaspace: 48797K(49344K)->48797K(49344K) NonClass: 43277K(43584K)->43277K(43584K) Class: 5519K(5760K)->5519K(5760K)
[2025-12-19T00:17:38.908+0900] GC(12) Pause Young (Normal) (G1 Evacuation Pause) 225M->139M(308M) 14.511ms
[2025-12-19T00:17:38.908+0900] GC(12) User=0.05s Sys=0.00s Real=0.01s
[2025-12-19T00:17:39.690+0900] GC(13) Pause Young (Concurrent Start) (Metadata GC Threshold)
[2025-12-19T00:17:39.692+0900] GC(13) Using 10 workers of 10 for evacuation
[2025-12-19T00:17:39.711+0900] GC(13)   Pre Evacuate Collection Set: 0.4ms
[2025-12-19T00:17:39.712+0900] GC(13)   Merge Heap Roots: 0.4ms
[2025-12-19T00:17:39.712+0900] GC(13)   Evacuate Collection Set: 15.5ms
[2025-12-19T00:17:39.713+0900] GC(13)   Post Evacuate Collection Set: 2.1ms
[2025-12-19T00:17:39.713+0900] GC(13)   Other: 2.3ms
[2025-12-19T00:17:39.715+0900] GC(13) Eden regions: 18->0(22)
[2025-12-19T00:17:39.715+0900] GC(13) Survivor regions: 4->2(4)
[2025-12-19T00:17:39.716+0900] GC(13) Old regions: 10->14
[2025-12-19T00:17:39.716+0900] GC(13) Archive regions: 2->2
[2025-12-19T00:17:39.716+0900] GC(13) Humongous regions: 20->20
[2025-12-19T00:17:39.716+0900] GC(13) Metaspace: 59874K(60416K)->59874K(60416K) NonClass: 52988K(53248K)->52988K(53248K) Class: 6885K(7168K)->6885K(7168K)
[2025-12-19T00:17:39.716+0900] GC(13) Pause Young (Concurrent Start) (Metadata GC Threshold) 211M->144M(308M) 26.338ms
[2025-12-19T00:17:39.716+0900] GC(13) User=0.08s Sys=0.01s Real=0.02s
[2025-12-19T00:17:39.717+0900] GC(14) Concurrent Mark Cycle
[2025-12-19T00:17:39.717+0900] GC(14) Concurrent Clear Claimed Marks
[2025-12-19T00:17:39.717+0900] GC(14) Concurrent Clear Claimed Marks 0.121ms
[2025-12-19T00:17:39.723+0900] GC(14) Concurrent Scan Root Regions
[2025-12-19T00:17:39.733+0900] GC(14) Concurrent Scan Root Regions 10.725ms
[2025-12-19T00:17:39.733+0900] GC(14) Concurrent Mark
[2025-12-19T00:17:39.733+0900] GC(14) Concurrent Mark From Roots
[2025-12-19T00:17:39.733+0900] GC(14) Using 3 workers of 3 for marking
[2025-12-19T00:17:39.773+0900] GC(14) Concurrent Mark From Roots 39.752ms
[2025-12-19T00:17:39.773+0900] GC(14) Concurrent Preclean
[2025-12-19T00:17:39.774+0900] GC(14) Concurrent Preclean 0.200ms
[2025-12-19T00:17:39.775+0900] GC(14) Pause Remark
[2025-12-19T00:17:39.782+0900] GC(14) Pause Remark 148M->148M(308M) 7.086ms
[2025-12-19T00:17:39.782+0900] GC(14) User=0.01s Sys=0.00s Real=0.01s
[2025-12-19T00:17:39.783+0900] GC(14) Concurrent Mark 49.209ms
[2025-12-19T00:17:39.783+0900] GC(14) Concurrent Rebuild Remembered Sets
[2025-12-19T00:17:39.794+0900] GC(14) Concurrent Rebuild Remembered Sets 11.741ms
[2025-12-19T00:17:39.795+0900] GC(14) Pause Cleanup
[2025-12-19T00:17:39.795+0900] GC(14) Pause Cleanup 150M->150M(308M) 0.775ms
[2025-12-19T00:17:39.796+0900] GC(14) User=0.00s Sys=0.00s Real=0.00s
[2025-12-19T00:17:39.796+0900] GC(14) Concurrent Cleanup for Next Mark
[2025-12-19T00:17:39.797+0900] GC(14) Concurrent Cleanup for Next Mark 0.559ms
[2025-12-19T00:17:39.798+0900] GC(14) Concurrent Mark Cycle 81.235ms
[2025-12-19T00:17:49.147+0900] GC(15) Pause Young (Prepare Mixed) (G1 Evacuation Pause)
[2025-12-19T00:17:49.148+0900] GC(15) Using 10 workers of 10 for evacuation
[2025-12-19T00:17:49.152+0900] GC(15)   Pre Evacuate Collection Set: 0.2ms
[2025-12-19T00:17:49.152+0900] GC(15)   Merge Heap Roots: 0.2ms
[2025-12-19T00:17:49.152+0900] GC(15)   Evacuate Collection Set: 3.0ms
[2025-12-19T00:17:49.152+0900] GC(15)   Post Evacuate Collection Set: 0.7ms
[2025-12-19T00:17:49.152+0900] GC(15)   Other: 0.5ms
[2025-12-19T00:17:49.152+0900] GC(15) Eden regions: 22->0(1)
[2025-12-19T00:17:49.152+0900] GC(15) Survivor regions: 2->3(3)
[2025-12-19T00:17:49.152+0900] GC(15) Old regions: 14->14
[2025-12-19T00:17:49.152+0900] GC(15) Archive regions: 2->2
[2025-12-19T00:17:49.152+0900] GC(15) Humongous regions: 20->20
[2025-12-19T00:17:49.152+0900] GC(15) Metaspace: 79845K(80448K)->79845K(80448K) NonClass: 70804K(71104K)->70804K(71104K) Class: 9041K(9344K)->9041K(9344K)
[2025-12-19T00:17:49.152+0900] GC(15) Pause Young (Prepare Mixed) (G1 Evacuation Pause) 232M->151M(308M) 4.918ms
[2025-12-19T00:17:49.152+0900] GC(15) User=0.03s Sys=0.00s Real=0.01s
[2025-12-19T00:17:49.158+0900] GC(16) Pause Young (Mixed) (G1 Evacuation Pause)
[2025-12-19T00:17:49.158+0900] GC(16) Using 10 workers of 10 for evacuation
[2025-12-19T00:17:49.162+0900] GC(16)   Pre Evacuate Collection Set: 0.1ms
[2025-12-19T00:17:49.162+0900] GC(16)   Merge Heap Roots: 0.1ms
[2025-12-19T00:17:49.162+0900] GC(16)   Evacuate Collection Set: 3.4ms
[2025-12-19T00:17:49.162+0900] GC(16)   Post Evacuate Collection Set: 0.3ms
[2025-12-19T00:17:49.162+0900] GC(16)   Other: 0.2ms
[2025-12-19T00:17:49.163+0900] GC(16) Eden regions: 1->0(21)
[2025-12-19T00:17:49.163+0900] GC(16) Survivor regions: 3->1(1)
[2025-12-19T00:17:49.163+0900] GC(16) Old regions: 14->17
[2025-12-19T00:17:49.163+0900] GC(16) Archive regions: 2->2
[2025-12-19T00:17:49.163+0900] GC(16) Humongous regions: 20->20
[2025-12-19T00:17:49.163+0900] GC(16) Metaspace: 79845K(80448K)->79845K(80448K) NonClass: 70804K(71104K)->70804K(71104K) Class: 9041K(9344K)->9041K(9344K)
[2025-12-19T00:17:49.163+0900] GC(16) Pause Young (Mixed) (G1 Evacuation Pause) 155M->151M(308M) 4.631ms
[2025-12-19T00:17:49.163+0900] GC(16) User=0.04s Sys=0.00s Real=0.01s
[2025-12-19T00:17:54.540+0900] GC(17) Pause Young (Concurrent Start) (G1 Evacuation Pause)
[2025-12-19T00:17:54.542+0900] GC(17) Using 10 workers of 10 for evacuation
[2025-12-19T00:17:54.548+0900] GC(17)   Pre Evacuate Collection Set: 0.6ms
[2025-12-19T00:17:54.548+0900] GC(17)   Merge Heap Roots: 0.2ms
[2025-12-19T00:17:54.548+0900] GC(17)   Evacuate Collection Set: 2.8ms
[2025-12-19T00:17:54.548+0900] GC(17)   Post Evacuate Collection Set: 1.3ms
[2025-12-19T00:17:54.548+0900] GC(17)   Other: 2.5ms
[2025-12-19T00:17:54.548+0900] GC(17) Eden regions: 21->0(22)
[2025-12-19T00:17:54.548+0900] GC(17) Survivor regions: 1->1(3)
[2025-12-19T00:17:54.549+0900] GC(17) Old regions: 17->17
[2025-12-19T00:17:54.549+0900] GC(17) Archive regions: 2->2
[2025-12-19T00:17:54.549+0900] GC(17) Humongous regions: 20->20
[2025-12-19T00:17:54.549+0900] GC(17) Metaspace: 82308K(83008K)->82308K(83008K) NonClass: 72975K(73344K)->72975K(73344K) Class: 9332K(9664K)->9332K(9664K)
[2025-12-19T00:17:54.549+0900] GC(17) Pause Young (Concurrent Start) (G1 Evacuation Pause) 235M->154M(308M) 8.754ms
[2025-12-19T00:17:54.549+0900] GC(17) User=0.03s Sys=0.01s Real=0.00s
[2025-12-19T00:17:54.549+0900] GC(18) Concurrent Mark Cycle
[2025-12-19T00:17:54.550+0900] GC(18) Concurrent Clear Claimed Marks
[2025-12-19T00:17:54.550+0900] GC(18) Concurrent Clear Claimed Marks 0.230ms
[2025-12-19T00:17:54.550+0900] GC(18) Concurrent Scan Root Regions
[2025-12-19T00:17:54.553+0900] GC(18) Concurrent Scan Root Regions 2.995ms
[2025-12-19T00:17:54.554+0900] GC(18) Concurrent Mark
[2025-12-19T00:17:54.554+0900] GC(18) Concurrent Mark From Roots
[2025-12-19T00:17:54.554+0900] GC(18) Using 3 workers of 3 for marking
[2025-12-19T00:17:54.565+0900] GC(18) Concurrent Mark From Roots 11.538ms
[2025-12-19T00:17:54.565+0900] GC(18) Concurrent Preclean
[2025-12-19T00:17:54.566+0900] GC(18) Concurrent Preclean 0.202ms
[2025-12-19T00:17:54.567+0900] GC(18) Pause Remark
[2025-12-19T00:17:54.575+0900] GC(18) Pause Remark 156M->156M(308M) 8.710ms
[2025-12-19T00:17:54.576+0900] GC(18) User=0.06s Sys=0.00s Real=0.01s
[2025-12-19T00:17:54.576+0900] GC(18) Concurrent Mark 22.117ms
[2025-12-19T00:17:54.576+0900] GC(18) Concurrent Rebuild Remembered Sets
[2025-12-19T00:17:54.580+0900] GC(18) Concurrent Rebuild Remembered Sets 4.304ms
[2025-12-19T00:17:54.582+0900] GC(18) Pause Cleanup
[2025-12-19T00:17:54.582+0900] GC(18) Pause Cleanup 157M->157M(308M) 0.108ms
[2025-12-19T00:17:54.582+0900] GC(18) User=0.00s Sys=0.00s Real=0.00s
[2025-12-19T00:17:54.582+0900] GC(18) Concurrent Cleanup for Next Mark
[2025-12-19T00:17:54.583+0900] GC(18) Concurrent Cleanup for Next Mark 0.582ms
[2025-12-19T00:17:54.583+0900] GC(18) Concurrent Mark Cycle 33.486ms
