[2025-12-19T00:17:35.233+0900] Using G1
[2025-12-19T00:17:35.233+0900] Version: 17.0.17+10-Ubuntu-122.04 (release)
[2025-12-19T00:17:35.233+0900] CPUs: 12 total, 12 available
[2025-12-19T00:17:35.233+0900] Memory: 9936M
[2025-12-19T00:17:35.233+0900] Large Page Support: Disabled
[2025-12-19T00:17:35.233+0900] NUMA Support: Disabled
[2025-12-19T00:17:35.233+0900] Compressed Oops: Enabled (Zero based)
[2025-12-19T00:17:35.233+0900] Heap Region Size: 4M
[2025-12-19T00:17:35.233+0900] Heap Min Capacity: 8M
[2025-12-19T00:17:35.233+0900] Heap Initial Capacity: 156M
[2025-12-19T00:17:35.234+0900] Heap Max Capacity: 8G
[2025-12-19T00:17:35.234+0900] Pre-touch: Disabled
[2025-12-19T00:17:35.234+0900] Parallel Workers: 10
[2025-12-19T00:17:35.234+0900] Concurrent Workers: 3
[2025-12-19T00:17:35.234+0900] Concurrent Refinement Workers: 10
[2025-12-19T00:17:35.234+0900] Periodic GC: Disabled
[2025-12-19T00:17:35.237+0900] CDS archive(s) mapped at: [0x0000001000000000-0x0000001000be0000-0x0000001000be0000), size 12451840, SharedBaseAddress: 0x0000001000000000, ArchiveRelocationMode: 1.
[2025-12-19T00:17:35.239+0900] Compressed class space mapped at: 0x0000001001000000-0x0000001041000000, reserved size: 1073741824
[2025-12-19T00:17:35.239+0900] Narrow klass base: 0x0000001000000000, Narrow klass shift: 0, Narrow klass range: 0x100000000
[2025-12-19T00:17:35.466+0900] GC(0) Pause Young (Normal) (G1 Evacuation Pause)
[2025-12-19T00:17:35.467+0900] GC(0) Using 3 workers of 10 for evacuation
[2025-12-19T00:17:35.473+0900] GC(0)   Pre Evacuate Collection Set: 0.1ms
[2025-12-19T00:17:35.473+0900] GC(0)   Merge Heap Roots: 0.1ms
[2025-12-19T00:17:35.473+0900] GC(0)   Evacuate Collection Set: 5.4ms
[2025-12-19T00:17:35.473+0900] GC(0)   Post Evacuate Collection Set: 0.4ms
[2025-12-19T00:17:35.473+0900] GC(0)   Other: 0.4ms
[2025-12-19T00:17:35.473+0900] GC(0) Eden regions: 5->0(2)
[2025-12-19T00:17:35.473+0900] GC(0) Survivor regions: 0->1(1)
[2025-12-19T00:17:35.473+0900] GC(0) Old regions: 0->3
[2025-12-19T00:17:35.473+0900] GC(0) Archive regions: 2->2
[2025-12-19T00:17:35.473+0900] GC(0) Humongous regions: 3->3
[2025-12-19T00:17:35.473+0900] GC(0) Metaspace: 546K(768K)->546K(768K) NonClass: 533K(640K)->533K(640K) Class: 13K(128K)->13K(128K)
[2025-12-19T00:17:35.473+0900] GC(0) Pause Young (Normal) (G1 Evacuation Pause) 35M->30M(164M) 6.952ms
[2025-12-19T00:17:35.473+0900] GC(0) User=0.01s Sys=0.01s Real=0.01s
[2025-12-19T00:17:35.522+0900] GC(1) Pause Young (Normal) (G1 Evacuation Pause)
[2025-12-19T00:17:35.522+0900] GC(1) Using 3 workers of 10 for evacuation
[2025-12-19T00:17:35.526+0900] GC(1)   Pre Evacuate Collection Set: 0.1ms
[2025-12-19T00:17:35.527+0900] GC(1)   Merge Heap Roots: 0.1ms
[2025-12-19T00:17:35.527+0900] GC(1)   Evacuate Collection Set: 3.7ms
[2025-12-19T00:17:35.527+0900] GC(1)   Post Evacuate Collection Set: 0.3ms
[2025-12-19T00:17:35.527+0900] GC(1)   Other: 0.2ms
[2025-12-19T00:17:35.527+0900] GC(1) Eden regions: 2->0(4)
[2025-12-19T00:17:35.527+0900] GC(1) Survivor regions: 1->1(1)
[2025-12-19T00:17:35.527+0900] GC(1) Old regions: 3->5
[2025-12-19T00:17:35.527+0900] GC(1) Archive regions: 2->2
[2025-12-19T00:17:35.527+0900] GC(1) Humongous regions: 5->5
[2025-12-19T00:17:35.527+0900] GC(1) Metaspace: 569K(768K)->569K(768K) NonClass: 556K(640K)->556K(640K) Class: 13K(128K)->13K(128K)
[2025-12-19T00:17:35.527+0900] GC(1) Pause Young (Normal) (G1 Evacuation Pause) 46M->46M(164M) 4.956ms
[2025-12-19T00:17:35.527+0900] GC(1) User=0.00s Sys=0.00s Real=0.00s
[2025-12-19T00:17:35.574+0900] GC(2) Pause Young (Concurrent Start) (G1 Humongous Allocation)
[2025-12-19T00:17:35.574+0900] GC(2) Using 3 workers of 10 for evacuation
[2025-12-19T00:17:35.577+0900] GC(2)   Pre Evacuate Collection Set: 0.1ms
[2025-12-19T00:17:35.577+0900] GC(2)   Merge Heap Roots: 0.1ms
[2025-12-19T00:17:35.577+0900] GC(2)   Evacuate Collection Set: 2.2ms
[2025-12-19T00:17:35.577+0900] GC(2)   Post Evacuate Collection Set: 0.3ms
[2025-12-19T00:17:35.577+0900] GC(2)   Other: 0.7ms
[2025-12-19T00:17:35.578+0900] GC(2) Eden regions: 2->0(6)
[2025-12-19T00:17:35.578+0900] GC(2) Survivor regions: 1->1(1)
[2025-12-19T00:17:35.578+0900] GC(2) Old regions: 5->7
[2025-12-19T00:17:35.578+0900] GC(2) Archive regions: 2->2
[2025-12-19T00:17:35.578+0900] GC(2) Humongous regions: 6->6
[2025-12-19T00:17:35.578+0900] GC(2) Metaspace: 1051K(1152K)->1051K(1152K) NonClass: 995K(1024K)->995K(1024K) Class: 55K(128K)->55K(128K)
[2025-12-19T00:17:35.578+0900] GC(2) Pause Young (Concurrent Start) (G1 Humongous Allocation) 57M->58M(164M) 4.281ms
[2025-12-19T00:17:35.578+0900] GC(2) User=0.00s Sys=0.00s Real=0.00s
[2025-12-19T00:17:35.578+0900] GC(3) Concurrent Undo Cycle
[2025-12-19T00:17:35.578+0900] GC(3) Concurrent Cleanup for Next Mark
[2025-12-19T00:17:35.582+0900] GC(3) Concurrent Cleanup for Next Mark 3.240ms
[2025-12-19T00:17:35.582+0900] GC(3) Concurrent Undo Cycle 3.577ms
[2025-12-19T00:17:35.689+0900] GC(4) Pause Young (Concurrent Start) (G1 Humongous Allocation)
[2025-12-19T00:17:35.689+0900] GC(4) Using 3 workers of 10 for evacuation
[2025-12-19T00:17:35.691+0900] GC(4)   Pre Evacuate Collection Set: 0.1ms
[2025-12-19T00:17:35.691+0900] GC(4)   Merge Heap Roots: 0.0ms
[2025-12-19T00:17:35.691+0900] GC(4)   Evacuate Collection Set: 1.1ms
[2025-12-19T00:17:35.691+0900] GC(4)   Post Evacuate Collection Set: 0.2ms
[2025-12-19T00:17:35.691+0900] GC(4)   Other: 0.4ms
[2025-12-19T00:17:35.691+0900] GC(4) Eden regions: 0->0(2)
[2025-12-19T00:17:35.691+0900] GC(4) Survivor regions: 1->0(1)
[2025-12-19T00:17:35.692+0900] GC(4) Old regions: 7->8
[2025-12-19T00:17:35.692+0900] GC(4) Archive regions: 2->2
[2025-12-19T00:17:35.692+0900] GC(4) Humongous regions: 18->18
[2025-12-19T00:17:35.692+0900] GC(4) Metaspace: 1051K(1152K)->1051K(1152K) NonClass: 995K(1024K)->995K(1024K) Class: 55K(128K)->55K(128K)
[2025-12-19T00:17:35.692+0900] GC(4) Pause Young (Concurrent Start) (G1 Humongous Allocation) 106M->105M(164M) 2.363ms
[2025-12-19T00:17:35.692+0900] GC(4) User=0.00s Sys=0.00s Real=0.01s
[2025-12-19T00:17:35.692+0900] GC(5) Concurrent Mark Cycle
[2025-12-19T00:17:35.692+0900] GC(5) Concurrent Clear Claimed Marks
[2025-12-19T00:17:35.692+0900] GC(5) Concurrent Clear Claimed Marks 0.158ms
[2025-12-19T00:17:35.692+0900] GC(5) Concurrent Scan Root Regions
[2025-12-19T00:17:35.693+0900] GC(5) Concurrent Scan Root Regions 0.632ms
[2025-12-19T00:17:35.693+0900] GC(5) Concurrent Mark
[2025-12-19T00:17:35.693+0900] GC(5) Concurrent Mark From Roots
[2025-12-19T00:17:35.694+0900] GC(5) Using 3 workers of 3 for marking
[2025-12-19T00:17:35.696+0900] GC(5) Concurrent Mark From Roots 3.066ms
[2025-12-19T00:17:35.697+0900] GC(5) Concurrent Preclean
[2025-12-19T00:17:35.697+0900] GC(5) Concurrent Preclean 0.245ms
[2025-12-19T00:17:35.698+0900] GC(5) Pause Remark
[2025-12-19T00:17:35.700+0900] GC(5) Pause Remark 114M->114M(208M) 2.366ms
[2025-12-19T00:17:35.700+0900] GC(5) User=0.01s Sys=0.00s Real=0.01s
[2025-12-19T00:17:35.700+0900] GC(5) Concurrent Mark 6.965ms
[2025-12-19T00:17:35.700+0900] GC(5) Concurrent Rebuild Remembered Sets
[2025-12-19T00:17:35.703+0900] GC(5) Concurrent Rebuild Remembered Sets 2.652ms
[2025-12-19T00:17:35.704+0900] GC(5) Pause Cleanup
[2025-12-19T00:17:35.704+0900] GC(5) Pause Cleanup 114M->114M(208M) 0.139ms
[2025-12-19T00:17:35.704+0900] GC(5) User=0.00s Sys=0.00s Real=0.00s
[2025-12-19T00:17:35.704+0900] GC(5) Concurrent Cleanup for Next Mark
[2025-12-19T00:17:35.705+0900] GC(5) Concurrent Cleanup for Next Mark 0.941ms
[2025-12-19T00:17:35.705+0900] GC(5) Concurrent Mark Cycle 13.281ms
[2025-12-19T00:17:35.830+0900] GC(6) Pause Young (Prepare Mixed) (G1 Evacuation Pause)
[2025-12-19T00:17:35.830+0900] GC(6) Using 5 workers of 10 for evacuation
[2025-12-19T00:17:35.834+0900] GC(6)   Pre Evacuate Collection Set: 0.0ms
[2025-12-19T00:17:35.834+0900] GC(6)   Merge Heap Roots: 0.0ms
[2025-12-19T00:17:35.834+0900] GC(6)   Evacuate Collection Set: 2.1ms
[2025-12-19T00:17:35.834+0900] GC(6)   Post Evacuate Collection Set: 0.8ms
[2025-12-19T00:17:35.834+0900] GC(6)   Other: 1.0ms
[2025-12-19T00:17:35.834+0900] GC(6) Eden regions: 2->0(2)
[2025-12-19T00:17:35.834+0900] GC(6) Survivor regions: 0->1(1)
[2025-12-19T00:17:35.836+0900] GC(6) Old regions: 8->8
[2025-12-19T00:17:35.836+0900] GC(6) Archive regions: 2->2
[2025-12-19T00:17:35.836+0900] GC(6) Humongous regions: 20->20
[2025-12-19T00:17:35.836+0900] GC(6) Metaspace: 1586K(1792K)->1586K(1792K) NonClass: 1475K(1600K)->1475K(1600K) Class: 110K(192K)->110K(192K)
[2025-12-19T00:17:35.836+0900] GC(6) Pause Young (Prepare Mixed) (G1 Evacuation Pause) 121M->116M(296M) 6.638ms
[2025-12-19T00:17:35.836+0900] GC(6) User=0.01s Sys=0.01s Real=0.00s
[2025-12-19T00:17:36.006+0900] GC(7) Pause Young (Mixed) (G1 Evacuation Pause)
[2025-12-19T00:17:36.006+0900] GC(7) Using 7 workers of 10 for evacuation
[2025-12-19T00:17:36.008+0900] GC(7)   Pre Evacuate Collection Set: 0.1ms
[2025-12-19T00:17:36.009+0900] GC(7)   Merge Heap Roots: 0.1ms
[2025-12-19T00:17:36.009+0900] GC(7)   Evacuate Collection Set: 1.8ms
[2025-12-19T00:17:36.009+0900] GC(7)   Post Evacuate Collection Set: 0.2ms
[2025-12-19T00:17:36.009+0900] GC(7)   Other: 0.5ms
[2025-12-19T00:17:36.009+0900] GC(7) Eden regions: 2->0(11)
[2025-12-19T00:17:36.009+0900] GC(7) Survivor regions: 1->1(1)
[2025-12-19T00:17:36.009+0900] GC(7) Old regions: 8->8
[2025-12-19T00:17:36.009+0900] GC(7) Archive regions: 2->2
[2025-12-19T00:17:36.009+0900] GC(7) Humongous regions: 20->20
[2025-12-19T00:17:36.009+0900] GC(7) Metaspace: 3053K(3200K)->3053K(3200K) NonClass: 2734K(2816K)->2734K(2816K) Class: 318K(384K)->318K(384K)
[2025-12-19T00:17:36.009+0900] GC(7) Pause Young (Mixed) (G1 Evacuation Pause) 124M->115M(296M) 3.145ms
[2025-12-19T00:17:36.009+0900] GC(7) User=0.00s Sys=0.01s Real=0.00s
[2025-12-19T00:17:36.449+0900] GC(8) Pause Young (Normal) (G1 Evacuation Pause)
[2025-12-19T00:17:36.450+0900] GC(8) Using 7 workers of 10 for evacuation
[2025-12-19T00:17:36.452+0900] GC(8)   Pre Evacuate Collection Set: 0.1ms
[2025-12-19T00:17:36.452+0900] GC(8)   Merge Heap Roots: 0.0ms
[2025-12-19T00:17:36.452+0900] GC(8)   Evacuate Collection Set: 2.2ms
[2025-12-19T00:17:36.453+0900] GC(8)   Post Evacuate Collection Set: 0.4ms
[2025-12-19T00:17:36.453+0900] GC(8)   Other: 0.2ms
[2025-12-19T00:17:36.453+0900] GC(8) Eden regions: 11->0(23)
[2025-12-19T00:17:36.453+0900] GC(8) Survivor regions: 1->1(2)
[2025-12-19T00:17:36.453+0900] GC(8) Old regions: 8->8
[2025-12-19T00:17:36.453+0900] GC(8) Archive regions: 2->2
[2025-12-19T00:17:36.453+0900] GC(8) Humongous regions: 20->20
[2025-12-19T00:17:36.453+0900] GC(8) Metaspace: 15329K(15552K)->15329K(15552K) NonClass: 13598K(13696K)->13598K(13696K) Class: 1730K(1856K)->1730K(1856K)
[2025-12-19T00:17:36.453+0900] GC(8) Pause Young (Normal) (G1 Evacuation Pause) 159M->119M(296M) 3.530ms
[2025-12-19T00:17:36.453+0900] GC(8) User=0.01s Sys=0.00s Real=0.01s
[2025-12-19T00:17:36.699+0900] GC(9) Pause Young (Concurrent Start) (Metadata GC Threshold)
[2025-12-19T00:17:36.699+0900] GC(9) Using 7 workers of 10 for evacuation
[2025-12-19T00:17:36.703+0900] GC(9)   Pre Evacuate Collection Set: 0.2ms
[2025-12-19T00:17:36.703+0900] GC(9)   Merge Heap Roots: 0.0ms
[2025-12-19T00:17:36.703+0900] GC(9)   Evacuate Collection Set: 2.0ms
[2025-12-19T00:17:36.703+0900] GC(9)   Post Evacuate Collection Set: 1.7ms
[2025-12-19T00:17:36.704+0900] GC(9)   Other: 0.2ms
[2025-12-19T00:17:36.704+0900] GC(9) Eden regions: 10->0(25)
[2025-12-19T00:17:36.704+0900] GC(9) Survivor regions: 1->2(3)
[2025-12-19T00:17:36.704+0900] GC(9) Old regions: 8->8
[2025-12-19T00:17:36.704+0900] GC(9) Archive regions: 2->2
[2025-12-19T00:17:36.704+0900] GC(9) Humongous regions: 20->20
[2025-12-19T00:17:36.704+0900] GC(9) Metaspace: 21286K(21504K)->21286K(21504K) NonClass: 18976K(19072K)->18976K(19072K) Class: 2309K(2432K)->2309K(2432K)
[2025-12-19T00:17:36.704+0900] GC(9) Pause Young (Concurrent Start) (Metadata GC Threshold) 158M->121M(296M) 5.346ms
[2025-12-19T00:17:36.704+0900] GC(9) User=0.01s Sys=0.00s Real=0.01s
[2025-12-19T00:17:36.704+0900] GC(10) Concurrent Mark Cycle
[2025-12-19T00:17:36.705+0900] GC(10) Concurrent Clear Claimed Marks
[2025-12-19T00:17:36.705+0900] GC(10) Concurrent Clear Claimed Marks 0.087ms
[2025-12-19T00:17:36.705+0900] GC(10) Concurrent Scan Root Regions
[2025-12-19T00:17:36.706+0900] GC(10) Concurrent Scan Root Regions 1.612ms
[2025-12-19T00:17:36.706+0900] GC(10) Concurrent Mark
[2025-12-19T00:17:36.706+0900] GC(10) Concurrent Mark From Roots
[2025-12-19T00:17:36.706+0900] GC(10) Using 3 workers of 3 for marking
[2025-12-19T00:17:36.707+0900] GC(10) Concurrent Mark From Roots 0.875ms
[2025-12-19T00:17:36.707+0900] GC(10) Concurrent Preclean
[2025-12-19T00:17:36.707+0900] GC(10) Concurrent Preclean 0.107ms
[2025-12-19T00:17:36.709+0900] GC(10) Pause Remark
[2025-12-19T00:17:36.712+0900] GC(10) Pause Remark 123M->123M(296M) 2.995ms
[2025-12-19T00:17:36.712+0900] GC(10) User=0.00s Sys=0.00s Real=0.01s
[2025-12-19T00:17:36.712+0900] GC(10) Concurrent Mark 5.421ms
[2025-12-19T00:17:36.712+0900] GC(10) Concurrent Rebuild Remembered Sets
[2025-12-19T00:17:36.712+0900] GC(10) Concurrent Rebuild Remembered Sets 0.073ms
[2025-12-19T00:17:36.713+0900] GC(10) Pause Cleanup
[2025-12-19T00:17:36.713+0900] GC(10) Pause Cleanup 123M->123M(296M) 0.056ms
[2025-12-19T00:17:36.713+0900] GC(10) User=0.00s Sys=0.00s Real=0.00s
[2025-12-19T00:17:36.713+0900] GC(10) Concurrent Cleanup for Next Mark
[2025-12-19T00:17:36.713+0900] GC(10) Concurrent Cleanup for Next Mark 0.439ms
[2025-12-19T00:17:36.713+0900] GC(10) Concurrent Mark Cycle 8.832ms
[2025-12-19T00:17:37.117+0900] GC(11) Pause Young (Concurrent Start) (Metadata GC Threshold)
[2025-12-19T00:17:37.117+0900] GC(11) Using 7 workers of 10 for evacuation
[2025-12-19T00:17:37.127+0900] GC(11)   Pre Evacuate Collection Set: 0.1ms
[2025-12-19T00:17:37.127+0900] GC(11)   Merge Heap Roots: 0.0ms
[2025-12-19T00:17:37.128+0900] GC(11)   Evacuate Collection Set: 8.8ms
[2025-12-19T00:17:37.128+0900] GC(11)   Post Evacuate Collection Set: 1.2ms
[2025-12-19T00:17:37.128+0900] GC(11)   Other: 0.2ms
[2025-12-19T00:17:37.128+0900] GC(11) Eden regions: 15->0(22)
[2025-12-19T00:17:37.128+0900] GC(11) Survivor regions: 2->4(4)
[2025-12-19T00:17:37.128+0900] GC(11) Old regions: 8->8
[2025-12-19T00:17:37.128+0900] GC(11) Archive regions: 2->2
[2025-12-19T00:17:37.128+0900] GC(11) Humongous regions: 20->20
[2025-12-19T00:17:37.128+0900] GC(11) Metaspace: 35765K(35968K)->35765K(35968K) NonClass: 31772K(31872K)->31772K(31872K) Class: 3993K(4096K)->3993K(4096K)
[2025-12-19T00:17:37.129+0900] GC(11) Pause Young (Concurrent Start) (Metadata GC Threshold) 179M->128M(296M) 11.620ms
[2025-12-19T00:17:37.129+0900] GC(11) User=0.01s Sys=0.00s Real=0.01s
[2025-12-19T00:17:37.129+0900] GC(12) Concurrent Mark Cycle
[2025-12-19T00:17:37.129+0900] GC(12) Concurrent Clear Claimed Marks
[2025-12-19T00:17:37.129+0900] GC(12) Concurrent Clear Claimed Marks 0.177ms
[2025-12-19T00:17:37.129+0900] GC(12) Concurrent Scan Root Regions
[2025-12-19T00:17:37.133+0900] GC(12) Concurrent Scan Root Regions 3.371ms
[2025-12-19T00:17:37.133+0900] GC(12) Concurrent Mark
[2025-12-19T00:17:37.133+0900] GC(12) Concurrent Mark From Roots
[2025-12-19T00:17:37.133+0900] GC(12) Using 3 workers of 3 for marking
[2025-12-19T00:17:37.135+0900] GC(12) Concurrent Mark From Roots 2.071ms
[2025-12-19T00:17:37.136+0900] GC(12) Concurrent Preclean
[2025-12-19T00:17:37.136+0900] GC(12) Concurrent Preclean 0.462ms
[2025-12-19T00:17:37.139+0900] GC(12) Pause Remark
[2025-12-19T00:17:37.142+0900] GC(12) Pause Remark 131M->131M(296M) 3.358ms
[2025-12-19T00:17:37.142+0900] GC(12) User=0.00s Sys=0.00s Real=0.01s
[2025-12-19T00:17:37.142+0900] GC(12) Concurrent Mark 9.694ms
[2025-12-19T00:17:37.142+0900] GC(12) Concurrent Rebuild Remembered Sets
[2025-12-19T00:17:37.143+0900] GC(12) Concurrent Rebuild Remembered Sets 0.072ms
[2025-12-19T00:17:37.144+0900] GC(12) Pause Cleanup
[2025-12-19T00:17:37.144+0900] GC(12) Pause Cleanup 131M->131M(296M) 0.154ms
[2025-12-19T00:17:37.144+0900] GC(12) User=0.00s Sys=0.00s Real=0.00s
[2025-12-19T00:17:37.144+0900] GC(12) Concurrent Cleanup for Next Mark
[2025-12-19T00:17:37.145+0900] GC(12) Concurrent Cleanup for Next Mark 0.746ms
[2025-12-19T00:17:37.145+0900] GC(12) Concurrent Mark Cycle 16.128ms
[2025-12-19T00:17:38.852+0900] GC(13) Pause Young (Normal) (G1 Evacuation Pause)
[2025-12-19T00:17:38.852+0900] GC(13) Using 7 workers of 10 for evacuation
[2025-12-19T00:17:38.859+0900] GC(13)   Pre Evacuate Collection Set: 0.1ms
[2025-12-19T00:17:38.860+0900] GC(13)   Merge Heap Roots: 0.1ms
[2025-12-19T00:17:38.860+0900] GC(13)   Evacuate Collection Set: 5.5ms
[2025-12-19T00:17:38.860+0900] GC(13)   Post Evacuate Collection Set: 0.9ms
[2025-12-19T00:17:38.860+0900] GC(13)   Other: 0.3ms
[2025-12-19T00:17:38.860+0900] GC(13) Eden regions: 22->0(20)
[2025-12-19T00:17:38.860+0900] GC(13) Survivor regions: 4->4(4)
[2025-12-19T00:17:38.860+0900] GC(13) Old regions: 8->10
[2025-12-19T00:17:38.860+0900] GC(13) Archive regions: 2->2
[2025-12-19T00:17:38.860+0900] GC(13) Humongous regions: 20->20
[2025-12-19T00:17:38.860+0900] GC(13) Metaspace: 48590K(49088K)->48590K(49088K) NonClass: 43030K(43264K)->43030K(43264K) Class: 5560K(5824K)->5560K(5824K)
[2025-12-19T00:17:38.860+0900] GC(13) Pause Young (Normal) (G1 Evacuation Pause) 216M->137M(296M) 8.086ms
[2025-12-19T00:17:38.860+0900] GC(13) User=0.03s Sys=0.00s Real=0.01s
[2025-12-19T00:17:39.581+0900] GC(14) Pause Young (Concurrent Start) (Metadata GC Threshold)
[2025-12-19T00:17:39.581+0900] GC(14) Using 10 workers of 10 for evacuation
[2025-12-19T00:17:39.609+0900] GC(14)   Pre Evacuate Collection Set: 0.9ms
[2025-12-19T00:17:39.609+0900] GC(14)   Merge Heap Roots: 0.1ms
[2025-12-19T00:17:39.610+0900] GC(14)   Evacuate Collection Set: 26.8ms
[2025-12-19T00:17:39.610+0900] GC(14)   Post Evacuate Collection Set: 0.6ms
[2025-12-19T00:17:39.610+0900] GC(14)   Other: 0.3ms
[2025-12-19T00:17:39.610+0900] GC(14) Eden regions: 19->0(20)
[2025-12-19T00:17:39.610+0900] GC(14) Survivor regions: 4->2(3)
[2025-12-19T00:17:39.610+0900] GC(14) Old regions: 10->14
[2025-12-19T00:17:39.610+0900] GC(14) Archive regions: 2->2
[2025-12-19T00:17:39.610+0900] GC(14) Humongous regions: 20->20
[2025-12-19T00:17:39.610+0900] GC(14) Metaspace: 59722K(60288K)->59722K(60288K) NonClass: 52779K(53056K)->52779K(53056K) Class: 6943K(7232K)->6943K(7232K)
[2025-12-19T00:17:39.610+0900] GC(14) Pause Young (Concurrent Start) (Metadata GC Threshold) 212M->143M(296M) 29.755ms
[2025-12-19T00:17:39.610+0900] GC(14) User=0.02s Sys=0.00s Real=0.03s
[2025-12-19T00:17:39.611+0900] GC(15) Concurrent Mark Cycle
[2025-12-19T00:17:39.611+0900] GC(15) Concurrent Clear Claimed Marks
[2025-12-19T00:17:39.611+0900] GC(15) Concurrent Clear Claimed Marks 0.095ms
[2025-12-19T00:17:39.611+0900] GC(15) Concurrent Scan Root Regions
[2025-12-19T00:17:39.617+0900] GC(15) Concurrent Scan Root Regions 5.791ms
[2025-12-19T00:17:39.617+0900] GC(15) Concurrent Mark
[2025-12-19T00:17:39.617+0900] GC(15) Concurrent Mark From Roots
[2025-12-19T00:17:39.617+0900] GC(15) Using 3 workers of 3 for marking
[2025-12-19T00:17:39.629+0900] GC(15) Concurrent Mark From Roots 12.738ms
[2025-12-19T00:17:39.631+0900] GC(15) Concurrent Preclean
[2025-12-19T00:17:39.633+0900] GC(15) Concurrent Preclean 1.587ms
[2025-12-19T00:17:39.636+0900] GC(15) Pause Remark
[2025-12-19T00:17:39.653+0900] GC(15) Pause Remark 145M->145M(296M) 17.012ms
[2025-12-19T00:17:39.654+0900] GC(15) User=0.01s Sys=0.00s Real=0.02s
[2025-12-19T00:17:39.656+0900] GC(15) Concurrent Mark 38.975ms
[2025-12-19T00:17:39.656+0900] GC(15) Concurrent Rebuild Remembered Sets
[2025-12-19T00:17:39.663+0900] GC(15) Concurrent Rebuild Remembered Sets 7.094ms
[2025-12-19T00:17:39.666+0900] GC(15) Pause Cleanup
[2025-12-19T00:17:39.666+0900] GC(15) Pause Cleanup 146M->146M(296M) 0.270ms
[2025-12-19T00:17:39.666+0900] GC(15) User=0.00s Sys=0.00s Real=0.00s
[2025-12-19T00:17:39.667+0900] GC(15) Concurrent Cleanup for Next Mark
[2025-12-19T00:17:39.668+0900] GC(15) Concurrent Cleanup for Next Mark 1.053ms
[2025-12-19T00:17:39.668+0900] GC(15) Concurrent Mark Cycle 57.215ms
[2025-12-19T00:17:45.159+0900] GC(16) Pause Young (Normal) (G1 Evacuation Pause)
[2025-12-19T00:17:45.159+0900] GC(16) Using 10 workers of 10 for evacuation
[2025-12-19T00:17:45.162+0900] GC(16)   Pre Evacuate Collection Set: 0.1ms
[2025-12-19T00:17:45.162+0900] GC(16)   Merge Heap Roots: 0.1ms
[2025-12-19T00:17:45.162+0900] GC(16)   Evacuate Collection Set: 2.2ms
[2025-12-19T00:17:45.162+0900] GC(16)   Post Evacuate Collection Set: 0.4ms
[2025-12-19T00:17:45.162+0900] GC(16)   Other: 0.3ms
[2025-12-19T00:17:45.162+0900] GC(16) Eden regions: 20->0(20)
[2025-12-19T00:17:45.162+0900] GC(16) Survivor regions: 2->3(3)
[2025-12-19T00:17:45.162+0900] GC(16) Old regions: 14->14
[2025-12-19T00:17:45.162+0900] GC(16) Archive regions: 2->2
[2025-12-19T00:17:45.162+0900] GC(16) Humongous regions: 20->20
[2025-12-19T00:17:45.162+0900] GC(16) Metaspace: 79103K(79744K)->79103K(79744K) NonClass: 70096K(70464K)->70096K(70464K) Class: 9007K(9280K)->9007K(9280K)
[2025-12-19T00:17:45.162+0900] GC(16) Pause Young (Normal) (G1 Evacuation Pause) 223M->149M(296M) 3.488ms
[2025-12-19T00:17:45.162+0900] GC(16) User=0.02s Sys=0.00s Real=0.01s
[2025-12-19T00:18:36.435+0900] GC(17) Pause Young (Concurrent Start) (G1 Evacuation Pause)
[2025-12-19T00:18:36.436+0900] GC(17) Using 10 workers of 10 for evacuation
[2025-12-19T00:18:36.455+0900] GC(17)   Pre Evacuate Collection Set: 2.0ms
[2025-12-19T00:18:36.455+0900] GC(17)   Merge Heap Roots: 0.4ms
[2025-12-19T00:18:36.455+0900] GC(17)   Evacuate Collection Set: 14.4ms
[2025-12-19T00:18:36.455+0900] GC(17)   Post Evacuate Collection Set: 1.3ms
[2025-12-19T00:18:36.455+0900] GC(17)   Other: 1.5ms
[2025-12-19T00:18:36.455+0900] GC(17) Eden regions: 20->0(20)
[2025-12-19T00:18:36.455+0900] GC(17) Survivor regions: 3->1(3)
[2025-12-19T00:18:36.455+0900] GC(17) Old regions: 14->17
[2025-12-19T00:18:36.455+0900] GC(17) Archive regions: 2->2
[2025-12-19T00:18:36.456+0900] GC(17) Humongous regions: 20->20
[2025-12-19T00:18:36.456+0900] GC(17) Metaspace: 82468K(83200K)->82468K(83200K) NonClass: 73055K(73408K)->73055K(73408K) Class: 9413K(9792K)->9413K(9792K)
[2025-12-19T00:18:36.456+0900] GC(17) Pause Young (Concurrent Start) (G1 Evacuation Pause) 229M->151M(296M) 20.578ms
[2025-12-19T00:18:36.456+0900] GC(17) User=0.13s Sys=0.00s Real=0.02s
[2025-12-19T00:18:36.456+0900] GC(18) Concurrent Mark Cycle
[2025-12-19T00:18:36.456+0900] GC(18) Concurrent Clear Claimed Marks
[2025-12-19T00:18:36.456+0900] GC(18) Concurrent Clear Claimed Marks 0.225ms
[2025-12-19T00:18:36.457+0900] GC(18) Concurrent Scan Root Regions
[2025-12-19T00:18:36.460+0900] GC(18) Concurrent Scan Root Regions 3.775ms
[2025-12-19T00:18:36.460+0900] GC(18) Concurrent Mark
[2025-12-19T00:18:36.461+0900] GC(18) Concurrent Mark From Roots
[2025-12-19T00:18:36.461+0900] GC(18) Using 3 workers of 3 for marking
[2025-12-19T00:18:36.469+0900] GC(18) Concurrent Mark From Roots 8.483ms
[2025-12-19T00:18:36.469+0900] GC(18) Concurrent Preclean
[2025-12-19T00:18:36.469+0900] GC(18) Concurrent Preclean 0.205ms
[2025-12-19T00:18:36.469+0900] GC(18) Pause Remark
[2025-12-19T00:18:36.486+0900] GC(18) Pause Remark 151M->151M(296M) 16.880ms
[2025-12-19T00:18:36.486+0900] GC(18) User=0.14s Sys=0.00s Real=0.02s
[2025-12-19T00:18:36.487+0900] GC(18) Concurrent Mark 26.172ms
[2025-12-19T00:18:36.487+0900] GC(18) Concurrent Rebuild Remembered Sets
[2025-12-19T00:18:36.491+0900] GC(18) Concurrent Rebuild Remembered Sets 4.482ms
[2025-12-19T00:18:36.493+0900] GC(18) Pause Cleanup
[2025-12-19T00:18:36.493+0900] GC(18) Pause Cleanup 151M->151M(296M) 0.142ms
[2025-12-19T00:18:36.493+0900] GC(18) User=0.00s Sys=0.00s Real=0.00s
[2025-12-19T00:18:36.493+0900] GC(18) Concurrent Cleanup for Next Mark
[2025-12-19T00:18:36.494+0900] GC(18) Concurrent Cleanup for Next Mark 0.782ms
[2025-12-19T00:18:36.494+0900] GC(18) Concurrent Mark Cycle 37.865ms
