[2025-12-19T00:20:51.615+0900] Using G1
[2025-12-19T00:20:51.616+0900] Version: 17.0.17+10-Ubuntu-122.04 (release)
[2025-12-19T00:20:51.616+0900] CPUs: 12 total, 12 available
[2025-12-19T00:20:51.616+0900] Memory: 11948M
[2025-12-19T00:20:51.616+0900] Large Page Support: Disabled
[2025-12-19T00:20:51.616+0900] NUMA Support: Disabled
[2025-12-19T00:20:51.616+0900] Compressed Oops: Enabled (Zero based)
[2025-12-19T00:20:51.616+0900] Heap Region Size: 4M
[2025-12-19T00:20:51.616+0900] Heap Min Capacity: 8M
[2025-12-19T00:20:51.616+0900] Heap Initial Capacity: 188M
[2025-12-19T00:20:51.616+0900] Heap Max Capacity: 8G
[2025-12-19T00:20:51.616+0900] Pre-touch: Disabled
[2025-12-19T00:20:51.616+0900] Parallel Workers: 10
[2025-12-19T00:20:51.616+0900] Concurrent Workers: 3
[2025-12-19T00:20:51.616+0900] Concurrent Refinement Workers: 10
[2025-12-19T00:20:51.616+0900] Periodic GC: Disabled
[2025-12-19T00:20:51.620+0900] CDS archive(s) mapped at: [0x0000007800000000-0x0000007800be0000-0x0000007800be0000), size 12451840, SharedBaseAddress: 0x0000007800000000, ArchiveRelocationMode: 1.
[2025-12-19T00:20:51.620+0900] Compressed class space mapped at: 0x0000007801000000-0x0000007841000000, reserved size: 1073741824
[2025-12-19T00:20:51.620+0900] Narrow klass base: 0x0000007800000000, Narrow klass shift: 0, Narrow klass range: 0x100000000
[2025-12-19T00:20:51.813+0900] GC(0) Pause Young (Normal) (G1 Evacuation Pause)
[2025-12-19T00:20:51.813+0900] GC(0) Using 4 workers of 10 for evacuation
[2025-12-19T00:20:51.820+0900] GC(0)   Pre Evacuate Collection Set: 0.1ms
[2025-12-19T00:20:51.820+0900] GC(0)   Merge Heap Roots: 0.1ms
[2025-12-19T00:20:51.820+0900] GC(0)   Evacuate Collection Set: 6.2ms
[2025-12-19T00:20:51.820+0900] GC(0)   Post Evacuate Collection Set: 0.4ms
[2025-12-19T00:20:51.820+0900] GC(0)   Other: 0.5ms
[2025-12-19T00:20:51.820+0900] GC(0) Eden regions: 5->0(2)
[2025-12-19T00:20:51.820+0900] GC(0) Survivor regions: 0->1(1)
[2025-12-19T00:20:51.820+0900] GC(0) Old regions: 0->3
[2025-12-19T00:20:51.820+0900] GC(0) Archive regions: 2->2
[2025-12-19T00:20:51.820+0900] GC(0) Humongous regions: 3->3
[2025-12-19T00:20:51.820+0900] GC(0) Metaspace: 551K(768K)->551K(768K) NonClass: 538K(640K)->538K(640K) Class: 13K(128K)->13K(128K)
[2025-12-19T00:20:51.821+0900] GC(0) Pause Young (Normal) (G1 Evacuation Pause) 35M->30M(196M) 7.721ms
[2025-12-19T00:20:51.821+0900] GC(0) User=0.00s Sys=0.02s Real=0.01s
[2025-12-19T00:20:51.871+0900] GC(1) Pause Young (Normal) (G1 Evacuation Pause)
[2025-12-19T00:20:51.871+0900] GC(1) Using 4 workers of 10 for evacuation
[2025-12-19T00:20:51.874+0900] GC(1)   Pre Evacuate Collection Set: 0.1ms
[2025-12-19T00:20:51.874+0900] GC(1)   Merge Heap Roots: 0.1ms
[2025-12-19T00:20:51.874+0900] GC(1)   Evacuate Collection Set: 2.8ms
[2025-12-19T00:20:51.874+0900] GC(1)   Post Evacuate Collection Set: 0.3ms
[2025-12-19T00:20:51.874+0900] GC(1)   Other: 0.2ms
[2025-12-19T00:20:51.874+0900] GC(1) Eden regions: 2->0(4)
[2025-12-19T00:20:51.874+0900] GC(1) Survivor regions: 1->1(1)
[2025-12-19T00:20:51.874+0900] GC(1) Old regions: 3->5
[2025-12-19T00:20:51.874+0900] GC(1) Archive regions: 2->2
[2025-12-19T00:20:51.875+0900] GC(1) Humongous regions: 5->5
[2025-12-19T00:20:51.875+0900] GC(1) Metaspace: 575K(768K)->575K(768K) NonClass: 562K(640K)->562K(640K) Class: 13K(128K)->13K(128K)
[2025-12-19T00:20:51.875+0900] GC(1) Pause Young (Normal) (G1 Evacuation Pause) 46M->46M(196M) 3.934ms
[2025-12-19T00:20:51.875+0900] GC(1) User=0.00s Sys=0.00s Real=0.00s
[2025-12-19T00:20:51.923+0900] GC(2) Pause Young (Concurrent Start) (G1 Humongous Allocation)
[2025-12-19T00:20:51.923+0900] GC(2) Using 4 workers of 10 for evacuation
[2025-12-19T00:20:51.926+0900] GC(2)   Pre Evacuate Collection Set: 0.0ms
[2025-12-19T00:20:51.926+0900] GC(2)   Merge Heap Roots: 0.1ms
[2025-12-19T00:20:51.926+0900] GC(2)   Evacuate Collection Set: 2.3ms
[2025-12-19T00:20:51.926+0900] GC(2)   Post Evacuate Collection Set: 0.3ms
[2025-12-19T00:20:51.926+0900] GC(2)   Other: 0.3ms
[2025-12-19T00:20:51.926+0900] GC(2) Eden regions: 2->0(7)
[2025-12-19T00:20:51.926+0900] GC(2) Survivor regions: 1->1(1)
[2025-12-19T00:20:51.926+0900] GC(2) Old regions: 5->7
[2025-12-19T00:20:51.926+0900] GC(2) Archive regions: 2->2
[2025-12-19T00:20:51.926+0900] GC(2) Humongous regions: 6->6
[2025-12-19T00:20:51.926+0900] GC(2) Metaspace: 1058K(1216K)->1058K(1216K) NonClass: 1002K(1088K)->1002K(1088K) Class: 55K(128K)->55K(128K)
[2025-12-19T00:20:51.926+0900] GC(2) Pause Young (Concurrent Start) (G1 Humongous Allocation) 57M->56M(196M) 3.549ms
[2025-12-19T00:20:51.926+0900] GC(2) User=0.01s Sys=0.01s Real=0.01s
[2025-12-19T00:20:51.926+0900] GC(3) Concurrent Undo Cycle
[2025-12-19T00:20:51.926+0900] GC(3) Concurrent Cleanup for Next Mark
[2025-12-19T00:20:51.930+0900] GC(3) Concurrent Cleanup for Next Mark 3.214ms
[2025-12-19T00:20:51.930+0900] GC(3) Concurrent Undo Cycle 3.384ms
[2025-12-19T00:20:52.000+0900] GC(4) Pause Young (Concurrent Start) (G1 Humongous Allocation)
[2025-12-19T00:20:52.000+0900] GC(4) Using 4 workers of 10 for evacuation
[2025-12-19T00:20:52.002+0900] GC(4)   Pre Evacuate Collection Set: 0.3ms
[2025-12-19T00:20:52.002+0900] GC(4)   Merge Heap Roots: 0.1ms
[2025-12-19T00:20:52.002+0900] GC(4)   Evacuate Collection Set: 1.4ms
[2025-12-19T00:20:52.002+0900] GC(4)   Post Evacuate Collection Set: 0.1ms
[2025-12-19T00:20:52.003+0900] GC(4)   Other: 0.4ms
[2025-12-19T00:20:52.003+0900] GC(4) Eden regions: 0->0(4)
[2025-12-19T00:20:52.003+0900] GC(4) Survivor regions: 1->0(1)
[2025-12-19T00:20:52.003+0900] GC(4) Old regions: 7->7
[2025-12-19T00:20:52.003+0900] GC(4) Archive regions: 2->2
[2025-12-19T00:20:52.003+0900] GC(4) Humongous regions: 18->18
[2025-12-19T00:20:52.003+0900] GC(4) Metaspace: 1058K(1216K)->1058K(1216K) NonClass: 1002K(1088K)->1002K(1088K) Class: 55K(128K)->55K(128K)
[2025-12-19T00:20:52.003+0900] GC(4) Pause Young (Concurrent Start) (G1 Humongous Allocation) 104M->103M(196M) 3.311ms
[2025-12-19T00:20:52.003+0900] GC(4) User=0.01s Sys=0.01s Real=0.00s
[2025-12-19T00:20:52.003+0900] GC(5) Concurrent Mark Cycle
[2025-12-19T00:20:52.003+0900] GC(5) Concurrent Clear Claimed Marks
[2025-12-19T00:20:52.003+0900] GC(5) Concurrent Clear Claimed Marks 0.052ms
[2025-12-19T00:20:52.003+0900] GC(5) Concurrent Scan Root Regions
[2025-12-19T00:20:52.004+0900] GC(5) Concurrent Scan Root Regions 0.407ms
[2025-12-19T00:20:52.004+0900] GC(5) Concurrent Mark
[2025-12-19T00:20:52.004+0900] GC(5) Concurrent Mark From Roots
[2025-12-19T00:20:52.005+0900] GC(5) Using 3 workers of 3 for marking
[2025-12-19T00:20:52.007+0900] GC(5) Concurrent Mark From Roots 3.166ms
[2025-12-19T00:20:52.008+0900] GC(5) Concurrent Preclean
[2025-12-19T00:20:52.010+0900] GC(5) Concurrent Preclean 2.215ms
[2025-12-19T00:20:52.011+0900] GC(5) Pause Remark
[2025-12-19T00:20:52.012+0900] GC(5) Pause Remark 112M->112M(200M) 0.785ms
[2025-12-19T00:20:52.012+0900] GC(5) User=0.00s Sys=0.00s Real=0.00s
[2025-12-19T00:20:52.012+0900] GC(5) Concurrent Mark 7.657ms
[2025-12-19T00:20:52.012+0900] GC(5) Concurrent Rebuild Remembered Sets
[2025-12-19T00:20:52.012+0900] GC(5) Concurrent Rebuild Remembered Sets 0.079ms
[2025-12-19T00:20:52.013+0900] GC(5) Pause Cleanup
[2025-12-19T00:20:52.013+0900] GC(5) Pause Cleanup 112M->112M(200M) 0.065ms
[2025-12-19T00:20:52.013+0900] GC(5) User=0.00s Sys=0.00s Real=0.00s
[2025-12-19T00:20:52.013+0900] GC(5) Concurrent Cleanup for Next Mark
[2025-12-19T00:20:52.016+0900] GC(5) Concurrent Cleanup for Next Mark 2.654ms
[2025-12-19T00:20:52.016+0900] GC(5) Concurrent Mark Cycle 12.446ms
[2025-12-19T00:20:52.316+0900] GC(6) Pause Young (Normal) (G1 Evacuation Pause)
[2025-12-19T00:20:52.316+0900] GC(6) Using 4 workers of 10 for evacuation
[2025-12-19T00:20:52.317+0900] GC(6)   Pre Evacuate Collection Set: 0.1ms
[2025-12-19T00:20:52.317+0900] GC(6)   Merge Heap Roots: 0.0ms
[2025-12-19T00:20:52.317+0900] GC(6)   Evacuate Collection Set: 0.9ms
[2025-12-19T00:20:52.317+0900] GC(6)   Post Evacuate Collection Set: 0.2ms
[2025-12-19T00:20:52.317+0900] GC(6)   Other: 0.2ms
[2025-12-19T00:20:52.317+0900] GC(6) Eden regions: 4->0(4)
[2025-12-19T00:20:52.317+0900] GC(6) Survivor regions: 0->1(1)
[2025-12-19T00:20:52.317+0900] GC(6) Old regions: 7->7
[2025-12-19T00:20:52.317+0900] GC(6) Archive regions: 2->2
[2025-12-19T00:20:52.317+0900] GC(6) Humongous regions: 20->20
[2025-12-19T00:20:52.318+0900] GC(6) Metaspace: 3031K(3200K)->3031K(3200K) NonClass: 2716K(2816K)->2716K(2816K) Class: 314K(384K)->314K(384K)
[2025-12-19T00:20:52.318+0900] GC(6) Pause Young (Normal) (G1 Evacuation Pause) 127M->115M(200M) 1.947ms
[2025-12-19T00:20:52.318+0900] GC(6) User=0.01s Sys=0.00s Real=0.01s
[2025-12-19T00:20:52.521+0900] GC(7) Pause Young (Concurrent Start) (G1 Evacuation Pause)
[2025-12-19T00:20:52.521+0900] GC(7) Using 4 workers of 10 for evacuation
[2025-12-19T00:20:52.523+0900] GC(7)   Pre Evacuate Collection Set: 0.1ms
[2025-12-19T00:20:52.523+0900] GC(7)   Merge Heap Roots: 0.0ms
[2025-12-19T00:20:52.523+0900] GC(7)   Evacuate Collection Set: 1.1ms
[2025-12-19T00:20:52.523+0900] GC(7)   Post Evacuate Collection Set: 0.3ms
[2025-12-19T00:20:52.523+0900] GC(7)   Other: 0.2ms
[2025-12-19T00:20:52.523+0900] GC(7) Eden regions: 4->0(5)
[2025-12-19T00:20:52.523+0900] GC(7) Survivor regions: 1->1(1)
[2025-12-19T00:20:52.523+0900] GC(7) Old regions: 7->8
[2025-12-19T00:20:52.523+0900] GC(7) Archive regions: 2->2
[2025-12-19T00:20:52.523+0900] GC(7) Humongous regions: 20->20
[2025-12-19T00:20:52.523+0900] GC(7) Metaspace: 8069K(8384K)->8069K(8384K) NonClass: 7130K(7296K)->7130K(7296K) Class: 938K(1088K)->938K(1088K)
[2025-12-19T00:20:52.523+0900] GC(7) Pause Young (Concurrent Start) (G1 Evacuation Pause) 131M->117M(200M) 2.072ms
[2025-12-19T00:20:52.523+0900] GC(7) User=0.00s Sys=0.00s Real=0.00s
[2025-12-19T00:20:52.523+0900] GC(8) Concurrent Mark Cycle
[2025-12-19T00:20:52.523+0900] GC(8) Concurrent Clear Claimed Marks
[2025-12-19T00:20:52.523+0900] GC(8) Concurrent Clear Claimed Marks 0.079ms
[2025-12-19T00:20:52.523+0900] GC(8) Concurrent Scan Root Regions
[2025-12-19T00:20:52.524+0900] GC(8) Concurrent Scan Root Regions 0.777ms
[2025-12-19T00:20:52.526+0900] GC(8) Concurrent Mark
[2025-12-19T00:20:52.526+0900] GC(8) Concurrent Mark From Roots
[2025-12-19T00:20:52.526+0900] GC(8) Using 3 workers of 3 for marking
[2025-12-19T00:20:52.527+0900] GC(8) Concurrent Mark From Roots 1.054ms
[2025-12-19T00:20:52.527+0900] GC(8) Concurrent Preclean
[2025-12-19T00:20:52.527+0900] GC(8) Concurrent Preclean 0.163ms
[2025-12-19T00:20:52.528+0900] GC(8) Pause Remark
[2025-12-19T00:20:52.529+0900] GC(8) Pause Remark 118M->118M(216M) 0.858ms
[2025-12-19T00:20:52.529+0900] GC(8) User=0.00s Sys=0.00s Real=0.00s
[2025-12-19T00:20:52.529+0900] GC(8) Concurrent Mark 3.129ms
[2025-12-19T00:20:52.529+0900] GC(8) Concurrent Rebuild Remembered Sets
[2025-12-19T00:20:52.529+0900] GC(8) Concurrent Rebuild Remembered Sets 0.568ms
[2025-12-19T00:20:52.531+0900] GC(8) Pause Cleanup
[2025-12-19T00:20:52.531+0900] GC(8) Pause Cleanup 118M->118M(216M) 0.113ms
[2025-12-19T00:20:52.531+0900] GC(8) User=0.00s Sys=0.00s Real=0.00s
[2025-12-19T00:20:52.531+0900] GC(8) Concurrent Cleanup for Next Mark
[2025-12-19T00:20:52.531+0900] GC(8) Concurrent Cleanup for Next Mark 0.320ms
[2025-12-19T00:20:52.532+0900] GC(8) Concurrent Mark Cycle 8.299ms
[2025-12-19T00:20:52.688+0900] GC(9) Pause Young (Normal) (G1 Evacuation Pause)
[2025-12-19T00:20:52.688+0900] GC(9) Using 5 workers of 10 for evacuation
[2025-12-19T00:20:52.692+0900] GC(9)   Pre Evacuate Collection Set: 0.1ms
[2025-12-19T00:20:52.692+0900] GC(9)   Merge Heap Roots: 0.1ms
[2025-12-19T00:20:52.692+0900] GC(9)   Evacuate Collection Set: 2.5ms
[2025-12-19T00:20:52.692+0900] GC(9)   Post Evacuate Collection Set: 0.8ms
[2025-12-19T00:20:52.692+0900] GC(9)   Other: 1.0ms
[2025-12-19T00:20:52.692+0900] GC(9) Eden regions: 5->0(16)
[2025-12-19T00:20:52.692+0900] GC(9) Survivor regions: 1->1(1)
[2025-12-19T00:20:52.693+0900] GC(9) Old regions: 8->9
[2025-12-19T00:20:52.693+0900] GC(9) Archive regions: 2->2
[2025-12-19T00:20:52.693+0900] GC(9) Humongous regions: 20->20
[2025-12-19T00:20:52.693+0900] GC(9) Metaspace: 12787K(13056K)->12787K(13056K) NonClass: 11281K(11392K)->11281K(11392K) Class: 1506K(1664K)->1506K(1664K)
[2025-12-19T00:20:52.693+0900] GC(9) Pause Young (Normal) (G1 Evacuation Pause) 137M->118M(304M) 5.122ms
[2025-12-19T00:20:52.693+0900] GC(9) User=0.01s Sys=0.01s Real=0.00s
[2025-12-19T00:20:53.014+0900] GC(10) Pause Young (Concurrent Start) (Metadata GC Threshold)
[2025-12-19T00:20:53.015+0900] GC(10) Using 7 workers of 10 for evacuation
[2025-12-19T00:20:53.018+0900] GC(10)   Pre Evacuate Collection Set: 0.2ms
[2025-12-19T00:20:53.018+0900] GC(10)   Merge Heap Roots: 0.1ms
[2025-12-19T00:20:53.018+0900] GC(10)   Evacuate Collection Set: 2.6ms
[2025-12-19T00:20:53.018+0900] GC(10)   Post Evacuate Collection Set: 0.5ms
[2025-12-19T00:20:53.018+0900] GC(10)   Other: 0.7ms
[2025-12-19T00:20:53.018+0900] GC(10) Eden regions: 12->0(25)
[2025-12-19T00:20:53.019+0900] GC(10) Survivor regions: 1->1(3)
[2025-12-19T00:20:53.019+0900] GC(10) Old regions: 9->9
[2025-12-19T00:20:53.019+0900] GC(10) Archive regions: 2->2
[2025-12-19T00:20:53.019+0900] GC(10) Humongous regions: 20->20
[2025-12-19T00:20:53.019+0900] GC(10) Metaspace: 21268K(21504K)->21268K(21504K) NonClass: 18956K(19072K)->18956K(19072K) Class: 2311K(2432K)->2311K(2432K)
[2025-12-19T00:20:53.019+0900] GC(10) Pause Young (Concurrent Start) (Metadata GC Threshold) 165M->120M(304M) 4.555ms
[2025-12-19T00:20:53.019+0900] GC(10) User=0.01s Sys=0.00s Real=0.01s
[2025-12-19T00:20:53.019+0900] GC(11) Concurrent Mark Cycle
[2025-12-19T00:20:53.019+0900] GC(11) Concurrent Clear Claimed Marks
[2025-12-19T00:20:53.019+0900] GC(11) Concurrent Clear Claimed Marks 0.125ms
[2025-12-19T00:20:53.019+0900] GC(11) Concurrent Scan Root Regions
[2025-12-19T00:20:53.021+0900] GC(11) Concurrent Scan Root Regions 1.394ms
[2025-12-19T00:20:53.021+0900] GC(11) Concurrent Mark
[2025-12-19T00:20:53.022+0900] GC(11) Concurrent Mark From Roots
[2025-12-19T00:20:53.022+0900] GC(11) Using 3 workers of 3 for marking
[2025-12-19T00:20:53.023+0900] GC(11) Concurrent Mark From Roots 1.624ms
[2025-12-19T00:20:53.024+0900] GC(11) Concurrent Preclean
[2025-12-19T00:20:53.024+0900] GC(11) Concurrent Preclean 0.177ms
[2025-12-19T00:20:53.024+0900] GC(11) Pause Remark
[2025-12-19T00:20:53.025+0900] GC(11) Pause Remark 122M->122M(304M) 1.638ms
[2025-12-19T00:20:53.026+0900] GC(11) User=0.01s Sys=0.00s Real=0.01s
[2025-12-19T00:20:53.026+0900] GC(11) Concurrent Mark 5.555ms
[2025-12-19T00:20:53.026+0900] GC(11) Concurrent Rebuild Remembered Sets
[2025-12-19T00:20:53.027+0900] GC(11) Concurrent Rebuild Remembered Sets 0.946ms
[2025-12-19T00:20:53.028+0900] GC(11) Pause Cleanup
[2025-12-19T00:20:53.028+0900] GC(11) Pause Cleanup 122M->122M(304M) 0.096ms
[2025-12-19T00:20:53.028+0900] GC(11) User=0.00s Sys=0.00s Real=0.00s
[2025-12-19T00:20:53.028+0900] GC(11) Concurrent Cleanup for Next Mark
[2025-12-19T00:20:53.028+0900] GC(11) Concurrent Cleanup for Next Mark 0.371ms
[2025-12-19T00:20:53.028+0900] GC(11) Concurrent Mark Cycle 9.487ms
[2025-12-19T00:20:53.403+0900] GC(12) Pause Young (Concurrent Start) (Metadata GC Threshold)
[2025-12-19T00:20:53.405+0900] GC(12) Using 7 workers of 10 for evacuation
[2025-12-19T00:20:53.412+0900] GC(12)   Pre Evacuate Collection Set: 0.1ms
[2025-12-19T00:20:53.412+0900] GC(12)   Merge Heap Roots: 0.1ms
[2025-12-19T00:20:53.412+0900] GC(12)   Evacuate Collection Set: 6.3ms
[2025-12-19T00:20:53.412+0900] GC(12)   Post Evacuate Collection Set: 0.6ms
[2025-12-19T00:20:53.412+0900] GC(12)   Other: 2.0ms
[2025-12-19T00:20:53.413+0900] GC(12) Eden regions: 14->0(25)
[2025-12-19T00:20:53.413+0900] GC(12) Survivor regions: 1->3(4)
[2025-12-19T00:20:53.413+0900] GC(12) Old regions: 9->9
[2025-12-19T00:20:53.413+0900] GC(12) Archive regions: 2->2
[2025-12-19T00:20:53.413+0900] GC(12) Humongous regions: 20->20
[2025-12-19T00:20:53.413+0900] GC(12) Metaspace: 35867K(36096K)->35867K(36096K) NonClass: 31833K(31936K)->31833K(31936K) Class: 4033K(4160K)->4033K(4160K)
[2025-12-19T00:20:53.413+0900] GC(12) Pause Young (Concurrent Start) (Metadata GC Threshold) 176M->129M(304M) 10.280ms
[2025-12-19T00:20:53.413+0900] GC(12) User=0.01s Sys=0.00s Real=0.01s
[2025-12-19T00:20:53.413+0900] GC(13) Concurrent Mark Cycle
[2025-12-19T00:20:53.417+0900] GC(13) Concurrent Clear Claimed Marks
[2025-12-19T00:20:53.417+0900] GC(13) Concurrent Clear Claimed Marks 0.104ms
[2025-12-19T00:20:53.417+0900] GC(13) Concurrent Scan Root Regions
[2025-12-19T00:20:53.422+0900] GC(13) Concurrent Scan Root Regions 4.765ms
[2025-12-19T00:20:53.422+0900] GC(13) Concurrent Mark
[2025-12-19T00:20:53.422+0900] GC(13) Concurrent Mark From Roots
[2025-12-19T00:20:53.422+0900] GC(13) Using 3 workers of 3 for marking
[2025-12-19T00:20:53.426+0900] GC(13) Concurrent Mark From Roots 3.704ms
[2025-12-19T00:20:53.426+0900] GC(13) Concurrent Preclean
[2025-12-19T00:20:53.426+0900] GC(13) Concurrent Preclean 0.451ms
[2025-12-19T00:20:53.429+0900] GC(13) Pause Remark
[2025-12-19T00:20:53.430+0900] GC(13) Pause Remark 132M->132M(304M) 1.750ms
[2025-12-19T00:20:53.431+0900] GC(13) User=0.00s Sys=0.00s Real=0.00s
[2025-12-19T00:20:53.431+0900] GC(13) Concurrent Mark 9.611ms
[2025-12-19T00:20:53.432+0900] GC(13) Concurrent Rebuild Remembered Sets
[2025-12-19T00:20:53.436+0900] GC(13) Concurrent Rebuild Remembered Sets 3.889ms
[2025-12-19T00:20:53.436+0900] GC(13) Pause Cleanup
[2025-12-19T00:20:53.436+0900] GC(13) Pause Cleanup 132M->132M(304M) 0.090ms
[2025-12-19T00:20:53.436+0900] GC(13) User=0.00s Sys=0.00s Real=0.01s
[2025-12-19T00:20:53.436+0900] GC(13) Concurrent Cleanup for Next Mark
[2025-12-19T00:20:53.436+0900] GC(13) Concurrent Cleanup for Next Mark 0.648ms
[2025-12-19T00:20:53.437+0900] GC(13) Concurrent Mark Cycle 23.136ms
[2025-12-19T00:20:55.127+0900] GC(14) Pause Young (Concurrent Start) (G1 Evacuation Pause)
[2025-12-19T00:20:55.127+0900] GC(14) Using 8 workers of 10 for evacuation
[2025-12-19T00:20:55.138+0900] GC(14)   Pre Evacuate Collection Set: 0.2ms
[2025-12-19T00:20:55.138+0900] GC(14)   Merge Heap Roots: 0.0ms
[2025-12-19T00:20:55.139+0900] GC(14)   Evacuate Collection Set: 9.3ms
[2025-12-19T00:20:55.139+0900] GC(14)   Post Evacuate Collection Set: 1.2ms
[2025-12-19T00:20:55.139+0900] GC(14)   Other: 0.4ms
[2025-12-19T00:20:55.139+0900] GC(14) Eden regions: 25->0(21)
[2025-12-19T00:20:55.139+0900] GC(14) Survivor regions: 3->4(4)
[2025-12-19T00:20:55.139+0900] GC(14) Old regions: 9->10
[2025-12-19T00:20:55.139+0900] GC(14) Archive regions: 2->2
[2025-12-19T00:20:55.139+0900] GC(14) Humongous regions: 20->20
[2025-12-19T00:20:55.139+0900] GC(14) Metaspace: 50094K(50688K)->50094K(50688K) NonClass: 44280K(44608K)->44280K(44608K) Class: 5814K(6080K)->5814K(6080K)
[2025-12-19T00:20:55.139+0900] GC(14) Pause Young (Concurrent Start) (G1 Evacuation Pause) 229M->139M(304M) 12.437ms
[2025-12-19T00:20:55.139+0900] GC(14) User=0.04s Sys=0.01s Real=0.01s
[2025-12-19T00:20:55.139+0900] GC(15) Concurrent Mark Cycle
[2025-12-19T00:20:55.141+0900] GC(15) Concurrent Clear Claimed Marks
[2025-12-19T00:20:55.141+0900] GC(15) Concurrent Clear Claimed Marks 0.165ms
[2025-12-19T00:20:55.141+0900] GC(15) Concurrent Scan Root Regions
[2025-12-19T00:20:55.144+0900] GC(15) Concurrent Scan Root Regions 2.982ms
[2025-12-19T00:20:55.147+0900] GC(15) Concurrent Mark
[2025-12-19T00:20:55.148+0900] GC(15) Concurrent Mark From Roots
[2025-12-19T00:20:55.148+0900] GC(15) Using 3 workers of 3 for marking
[2025-12-19T00:20:55.154+0900] GC(15) Concurrent Mark From Roots 6.697ms
[2025-12-19T00:20:55.155+0900] GC(15) Concurrent Preclean
[2025-12-19T00:20:55.155+0900] GC(15) Concurrent Preclean 0.277ms
[2025-12-19T00:20:55.156+0900] GC(15) Pause Remark
[2025-12-19T00:20:55.158+0900] GC(15) Pause Remark 143M->143M(304M) 1.326ms
[2025-12-19T00:20:55.158+0900] GC(15) User=0.00s Sys=0.00s Real=0.00s
[2025-12-19T00:20:55.158+0900] GC(15) Concurrent Mark 10.848ms
[2025-12-19T00:20:55.158+0900] GC(15) Concurrent Rebuild Remembered Sets
[2025-12-19T00:20:55.162+0900] GC(15) Concurrent Rebuild Remembered Sets 4.237ms
[2025-12-19T00:20:55.163+0900] GC(15) Pause Cleanup
[2025-12-19T00:20:55.164+0900] GC(15) Pause Cleanup 144M->144M(304M) 0.549ms
[2025-12-19T00:20:55.164+0900] GC(15) User=0.00s Sys=0.00s Real=0.00s
[2025-12-19T00:20:55.164+0900] GC(15) Concurrent Cleanup for Next Mark
[2025-12-19T00:20:55.166+0900] GC(15) Concurrent Cleanup for Next Mark 1.427ms
[2025-12-19T00:20:55.166+0900] GC(15) Concurrent Mark Cycle 26.463ms
[2025-12-19T00:20:56.500+0900] GC(16) Pause Young (Normal) (G1 Evacuation Pause)
[2025-12-19T00:20:56.500+0900] GC(16) Using 10 workers of 10 for evacuation
[2025-12-19T00:20:56.522+0900] GC(16)   Pre Evacuate Collection Set: 0.2ms
[2025-12-19T00:20:56.522+0900] GC(16)   Merge Heap Roots: 0.1ms
[2025-12-19T00:20:56.522+0900] GC(16)   Evacuate Collection Set: 20.1ms
[2025-12-19T00:20:56.523+0900] GC(16)   Post Evacuate Collection Set: 0.9ms
[2025-12-19T00:20:56.523+0900] GC(16)   Other: 1.0ms
[2025-12-19T00:20:56.523+0900] GC(16) Eden regions: 21->0(21)
[2025-12-19T00:20:56.523+0900] GC(16) Survivor regions: 4->2(4)
[2025-12-19T00:20:56.523+0900] GC(16) Old regions: 10->14
[2025-12-19T00:20:56.523+0900] GC(16) Archive regions: 2->2
[2025-12-19T00:20:56.523+0900] GC(16) Humongous regions: 20->20
[2025-12-19T00:20:56.524+0900] GC(16) Metaspace: 70053K(70656K)->70053K(70656K) NonClass: 61901K(62208K)->61901K(62208K) Class: 8151K(8448K)->8151K(8448K)
[2025-12-19T00:20:56.524+0900] GC(16) Pause Young (Normal) (G1 Evacuation Pause) 223M->146M(304M) 24.169ms
[2025-12-19T00:20:56.524+0900] GC(16) User=0.03s Sys=0.01s Real=0.02s
[2025-12-19T00:21:40.219+0900] GC(17) Pause Young (Concurrent Start) (G1 Evacuation Pause)
[2025-12-19T00:21:40.219+0900] GC(17) Using 10 workers of 10 for evacuation
[2025-12-19T00:21:40.234+0900] GC(17)   Pre Evacuate Collection Set: 1.0ms
[2025-12-19T00:21:40.234+0900] GC(17)   Merge Heap Roots: 0.2ms
[2025-12-19T00:21:40.234+0900] GC(17)   Evacuate Collection Set: 11.8ms
[2025-12-19T00:21:40.235+0900] GC(17)   Post Evacuate Collection Set: 1.5ms
[2025-12-19T00:21:40.235+0900] GC(17)   Other: 0.7ms
[2025-12-19T00:21:40.235+0900] GC(17) Eden regions: 21->0(38)
[2025-12-19T00:21:40.235+0900] GC(17) Survivor regions: 2->3(3)
[2025-12-19T00:21:40.235+0900] GC(17) Old regions: 14->14
[2025-12-19T00:21:40.235+0900] GC(17) Archive regions: 2->2
[2025-12-19T00:21:40.235+0900] GC(17) Humongous regions: 20->20
[2025-12-19T00:21:40.235+0900] GC(17) Metaspace: 78905K(79488K)->78905K(79488K) NonClass: 69865K(70208K)->69865K(70208K) Class: 9039K(9280K)->9039K(9280K)
[2025-12-19T00:21:40.235+0900] GC(17) Pause Young (Concurrent Start) (G1 Evacuation Pause) 230M->147M(388M) 16.066ms
[2025-12-19T00:21:40.235+0900] GC(17) User=0.11s Sys=0.01s Real=0.01s
[2025-12-19T00:21:40.235+0900] GC(18) Concurrent Mark Cycle
[2025-12-19T00:21:40.235+0900] GC(18) Concurrent Clear Claimed Marks
[2025-12-19T00:21:40.236+0900] GC(18) Concurrent Clear Claimed Marks 0.122ms
[2025-12-19T00:21:40.236+0900] GC(18) Concurrent Scan Root Regions
[2025-12-19T00:21:40.239+0900] GC(18) Concurrent Scan Root Regions 3.045ms
[2025-12-19T00:21:40.239+0900] GC(18) Concurrent Mark
[2025-12-19T00:21:40.239+0900] GC(18) Concurrent Mark From Roots
[2025-12-19T00:21:40.239+0900] GC(18) Using 3 workers of 3 for marking
[2025-12-19T00:21:40.247+0900] GC(18) Concurrent Mark From Roots 7.619ms
[2025-12-19T00:21:40.247+0900] GC(18) Concurrent Preclean
[2025-12-19T00:21:40.247+0900] GC(18) Concurrent Preclean 0.133ms
[2025-12-19T00:21:40.247+0900] GC(18) Pause Remark
[2025-12-19T00:21:40.262+0900] GC(18) Pause Remark 148M->148M(388M) 15.154ms
[2025-12-19T00:21:40.262+0900] GC(18) User=0.13s Sys=0.00s Real=0.01s
[2025-12-19T00:21:40.262+0900] GC(18) Concurrent Mark 23.415ms
[2025-12-19T00:21:40.262+0900] GC(18) Concurrent Rebuild Remembered Sets
[2025-12-19T00:21:40.265+0900] GC(18) Concurrent Rebuild Remembered Sets 2.645ms
[2025-12-19T00:21:40.267+0900] GC(18) Pause Cleanup
[2025-12-19T00:21:40.267+0900] GC(18) Pause Cleanup 148M->148M(388M) 0.176ms
[2025-12-19T00:21:40.267+0900] GC(18) User=0.00s Sys=0.00s Real=0.00s
[2025-12-19T00:21:40.267+0900] GC(18) Concurrent Cleanup for Next Mark
[2025-12-19T00:21:40.268+0900] GC(18) Concurrent Cleanup for Next Mark 0.637ms
[2025-12-19T00:21:40.268+0900] GC(18) Concurrent Mark Cycle 32.429ms
[2025-12-19T00:23:42.018+0900] GC(19) Pause Young (Prepare Mixed) (G1 Evacuation Pause)
[2025-12-19T00:23:42.019+0900] GC(19) Using 10 workers of 10 for evacuation
[2025-12-19T00:23:42.036+0900] GC(19)   Pre Evacuate Collection Set: 0.6ms
[2025-12-19T00:23:42.036+0900] GC(19)   Merge Heap Roots: 0.4ms
[2025-12-19T00:23:42.036+0900] GC(19)   Evacuate Collection Set: 14.4ms
[2025-12-19T00:23:42.036+0900] GC(19)   Post Evacuate Collection Set: 1.0ms
[2025-12-19T00:23:42.036+0900] GC(19)   Other: 1.8ms
[2025-12-19T00:23:42.036+0900] GC(19) Eden regions: 38->0(1)
[2025-12-19T00:23:42.036+0900] GC(19) Survivor regions: 3->3(6)
[2025-12-19T00:23:42.036+0900] GC(19) Old regions: 14->14
[2025-12-19T00:23:42.037+0900] GC(19) Archive regions: 2->2
[2025-12-19T00:23:42.037+0900] GC(19) Humongous regions: 20->20
[2025-12-19T00:23:42.037+0900] GC(19) Metaspace: 80564K(81152K)->80564K(81152K) NonClass: 71390K(71680K)->71390K(71680K) Class: 9173K(9472K)->9173K(9472K)
[2025-12-19T00:23:42.037+0900] GC(19) Pause Young (Prepare Mixed) (G1 Evacuation Pause) 299M->149M(388M) 19.074ms
[2025-12-19T00:23:42.037+0900] GC(19) User=0.14s Sys=0.00s Real=0.02s
[2025-12-19T00:23:45.520+0900] GC(20) Pause Young (Mixed) (G1 Evacuation Pause)
[2025-12-19T00:23:45.520+0900] GC(20) Using 10 workers of 10 for evacuation
[2025-12-19T00:23:45.535+0900] GC(20)   Pre Evacuate Collection Set: 0.6ms
[2025-12-19T00:23:45.535+0900] GC(20)   Merge Heap Roots: 0.4ms
[2025-12-19T00:23:45.535+0900] GC(20)   Evacuate Collection Set: 12.6ms
[2025-12-19T00:23:45.536+0900] GC(20)   Post Evacuate Collection Set: 0.8ms
[2025-12-19T00:23:45.536+0900] GC(20)   Other: 1.1ms
[2025-12-19T00:23:45.536+0900] GC(20) Eden regions: 1->0(42)
[2025-12-19T00:23:45.536+0900] GC(20) Survivor regions: 3->1(1)
[2025-12-19T00:23:45.536+0900] GC(20) Old regions: 14->16
[2025-12-19T00:23:45.536+0900] GC(20) Archive regions: 2->2
[2025-12-19T00:23:45.536+0900] GC(20) Humongous regions: 20->20
[2025-12-19T00:23:45.536+0900] GC(20) Metaspace: 80569K(81152K)->80569K(81152K) NonClass: 71395K(71680K)->71395K(71680K) Class: 9173K(9472K)->9173K(9472K)
[2025-12-19T00:23:45.537+0900] GC(20) Pause Young (Mixed) (G1 Evacuation Pause) 153M->148M(388M) 16.975ms
[2025-12-19T00:23:45.537+0900] GC(20) User=0.03s Sys=0.06s Real=0.02s
[2025-12-19T00:26:04.112+0900] GC(21) Pause Young (Normal) (G1 Evacuation Pause)
[2025-12-19T00:26:04.112+0900] GC(21) Using 10 workers of 10 for evacuation
[2025-12-19T00:26:04.120+0900] GC(21)   Pre Evacuate Collection Set: 0.8ms
[2025-12-19T00:26:04.120+0900] GC(21)   Merge Heap Roots: 0.3ms
[2025-12-19T00:26:04.120+0900] GC(21)   Evacuate Collection Set: 5.1ms
[2025-12-19T00:26:04.120+0900] GC(21)   Post Evacuate Collection Set: 1.0ms
[2025-12-19T00:26:04.120+0900] GC(21)   Other: 1.1ms
[2025-12-19T00:26:04.120+0900] GC(21) Eden regions: 42->0(43)
[2025-12-19T00:26:04.120+0900] GC(21) Survivor regions: 1->1(6)
[2025-12-19T00:26:04.120+0900] GC(21) Old regions: 16->16
[2025-12-19T00:26:04.120+0900] GC(21) Archive regions: 2->2
[2025-12-19T00:26:04.120+0900] GC(21) Humongous regions: 20->20
[2025-12-19T00:26:04.121+0900] GC(21) Metaspace: 81340K(81984K)->81340K(81984K) NonClass: 72150K(72448K)->72150K(72448K) Class: 9190K(9536K)->9190K(9536K)
[2025-12-19T00:26:04.121+0900] GC(21) Pause Young (Normal) (G1 Evacuation Pause) 316M->149M(388M) 8.928ms
[2025-12-19T00:26:04.121+0900] GC(21) User=0.05s Sys=0.00s Real=0.01s
[2025-12-19T00:28:30.648+0900] GC(22) Pause Young (Normal) (G1 Evacuation Pause)
[2025-12-19T00:28:30.654+0900] GC(22) Using 10 workers of 10 for evacuation
[2025-12-19T00:28:30.658+0900] GC(22)   Pre Evacuate Collection Set: 0.4ms
[2025-12-19T00:28:30.659+0900] GC(22)   Merge Heap Roots: 0.2ms
[2025-12-19T00:28:30.659+0900] GC(22)   Evacuate Collection Set: 2.9ms
[2025-12-19T00:28:30.659+0900] GC(22)   Post Evacuate Collection Set: 0.8ms
[2025-12-19T00:28:30.659+0900] GC(22)   Other: 5.8ms
[2025-12-19T00:28:30.659+0900] GC(22) Eden regions: 43->0(44)
[2025-12-19T00:28:30.659+0900] GC(22) Survivor regions: 1->1(6)
[2025-12-19T00:28:30.659+0900] GC(22) Old regions: 16->16
[2025-12-19T00:28:30.659+0900] GC(22) Archive regions: 2->2
[2025-12-19T00:28:30.659+0900] GC(22) Humongous regions: 20->20
[2025-12-19T00:28:30.659+0900] GC(22) Metaspace: 81914K(82560K)->81914K(82560K) NonClass: 72723K(73024K)->72723K(73024K) Class: 9190K(9536K)->9190K(9536K)
[2025-12-19T00:28:30.660+0900] GC(22) Pause Young (Normal) (G1 Evacuation Pause) 321M->149M(388M) 11.122ms
[2025-12-19T00:28:30.660+0900] GC(22) User=0.03s Sys=0.01s Real=0.01s
[2025-12-19T00:30:59.648+0900] GC(23) Pause Young (Normal) (G1 Evacuation Pause)
[2025-12-19T00:30:59.649+0900] GC(23) Using 10 workers of 10 for evacuation
[2025-12-19T00:30:59.664+0900] GC(23)   Pre Evacuate Collection Set: 1.1ms
[2025-12-19T00:30:59.664+0900] GC(23)   Merge Heap Roots: 0.6ms
[2025-12-19T00:30:59.665+0900] GC(23)   Evacuate Collection Set: 11.8ms
[2025-12-19T00:30:59.665+0900] GC(23)   Post Evacuate Collection Set: 1.4ms
[2025-12-19T00:30:59.665+0900] GC(23)   Other: 1.8ms
[2025-12-19T00:30:59.665+0900] GC(23) Eden regions: 44->0(44)
[2025-12-19T00:30:59.665+0900] GC(23) Survivor regions: 1->1(6)
[2025-12-19T00:30:59.665+0900] GC(23) Old regions: 16->16
[2025-12-19T00:30:59.665+0900] GC(23) Archive regions: 2->2
[2025-12-19T00:30:59.665+0900] GC(23) Humongous regions: 20->20
[2025-12-19T00:30:59.665+0900] GC(23) Metaspace: 82094K(82752K)->82094K(82752K) NonClass: 72904K(73216K)->72904K(73216K) Class: 9190K(9536K)->9190K(9536K)
[2025-12-19T00:30:59.665+0900] GC(23) Pause Young (Normal) (G1 Evacuation Pause) 325M->149M(388M) 17.545ms
[2025-12-19T00:30:59.665+0900] GC(23) User=0.12s Sys=0.00s Real=0.02s
[2025-12-19T00:33:32.191+0900] GC(24) Pause Young (Normal) (G1 Evacuation Pause)
[2025-12-19T00:33:32.193+0900] GC(24) Using 10 workers of 10 for evacuation
[2025-12-19T00:33:32.201+0900] GC(24)   Pre Evacuate Collection Set: 0.6ms
[2025-12-19T00:33:32.202+0900] GC(24)   Merge Heap Roots: 0.3ms
[2025-12-19T00:33:32.202+0900] GC(24)   Evacuate Collection Set: 6.0ms
[2025-12-19T00:33:32.202+0900] GC(24)   Post Evacuate Collection Set: 1.3ms
[2025-12-19T00:33:32.202+0900] GC(24)   Other: 2.2ms
[2025-12-19T00:33:32.202+0900] GC(24) Eden regions: 44->0(45)
[2025-12-19T00:33:32.202+0900] GC(24) Survivor regions: 1->1(6)
[2025-12-19T00:33:32.202+0900] GC(24) Old regions: 16->16
[2025-12-19T00:33:32.202+0900] GC(24) Archive regions: 2->2
[2025-12-19T00:33:32.202+0900] GC(24) Humongous regions: 20->20
[2025-12-19T00:33:32.202+0900] GC(24) Metaspace: 82239K(82880K)->82239K(82880K) NonClass: 73048K(73344K)->73048K(73344K) Class: 9191K(9536K)->9191K(9536K)
[2025-12-19T00:33:32.202+0900] GC(24) Pause Young (Normal) (G1 Evacuation Pause) 325M->150M(388M) 11.232ms
[2025-12-19T00:33:32.202+0900] GC(24) User=0.07s Sys=0.01s Real=0.01s
[2025-12-19T00:36:04.736+0900] GC(25) Pause Young (Normal) (G1 Evacuation Pause)
[2025-12-19T00:36:04.738+0900] GC(25) Using 10 workers of 10 for evacuation
[2025-12-19T00:36:04.753+0900] GC(25)   Pre Evacuate Collection Set: 1.3ms
[2025-12-19T00:36:04.753+0900] GC(25)   Merge Heap Roots: 0.7ms
[2025-12-19T00:36:04.753+0900] GC(25)   Evacuate Collection Set: 10.6ms
[2025-12-19T00:36:04.753+0900] GC(25)   Post Evacuate Collection Set: 1.9ms
[2025-12-19T00:36:04.754+0900] GC(25)   Other: 3.0ms
[2025-12-19T00:36:04.754+0900] GC(25) Eden regions: 45->0(45)
[2025-12-19T00:36:04.754+0900] GC(25) Survivor regions: 1->1(6)
[2025-12-19T00:36:04.754+0900] GC(25) Old regions: 16->16
[2025-12-19T00:36:04.754+0900] GC(25) Archive regions: 2->2
[2025-12-19T00:36:04.754+0900] GC(25) Humongous regions: 20->20
[2025-12-19T00:36:04.754+0900] GC(25) Metaspace: 82355K(83008K)->82355K(83008K) NonClass: 73163K(73472K)->73163K(73472K) Class: 9191K(9536K)->9191K(9536K)
[2025-12-19T00:36:04.754+0900] GC(25) Pause Young (Normal) (G1 Evacuation Pause) 330M->150M(388M) 18.527ms
[2025-12-19T00:36:04.754+0900] GC(25) User=0.09s Sys=0.01s Real=0.01s
[2025-12-19T00:38:38.762+0900] GC(26) Pause Young (Normal) (G1 Evacuation Pause)
[2025-12-19T00:38:38.763+0900] GC(26) Using 10 workers of 10 for evacuation
[2025-12-19T00:38:38.773+0900] GC(26)   Pre Evacuate Collection Set: 0.5ms
[2025-12-19T00:38:38.773+0900] GC(26)   Merge Heap Roots: 0.2ms
[2025-12-19T00:38:38.773+0900] GC(26)   Evacuate Collection Set: 7.0ms
[2025-12-19T00:38:38.773+0900] GC(26)   Post Evacuate Collection Set: 1.3ms
[2025-12-19T00:38:38.773+0900] GC(26)   Other: 1.7ms
[2025-12-19T00:38:38.773+0900] GC(26) Eden regions: 45->0(45)
[2025-12-19T00:38:38.773+0900] GC(26) Survivor regions: 1->2(6)
[2025-12-19T00:38:38.773+0900] GC(26) Old regions: 16->16
[2025-12-19T00:38:38.773+0900] GC(26) Archive regions: 2->2
[2025-12-19T00:38:38.774+0900] GC(26) Humongous regions: 20->20
[2025-12-19T00:38:38.774+0900] GC(26) Metaspace: 82426K(83136K)->82426K(83136K) NonClass: 73234K(73600K)->73234K(73600K) Class: 9191K(9536K)->9191K(9536K)
[2025-12-19T00:38:38.774+0900] GC(26) Pause Young (Normal) (G1 Evacuation Pause) 330M->151M(388M) 11.696ms
[2025-12-19T00:38:38.774+0900] GC(26) User=0.06s Sys=0.01s Real=0.01s
[2025-12-19T00:41:10.523+0900] GC(27) Pause Young (Normal) (G1 Evacuation Pause)
[2025-12-19T00:41:10.524+0900] GC(27) Using 10 workers of 10 for evacuation
[2025-12-19T00:41:10.536+0900] GC(27)   Pre Evacuate Collection Set: 0.8ms
[2025-12-19T00:41:10.536+0900] GC(27)   Merge Heap Roots: 0.3ms
[2025-12-19T00:41:10.537+0900] GC(27)   Evacuate Collection Set: 8.7ms
[2025-12-19T00:41:10.537+0900] GC(27)   Post Evacuate Collection Set: 1.3ms
[2025-12-19T00:41:10.537+0900] GC(27)   Other: 2.0ms
[2025-12-19T00:41:10.537+0900] GC(27) Eden regions: 45->0(45)
[2025-12-19T00:41:10.537+0900] GC(27) Survivor regions: 2->2(6)
[2025-12-19T00:41:10.537+0900] GC(27) Old regions: 16->16
[2025-12-19T00:41:10.537+0900] GC(27) Archive regions: 2->2
[2025-12-19T00:41:10.537+0900] GC(27) Humongous regions: 20->20
[2025-12-19T00:41:10.537+0900] GC(27) Metaspace: 82562K(83200K)->82562K(83200K) NonClass: 73370K(73664K)->73370K(73664K) Class: 9192K(9536K)->9192K(9536K)
[2025-12-19T00:41:10.538+0900] GC(27) Pause Young (Normal) (G1 Evacuation Pause) 331M->152M(388M) 14.333ms
[2025-12-19T00:41:10.538+0900] GC(27) User=0.08s Sys=0.01s Real=0.02s
[2025-12-19T00:43:45.556+0900] GC(28) Pause Young (Normal) (G1 Evacuation Pause)
[2025-12-19T00:43:45.557+0900] GC(28) Using 10 workers of 10 for evacuation
[2025-12-19T00:43:45.573+0900] GC(28)   Pre Evacuate Collection Set: 0.9ms
[2025-12-19T00:43:45.574+0900] GC(28)   Merge Heap Roots: 0.4ms
[2025-12-19T00:43:45.574+0900] GC(28)   Evacuate Collection Set: 12.8ms
[2025-12-19T00:43:45.574+0900] GC(28)   Post Evacuate Collection Set: 1.7ms
[2025-12-19T00:43:45.574+0900] GC(28)   Other: 1.5ms
[2025-12-19T00:43:45.574+0900] GC(28) Eden regions: 45->0(45)
[2025-12-19T00:43:45.574+0900] GC(28) Survivor regions: 2->2(6)
[2025-12-19T00:43:45.574+0900] GC(28) Old regions: 16->16
[2025-12-19T00:43:45.574+0900] GC(28) Archive regions: 2->2
[2025-12-19T00:43:45.575+0900] GC(28) Humongous regions: 20->20
[2025-12-19T00:43:45.575+0900] GC(28) Metaspace: 82729K(83328K)->82729K(83328K) NonClass: 73536K(73792K)->73536K(73792K) Class: 9192K(9536K)->9192K(9536K)
[2025-12-19T00:43:45.575+0900] GC(28) Pause Young (Normal) (G1 Evacuation Pause) 332M->152M(388M) 18.426ms
[2025-12-19T00:43:45.575+0900] GC(28) User=0.12s Sys=0.00s Real=0.02s
[2025-12-19T00:46:19.034+0900] GC(29) Pause Young (Normal) (G1 Evacuation Pause)
[2025-12-19T00:46:19.036+0900] GC(29) Using 10 workers of 10 for evacuation
[2025-12-19T00:46:19.063+0900] GC(29)   Pre Evacuate Collection Set: 1.1ms
[2025-12-19T00:46:19.063+0900] GC(29)   Merge Heap Roots: 0.6ms
[2025-12-19T00:46:19.063+0900] GC(29)   Evacuate Collection Set: 20.6ms
[2025-12-19T00:46:19.063+0900] GC(29)   Post Evacuate Collection Set: 3.9ms
[2025-12-19T00:46:19.063+0900] GC(29)   Other: 2.8ms
[2025-12-19T00:46:19.063+0900] GC(29) Eden regions: 45->0(45)
[2025-12-19T00:46:19.064+0900] GC(29) Survivor regions: 2->2(6)
[2025-12-19T00:46:19.064+0900] GC(29) Old regions: 16->16
[2025-12-19T00:46:19.064+0900] GC(29) Archive regions: 2->2
[2025-12-19T00:46:19.064+0900] GC(29) Humongous regions: 20->20
[2025-12-19T00:46:19.064+0900] GC(29) Metaspace: 82770K(83456K)->82770K(83456K) NonClass: 73577K(73920K)->73577K(73920K) Class: 9193K(9536K)->9193K(9536K)
[2025-12-19T00:46:19.064+0900] GC(29) Pause Young (Normal) (G1 Evacuation Pause) 332M->153M(388M) 30.138ms
[2025-12-19T00:46:19.064+0900] GC(29) User=0.21s Sys=0.00s Real=0.04s
[2025-12-19T00:48:53.459+0900] GC(30) Pause Young (Normal) (G1 Evacuation Pause)
[2025-12-19T00:48:53.461+0900] GC(30) Using 10 workers of 10 for evacuation
[2025-12-19T00:48:53.493+0900] GC(30)   Pre Evacuate Collection Set: 1.2ms
[2025-12-19T00:48:53.493+0900] GC(30)   Merge Heap Roots: 0.6ms
[2025-12-19T00:48:53.493+0900] GC(30)   Evacuate Collection Set: 28.0ms
[2025-12-19T00:48:53.494+0900] GC(30)   Post Evacuate Collection Set: 1.4ms
[2025-12-19T00:48:53.494+0900] GC(30)   Other: 3.6ms
[2025-12-19T00:48:53.494+0900] GC(30) Eden regions: 45->0(45)
[2025-12-19T00:48:53.494+0900] GC(30) Survivor regions: 2->2(6)
[2025-12-19T00:48:53.494+0900] GC(30) Old regions: 16->16
[2025-12-19T00:48:53.494+0900] GC(30) Archive regions: 2->2
[2025-12-19T00:48:53.494+0900] GC(30) Humongous regions: 20->20
[2025-12-19T00:48:53.494+0900] GC(30) Metaspace: 82973K(83584K)->82973K(83584K) NonClass: 73766K(74048K)->73766K(74048K) Class: 9207K(9536K)->9207K(9536K)
[2025-12-19T00:48:53.494+0900] GC(30) Pause Young (Normal) (G1 Evacuation Pause) 333M->153M(388M) 34.944ms
[2025-12-19T00:48:53.494+0900] GC(30) User=0.28s Sys=0.00s Real=0.03s
[2025-12-19T00:51:28.454+0900] GC(31) Pause Young (Normal) (G1 Evacuation Pause)
[2025-12-19T00:51:28.455+0900] GC(31) Using 10 workers of 10 for evacuation
[2025-12-19T00:51:28.479+0900] GC(31)   Pre Evacuate Collection Set: 0.9ms
[2025-12-19T00:51:28.479+0900] GC(31)   Merge Heap Roots: 0.3ms
[2025-12-19T00:51:28.479+0900] GC(31)   Evacuate Collection Set: 21.5ms
[2025-12-19T00:51:28.479+0900] GC(31)   Post Evacuate Collection Set: 1.3ms
[2025-12-19T00:51:28.479+0900] GC(31)   Other: 1.6ms
[2025-12-19T00:51:28.479+0900] GC(31) Eden regions: 45->0(45)
[2025-12-19T00:51:28.480+0900] GC(31) Survivor regions: 2->2(6)
[2025-12-19T00:51:28.480+0900] GC(31) Old regions: 16->16
[2025-12-19T00:51:28.480+0900] GC(31) Archive regions: 2->2
[2025-12-19T00:51:28.480+0900] GC(31) Humongous regions: 20->20
[2025-12-19T00:51:28.480+0900] GC(31) Metaspace: 83035K(83648K)->83035K(83648K) NonClass: 73828K(74112K)->73828K(74112K) Class: 9207K(9536K)->9207K(9536K)
[2025-12-19T00:51:28.480+0900] GC(31) Pause Young (Normal) (G1 Evacuation Pause) 333M->153M(388M) 26.244ms
[2025-12-19T00:51:28.480+0900] GC(31) User=0.20s Sys=0.00s Real=0.03s
[2025-12-19T00:54:01.393+0900] GC(32) Pause Young (Normal) (G1 Evacuation Pause)
[2025-12-19T00:54:01.394+0900] GC(32) Using 10 workers of 10 for evacuation
[2025-12-19T00:54:01.412+0900] GC(32)   Pre Evacuate Collection Set: 1.2ms
[2025-12-19T00:54:01.412+0900] GC(32)   Merge Heap Roots: 0.3ms
[2025-12-19T00:54:01.412+0900] GC(32)   Evacuate Collection Set: 14.6ms
[2025-12-19T00:54:01.412+0900] GC(32)   Post Evacuate Collection Set: 1.4ms
[2025-12-19T00:54:01.412+0900] GC(32)   Other: 1.9ms
[2025-12-19T00:54:01.413+0900] GC(32) Eden regions: 45->0(45)
[2025-12-19T00:54:01.413+0900] GC(32) Survivor regions: 2->2(6)
[2025-12-19T00:54:01.413+0900] GC(32) Old regions: 16->16
[2025-12-19T00:54:01.413+0900] GC(32) Archive regions: 2->2
[2025-12-19T00:54:01.413+0900] GC(32) Humongous regions: 20->20
[2025-12-19T00:54:01.413+0900] GC(32) Metaspace: 83150K(83776K)->83150K(83776K) NonClass: 73941K(74240K)->73941K(74240K) Class: 9208K(9536K)->9208K(9536K)
[2025-12-19T00:54:01.413+0900] GC(32) Pause Young (Normal) (G1 Evacuation Pause) 333M->154M(388M) 20.290ms
[2025-12-19T00:54:01.413+0900] GC(32) User=0.15s Sys=0.00s Real=0.02s
[2025-12-19T00:55:58.042+0900] GC(33) Pause Young (Normal) (G1 Evacuation Pause)
[2025-12-19T00:55:58.042+0900] GC(33) Using 10 workers of 10 for evacuation
[2025-12-19T00:55:58.060+0900] GC(33)   Pre Evacuate Collection Set: 0.3ms
[2025-12-19T00:55:58.060+0900] GC(33)   Merge Heap Roots: 0.1ms
[2025-12-19T00:55:58.060+0900] GC(33)   Evacuate Collection Set: 16.2ms
[2025-12-19T00:55:58.060+0900] GC(33)   Post Evacuate Collection Set: 0.6ms
[2025-12-19T00:55:58.060+0900] GC(33)   Other: 0.7ms
[2025-12-19T00:55:58.060+0900] GC(33) Eden regions: 45->0(41)
[2025-12-19T00:55:58.060+0900] GC(33) Survivor regions: 2->4(6)
[2025-12-19T00:55:58.060+0900] GC(33) Old regions: 16->16
[2025-12-19T00:55:58.060+0900] GC(33) Archive regions: 2->2
[2025-12-19T00:55:58.060+0900] GC(33) Humongous regions: 20->20
[2025-12-19T00:55:58.061+0900] GC(33) Metaspace: 88438K(89088K)->88438K(89088K) NonClass: 78522K(78848K)->78522K(78848K) Class: 9916K(10240K)->9916K(10240K)
[2025-12-19T00:55:58.061+0900] GC(33) Pause Young (Normal) (G1 Evacuation Pause) 334M->159M(388M) 19.014ms
[2025-12-19T00:55:58.061+0900] GC(33) User=0.11s Sys=0.00s Real=0.02s
[2025-12-19T00:58:05.787+0900] GC(34) Pause Young (Normal) (G1 Evacuation Pause)
[2025-12-19T00:58:05.789+0900] GC(34) Using 10 workers of 10 for evacuation
[2025-12-19T00:58:05.820+0900] GC(34)   Pre Evacuate Collection Set: 1.3ms
[2025-12-19T00:58:05.820+0900] GC(34)   Merge Heap Roots: 0.7ms
[2025-12-19T00:58:05.820+0900] GC(34)   Evacuate Collection Set: 27.5ms
[2025-12-19T00:58:05.820+0900] GC(34)   Post Evacuate Collection Set: 1.4ms
[2025-12-19T00:58:05.821+0900] GC(34)   Other: 1.9ms
[2025-12-19T00:58:05.821+0900] GC(34) Eden regions: 41->0(41)
[2025-12-19T00:58:05.821+0900] GC(34) Survivor regions: 4->4(6)
[2025-12-19T00:58:05.821+0900] GC(34) Old regions: 16->16
[2025-12-19T00:58:05.821+0900] GC(34) Archive regions: 2->2
[2025-12-19T00:58:05.821+0900] GC(34) Humongous regions: 20->20
[2025-12-19T00:58:05.821+0900] GC(34) Metaspace: 90993K(91712K)->90993K(91712K) NonClass: 80740K(81152K)->80740K(81152K) Class: 10253K(10560K)->10253K(10560K)
[2025-12-19T00:58:05.821+0900] GC(34) Pause Young (Normal) (G1 Evacuation Pause) 323M->160M(388M) 33.850ms
[2025-12-19T00:58:05.821+0900] GC(34) User=0.26s Sys=0.00s Real=0.03s
[2025-12-19T01:00:25.818+0900] GC(35) Pause Young (Normal) (G1 Evacuation Pause)
[2025-12-19T01:00:25.820+0900] GC(35) Using 10 workers of 10 for evacuation
[2025-12-19T01:00:25.839+0900] GC(35)   Pre Evacuate Collection Set: 1.3ms
[2025-12-19T01:00:25.839+0900] GC(35)   Merge Heap Roots: 0.4ms
[2025-12-19T01:00:25.839+0900] GC(35)   Evacuate Collection Set: 15.6ms
[2025-12-19T01:00:25.839+0900] GC(35)   Post Evacuate Collection Set: 1.2ms
[2025-12-19T01:00:25.839+0900] GC(35)   Other: 2.2ms
[2025-12-19T01:00:25.839+0900] GC(35) Eden regions: 41->0(41)
[2025-12-19T01:00:25.839+0900] GC(35) Survivor regions: 4->4(6)
[2025-12-19T01:00:25.840+0900] GC(35) Old regions: 16->16
[2025-12-19T01:00:25.840+0900] GC(35) Archive regions: 2->2
[2025-12-19T01:00:25.840+0900] GC(35) Humongous regions: 20->20
[2025-12-19T01:00:25.840+0900] GC(35) Metaspace: 91022K(91712K)->91022K(91712K) NonClass: 80768K(81152K)->80768K(81152K) Class: 10253K(10560K)->10253K(10560K)
[2025-12-19T01:00:25.840+0900] GC(35) Pause Young (Normal) (G1 Evacuation Pause) 324M->159M(388M) 21.527ms
[2025-12-19T01:00:25.840+0900] GC(35) User=0.16s Sys=0.00s Real=0.02s
[2025-12-19T01:02:35.242+0900] GC(36) Pause Young (Normal) (G1 Evacuation Pause)
[2025-12-19T01:02:35.243+0900] GC(36) Using 10 workers of 10 for evacuation
[2025-12-19T01:02:35.266+0900] GC(36)   Pre Evacuate Collection Set: 1.7ms
[2025-12-19T01:02:35.266+0900] GC(36)   Merge Heap Roots: 0.4ms
[2025-12-19T01:02:35.266+0900] GC(36)   Evacuate Collection Set: 18.4ms
[2025-12-19T01:02:35.266+0900] GC(36)   Post Evacuate Collection Set: 1.5ms
[2025-12-19T01:02:35.266+0900] GC(36)   Other: 1.6ms
[2025-12-19T01:02:35.266+0900] GC(36) Eden regions: 41->0(42)
[2025-12-19T01:02:35.266+0900] GC(36) Survivor regions: 4->3(6)
[2025-12-19T01:02:35.266+0900] GC(36) Old regions: 16->17
[2025-12-19T01:02:35.266+0900] GC(36) Archive regions: 2->2
[2025-12-19T01:02:35.266+0900] GC(36) Humongous regions: 20->20
[2025-12-19T01:02:35.266+0900] GC(36) Metaspace: 91288K(91968K)->91288K(91968K) NonClass: 81029K(81408K)->81029K(81408K) Class: 10258K(10560K)->10258K(10560K)
[2025-12-19T01:02:35.267+0900] GC(36) Pause Young (Normal) (G1 Evacuation Pause) 323M->160M(388M) 24.348ms
[2025-12-19T01:02:35.267+0900] GC(36) User=0.19s Sys=0.00s Real=0.02s
[2025-12-19T01:04:59.734+0900] GC(37) Pause Young (Normal) (G1 Evacuation Pause)
[2025-12-19T01:04:59.734+0900] GC(37) Using 10 workers of 10 for evacuation
[2025-12-19T01:04:59.744+0900] GC(37)   Pre Evacuate Collection Set: 0.4ms
[2025-12-19T01:04:59.744+0900] GC(37)   Merge Heap Roots: 0.2ms
[2025-12-19T01:04:59.744+0900] GC(37)   Evacuate Collection Set: 7.7ms
[2025-12-19T01:04:59.744+0900] GC(37)   Post Evacuate Collection Set: 1.0ms
[2025-12-19T01:04:59.744+0900] GC(37)   Other: 0.9ms
[2025-12-19T01:04:59.744+0900] GC(37) Eden regions: 42->0(42)
[2025-12-19T01:04:59.744+0900] GC(37) Survivor regions: 3->3(6)
[2025-12-19T01:04:59.745+0900] GC(37) Old regions: 17->17
[2025-12-19T01:04:59.745+0900] GC(37) Archive regions: 2->2
[2025-12-19T01:04:59.745+0900] GC(37) Humongous regions: 20->20
[2025-12-19T01:04:59.745+0900] GC(37) Metaspace: 91441K(92096K)->91441K(92096K) NonClass: 81182K(81536K)->81182K(81536K) Class: 10258K(10560K)->10258K(10560K)
[2025-12-19T01:04:59.745+0900] GC(37) Pause Young (Normal) (G1 Evacuation Pause) 328M->160M(388M) 10.988ms
[2025-12-19T01:04:59.745+0900] GC(37) User=0.09s Sys=0.00s Real=0.02s
[2025-12-19T01:07:20.927+0900] GC(38) Pause Young (Normal) (G1 Evacuation Pause)
[2025-12-19T01:07:20.929+0900] GC(38) Using 10 workers of 10 for evacuation
[2025-12-19T01:07:20.966+0900] GC(38)   Pre Evacuate Collection Set: 0.9ms
[2025-12-19T01:07:20.966+0900] GC(38)   Merge Heap Roots: 0.4ms
[2025-12-19T01:07:20.966+0900] GC(38)   Evacuate Collection Set: 27.7ms
[2025-12-19T01:07:20.966+0900] GC(38)   Post Evacuate Collection Set: 7.6ms
[2025-12-19T01:07:20.966+0900] GC(38)   Other: 2.4ms
[2025-12-19T01:07:20.967+0900] GC(38) Eden regions: 42->0(42)
[2025-12-19T01:07:20.967+0900] GC(38) Survivor regions: 3->3(6)
[2025-12-19T01:07:20.967+0900] GC(38) Old regions: 17->17
[2025-12-19T01:07:20.967+0900] GC(38) Archive regions: 2->2
[2025-12-19T01:07:20.967+0900] GC(38) Humongous regions: 20->20
[2025-12-19T01:07:20.967+0900] GC(38) Metaspace: 91493K(92160K)->91493K(92160K) NonClass: 81234K(81600K)->81234K(81600K) Class: 10259K(10560K)->10259K(10560K)
[2025-12-19T01:07:20.968+0900] GC(38) Pause Young (Normal) (G1 Evacuation Pause) 328M->161M(388M) 40.319ms
[2025-12-19T01:07:20.968+0900] GC(38) User=0.33s Sys=0.00s Real=0.04s
[2025-12-19T04:01:27.588+0900] GC(39) Pause Young (Normal) (G1 Evacuation Pause)
[2025-12-19T04:01:27.589+0900] GC(39) Using 10 workers of 10 for evacuation
[2025-12-19T04:01:27.616+0900] GC(39)   Pre Evacuate Collection Set: 1.1ms
[2025-12-19T04:01:27.616+0900] GC(39)   Merge Heap Roots: 0.3ms
[2025-12-19T04:01:27.616+0900] GC(39)   Evacuate Collection Set: 23.2ms
[2025-12-19T04:01:27.616+0900] GC(39)   Post Evacuate Collection Set: 1.5ms
[2025-12-19T04:01:27.616+0900] GC(39)   Other: 3.4ms
[2025-12-19T04:01:27.616+0900] GC(39) Eden regions: 42->0(42)
[2025-12-19T04:01:27.616+0900] GC(39) Survivor regions: 3->3(6)
[2025-12-19T04:01:27.616+0900] GC(39) Old regions: 17->17
[2025-12-19T04:01:27.616+0900] GC(39) Archive regions: 2->2
[2025-12-19T04:01:27.616+0900] GC(39) Humongous regions: 20->20
[2025-12-19T04:01:27.616+0900] GC(39) Metaspace: 91560K(92224K)->91560K(92224K) NonClass: 81301K(81664K)->81301K(81664K) Class: 10259K(10560K)->10259K(10560K)
[2025-12-19T04:01:27.616+0900] GC(39) Pause Young (Normal) (G1 Evacuation Pause) 329M->161M(388M) 28.424ms
[2025-12-19T04:01:27.617+0900] GC(39) User=0.23s Sys=0.00s Real=0.03s
[2025-12-19T08:34:41.913+0900] GC(40) Pause Young (Normal) (G1 Evacuation Pause)
[2025-12-19T08:34:41.915+0900] GC(40) Using 10 workers of 10 for evacuation
[2025-12-19T08:34:41.944+0900] GC(40)   Pre Evacuate Collection Set: 1.8ms
[2025-12-19T08:34:41.944+0900] GC(40)   Merge Heap Roots: 0.3ms
[2025-12-19T08:34:41.944+0900] GC(40)   Evacuate Collection Set: 24.6ms
[2025-12-19T08:34:41.944+0900] GC(40)   Post Evacuate Collection Set: 1.8ms
[2025-12-19T08:34:41.944+0900] GC(40)   Other: 3.0ms
[2025-12-19T08:34:41.944+0900] GC(40) Eden regions: 42->0(42)
[2025-12-19T08:34:41.944+0900] GC(40) Survivor regions: 3->3(6)
[2025-12-19T08:34:41.945+0900] GC(40) Old regions: 17->17
[2025-12-19T08:34:41.945+0900] GC(40) Archive regions: 2->2
[2025-12-19T08:34:41.945+0900] GC(40) Humongous regions: 20->20
[2025-12-19T08:34:41.945+0900] GC(40) Metaspace: 91646K(92288K)->91646K(92288K) NonClass: 81382K(81728K)->81382K(81728K) Class: 10263K(10560K)->10263K(10560K)
[2025-12-19T08:34:41.945+0900] GC(40) Pause Young (Normal) (G1 Evacuation Pause) 329M->161M(388M) 31.978ms
[2025-12-19T08:34:41.945+0900] GC(40) User=0.25s Sys=0.00s Real=0.03s
[2025-12-19T08:52:16.492+0900] GC(41) Pause Young (Normal) (G1 Evacuation Pause)
[2025-12-19T08:52:16.493+0900] GC(41) Using 10 workers of 10 for evacuation
[2025-12-19T08:52:16.525+0900] GC(41)   Pre Evacuate Collection Set: 7.3ms
[2025-12-19T08:52:16.525+0900] GC(41)   Merge Heap Roots: 0.3ms
[2025-12-19T08:52:16.525+0900] GC(41)   Evacuate Collection Set: 22.3ms
[2025-12-19T08:52:16.525+0900] GC(41)   Post Evacuate Collection Set: 1.5ms
[2025-12-19T08:52:16.525+0900] GC(41)   Other: 1.4ms
[2025-12-19T08:52:16.525+0900] GC(41) Eden regions: 42->0(42)
[2025-12-19T08:52:16.525+0900] GC(41) Survivor regions: 3->3(6)
[2025-12-19T08:52:16.525+0900] GC(41) Old regions: 17->17
[2025-12-19T08:52:16.526+0900] GC(41) Archive regions: 2->2
[2025-12-19T08:52:16.526+0900] GC(41) Humongous regions: 20->20
[2025-12-19T08:52:16.526+0900] GC(41) Metaspace: 91694K(92352K)->91694K(92352K) NonClass: 81431K(81792K)->81431K(81792K) Class: 10263K(10560K)->10263K(10560K)
[2025-12-19T08:52:16.526+0900] GC(41) Pause Young (Normal) (G1 Evacuation Pause) 329M->162M(388M) 33.670ms
[2025-12-19T08:52:16.526+0900] GC(41) User=0.24s Sys=0.03s Real=0.04s
[2025-12-19T08:54:37.487+0900] GC(42) Pause Young (Normal) (G1 Evacuation Pause)
[2025-12-19T08:54:37.487+0900] GC(42) Using 10 workers of 10 for evacuation
[2025-12-19T08:54:37.500+0900] GC(42)   Pre Evacuate Collection Set: 0.3ms
[2025-12-19T08:54:37.500+0900] GC(42)   Merge Heap Roots: 0.2ms
[2025-12-19T08:54:37.500+0900] GC(42)   Evacuate Collection Set: 11.6ms
[2025-12-19T08:54:37.500+0900] GC(42)   Post Evacuate Collection Set: 0.7ms
[2025-12-19T08:54:37.500+0900] GC(42)   Other: 0.5ms
[2025-12-19T08:54:37.500+0900] GC(42) Eden regions: 42->0(42)
[2025-12-19T08:54:37.500+0900] GC(42) Survivor regions: 3->3(6)
[2025-12-19T08:54:37.500+0900] GC(42) Old regions: 17->17
[2025-12-19T08:54:37.500+0900] GC(42) Archive regions: 2->2
[2025-12-19T08:54:37.500+0900] GC(42) Humongous regions: 20->20
[2025-12-19T08:54:37.500+0900] GC(42) Metaspace: 91750K(92416K)->91750K(92416K) NonClass: 81486K(81856K)->81486K(81856K) Class: 10264K(10560K)->10264K(10560K)
[2025-12-19T08:54:37.500+0900] GC(42) Pause Young (Normal) (G1 Evacuation Pause) 330M->162M(388M) 13.894ms
[2025-12-19T08:54:37.501+0900] GC(42) User=0.12s Sys=0.00s Real=0.01s
[2025-12-19T08:57:00.377+0900] GC(43) Pause Young (Normal) (G1 Evacuation Pause)
[2025-12-19T08:57:00.378+0900] GC(43) Using 10 workers of 10 for evacuation
[2025-12-19T08:57:00.398+0900] GC(43)   Pre Evacuate Collection Set: 1.4ms
[2025-12-19T08:57:00.398+0900] GC(43)   Merge Heap Roots: 0.5ms
[2025-12-19T08:57:00.398+0900] GC(43)   Evacuate Collection Set: 15.4ms
[2025-12-19T08:57:00.398+0900] GC(43)   Post Evacuate Collection Set: 1.4ms
[2025-12-19T08:57:00.398+0900] GC(43)   Other: 2.4ms
[2025-12-19T08:57:00.399+0900] GC(43) Eden regions: 42->0(41)
[2025-12-19T08:57:00.399+0900] GC(43) Survivor regions: 3->3(6)
[2025-12-19T08:57:00.399+0900] GC(43) Old regions: 17->18
[2025-12-19T08:57:00.399+0900] GC(43) Archive regions: 2->2
[2025-12-19T08:57:00.399+0900] GC(43) Humongous regions: 20->20
[2025-12-19T08:57:00.399+0900] GC(43) Metaspace: 91770K(92480K)->91770K(92480K) NonClass: 81506K(81920K)->81506K(81920K) Class: 10264K(10560K)->10264K(10560K)
[2025-12-19T08:57:00.399+0900] GC(43) Pause Young (Normal) (G1 Evacuation Pause) 330M->162M(388M) 22.042ms
[2025-12-19T08:57:00.399+0900] GC(43) User=0.16s Sys=0.00s Real=0.02s
[2025-12-19T08:59:19.339+0900] GC(44) Pause Young (Normal) (G1 Evacuation Pause)
[2025-12-19T08:59:19.340+0900] GC(44) Using 10 workers of 10 for evacuation
[2025-12-19T08:59:19.359+0900] GC(44)   Pre Evacuate Collection Set: 1.4ms
[2025-12-19T08:59:19.359+0900] GC(44)   Merge Heap Roots: 0.7ms
[2025-12-19T08:59:19.359+0900] GC(44)   Evacuate Collection Set: 14.5ms
[2025-12-19T08:59:19.359+0900] GC(44)   Post Evacuate Collection Set: 1.2ms
[2025-12-19T08:59:19.360+0900] GC(44)   Other: 2.8ms
[2025-12-19T08:59:19.360+0900] GC(44) Eden regions: 41->0(41)
[2025-12-19T08:59:19.360+0900] GC(44) Survivor regions: 3->3(6)
[2025-12-19T08:59:19.360+0900] GC(44) Old regions: 18->18
[2025-12-19T08:59:19.360+0900] GC(44) Archive regions: 2->2
[2025-12-19T08:59:19.360+0900] GC(44) Humongous regions: 20->20
[2025-12-19T08:59:19.360+0900] GC(44) Metaspace: 91814K(92480K)->91814K(92480K) NonClass: 81550K(81920K)->81550K(81920K) Class: 10264K(10560K)->10264K(10560K)
[2025-12-19T08:59:19.360+0900] GC(44) Pause Young (Normal) (G1 Evacuation Pause) 326M->162M(388M) 21.570ms
[2025-12-19T08:59:19.360+0900] GC(44) User=0.16s Sys=0.00s Real=0.03s
[2025-12-19T09:01:38.518+0900] GC(45) Pause Young (Normal) (G1 Evacuation Pause)
[2025-12-19T09:01:38.518+0900] GC(45) Using 10 workers of 10 for evacuation
[2025-12-19T09:01:38.536+0900] GC(45)   Pre Evacuate Collection Set: 0.2ms
[2025-12-19T09:01:38.536+0900] GC(45)   Merge Heap Roots: 0.2ms
[2025-12-19T09:01:38.536+0900] GC(45)   Evacuate Collection Set: 16.5ms
[2025-12-19T09:01:38.536+0900] GC(45)   Post Evacuate Collection Set: 1.0ms
[2025-12-19T09:01:38.537+0900] GC(45)   Other: 0.7ms
[2025-12-19T09:01:38.537+0900] GC(45) Eden regions: 41->0(41)
[2025-12-19T09:01:38.537+0900] GC(45) Survivor regions: 3->3(6)
[2025-12-19T09:01:38.537+0900] GC(45) Old regions: 18->18
[2025-12-19T09:01:38.537+0900] GC(45) Archive regions: 2->2
[2025-12-19T09:01:38.537+0900] GC(45) Humongous regions: 20->20
[2025-12-19T09:01:38.537+0900] GC(45) Metaspace: 91835K(92480K)->91835K(92480K) NonClass: 81570K(81920K)->81570K(81920K) Class: 10264K(10560K)->10264K(10560K)
[2025-12-19T09:01:38.537+0900] GC(45) Pause Young (Normal) (G1 Evacuation Pause) 326M->163M(388M) 19.365ms
[2025-12-19T09:01:38.537+0900] GC(45) User=0.09s Sys=0.00s Real=0.02s
[2025-12-19T09:03:57.401+0900] GC(46) Pause Young (Normal) (G1 Evacuation Pause)
[2025-12-19T09:03:57.402+0900] GC(46) Using 10 workers of 10 for evacuation
[2025-12-19T09:03:57.425+0900] GC(46)   Pre Evacuate Collection Set: 1.0ms
[2025-12-19T09:03:57.426+0900] GC(46)   Merge Heap Roots: 0.4ms
[2025-12-19T09:03:57.426+0900] GC(46)   Evacuate Collection Set: 19.4ms
[2025-12-19T09:03:57.426+0900] GC(46)   Post Evacuate Collection Set: 2.3ms
[2025-12-19T09:03:57.426+0900] GC(46)   Other: 1.5ms
[2025-12-19T09:03:57.426+0900] GC(46) Eden regions: 41->0(41)
[2025-12-19T09:03:57.426+0900] GC(46) Survivor regions: 3->3(6)
[2025-12-19T09:03:57.426+0900] GC(46) Old regions: 18->18
[2025-12-19T09:03:57.426+0900] GC(46) Archive regions: 2->2
[2025-12-19T09:03:57.426+0900] GC(46) Humongous regions: 20->20
[2025-12-19T09:03:57.426+0900] GC(46) Metaspace: 91889K(92544K)->91889K(92544K) NonClass: 81624K(81984K)->81624K(81984K) Class: 10264K(10560K)->10264K(10560K)
[2025-12-19T09:03:57.426+0900] GC(46) Pause Young (Normal) (G1 Evacuation Pause) 327M->163M(388M) 25.448ms
[2025-12-19T09:03:57.427+0900] GC(46) User=0.18s Sys=0.00s Real=0.02s
[2025-12-19T09:06:18.767+0900] GC(47) Pause Young (Normal) (G1 Evacuation Pause)
[2025-12-19T09:06:18.769+0900] GC(47) Using 10 workers of 10 for evacuation
[2025-12-19T09:06:18.787+0900] GC(47)   Pre Evacuate Collection Set: 1.1ms
[2025-12-19T09:06:18.787+0900] GC(47)   Merge Heap Roots: 0.4ms
[2025-12-19T09:06:18.787+0900] GC(47)   Evacuate Collection Set: 14.1ms
[2025-12-19T09:06:18.787+0900] GC(47)   Post Evacuate Collection Set: 1.2ms
[2025-12-19T09:06:18.788+0900] GC(47)   Other: 3.0ms
[2025-12-19T09:06:18.788+0900] GC(47) Eden regions: 41->0(41)
[2025-12-19T09:06:18.788+0900] GC(47) Survivor regions: 3->3(6)
[2025-12-19T09:06:18.788+0900] GC(47) Old regions: 18->18
[2025-12-19T09:06:18.788+0900] GC(47) Archive regions: 2->2
[2025-12-19T09:06:18.788+0900] GC(47) Humongous regions: 20->20
[2025-12-19T09:06:18.788+0900] GC(47) Metaspace: 91952K(92608K)->91952K(92608K) NonClass: 81687K(82048K)->81687K(82048K) Class: 10264K(10560K)->10264K(10560K)
[2025-12-19T09:06:18.788+0900] GC(47) Pause Young (Normal) (G1 Evacuation Pause) 327M->163M(388M) 20.774ms
[2025-12-19T09:06:18.788+0900] GC(47) User=0.15s Sys=0.00s Real=0.02s
[2025-12-19T09:08:37.793+0900] GC(48) Pause Young (Normal) (G1 Evacuation Pause)
[2025-12-19T09:08:37.794+0900] GC(48) Using 10 workers of 10 for evacuation
[2025-12-19T09:08:37.821+0900] GC(48)   Pre Evacuate Collection Set: 1.0ms
[2025-12-19T09:08:37.822+0900] GC(48)   Merge Heap Roots: 0.6ms
[2025-12-19T09:08:37.822+0900] GC(48)   Evacuate Collection Set: 23.9ms
[2025-12-19T09:08:37.822+0900] GC(48)   Post Evacuate Collection Set: 1.3ms
[2025-12-19T09:08:37.822+0900] GC(48)   Other: 2.0ms
[2025-12-19T09:08:37.822+0900] GC(48) Eden regions: 41->0(42)
[2025-12-19T09:08:37.822+0900] GC(48) Survivor regions: 3->2(6)
[2025-12-19T09:08:37.822+0900] GC(48) Old regions: 18->19
[2025-12-19T09:08:37.822+0900] GC(48) Archive regions: 2->2
[2025-12-19T09:08:37.822+0900] GC(48) Humongous regions: 20->20
[2025-12-19T09:08:37.822+0900] GC(48) Metaspace: 91956K(92608K)->91956K(92608K) NonClass: 81691K(82048K)->81691K(82048K) Class: 10264K(10560K)->10264K(10560K)
[2025-12-19T09:08:37.822+0900] GC(48) Pause Young (Normal) (G1 Evacuation Pause) 327M->164M(388M) 29.578ms
[2025-12-19T09:08:37.822+0900] GC(48) User=0.24s Sys=0.00s Real=0.03s
[2025-12-19T09:10:59.060+0900] GC(49) Pause Young (Normal) (G1 Evacuation Pause)
[2025-12-19T09:10:59.061+0900] GC(49) Using 10 workers of 10 for evacuation
[2025-12-19T09:10:59.073+0900] GC(49)   Pre Evacuate Collection Set: 0.5ms
[2025-12-19T09:10:59.073+0900] GC(49)   Merge Heap Roots: 0.2ms
[2025-12-19T09:10:59.073+0900] GC(49)   Evacuate Collection Set: 8.9ms
[2025-12-19T09:10:59.073+0900] GC(49)   Post Evacuate Collection Set: 2.0ms
[2025-12-19T09:10:59.073+0900] GC(49)   Other: 0.7ms
[2025-12-19T09:10:59.073+0900] GC(49) Eden regions: 42->0(42)
[2025-12-19T09:10:59.073+0900] GC(49) Survivor regions: 2->2(6)
[2025-12-19T09:10:59.073+0900] GC(49) Old regions: 19->19
[2025-12-19T09:10:59.073+0900] GC(49) Archive regions: 2->2
[2025-12-19T09:10:59.073+0900] GC(49) Humongous regions: 20->20
[2025-12-19T09:10:59.073+0900] GC(49) Metaspace: 91964K(92608K)->91964K(92608K) NonClass: 81699K(82048K)->81699K(82048K) Class: 10264K(10560K)->10264K(10560K)
[2025-12-19T09:10:59.074+0900] GC(49) Pause Young (Normal) (G1 Evacuation Pause) 332M->164M(388M) 13.142ms
[2025-12-19T09:10:59.074+0900] GC(49) User=0.10s Sys=0.00s Real=0.01s
[2025-12-19T09:13:23.094+0900] GC(50) Pause Young (Normal) (G1 Evacuation Pause)
[2025-12-19T09:13:23.094+0900] GC(50) Using 10 workers of 10 for evacuation
[2025-12-19T09:13:23.106+0900] GC(50)   Pre Evacuate Collection Set: 1.1ms
[2025-12-19T09:13:23.106+0900] GC(50)   Merge Heap Roots: 0.3ms
[2025-12-19T09:13:23.106+0900] GC(50)   Evacuate Collection Set: 8.5ms
[2025-12-19T09:13:23.106+0900] GC(50)   Post Evacuate Collection Set: 0.9ms
[2025-12-19T09:13:23.106+0900] GC(50)   Other: 1.6ms
[2025-12-19T09:13:23.106+0900] GC(50) Eden regions: 42->0(42)
[2025-12-19T09:13:23.106+0900] GC(50) Survivor regions: 2->2(6)
[2025-12-19T09:13:23.106+0900] GC(50) Old regions: 19->19
[2025-12-19T09:13:23.106+0900] GC(50) Archive regions: 2->2
[2025-12-19T09:13:23.106+0900] GC(50) Humongous regions: 20->20
[2025-12-19T09:13:23.106+0900] GC(50) Metaspace: 91999K(92608K)->91999K(92608K) NonClass: 81734K(82048K)->81734K(82048K) Class: 10264K(10560K)->10264K(10560K)
[2025-12-19T09:13:23.106+0900] GC(50) Pause Young (Normal) (G1 Evacuation Pause) 332M->164M(388M) 12.750ms
[2025-12-19T09:13:23.106+0900] GC(50) User=0.08s Sys=0.00s Real=0.01s
[2025-12-19T09:19:55.576+0900] GC(51) Pause Young (Normal) (G1 Evacuation Pause)
[2025-12-19T09:19:55.579+0900] GC(51) Using 10 workers of 10 for evacuation
[2025-12-19T09:19:55.602+0900] GC(51)   Pre Evacuate Collection Set: 1.0ms
[2025-12-19T09:19:55.602+0900] GC(51)   Merge Heap Roots: 0.6ms
[2025-12-19T09:19:55.602+0900] GC(51)   Evacuate Collection Set: 16.2ms
[2025-12-19T09:19:55.602+0900] GC(51)   Post Evacuate Collection Set: 3.4ms
[2025-12-19T09:19:55.602+0900] GC(51)   Other: 5.0ms
[2025-12-19T09:19:55.603+0900] GC(51) Eden regions: 42->0(41)
[2025-12-19T09:19:55.603+0900] GC(51) Survivor regions: 2->2(6)
[2025-12-19T09:19:55.603+0900] GC(51) Old regions: 19->20
[2025-12-19T09:19:55.603+0900] GC(51) Archive regions: 2->2
[2025-12-19T09:19:55.603+0900] GC(51) Humongous regions: 20->20
[2025-12-19T09:19:55.603+0900] GC(51) Metaspace: 92010K(92672K)->92010K(92672K) NonClass: 81745K(82112K)->81745K(82112K) Class: 10264K(10560K)->10264K(10560K)
[2025-12-19T09:19:55.603+0900] GC(51) Pause Young (Normal) (G1 Evacuation Pause) 332M->165M(388M) 27.280ms
[2025-12-19T09:19:55.603+0900] GC(51) User=0.19s Sys=0.00s Real=0.03s
[2025-12-19T09:22:15.617+0900] GC(52) Pause Young (Normal) (G1 Evacuation Pause)
[2025-12-19T09:22:15.618+0900] GC(52) Using 10 workers of 10 for evacuation
[2025-12-19T09:22:15.630+0900] GC(52)   Pre Evacuate Collection Set: 0.8ms
[2025-12-19T09:22:15.630+0900] GC(52)   Merge Heap Roots: 0.4ms
[2025-12-19T09:22:15.630+0900] GC(52)   Evacuate Collection Set: 8.6ms
[2025-12-19T09:22:15.630+0900] GC(52)   Post Evacuate Collection Set: 1.1ms
[2025-12-19T09:22:15.630+0900] GC(52)   Other: 2.1ms
[2025-12-19T09:22:15.630+0900] GC(52) Eden regions: 41->0(41)
[2025-12-19T09:22:15.630+0900] GC(52) Survivor regions: 2->2(6)
[2025-12-19T09:22:15.630+0900] GC(52) Old regions: 20->20
[2025-12-19T09:22:15.630+0900] GC(52) Archive regions: 2->2
[2025-12-19T09:22:15.630+0900] GC(52) Humongous regions: 20->20
[2025-12-19T09:22:15.630+0900] GC(52) Metaspace: 92030K(92736K)->92030K(92736K) NonClass: 81764K(82176K)->81764K(82176K) Class: 10266K(10560K)->10266K(10560K)
[2025-12-19T09:22:15.630+0900] GC(52) Pause Young (Normal) (G1 Evacuation Pause) 329M->165M(388M) 13.535ms
[2025-12-19T09:22:15.630+0900] GC(52) User=0.06s Sys=0.00s Real=0.01s
[2025-12-19T09:24:34.664+0900] GC(53) Pause Young (Normal) (G1 Evacuation Pause)
[2025-12-19T09:24:34.665+0900] GC(53) Using 10 workers of 10 for evacuation
[2025-12-19T09:24:34.683+0900] GC(53)   Pre Evacuate Collection Set: 1.1ms
[2025-12-19T09:24:34.683+0900] GC(53)   Merge Heap Roots: 0.8ms
[2025-12-19T09:24:34.684+0900] GC(53)   Evacuate Collection Set: 11.9ms
[2025-12-19T09:24:34.684+0900] GC(53)   Post Evacuate Collection Set: 3.7ms
[2025-12-19T09:24:34.684+0900] GC(53)   Other: 2.1ms
[2025-12-19T09:24:34.684+0900] GC(53) Eden regions: 41->0(41)
[2025-12-19T09:24:34.684+0900] GC(53) Survivor regions: 2->2(6)
[2025-12-19T09:24:34.684+0900] GC(53) Old regions: 20->20
[2025-12-19T09:24:34.684+0900] GC(53) Archive regions: 2->2
[2025-12-19T09:24:34.684+0900] GC(53) Humongous regions: 20->20
[2025-12-19T09:24:34.684+0900] GC(53) Metaspace: 92037K(92736K)->92037K(92736K) NonClass: 81771K(82176K)->81771K(82176K) Class: 10266K(10560K)->10266K(10560K)
[2025-12-19T09:24:34.684+0900] GC(53) Pause Young (Normal) (G1 Evacuation Pause) 329M->165M(388M) 20.445ms
[2025-12-19T09:24:34.685+0900] GC(53) User=0.15s Sys=0.00s Real=0.03s
[2025-12-19T09:26:52.827+0900] GC(54) Pause Young (Normal) (G1 Evacuation Pause)
[2025-12-19T09:26:52.827+0900] GC(54) Using 10 workers of 10 for evacuation
[2025-12-19T09:26:52.836+0900] GC(54)   Pre Evacuate Collection Set: 0.4ms
[2025-12-19T09:26:52.836+0900] GC(54)   Merge Heap Roots: 0.2ms
[2025-12-19T09:26:52.836+0900] GC(54)   Evacuate Collection Set: 6.7ms
[2025-12-19T09:26:52.836+0900] GC(54)   Post Evacuate Collection Set: 0.9ms
[2025-12-19T09:26:52.836+0900] GC(54)   Other: 0.7ms
[2025-12-19T09:26:52.836+0900] GC(54) Eden regions: 41->0(41)
[2025-12-19T09:26:52.836+0900] GC(54) Survivor regions: 2->2(6)
[2025-12-19T09:26:52.836+0900] GC(54) Old regions: 20->20
[2025-12-19T09:26:52.836+0900] GC(54) Archive regions: 2->2
[2025-12-19T09:26:52.836+0900] GC(54) Humongous regions: 20->20
[2025-12-19T09:26:52.836+0900] GC(54) Metaspace: 92051K(92736K)->92051K(92736K) NonClass: 81785K(82176K)->81785K(82176K) Class: 10266K(10560K)->10266K(10560K)
[2025-12-19T09:26:52.836+0900] GC(54) Pause Young (Normal) (G1 Evacuation Pause) 329M->166M(388M) 9.382ms
[2025-12-19T09:26:52.836+0900] GC(54) User=0.07s Sys=0.00s Real=0.01s
[2025-12-19T09:29:10.724+0900] GC(55) Pause Young (Normal) (G1 Evacuation Pause)
[2025-12-19T09:29:10.726+0900] GC(55) Using 10 workers of 10 for evacuation
[2025-12-19T09:29:10.744+0900] GC(55)   Pre Evacuate Collection Set: 1.3ms
[2025-12-19T09:29:10.744+0900] GC(55)   Merge Heap Roots: 0.5ms
[2025-12-19T09:29:10.744+0900] GC(55)   Evacuate Collection Set: 13.5ms
[2025-12-19T09:29:10.745+0900] GC(55)   Post Evacuate Collection Set: 1.7ms
[2025-12-19T09:29:10.745+0900] GC(55)   Other: 3.0ms
[2025-12-19T09:29:10.745+0900] GC(55) Eden regions: 41->0(41)
[2025-12-19T09:29:10.745+0900] GC(55) Survivor regions: 2->2(6)
[2025-12-19T09:29:10.745+0900] GC(55) Old regions: 20->20
[2025-12-19T09:29:10.745+0900] GC(55) Archive regions: 2->2
[2025-12-19T09:29:10.745+0900] GC(55) Humongous regions: 20->20
[2025-12-19T09:29:10.745+0900] GC(55) Metaspace: 92076K(92736K)->92076K(92736K) NonClass: 81810K(82176K)->81810K(82176K) Class: 10266K(10560K)->10266K(10560K)
[2025-12-19T09:29:10.745+0900] GC(55) Pause Young (Normal) (G1 Evacuation Pause) 330M->166M(388M) 21.048ms
[2025-12-19T09:29:10.745+0900] GC(55) User=0.15s Sys=0.00s Real=0.02s
[2025-12-19T09:31:29.259+0900] GC(56) Pause Young (Normal) (G1 Evacuation Pause)
[2025-12-19T09:31:29.260+0900] GC(56) Using 10 workers of 10 for evacuation
[2025-12-19T09:31:29.280+0900] GC(56)   Pre Evacuate Collection Set: 1.3ms
[2025-12-19T09:31:29.280+0900] GC(56)   Merge Heap Roots: 1.1ms
[2025-12-19T09:31:29.281+0900] GC(56)   Evacuate Collection Set: 15.2ms
[2025-12-19T09:31:29.281+0900] GC(56)   Post Evacuate Collection Set: 1.6ms
[2025-12-19T09:31:29.281+0900] GC(56)   Other: 2.3ms
[2025-12-19T09:31:29.281+0900] GC(56) Eden regions: 41->0(41)
[2025-12-19T09:31:29.281+0900] GC(56) Survivor regions: 2->2(6)
[2025-12-19T09:31:29.281+0900] GC(56) Old regions: 20->20
[2025-12-19T09:31:29.281+0900] GC(56) Archive regions: 2->2
[2025-12-19T09:31:29.281+0900] GC(56) Humongous regions: 20->20
[2025-12-19T09:31:29.281+0900] GC(56) Metaspace: 92310K(92992K)->92310K(92992K) NonClass: 82021K(82368K)->82021K(82368K) Class: 10289K(10624K)->10289K(10624K)
[2025-12-19T09:31:29.281+0900] GC(56) Pause Young (Normal) (G1 Evacuation Pause) 330M->166M(388M) 22.373ms
[2025-12-19T09:31:29.281+0900] GC(56) User=0.16s Sys=0.00s Real=0.02s
[2025-12-19T09:33:38.450+0900] GC(57) Pause Young (Normal) (G1 Evacuation Pause)
[2025-12-19T09:33:38.451+0900] GC(57) Using 10 workers of 10 for evacuation
[2025-12-19T09:33:38.462+0900] GC(57)   Pre Evacuate Collection Set: 0.8ms
[2025-12-19T09:33:38.462+0900] GC(57)   Merge Heap Roots: 0.2ms
[2025-12-19T09:33:38.462+0900] GC(57)   Evacuate Collection Set: 8.9ms
[2025-12-19T09:33:38.462+0900] GC(57)   Post Evacuate Collection Set: 1.2ms
[2025-12-19T09:33:38.462+0900] GC(57)   Other: 0.8ms
[2025-12-19T09:33:38.462+0900] GC(57) Eden regions: 41->0(41)
[2025-12-19T09:33:38.463+0900] GC(57) Survivor regions: 2->2(6)
[2025-12-19T09:33:38.463+0900] GC(57) Old regions: 20->20
[2025-12-19T09:33:38.463+0900] GC(57) Archive regions: 2->2
[2025-12-19T09:33:38.463+0900] GC(57) Humongous regions: 20->20
[2025-12-19T09:33:38.463+0900] GC(57) Metaspace: 92483K(93184K)->92483K(93184K) NonClass: 82193K(82560K)->82193K(82560K) Class: 10289K(10624K)->10289K(10624K)
[2025-12-19T09:33:38.463+0900] GC(57) Pause Young (Normal) (G1 Evacuation Pause) 330M->167M(388M) 12.551ms
[2025-12-19T09:33:38.463+0900] GC(57) User=0.08s Sys=0.01s Real=0.01s
[2025-12-19T09:35:55.795+0900] GC(58) Pause Young (Normal) (G1 Evacuation Pause)
[2025-12-19T09:35:55.797+0900] GC(58) Using 10 workers of 10 for evacuation
[2025-12-19T09:35:55.834+0900] GC(58)   Pre Evacuate Collection Set: 5.9ms
[2025-12-19T09:35:55.835+0900] GC(58)   Merge Heap Roots: 0.4ms
[2025-12-19T09:35:55.835+0900] GC(58)   Evacuate Collection Set: 25.8ms
[2025-12-19T09:35:55.835+0900] GC(58)   Post Evacuate Collection Set: 5.0ms
[2025-12-19T09:35:55.835+0900] GC(58)   Other: 2.9ms
[2025-12-19T09:35:55.835+0900] GC(58) Eden regions: 41->0(41)
[2025-12-19T09:35:55.835+0900] GC(58) Survivor regions: 2->2(6)
[2025-12-19T09:35:55.835+0900] GC(58) Old regions: 20->20
[2025-12-19T09:35:55.835+0900] GC(58) Archive regions: 2->2
[2025-12-19T09:35:55.835+0900] GC(58) Humongous regions: 20->20
[2025-12-19T09:35:55.835+0900] GC(58) Metaspace: 92520K(93248K)->92520K(93248K) NonClass: 82231K(82624K)->82231K(82624K) Class: 10289K(10624K)->10289K(10624K)
[2025-12-19T09:35:55.835+0900] GC(58) Pause Young (Normal) (G1 Evacuation Pause) 331M->167M(388M) 40.858ms
[2025-12-19T09:35:55.836+0900] GC(58) User=0.29s Sys=0.03s Real=0.04s
[2025-12-19T09:38:14.786+0900] GC(59) Pause Young (Normal) (G1 Evacuation Pause)
[2025-12-19T09:38:14.787+0900] GC(59) Using 10 workers of 10 for evacuation
[2025-12-19T09:38:14.798+0900] GC(59)   Pre Evacuate Collection Set: 1.0ms
[2025-12-19T09:38:14.798+0900] GC(59)   Merge Heap Roots: 0.6ms
[2025-12-19T09:38:14.798+0900] GC(59)   Evacuate Collection Set: 8.7ms
[2025-12-19T09:38:14.798+0900] GC(59)   Post Evacuate Collection Set: 0.7ms
[2025-12-19T09:38:14.798+0900] GC(59)   Other: 1.1ms
[2025-12-19T09:38:14.798+0900] GC(59) Eden regions: 41->0(41)
[2025-12-19T09:38:14.798+0900] GC(59) Survivor regions: 2->2(6)
[2025-12-19T09:38:14.798+0900] GC(59) Old regions: 20->20
[2025-12-19T09:38:14.798+0900] GC(59) Archive regions: 2->2
[2025-12-19T09:38:14.798+0900] GC(59) Humongous regions: 20->20
[2025-12-19T09:38:14.798+0900] GC(59) Metaspace: 92532K(93248K)->92532K(93248K) NonClass: 82242K(82624K)->82242K(82624K) Class: 10289K(10624K)->10289K(10624K)
[2025-12-19T09:38:14.798+0900] GC(59) Pause Young (Normal) (G1 Evacuation Pause) 331M->167M(388M) 12.484ms
[2025-12-19T09:38:14.799+0900] GC(59) User=0.08s Sys=0.00s Real=0.02s
[2025-12-19T09:40:35.899+0900] GC(60) Pause Young (Normal) (G1 Evacuation Pause)
[2025-12-19T09:40:35.900+0900] GC(60) Using 10 workers of 10 for evacuation
[2025-12-19T09:40:35.918+0900] GC(60)   Pre Evacuate Collection Set: 4.0ms
[2025-12-19T09:40:35.918+0900] GC(60)   Merge Heap Roots: 1.9ms
[2025-12-19T09:40:35.918+0900] GC(60)   Evacuate Collection Set: 9.3ms
[2025-12-19T09:40:35.918+0900] GC(60)   Post Evacuate Collection Set: 1.3ms
[2025-12-19T09:40:35.918+0900] GC(60)   Other: 3.4ms
[2025-12-19T09:40:35.918+0900] GC(60) Eden regions: 41->0(41)
[2025-12-19T09:40:35.918+0900] GC(60) Survivor regions: 2->2(6)
[2025-12-19T09:40:35.918+0900] GC(60) Old regions: 20->20
[2025-12-19T09:40:35.918+0900] GC(60) Archive regions: 2->2
[2025-12-19T09:40:35.918+0900] GC(60) Humongous regions: 20->20
[2025-12-19T09:40:35.919+0900] GC(60) Metaspace: 92553K(93248K)->92553K(93248K) NonClass: 82264K(82624K)->82264K(82624K) Class: 10289K(10624K)->10289K(10624K)
[2025-12-19T09:40:35.919+0900] GC(60) Pause Young (Normal) (G1 Evacuation Pause) 331M->168M(388M) 20.084ms
[2025-12-19T09:40:35.919+0900] GC(60) User=0.11s Sys=0.00s Real=0.02s
[2025-12-19T09:42:54.778+0900] GC(61) Pause Young (Normal) (G1 Evacuation Pause)
[2025-12-19T09:42:54.779+0900] GC(61) Using 10 workers of 10 for evacuation
[2025-12-19T09:42:54.786+0900] GC(61)   Pre Evacuate Collection Set: 0.3ms
[2025-12-19T09:42:54.787+0900] GC(61)   Merge Heap Roots: 0.2ms
[2025-12-19T09:42:54.787+0900] GC(61)   Evacuate Collection Set: 5.0ms
[2025-12-19T09:42:54.787+0900] GC(61)   Post Evacuate Collection Set: 1.9ms
[2025-12-19T09:42:54.787+0900] GC(61)   Other: 0.6ms
[2025-12-19T09:42:54.787+0900] GC(61) Eden regions: 41->0(41)
[2025-12-19T09:42:54.787+0900] GC(61) Survivor regions: 2->2(6)
[2025-12-19T09:42:54.787+0900] GC(61) Old regions: 20->20
[2025-12-19T09:42:54.787+0900] GC(61) Archive regions: 2->2
[2025-12-19T09:42:54.787+0900] GC(61) Humongous regions: 20->20
[2025-12-19T09:42:54.787+0900] GC(61) Metaspace: 92625K(93312K)->92625K(93312K) NonClass: 82335K(82688K)->82335K(82688K) Class: 10289K(10624K)->10289K(10624K)
[2025-12-19T09:42:54.788+0900] GC(61) Pause Young (Normal) (G1 Evacuation Pause) 332M->168M(388M) 9.303ms
[2025-12-19T09:42:54.788+0900] GC(61) User=0.05s Sys=0.00s Real=0.01s
[2025-12-19T10:01:25.719+0900] GC(62) Pause Young (Normal) (G1 Evacuation Pause)
[2025-12-19T10:01:25.720+0900] GC(62) Using 10 workers of 10 for evacuation
[2025-12-19T10:01:25.732+0900] GC(62)   Pre Evacuate Collection Set: 0.8ms
[2025-12-19T10:01:25.733+0900] GC(62)   Merge Heap Roots: 0.4ms
[2025-12-19T10:01:25.733+0900] GC(62)   Evacuate Collection Set: 9.0ms
[2025-12-19T10:01:25.733+0900] GC(62)   Post Evacuate Collection Set: 1.4ms
[2025-12-19T10:01:25.733+0900] GC(62)   Other: 2.0ms
[2025-12-19T10:01:25.733+0900] GC(62) Eden regions: 41->0(41)
[2025-12-19T10:01:25.733+0900] GC(62) Survivor regions: 2->2(6)
[2025-12-19T10:01:25.733+0900] GC(62) Old regions: 20->20
[2025-12-19T10:01:25.733+0900] GC(62) Archive regions: 2->2
[2025-12-19T10:01:25.733+0900] GC(62) Humongous regions: 20->20
[2025-12-19T10:01:25.733+0900] GC(62) Metaspace: 92637K(93376K)->92637K(93376K) NonClass: 82348K(82752K)->82348K(82752K) Class: 10289K(10624K)->10289K(10624K)
[2025-12-19T10:01:25.733+0900] GC(62) Pause Young (Normal) (G1 Evacuation Pause) 332M->168M(388M) 14.691ms
[2025-12-19T10:01:25.734+0900] GC(62) User=0.10s Sys=0.00s Real=0.02s
[2025-12-19T10:05:32.195+0900] GC(63) Pause Young (Normal) (G1 Evacuation Pause)
[2025-12-19T10:05:32.196+0900] GC(63) Using 10 workers of 10 for evacuation
[2025-12-19T10:05:32.205+0900] GC(63)   Pre Evacuate Collection Set: 0.5ms
[2025-12-19T10:05:32.205+0900] GC(63)   Merge Heap Roots: 0.3ms
[2025-12-19T10:05:32.205+0900] GC(63)   Evacuate Collection Set: 6.3ms
[2025-12-19T10:05:32.205+0900] GC(63)   Post Evacuate Collection Set: 1.2ms
[2025-12-19T10:05:32.205+0900] GC(63)   Other: 1.3ms
[2025-12-19T10:05:32.205+0900] GC(63) Eden regions: 41->0(41)
[2025-12-19T10:05:32.205+0900] GC(63) Survivor regions: 2->2(6)
[2025-12-19T10:05:32.205+0900] GC(63) Old regions: 20->20
[2025-12-19T10:05:32.205+0900] GC(63) Archive regions: 2->2
[2025-12-19T10:05:32.205+0900] GC(63) Humongous regions: 20->20
[2025-12-19T10:05:32.205+0900] GC(63) Metaspace: 92649K(93376K)->92649K(93376K) NonClass: 82359K(82752K)->82359K(82752K) Class: 10289K(10624K)->10289K(10624K)
[2025-12-19T10:05:32.206+0900] GC(63) Pause Young (Normal) (G1 Evacuation Pause) 332M->169M(388M) 10.447ms
[2025-12-19T10:05:32.206+0900] GC(63) User=0.07s Sys=0.00s Real=0.01s
[2025-12-19T10:07:50.202+0900] GC(64) Pause Young (Normal) (G1 Evacuation Pause)
[2025-12-19T10:07:50.203+0900] GC(64) Using 10 workers of 10 for evacuation
[2025-12-19T10:07:50.225+0900] GC(64)   Pre Evacuate Collection Set: 1.8ms
[2025-12-19T10:07:50.225+0900] GC(64)   Merge Heap Roots: 0.6ms
[2025-12-19T10:07:50.225+0900] GC(64)   Evacuate Collection Set: 17.2ms
[2025-12-19T10:07:50.225+0900] GC(64)   Post Evacuate Collection Set: 1.6ms
[2025-12-19T10:07:50.225+0900] GC(64)   Other: 2.2ms
[2025-12-19T10:07:50.226+0900] GC(64) Eden regions: 41->0(40)
[2025-12-19T10:07:50.226+0900] GC(64) Survivor regions: 2->2(6)
[2025-12-19T10:07:50.226+0900] GC(64) Old regions: 20->21
[2025-12-19T10:07:50.226+0900] GC(64) Archive regions: 2->2
[2025-12-19T10:07:50.226+0900] GC(64) Humongous regions: 20->20
[2025-12-19T10:07:50.226+0900] GC(64) Metaspace: 92654K(93376K)->92654K(93376K) NonClass: 82364K(82752K)->82364K(82752K) Class: 10289K(10624K)->10289K(10624K)
[2025-12-19T10:07:50.226+0900] GC(64) Pause Young (Normal) (G1 Evacuation Pause) 333M->169M(388M) 24.060ms
[2025-12-19T10:07:50.226+0900] GC(64) User=0.18s Sys=0.00s Real=0.02s
[2025-12-19T10:10:05.489+0900] GC(65) Pause Young (Normal) (G1 Evacuation Pause)
[2025-12-19T10:10:05.489+0900] GC(65) Using 10 workers of 10 for evacuation
[2025-12-19T10:10:05.529+0900] GC(65)   Pre Evacuate Collection Set: 0.8ms
[2025-12-19T10:10:05.529+0900] GC(65)   Merge Heap Roots: 0.8ms
[2025-12-19T10:10:05.529+0900] GC(65)   Evacuate Collection Set: 36.6ms
[2025-12-19T10:10:05.529+0900] GC(65)   Post Evacuate Collection Set: 1.0ms
[2025-12-19T10:10:05.529+0900] GC(65)   Other: 1.4ms
[2025-12-19T10:10:05.529+0900] GC(65) Eden regions: 40->0(40)
[2025-12-19T10:10:05.529+0900] GC(65) Survivor regions: 2->2(6)
[2025-12-19T10:10:05.530+0900] GC(65) Old regions: 21->21
[2025-12-19T10:10:05.530+0900] GC(65) Archive regions: 2->2
[2025-12-19T10:10:05.530+0900] GC(65) Humongous regions: 20->20
[2025-12-19T10:10:05.530+0900] GC(65) Metaspace: 92667K(93376K)->92667K(93376K) NonClass: 82378K(82752K)->82378K(82752K) Class: 10289K(10624K)->10289K(10624K)
[2025-12-19T10:10:05.530+0900] GC(65) Pause Young (Normal) (G1 Evacuation Pause) 329M->170M(388M) 41.420ms
[2025-12-19T10:10:05.530+0900] GC(65) User=0.38s Sys=0.00s Real=0.05s
[2025-12-19T10:12:11.875+0900] GC(66) Pause Young (Normal) (G1 Evacuation Pause)
[2025-12-19T10:12:11.876+0900] GC(66) Using 10 workers of 10 for evacuation
[2025-12-19T10:12:11.891+0900] GC(66)   Pre Evacuate Collection Set: 0.7ms
[2025-12-19T10:12:11.891+0900] GC(66)   Merge Heap Roots: 0.4ms
[2025-12-19T10:12:11.891+0900] GC(66)   Evacuate Collection Set: 13.0ms
[2025-12-19T10:12:11.891+0900] GC(66)   Post Evacuate Collection Set: 0.8ms
[2025-12-19T10:12:11.891+0900] GC(66)   Other: 1.1ms
[2025-12-19T10:12:11.891+0900] GC(66) Eden regions: 40->0(40)
[2025-12-19T10:12:11.891+0900] GC(66) Survivor regions: 2->2(6)
[2025-12-19T10:12:11.891+0900] GC(66) Old regions: 21->21
[2025-12-19T10:12:11.891+0900] GC(66) Archive regions: 2->2
[2025-12-19T10:12:11.891+0900] GC(66) Humongous regions: 20->20
[2025-12-19T10:12:11.891+0900] GC(66) Metaspace: 92799K(93504K)->92799K(93504K) NonClass: 82509K(82880K)->82509K(82880K) Class: 10290K(10624K)->10290K(10624K)
[2025-12-19T10:12:11.891+0900] GC(66) Pause Young (Normal) (G1 Evacuation Pause) 330M->170M(388M) 16.234ms
[2025-12-19T10:12:11.892+0900] GC(66) User=0.14s Sys=0.00s Real=0.02s
[2025-12-19T10:14:28.844+0900] GC(67) Pause Young (Normal) (G1 Evacuation Pause)
[2025-12-19T10:14:28.846+0900] GC(67) Using 10 workers of 10 for evacuation
[2025-12-19T10:14:28.864+0900] GC(67)   Pre Evacuate Collection Set: 1.3ms
[2025-12-19T10:14:28.865+0900] GC(67)   Merge Heap Roots: 0.4ms
[2025-12-19T10:14:28.865+0900] GC(67)   Evacuate Collection Set: 14.2ms
[2025-12-19T10:14:28.865+0900] GC(67)   Post Evacuate Collection Set: 2.4ms
[2025-12-19T10:14:28.865+0900] GC(67)   Other: 2.6ms
[2025-12-19T10:14:28.865+0900] GC(67) Eden regions: 40->0(40)
[2025-12-19T10:14:28.865+0900] GC(67) Survivor regions: 2->2(6)
[2025-12-19T10:14:28.865+0900] GC(67) Old regions: 21->21
[2025-12-19T10:14:28.866+0900] GC(67) Archive regions: 2->2
[2025-12-19T10:14:28.866+0900] GC(67) Humongous regions: 20->20
[2025-12-19T10:14:28.866+0900] GC(67) Metaspace: 92813K(93504K)->92813K(93504K) NonClass: 82523K(82880K)->82523K(82880K) Class: 10290K(10624K)->10290K(10624K)
[2025-12-19T10:14:28.866+0900] GC(67) Pause Young (Normal) (G1 Evacuation Pause) 330M->170M(388M) 22.055ms
[2025-12-19T10:14:28.866+0900] GC(67) User=0.15s Sys=0.00s Real=0.02s
[2025-12-19T10:16:45.784+0900] GC(68) Pause Young (Normal) (G1 Evacuation Pause)
[2025-12-19T10:16:45.785+0900] GC(68) Using 10 workers of 10 for evacuation
[2025-12-19T10:16:45.815+0900] GC(68)   Pre Evacuate Collection Set: 1.1ms
[2025-12-19T10:16:45.815+0900] GC(68)   Merge Heap Roots: 0.8ms
[2025-12-19T10:16:45.815+0900] GC(68)   Evacuate Collection Set: 23.6ms
[2025-12-19T10:16:45.815+0900] GC(68)   Post Evacuate Collection Set: 2.7ms
[2025-12-19T10:16:45.815+0900] GC(68)   Other: 2.4ms
[2025-12-19T10:16:45.815+0900] GC(68) Eden regions: 40->0(40)
[2025-12-19T10:16:45.815+0900] GC(68) Survivor regions: 2->2(6)
[2025-12-19T10:16:45.815+0900] GC(68) Old regions: 21->21
[2025-12-19T10:16:45.815+0900] GC(68) Archive regions: 2->2
[2025-12-19T10:16:45.815+0900] GC(68) Humongous regions: 20->20
[2025-12-19T10:16:45.815+0900] GC(68) Metaspace: 92847K(93504K)->92847K(93504K) NonClass: 82557K(82880K)->82557K(82880K) Class: 10290K(10624K)->10290K(10624K)
[2025-12-19T10:16:45.815+0900] GC(68) Pause Young (Normal) (G1 Evacuation Pause) 330M->171M(388M) 31.390ms
[2025-12-19T10:16:45.815+0900] GC(68) User=0.25s Sys=0.00s Real=0.03s
[2025-12-19T10:19:01.463+0900] GC(69) Pause Young (Normal) (G1 Evacuation Pause)
[2025-12-19T10:19:01.464+0900] GC(69) Using 10 workers of 10 for evacuation
[2025-12-19T10:19:01.487+0900] GC(69)   Pre Evacuate Collection Set: 1.0ms
[2025-12-19T10:19:01.487+0900] GC(69)   Merge Heap Roots: 0.3ms
[2025-12-19T10:19:01.487+0900] GC(69)   Evacuate Collection Set: 19.9ms
[2025-12-19T10:19:01.487+0900] GC(69)   Post Evacuate Collection Set: 0.9ms
[2025-12-19T10:19:01.487+0900] GC(69)   Other: 1.7ms
[2025-12-19T10:19:01.487+0900] GC(69) Eden regions: 40->0(40)
[2025-12-19T10:19:01.487+0900] GC(69) Survivor regions: 2->2(6)
[2025-12-19T10:19:01.488+0900] GC(69) Old regions: 21->21
[2025-12-19T10:19:01.488+0900] GC(69) Archive regions: 2->2
[2025-12-19T10:19:01.488+0900] GC(69) Humongous regions: 20->20
[2025-12-19T10:19:01.488+0900] GC(69) Metaspace: 92862K(93568K)->92862K(93568K) NonClass: 82572K(82944K)->82572K(82944K) Class: 10290K(10624K)->10290K(10624K)
[2025-12-19T10:19:01.488+0900] GC(69) Pause Young (Normal) (G1 Evacuation Pause) 331M->171M(388M) 24.424ms
[2025-12-19T10:19:01.488+0900] GC(69) User=0.20s Sys=0.00s Real=0.03s
[2025-12-19T10:21:15.960+0900] GC(70) Pause Young (Normal) (G1 Evacuation Pause)
[2025-12-19T10:21:15.962+0900] GC(70) Using 10 workers of 10 for evacuation
[2025-12-19T10:21:15.989+0900] GC(70)   Pre Evacuate Collection Set: 1.3ms
[2025-12-19T10:21:15.989+0900] GC(70)   Merge Heap Roots: 0.7ms
[2025-12-19T10:21:15.989+0900] GC(70)   Evacuate Collection Set: 22.5ms
[2025-12-19T10:21:15.989+0900] GC(70)   Post Evacuate Collection Set: 1.8ms
[2025-12-19T10:21:15.989+0900] GC(70)   Other: 2.9ms
[2025-12-19T10:21:15.989+0900] GC(70) Eden regions: 40->0(40)
[2025-12-19T10:21:15.989+0900] GC(70) Survivor regions: 2->2(6)
[2025-12-19T10:21:15.989+0900] GC(70) Old regions: 21->21
[2025-12-19T10:21:15.989+0900] GC(70) Archive regions: 2->2
[2025-12-19T10:21:15.989+0900] GC(70) Humongous regions: 20->20
[2025-12-19T10:21:15.989+0900] GC(70) Metaspace: 92868K(93568K)->92868K(93568K) NonClass: 82578K(82944K)->82578K(82944K) Class: 10290K(10624K)->10290K(10624K)
[2025-12-19T10:21:15.989+0900] GC(70) Pause Young (Normal) (G1 Evacuation Pause) 331M->171M(388M) 29.790ms
[2025-12-19T10:21:15.989+0900] GC(70) User=0.24s Sys=0.00s Real=0.03s
[2025-12-19T10:23:33.569+0900] GC(71) Pause Young (Normal) (G1 Evacuation Pause)
[2025-12-19T10:23:33.570+0900] GC(71) Using 10 workers of 10 for evacuation
[2025-12-19T10:23:33.583+0900] GC(71)   Pre Evacuate Collection Set: 0.9ms
[2025-12-19T10:23:33.583+0900] GC(71)   Merge Heap Roots: 0.4ms
[2025-12-19T10:23:33.583+0900] GC(71)   Evacuate Collection Set: 9.5ms
[2025-12-19T10:23:33.583+0900] GC(71)   Post Evacuate Collection Set: 1.5ms
[2025-12-19T10:23:33.583+0900] GC(71)   Other: 1.3ms
[2025-12-19T10:23:33.583+0900] GC(71) Eden regions: 40->0(40)
[2025-12-19T10:23:33.583+0900] GC(71) Survivor regions: 2->2(6)
[2025-12-19T10:23:33.583+0900] GC(71) Old regions: 21->21
[2025-12-19T10:23:33.583+0900] GC(71) Archive regions: 2->2
[2025-12-19T10:23:33.583+0900] GC(71) Humongous regions: 20->20
[2025-12-19T10:23:33.583+0900] GC(71) Metaspace: 92893K(93632K)->92893K(93632K) NonClass: 82603K(83008K)->82603K(83008K) Class: 10290K(10624K)->10290K(10624K)
[2025-12-19T10:23:33.584+0900] GC(71) Pause Young (Normal) (G1 Evacuation Pause) 331M->171M(388M) 14.396ms
[2025-12-19T10:23:33.584+0900] GC(71) User=0.11s Sys=0.00s Real=0.01s
[2025-12-19T10:25:49.024+0900] GC(72) Pause Young (Normal) (G1 Evacuation Pause)
[2025-12-19T10:25:49.025+0900] GC(72) Using 10 workers of 10 for evacuation
[2025-12-19T10:25:49.042+0900] GC(72)   Pre Evacuate Collection Set: 0.8ms
[2025-12-19T10:25:49.042+0900] GC(72)   Merge Heap Roots: 0.4ms
[2025-12-19T10:25:49.043+0900] GC(72)   Evacuate Collection Set: 13.3ms
[2025-12-19T10:25:49.043+0900] GC(72)   Post Evacuate Collection Set: 2.2ms
[2025-12-19T10:25:49.043+0900] GC(72)   Other: 1.4ms
[2025-12-19T10:25:49.043+0900] GC(72) Eden regions: 40->0(40)
[2025-12-19T10:25:49.043+0900] GC(72) Survivor regions: 2->2(6)
[2025-12-19T10:25:49.043+0900] GC(72) Old regions: 21->21
[2025-12-19T10:25:49.043+0900] GC(72) Archive regions: 2->2
[2025-12-19T10:25:49.043+0900] GC(72) Humongous regions: 20->20
[2025-12-19T10:25:49.043+0900] GC(72) Metaspace: 92899K(93632K)->92899K(93632K) NonClass: 82609K(83008K)->82609K(83008K) Class: 10290K(10624K)->10290K(10624K)
[2025-12-19T10:25:49.043+0900] GC(72) Pause Young (Normal) (G1 Evacuation Pause) 331M->172M(388M) 19.077ms
[2025-12-19T10:25:49.043+0900] GC(72) User=0.15s Sys=0.00s Real=0.02s
[2025-12-19T10:28:04.061+0900] GC(73) Pause Young (Normal) (G1 Evacuation Pause)
[2025-12-19T10:28:04.063+0900] GC(73) Using 10 workers of 10 for evacuation
[2025-12-19T10:28:04.087+0900] GC(73)   Pre Evacuate Collection Set: 5.9ms
[2025-12-19T10:28:04.087+0900] GC(73)   Merge Heap Roots: 0.4ms
[2025-12-19T10:28:04.087+0900] GC(73)   Evacuate Collection Set: 15.1ms
[2025-12-19T10:28:04.087+0900] GC(73)   Post Evacuate Collection Set: 1.6ms
[2025-12-19T10:28:04.087+0900] GC(73)   Other: 2.8ms
[2025-12-19T10:28:04.087+0900] GC(73) Eden regions: 40->0(40)
[2025-12-19T10:28:04.087+0900] GC(73) Survivor regions: 2->2(6)
[2025-12-19T10:28:04.087+0900] GC(73) Old regions: 21->21
[2025-12-19T10:28:04.088+0900] GC(73) Archive regions: 2->2
[2025-12-19T10:28:04.088+0900] GC(73) Humongous regions: 20->20
[2025-12-19T10:28:04.088+0900] GC(73) Metaspace: 92932K(93632K)->92932K(93632K) NonClass: 82642K(83008K)->82642K(83008K) Class: 10290K(10624K)->10290K(10624K)
[2025-12-19T10:28:04.088+0900] GC(73) Pause Young (Normal) (G1 Evacuation Pause) 332M->172M(388M) 26.953ms
[2025-12-19T10:28:04.088+0900] GC(73) User=0.15s Sys=0.03s Real=0.03s
[2025-12-19T10:30:21.739+0900] GC(74) Pause Young (Normal) (G1 Evacuation Pause)
[2025-12-19T10:30:21.740+0900] GC(74) Using 10 workers of 10 for evacuation
[2025-12-19T10:30:21.759+0900] GC(74)   Pre Evacuate Collection Set: 1.1ms
[2025-12-19T10:30:21.759+0900] GC(74)   Merge Heap Roots: 0.9ms
[2025-12-19T10:30:21.759+0900] GC(74)   Evacuate Collection Set: 14.1ms
[2025-12-19T10:30:21.759+0900] GC(74)   Post Evacuate Collection Set: 1.3ms
[2025-12-19T10:30:21.760+0900] GC(74)   Other: 3.5ms
[2025-12-19T10:30:21.760+0900] GC(74) Eden regions: 40->0(40)
[2025-12-19T10:30:21.760+0900] GC(74) Survivor regions: 2->2(6)
[2025-12-19T10:30:21.760+0900] GC(74) Old regions: 21->21
[2025-12-19T10:30:21.760+0900] GC(74) Archive regions: 2->2
[2025-12-19T10:30:21.760+0900] GC(74) Humongous regions: 20->20
[2025-12-19T10:30:21.760+0900] GC(74) Metaspace: 93092K(93824K)->93092K(93824K) NonClass: 82802K(83200K)->82802K(83200K) Class: 10290K(10624K)->10290K(10624K)
[2025-12-19T10:30:21.760+0900] GC(74) Pause Young (Normal) (G1 Evacuation Pause) 332M->172M(388M) 21.574ms
[2025-12-19T10:30:21.760+0900] GC(74) User=0.15s Sys=0.00s Real=0.02s
[2025-12-19T10:33:08.561+0900] GC(75) Pause Young (Normal) (G1 Evacuation Pause)
[2025-12-19T10:33:08.564+0900] GC(75) Using 10 workers of 10 for evacuation
[2025-12-19T10:33:08.594+0900] GC(75)   Pre Evacuate Collection Set: 1.4ms
[2025-12-19T10:33:08.594+0900] GC(75)   Merge Heap Roots: 0.7ms
[2025-12-19T10:33:08.594+0900] GC(75)   Evacuate Collection Set: 25.4ms
[2025-12-19T10:33:08.594+0900] GC(75)   Post Evacuate Collection Set: 2.1ms
[2025-12-19T10:33:08.594+0900] GC(75)   Other: 3.1ms
[2025-12-19T10:33:08.595+0900] GC(75) Eden regions: 40->0(39)
[2025-12-19T10:33:08.595+0900] GC(75) Survivor regions: 2->2(6)
[2025-12-19T10:33:08.595+0900] GC(75) Old regions: 21->22
[2025-12-19T10:33:08.595+0900] GC(75) Archive regions: 2->2
[2025-12-19T10:33:08.595+0900] GC(75) Humongous regions: 20->20
[2025-12-19T10:33:08.595+0900] GC(75) Metaspace: 93097K(93824K)->93097K(93824K) NonClass: 82806K(83200K)->82806K(83200K) Class: 10290K(10624K)->10290K(10624K)
[2025-12-19T10:33:08.595+0900] GC(75) Pause Young (Normal) (G1 Evacuation Pause) 332M->173M(388M) 33.761ms
[2025-12-19T10:33:08.595+0900] GC(75) User=0.27s Sys=0.00s Real=0.03s
[2025-12-19T10:51:27.330+0900] GC(76) Pause Young (Concurrent Start) (G1 Evacuation Pause)
[2025-12-19T10:51:27.331+0900] GC(76) Using 10 workers of 10 for evacuation
[2025-12-19T10:51:27.349+0900] GC(76)   Pre Evacuate Collection Set: 2.5ms
[2025-12-19T10:51:27.349+0900] GC(76)   Merge Heap Roots: 0.3ms
[2025-12-19T10:51:27.349+0900] GC(76)   Evacuate Collection Set: 12.8ms
[2025-12-19T10:51:27.349+0900] GC(76)   Post Evacuate Collection Set: 1.9ms
[2025-12-19T10:51:27.350+0900] GC(76)   Other: 1.4ms
[2025-12-19T10:51:27.350+0900] GC(76) Eden regions: 39->0(39)
[2025-12-19T10:51:27.350+0900] GC(76) Survivor regions: 2->2(6)
[2025-12-19T10:51:27.350+0900] GC(76) Old regions: 22->22
[2025-12-19T10:51:27.351+0900] GC(76) Archive regions: 2->2
[2025-12-19T10:51:27.351+0900] GC(76) Humongous regions: 20->20
[2025-12-19T10:51:27.351+0900] GC(76) Metaspace: 93097K(93824K)->93097K(93824K) NonClass: 82807K(83200K)->82807K(83200K) Class: 10290K(10624K)->10290K(10624K)
[2025-12-19T10:51:27.351+0900] GC(76) Pause Young (Concurrent Start) (G1 Evacuation Pause) 329M->173M(388M) 20.568ms
[2025-12-19T10:51:27.351+0900] GC(76) User=0.13s Sys=0.00s Real=0.02s
[2025-12-19T10:51:27.352+0900] GC(77) Concurrent Mark Cycle
[2025-12-19T10:51:27.352+0900] GC(77) Concurrent Clear Claimed Marks
[2025-12-19T10:51:27.352+0900] GC(77) Concurrent Clear Claimed Marks 0.244ms
[2025-12-19T10:51:27.352+0900] GC(77) Concurrent Scan Root Regions
[2025-12-19T10:51:27.355+0900] GC(77) Concurrent Scan Root Regions 3.118ms
[2025-12-19T10:51:27.355+0900] GC(77) Concurrent Mark
[2025-12-19T10:51:27.355+0900] GC(77) Concurrent Mark From Roots
[2025-12-19T10:51:27.355+0900] GC(77) Using 3 workers of 3 for marking
[2025-12-19T10:51:27.381+0900] GC(77) Concurrent Mark From Roots 25.741ms
[2025-12-19T10:51:27.381+0900] GC(77) Concurrent Preclean
[2025-12-19T10:51:27.382+0900] GC(77) Concurrent Preclean 0.426ms
[2025-12-19T10:51:27.382+0900] GC(77) Pause Remark
[2025-12-19T10:51:27.415+0900] GC(77) Pause Remark 175M->175M(388M) 33.689ms
[2025-12-19T10:51:27.415+0900] GC(77) User=0.29s Sys=0.00s Real=0.03s
[2025-12-19T10:51:27.416+0900] GC(77) Concurrent Mark 60.339ms
[2025-12-19T10:51:27.416+0900] GC(77) Concurrent Rebuild Remembered Sets
[2025-12-19T10:51:27.421+0900] GC(77) Concurrent Rebuild Remembered Sets 5.002ms
[2025-12-19T10:51:27.425+0900] GC(77) Pause Cleanup
[2025-12-19T10:51:27.425+0900] GC(77) Pause Cleanup 175M->175M(388M) 0.139ms
[2025-12-19T10:51:27.425+0900] GC(77) User=0.00s Sys=0.00s Real=0.00s
[2025-12-19T10:51:27.425+0900] GC(77) Concurrent Cleanup for Next Mark
[2025-12-19T10:51:27.426+0900] GC(77) Concurrent Cleanup for Next Mark 1.112ms
[2025-12-19T10:51:27.426+0900] GC(77) Concurrent Mark Cycle 74.470ms
[2025-12-19T14:49:33.229+0900] GC(78) Pause Young (Normal) (G1 Evacuation Pause)
[2025-12-19T14:49:33.231+0900] GC(78) Using 10 workers of 10 for evacuation
[2025-12-19T14:49:33.254+0900] GC(78)   Pre Evacuate Collection Set: 1.2ms
[2025-12-19T14:49:33.254+0900] GC(78)   Merge Heap Roots: 0.5ms
[2025-12-19T14:49:33.254+0900] GC(78)   Evacuate Collection Set: 19.1ms
[2025-12-19T14:49:33.254+0900] GC(78)   Post Evacuate Collection Set: 1.7ms
[2025-12-19T14:49:33.254+0900] GC(78)   Other: 2.0ms
[2025-12-19T14:49:33.254+0900] GC(78) Eden regions: 39->0(39)
[2025-12-19T14:49:33.254+0900] GC(78) Survivor regions: 2->2(6)
[2025-12-19T14:49:33.255+0900] GC(78) Old regions: 22->22
[2025-12-19T14:49:33.255+0900] GC(78) Archive regions: 2->2
[2025-12-19T14:49:33.255+0900] GC(78) Humongous regions: 20->20
[2025-12-19T14:49:33.255+0900] GC(78) Metaspace: 92622K(93824K)->92622K(93824K) NonClass: 82440K(83200K)->82440K(83200K) Class: 10181K(10624K)->10181K(10624K)
[2025-12-19T14:49:33.255+0900] GC(78) Pause Young (Normal) (G1 Evacuation Pause) 329M->174M(388M) 25.440ms
[2025-12-19T14:49:33.255+0900] GC(78) User=0.20s Sys=0.00s Real=0.03s
[2025-12-19T15:09:40.515+0900] GC(79) Pause Young (Concurrent Start) (G1 Evacuation Pause)
[2025-12-19T15:09:40.518+0900] GC(79) Using 10 workers of 10 for evacuation
[2025-12-19T15:09:40.534+0900] GC(79)   Pre Evacuate Collection Set: 2.5ms
[2025-12-19T15:09:40.535+0900] GC(79)   Merge Heap Roots: 0.6ms
[2025-12-19T15:09:40.535+0900] GC(79)   Evacuate Collection Set: 10.8ms
[2025-12-19T15:09:40.535+0900] GC(79)   Post Evacuate Collection Set: 1.4ms
[2025-12-19T15:09:40.535+0900] GC(79)   Other: 4.6ms
[2025-12-19T15:09:40.535+0900] GC(79) Eden regions: 39->0(39)
[2025-12-19T15:09:40.535+0900] GC(79) Survivor regions: 2->2(6)
[2025-12-19T15:09:40.535+0900] GC(79) Old regions: 22->22
[2025-12-19T15:09:40.535+0900] GC(79) Archive regions: 2->2
[2025-12-19T15:09:40.535+0900] GC(79) Humongous regions: 20->20
[2025-12-19T15:09:40.535+0900] GC(79) Metaspace: 92622K(93824K)->92622K(93824K) NonClass: 82440K(83200K)->82440K(83200K) Class: 10181K(10624K)->10181K(10624K)
[2025-12-19T15:09:40.535+0900] GC(79) Pause Young (Concurrent Start) (G1 Evacuation Pause) 330M->174M(388M) 20.765ms
[2025-12-19T15:09:40.535+0900] GC(79) User=0.12s Sys=0.00s Real=0.02s
[2025-12-19T15:09:40.536+0900] GC(80) Concurrent Mark Cycle
[2025-12-19T15:09:40.536+0900] GC(80) Concurrent Clear Claimed Marks
[2025-12-19T15:09:40.536+0900] GC(80) Concurrent Clear Claimed Marks 0.121ms
[2025-12-19T15:09:40.536+0900] GC(80) Concurrent Scan Root Regions
[2025-12-19T15:09:40.543+0900] GC(80) Concurrent Scan Root Regions 7.252ms
[2025-12-19T15:09:40.543+0900] GC(80) Concurrent Mark
[2025-12-19T15:09:40.543+0900] GC(80) Concurrent Mark From Roots
[2025-12-19T15:09:40.544+0900] GC(80) Using 3 workers of 3 for marking
[2025-12-19T15:09:40.568+0900] GC(80) Concurrent Mark From Roots 25.012ms
[2025-12-19T15:09:40.569+0900] GC(80) Concurrent Preclean
[2025-12-19T15:09:40.569+0900] GC(80) Concurrent Preclean 0.195ms
[2025-12-19T15:09:40.569+0900] GC(80) Pause Remark
[2025-12-19T15:09:40.582+0900] GC(80) Pause Remark 176M->176M(388M) 13.016ms
[2025-12-19T15:09:40.582+0900] GC(80) User=0.13s Sys=0.00s Real=0.02s
[2025-12-19T15:09:40.582+0900] GC(80) Concurrent Mark 38.779ms
[2025-12-19T15:09:40.582+0900] GC(80) Concurrent Rebuild Remembered Sets
[2025-12-19T15:09:40.587+0900] GC(80) Concurrent Rebuild Remembered Sets 4.567ms
[2025-12-19T15:09:40.587+0900] GC(80) Pause Cleanup
[2025-12-19T15:09:40.587+0900] GC(80) Pause Cleanup 176M->176M(388M) 0.108ms
[2025-12-19T15:09:40.587+0900] GC(80) User=0.00s Sys=0.00s Real=0.00s
[2025-12-19T15:09:40.587+0900] GC(80) Concurrent Cleanup for Next Mark
[2025-12-19T15:09:40.588+0900] GC(80) Concurrent Cleanup for Next Mark 0.599ms
[2025-12-19T15:09:40.588+0900] GC(80) Concurrent Mark Cycle 52.172ms
[2025-12-19T15:11:43.629+0900] GC(81) Pause Young (Normal) (G1 Evacuation Pause)
[2025-12-19T15:11:43.631+0900] GC(81) Using 10 workers of 10 for evacuation
[2025-12-19T15:11:43.658+0900] GC(81)   Pre Evacuate Collection Set: 1.0ms
[2025-12-19T15:11:43.658+0900] GC(81)   Merge Heap Roots: 0.3ms
[2025-12-19T15:11:43.658+0900] GC(81)   Evacuate Collection Set: 23.7ms
[2025-12-19T15:11:43.658+0900] GC(81)   Post Evacuate Collection Set: 1.3ms
[2025-12-19T15:11:43.658+0900] GC(81)   Other: 2.0ms
[2025-12-19T15:11:43.658+0900] GC(81) Eden regions: 39->0(39)
[2025-12-19T15:11:43.658+0900] GC(81) Survivor regions: 2->2(6)
[2025-12-19T15:11:43.658+0900] GC(81) Old regions: 22->22
[2025-12-19T15:11:43.658+0900] GC(81) Archive regions: 2->2
[2025-12-19T15:11:43.658+0900] GC(81) Humongous regions: 20->20
[2025-12-19T15:11:43.658+0900] GC(81) Metaspace: 92672K(93824K)->92672K(93824K) NonClass: 82490K(83200K)->82490K(83200K) Class: 10181K(10624K)->10181K(10624K)
[2025-12-19T15:11:43.658+0900] GC(81) Pause Young (Normal) (G1 Evacuation Pause) 330M->174M(388M) 28.841ms
[2025-12-19T15:11:43.658+0900] GC(81) User=0.24s Sys=0.00s Real=0.02s
[2025-12-19T15:13:55.809+0900] GC(82) Pause Young (Concurrent Start) (G1 Evacuation Pause)
[2025-12-19T15:13:55.811+0900] GC(82) Using 10 workers of 10 for evacuation
[2025-12-19T15:13:55.852+0900] GC(82)   Pre Evacuate Collection Set: 3.4ms
[2025-12-19T15:13:55.852+0900] GC(82)   Merge Heap Roots: 0.4ms
[2025-12-19T15:13:55.852+0900] GC(82)   Evacuate Collection Set: 33.1ms
[2025-12-19T15:13:55.852+0900] GC(82)   Post Evacuate Collection Set: 2.7ms
[2025-12-19T15:13:55.852+0900] GC(82)   Other: 3.6ms
[2025-12-19T15:13:55.853+0900] GC(82) Eden regions: 39->0(39)
[2025-12-19T15:13:55.853+0900] GC(82) Survivor regions: 2->2(6)
[2025-12-19T15:13:55.853+0900] GC(82) Old regions: 22->22
[2025-12-19T15:13:55.853+0900] GC(82) Archive regions: 2->2
[2025-12-19T15:13:55.853+0900] GC(82) Humongous regions: 20->20
[2025-12-19T15:13:55.853+0900] GC(82) Metaspace: 92672K(93824K)->92672K(93824K) NonClass: 82490K(83200K)->82490K(83200K) Class: 10181K(10624K)->10181K(10624K)
[2025-12-19T15:13:55.853+0900] GC(82) Pause Young (Concurrent Start) (G1 Evacuation Pause) 330M->174M(388M) 43.794ms
[2025-12-19T15:13:55.853+0900] GC(82) User=0.36s Sys=0.00s Real=0.05s
[2025-12-19T15:13:55.853+0900] GC(83) Concurrent Mark Cycle
[2025-12-19T15:13:55.853+0900] GC(83) Concurrent Clear Claimed Marks
[2025-12-19T15:13:55.853+0900] GC(83) Concurrent Clear Claimed Marks 0.097ms
[2025-12-19T15:13:55.853+0900] GC(83) Concurrent Scan Root Regions
[2025-12-19T15:13:55.855+0900] GC(83) Concurrent Scan Root Regions 1.970ms
[2025-12-19T15:13:55.855+0900] GC(83) Concurrent Mark
[2025-12-19T15:13:55.855+0900] GC(83) Concurrent Mark From Roots
[2025-12-19T15:13:55.855+0900] GC(83) Using 3 workers of 3 for marking
[2025-12-19T15:13:55.872+0900] GC(83) Concurrent Mark From Roots 16.933ms
[2025-12-19T15:13:55.872+0900] GC(83) Concurrent Preclean
[2025-12-19T15:13:55.873+0900] GC(83) Concurrent Preclean 0.187ms
[2025-12-19T15:13:55.873+0900] GC(83) Pause Remark
[2025-12-19T15:13:55.880+0900] GC(83) Pause Remark 176M->176M(388M) 7.650ms
[2025-12-19T15:13:55.880+0900] GC(83) User=0.07s Sys=0.00s Real=0.01s
[2025-12-19T15:13:55.881+0900] GC(83) Concurrent Mark 25.230ms
[2025-12-19T15:13:55.881+0900] GC(83) Concurrent Rebuild Remembered Sets
[2025-12-19T15:13:55.885+0900] GC(83) Concurrent Rebuild Remembered Sets 4.514ms
[2025-12-19T15:13:55.885+0900] GC(83) Pause Cleanup
[2025-12-19T15:13:55.885+0900] GC(83) Pause Cleanup 176M->176M(388M) 0.120ms
[2025-12-19T15:13:55.886+0900] GC(83) User=0.00s Sys=0.00s Real=0.00s
[2025-12-19T15:13:55.886+0900] GC(83) Concurrent Cleanup for Next Mark
[2025-12-19T15:13:55.886+0900] GC(83) Concurrent Cleanup for Next Mark 0.803ms
[2025-12-19T15:13:55.886+0900] GC(83) Concurrent Mark Cycle 33.399ms
[2025-12-19T15:16:07.270+0900] GC(84) Pause Young (Normal) (G1 Evacuation Pause)
[2025-12-19T15:16:07.271+0900] GC(84) Using 10 workers of 10 for evacuation
[2025-12-19T15:16:07.280+0900] GC(84)   Pre Evacuate Collection Set: 0.4ms
[2025-12-19T15:16:07.280+0900] GC(84)   Merge Heap Roots: 0.2ms
[2025-12-19T15:16:07.280+0900] GC(84)   Evacuate Collection Set: 7.2ms
[2025-12-19T15:16:07.280+0900] GC(84)   Post Evacuate Collection Set: 0.9ms
[2025-12-19T15:16:07.280+0900] GC(84)   Other: 0.6ms
[2025-12-19T15:16:07.280+0900] GC(84) Eden regions: 39->0(39)
[2025-12-19T15:16:07.280+0900] GC(84) Survivor regions: 2->2(6)
[2025-12-19T15:16:07.280+0900] GC(84) Old regions: 22->22
[2025-12-19T15:16:07.280+0900] GC(84) Archive regions: 2->2
[2025-12-19T15:16:07.280+0900] GC(84) Humongous regions: 20->20
[2025-12-19T15:16:07.280+0900] GC(84) Metaspace: 92678K(93824K)->92678K(93824K) NonClass: 82496K(83200K)->82496K(83200K) Class: 10181K(10624K)->10181K(10624K)
[2025-12-19T15:16:07.280+0900] GC(84) Pause Young (Normal) (G1 Evacuation Pause) 330M->175M(388M) 9.915ms
[2025-12-19T15:16:07.280+0900] GC(84) User=0.07s Sys=0.00s Real=0.01s
[2025-12-19T15:18:19.034+0900] GC(85) Pause Young (Concurrent Start) (G1 Evacuation Pause)
[2025-12-19T15:18:19.036+0900] GC(85) Using 10 workers of 10 for evacuation
[2025-12-19T15:18:19.053+0900] GC(85)   Pre Evacuate Collection Set: 2.5ms
[2025-12-19T15:18:19.053+0900] GC(85)   Merge Heap Roots: 0.5ms
[2025-12-19T15:18:19.053+0900] GC(85)   Evacuate Collection Set: 10.9ms
[2025-12-19T15:18:19.054+0900] GC(85)   Post Evacuate Collection Set: 1.7ms
[2025-12-19T15:18:19.054+0900] GC(85)   Other: 3.0ms
[2025-12-19T15:18:19.054+0900] GC(85) Eden regions: 39->0(39)
[2025-12-19T15:18:19.054+0900] GC(85) Survivor regions: 2->2(6)
[2025-12-19T15:18:19.054+0900] GC(85) Old regions: 22->22
[2025-12-19T15:18:19.054+0900] GC(85) Archive regions: 2->2
[2025-12-19T15:18:19.054+0900] GC(85) Humongous regions: 20->20
[2025-12-19T15:18:19.054+0900] GC(85) Metaspace: 92680K(93824K)->92680K(93824K) NonClass: 82498K(83200K)->82498K(83200K) Class: 10181K(10624K)->10181K(10624K)
[2025-12-19T15:18:19.054+0900] GC(85) Pause Young (Concurrent Start) (G1 Evacuation Pause) 331M->175M(388M) 19.685ms
[2025-12-19T15:18:19.054+0900] GC(85) User=0.12s Sys=0.00s Real=0.02s
[2025-12-19T15:18:19.054+0900] GC(86) Concurrent Mark Cycle
[2025-12-19T15:18:19.055+0900] GC(86) Concurrent Clear Claimed Marks
[2025-12-19T15:18:19.055+0900] GC(86) Concurrent Clear Claimed Marks 0.208ms
[2025-12-19T15:18:19.055+0900] GC(86) Concurrent Scan Root Regions
[2025-12-19T15:18:19.058+0900] GC(86) Concurrent Scan Root Regions 2.832ms
[2025-12-19T15:18:19.058+0900] GC(86) Concurrent Mark
[2025-12-19T15:18:19.058+0900] GC(86) Concurrent Mark From Roots
[2025-12-19T15:18:19.058+0900] GC(86) Using 3 workers of 3 for marking
[2025-12-19T15:18:19.077+0900] GC(86) Concurrent Mark From Roots 18.908ms
[2025-12-19T15:18:19.077+0900] GC(86) Concurrent Preclean
[2025-12-19T15:18:19.077+0900] GC(86) Concurrent Preclean 0.177ms
[2025-12-19T15:18:19.078+0900] GC(86) Pause Remark
[2025-12-19T15:18:19.085+0900] GC(86) Pause Remark 177M->177M(388M) 7.563ms
[2025-12-19T15:18:19.085+0900] GC(86) User=0.07s Sys=0.00s Real=0.01s
[2025-12-19T15:18:19.085+0900] GC(86) Concurrent Mark 27.134ms
[2025-12-19T15:18:19.085+0900] GC(86) Concurrent Rebuild Remembered Sets
[2025-12-19T15:18:19.091+0900] GC(86) Concurrent Rebuild Remembered Sets 5.619ms
[2025-12-19T15:18:19.091+0900] GC(86) Pause Cleanup
[2025-12-19T15:18:19.091+0900] GC(86) Pause Cleanup 177M->177M(388M) 0.108ms
[2025-12-19T15:18:19.091+0900] GC(86) User=0.00s Sys=0.00s Real=0.00s
[2025-12-19T15:18:19.091+0900] GC(86) Concurrent Cleanup for Next Mark
[2025-12-19T15:18:19.092+0900] GC(86) Concurrent Cleanup for Next Mark 0.553ms
[2025-12-19T15:18:19.092+0900] GC(86) Concurrent Mark Cycle 37.652ms
[2025-12-19T15:20:29.112+0900] GC(87) Pause Young (Normal) (G1 Evacuation Pause)
[2025-12-19T15:20:29.114+0900] GC(87) Using 10 workers of 10 for evacuation
[2025-12-19T15:20:29.139+0900] GC(87)   Pre Evacuate Collection Set: 0.9ms
[2025-12-19T15:20:29.139+0900] GC(87)   Merge Heap Roots: 0.4ms
[2025-12-19T15:20:29.140+0900] GC(87)   Evacuate Collection Set: 22.4ms
[2025-12-19T15:20:29.140+0900] GC(87)   Post Evacuate Collection Set: 1.3ms
[2025-12-19T15:20:29.140+0900] GC(87)   Other: 2.4ms
[2025-12-19T15:20:29.140+0900] GC(87) Eden regions: 39->0(39)
[2025-12-19T15:20:29.140+0900] GC(87) Survivor regions: 2->2(6)
[2025-12-19T15:20:29.140+0900] GC(87) Old regions: 22->22
[2025-12-19T15:20:29.140+0900] GC(87) Archive regions: 2->2
[2025-12-19T15:20:29.140+0900] GC(87) Humongous regions: 20->20
[2025-12-19T15:20:29.140+0900] GC(87) Metaspace: 92681K(93824K)->92681K(93824K) NonClass: 82499K(83200K)->82499K(83200K) Class: 10181K(10624K)->10181K(10624K)
[2025-12-19T15:20:29.140+0900] GC(87) Pause Young (Normal) (G1 Evacuation Pause) 331M->175M(388M) 27.861ms
[2025-12-19T15:20:29.140+0900] GC(87) User=0.23s Sys=0.00s Real=0.02s
[2025-12-19T15:22:41.464+0900] GC(88) Pause Young (Concurrent Start) (G1 Evacuation Pause)
[2025-12-19T15:22:41.466+0900] GC(88) Using 10 workers of 10 for evacuation
[2025-12-19T15:22:41.489+0900] GC(88)   Pre Evacuate Collection Set: 5.0ms
[2025-12-19T15:22:41.490+0900] GC(88)   Merge Heap Roots: 0.4ms
[2025-12-19T15:22:41.490+0900] GC(88)   Evacuate Collection Set: 14.9ms
[2025-12-19T15:22:41.490+0900] GC(88)   Post Evacuate Collection Set: 1.8ms
[2025-12-19T15:22:41.490+0900] GC(88)   Other: 8.2ms
[2025-12-19T15:22:41.490+0900] GC(88) Eden regions: 39->0(39)
[2025-12-19T15:22:41.490+0900] GC(88) Survivor regions: 2->2(6)
[2025-12-19T15:22:41.490+0900] GC(88) Old regions: 22->22
[2025-12-19T15:22:41.490+0900] GC(88) Archive regions: 2->2
[2025-12-19T15:22:41.490+0900] GC(88) Humongous regions: 20->20
[2025-12-19T15:22:41.490+0900] GC(88) Metaspace: 92683K(93824K)->92683K(93824K) NonClass: 82501K(83200K)->82501K(83200K) Class: 10181K(10624K)->10181K(10624K)
[2025-12-19T15:22:41.490+0900] GC(88) Pause Young (Concurrent Start) (G1 Evacuation Pause) 331M->176M(388M) 26.658ms
[2025-12-19T15:22:41.490+0900] GC(88) User=0.17s Sys=0.00s Real=0.02s
[2025-12-19T15:22:41.490+0900] GC(89) Concurrent Mark Cycle
[2025-12-19T15:22:41.490+0900] GC(89) Concurrent Clear Claimed Marks
[2025-12-19T15:22:41.491+0900] GC(89) Concurrent Clear Claimed Marks 0.108ms
[2025-12-19T15:22:41.491+0900] GC(89) Concurrent Scan Root Regions
[2025-12-19T15:22:41.494+0900] GC(89) Concurrent Scan Root Regions 3.114ms
[2025-12-19T15:22:41.494+0900] GC(89) Concurrent Mark
[2025-12-19T15:22:41.494+0900] GC(89) Concurrent Mark From Roots
[2025-12-19T15:22:41.494+0900] GC(89) Using 3 workers of 3 for marking
[2025-12-19T15:22:41.512+0900] GC(89) Concurrent Mark From Roots 18.196ms
[2025-12-19T15:22:41.512+0900] GC(89) Concurrent Preclean
[2025-12-19T15:22:41.512+0900] GC(89) Concurrent Preclean 0.172ms
[2025-12-19T15:22:41.512+0900] GC(89) Pause Remark
[2025-12-19T15:22:41.524+0900] GC(89) Pause Remark 178M->178M(388M) 11.552ms
[2025-12-19T15:22:41.524+0900] GC(89) User=0.11s Sys=0.00s Real=0.01s
[2025-12-19T15:22:41.524+0900] GC(89) Concurrent Mark 30.463ms
[2025-12-19T15:22:41.524+0900] GC(89) Concurrent Rebuild Remembered Sets
[2025-12-19T15:22:41.529+0900] GC(89) Concurrent Rebuild Remembered Sets 4.749ms
[2025-12-19T15:22:41.529+0900] GC(89) Pause Cleanup
[2025-12-19T15:22:41.529+0900] GC(89) Pause Cleanup 178M->178M(388M) 0.105ms
[2025-12-19T15:22:41.529+0900] GC(89) User=0.00s Sys=0.00s Real=0.00s
[2025-12-19T15:22:41.529+0900] GC(89) Concurrent Cleanup for Next Mark
[2025-12-19T15:22:41.533+0900] GC(89) Concurrent Cleanup for Next Mark 3.366ms
[2025-12-19T15:22:41.533+0900] GC(89) Concurrent Mark Cycle 42.483ms
[2025-12-19T15:24:51.673+0900] GC(90) Pause Young (Normal) (G1 Evacuation Pause)
[2025-12-19T15:24:51.673+0900] GC(90) Using 10 workers of 10 for evacuation
[2025-12-19T15:24:51.678+0900] GC(90)   Pre Evacuate Collection Set: 0.2ms
[2025-12-19T15:24:51.678+0900] GC(90)   Merge Heap Roots: 0.2ms
[2025-12-19T15:24:51.678+0900] GC(90)   Evacuate Collection Set: 3.9ms
[2025-12-19T15:24:51.678+0900] GC(90)   Post Evacuate Collection Set: 0.6ms
[2025-12-19T15:24:51.678+0900] GC(90)   Other: 0.7ms
[2025-12-19T15:24:51.679+0900] GC(90) Eden regions: 39->0(39)
[2025-12-19T15:24:51.679+0900] GC(90) Survivor regions: 2->2(6)
[2025-12-19T15:24:51.679+0900] GC(90) Old regions: 22->22
[2025-12-19T15:24:51.679+0900] GC(90) Archive regions: 2->2
[2025-12-19T15:24:51.679+0900] GC(90) Humongous regions: 20->20
[2025-12-19T15:24:51.679+0900] GC(90) Metaspace: 92688K(93824K)->92688K(93824K) NonClass: 82506K(83200K)->82506K(83200K) Class: 10181K(10624K)->10181K(10624K)
[2025-12-19T15:24:51.679+0900] GC(90) Pause Young (Normal) (G1 Evacuation Pause) 332M->176M(388M) 6.157ms
[2025-12-19T15:24:51.679+0900] GC(90) User=0.04s Sys=0.00s Real=0.00s
[2025-12-19T15:27:03.862+0900] GC(91) Pause Young (Concurrent Start) (G1 Evacuation Pause)
[2025-12-19T15:27:03.864+0900] GC(91) Using 10 workers of 10 for evacuation
[2025-12-19T15:27:03.881+0900] GC(91)   Pre Evacuate Collection Set: 2.1ms
[2025-12-19T15:27:03.881+0900] GC(91)   Merge Heap Roots: 0.5ms
[2025-12-19T15:27:03.881+0900] GC(91)   Evacuate Collection Set: 12.0ms
[2025-12-19T15:27:03.882+0900] GC(91)   Post Evacuate Collection Set: 1.6ms
[2025-12-19T15:27:03.882+0900] GC(91)   Other: 2.9ms
[2025-12-19T15:27:03.882+0900] GC(91) Eden regions: 39->0(39)
[2025-12-19T15:27:03.882+0900] GC(91) Survivor regions: 2->2(6)
[2025-12-19T15:27:03.882+0900] GC(91) Old regions: 22->22
[2025-12-19T15:27:03.882+0900] GC(91) Archive regions: 2->2
[2025-12-19T15:27:03.882+0900] GC(91) Humongous regions: 20->20
[2025-12-19T15:27:03.882+0900] GC(91) Metaspace: 92689K(93824K)->92689K(93824K) NonClass: 82507K(83200K)->82507K(83200K) Class: 10181K(10624K)->10181K(10624K)
[2025-12-19T15:27:03.882+0900] GC(91) Pause Young (Concurrent Start) (G1 Evacuation Pause) 332M->176M(388M) 20.002ms
[2025-12-19T15:27:03.882+0900] GC(91) User=0.14s Sys=0.00s Real=0.02s
[2025-12-19T15:27:03.882+0900] GC(92) Concurrent Mark Cycle
[2025-12-19T15:27:03.882+0900] GC(92) Concurrent Clear Claimed Marks
[2025-12-19T15:27:03.883+0900] GC(92) Concurrent Clear Claimed Marks 0.118ms
[2025-12-19T15:27:03.883+0900] GC(92) Concurrent Scan Root Regions
[2025-12-19T15:27:03.885+0900] GC(92) Concurrent Scan Root Regions 2.812ms
[2025-12-19T15:27:03.886+0900] GC(92) Concurrent Mark
[2025-12-19T15:27:03.886+0900] GC(92) Concurrent Mark From Roots
[2025-12-19T15:27:03.886+0900] GC(92) Using 3 workers of 3 for marking
[2025-12-19T15:27:03.906+0900] GC(92) Concurrent Mark From Roots 20.696ms
[2025-12-19T15:27:03.906+0900] GC(92) Concurrent Preclean
[2025-12-19T15:27:03.907+0900] GC(92) Concurrent Preclean 0.186ms
[2025-12-19T15:27:03.907+0900] GC(92) Pause Remark
[2025-12-19T15:27:03.916+0900] GC(92) Pause Remark 178M->178M(388M) 9.252ms
[2025-12-19T15:27:03.916+0900] GC(92) User=0.09s Sys=0.00s Real=0.01s
[2025-12-19T15:27:03.916+0900] GC(92) Concurrent Mark 30.701ms
[2025-12-19T15:27:03.916+0900] GC(92) Concurrent Rebuild Remembered Sets
[2025-12-19T15:27:03.921+0900] GC(92) Concurrent Rebuild Remembered Sets 4.766ms
[2025-12-19T15:27:03.921+0900] GC(92) Pause Cleanup
[2025-12-19T15:27:03.921+0900] GC(92) Pause Cleanup 178M->178M(388M) 0.157ms
[2025-12-19T15:27:03.921+0900] GC(92) User=0.00s Sys=0.00s Real=0.00s
[2025-12-19T15:27:03.921+0900] GC(92) Concurrent Cleanup for Next Mark
[2025-12-19T15:27:03.922+0900] GC(92) Concurrent Cleanup for Next Mark 0.605ms
[2025-12-19T15:27:03.922+0900] GC(92) Concurrent Mark Cycle 39.746ms
[2025-12-19T15:29:13.816+0900] GC(93) Pause Young (Normal) (G1 Evacuation Pause)
[2025-12-19T15:29:13.817+0900] GC(93) Using 10 workers of 10 for evacuation
[2025-12-19T15:29:13.831+0900] GC(93)   Pre Evacuate Collection Set: 1.5ms
[2025-12-19T15:29:13.832+0900] GC(93)   Merge Heap Roots: 0.5ms
[2025-12-19T15:29:13.832+0900] GC(93)   Evacuate Collection Set: 9.1ms
[2025-12-19T15:29:13.832+0900] GC(93)   Post Evacuate Collection Set: 1.9ms
[2025-12-19T15:29:13.832+0900] GC(93)   Other: 3.1ms
[2025-12-19T15:29:13.832+0900] GC(93) Eden regions: 39->0(57)
[2025-12-19T15:29:13.832+0900] GC(93) Survivor regions: 2->2(6)
[2025-12-19T15:29:13.832+0900] GC(93) Old regions: 22->22
[2025-12-19T15:29:13.832+0900] GC(93) Archive regions: 2->2
[2025-12-19T15:29:13.832+0900] GC(93) Humongous regions: 20->20
[2025-12-19T15:29:13.833+0900] GC(93) Metaspace: 92714K(93824K)->92714K(93824K) NonClass: 82532K(83200K)->82532K(83200K) Class: 10181K(10624K)->10181K(10624K)
[2025-12-19T15:29:13.833+0900] GC(93) Pause Young (Normal) (G1 Evacuation Pause) 332M->177M(468M) 17.291ms
[2025-12-19T15:29:13.833+0900] GC(93) User=0.10s Sys=0.00s Real=0.01s
[2025-12-19T15:32:26.903+0900] GC(94) Pause Young (Normal) (G1 Evacuation Pause)
[2025-12-19T15:32:26.903+0900] GC(94) Using 10 workers of 10 for evacuation
[2025-12-19T15:32:26.912+0900] GC(94)   Pre Evacuate Collection Set: 0.9ms
[2025-12-19T15:32:26.912+0900] GC(94)   Merge Heap Roots: 0.3ms
[2025-12-19T15:32:26.912+0900] GC(94)   Evacuate Collection Set: 6.2ms
[2025-12-19T15:32:26.912+0900] GC(94)   Post Evacuate Collection Set: 1.0ms
[2025-12-19T15:32:26.912+0900] GC(94)   Other: 1.4ms
[2025-12-19T15:32:26.912+0900] GC(94) Eden regions: 57->0(56)
[2025-12-19T15:32:26.913+0900] GC(94) Survivor regions: 2->2(8)
[2025-12-19T15:32:26.913+0900] GC(94) Old regions: 22->23
[2025-12-19T15:32:26.913+0900] GC(94) Archive regions: 2->2
[2025-12-19T15:32:26.913+0900] GC(94) Humongous regions: 20->20
[2025-12-19T15:32:26.913+0900] GC(94) Metaspace: 92742K(93888K)->92742K(93888K) NonClass: 82561K(83264K)->82561K(83264K) Class: 10181K(10624K)->10181K(10624K)
[2025-12-19T15:32:26.913+0900] GC(94) Pause Young (Normal) (G1 Evacuation Pause) 405M->177M(468M) 10.117ms
[2025-12-19T15:32:26.913+0900] GC(94) User=0.06s Sys=0.00s Real=0.01s
[2025-12-19T15:35:36.589+0900] GC(95) Pause Young (Normal) (G1 Evacuation Pause)
[2025-12-19T15:35:36.591+0900] GC(95) Using 10 workers of 10 for evacuation
[2025-12-19T15:35:36.610+0900] GC(95)   Pre Evacuate Collection Set: 2.3ms
[2025-12-19T15:35:36.610+0900] GC(95)   Merge Heap Roots: 0.5ms
[2025-12-19T15:35:36.610+0900] GC(95)   Evacuate Collection Set: 13.2ms
[2025-12-19T15:35:36.610+0900] GC(95)   Post Evacuate Collection Set: 2.5ms
[2025-12-19T15:35:36.610+0900] GC(95)   Other: 2.5ms
[2025-12-19T15:35:36.611+0900] GC(95) Eden regions: 56->0(56)
[2025-12-19T15:35:36.611+0900] GC(95) Survivor regions: 2->2(8)
[2025-12-19T15:35:36.611+0900] GC(95) Old regions: 23->23
[2025-12-19T15:35:36.611+0900] GC(95) Archive regions: 2->2
[2025-12-19T15:35:36.611+0900] GC(95) Humongous regions: 20->20
[2025-12-19T15:35:36.611+0900] GC(95) Metaspace: 92746K(93888K)->92746K(93888K) NonClass: 82564K(83264K)->82564K(83264K) Class: 10181K(10624K)->10181K(10624K)
[2025-12-19T15:35:36.611+0900] GC(95) Pause Young (Normal) (G1 Evacuation Pause) 401M->178M(468M) 22.256ms
[2025-12-19T15:35:36.611+0900] GC(95) User=0.15s Sys=0.00s Real=0.02s
[2025-12-19T15:38:48.876+0900] GC(96) Pause Young (Normal) (G1 Evacuation Pause)
[2025-12-19T15:38:48.876+0900] GC(96) Using 10 workers of 10 for evacuation
[2025-12-19T15:38:48.886+0900] GC(96)   Pre Evacuate Collection Set: 0.7ms
[2025-12-19T15:38:48.886+0900] GC(96)   Merge Heap Roots: 0.3ms
[2025-12-19T15:38:48.886+0900] GC(96)   Evacuate Collection Set: 6.2ms
[2025-12-19T15:38:48.886+0900] GC(96)   Post Evacuate Collection Set: 1.3ms
[2025-12-19T15:38:48.886+0900] GC(96)   Other: 0.9ms
[2025-12-19T15:38:48.886+0900] GC(96) Eden regions: 56->0(56)
[2025-12-19T15:38:48.886+0900] GC(96) Survivor regions: 2->2(8)
[2025-12-19T15:38:48.886+0900] GC(96) Old regions: 23->23
[2025-12-19T15:38:48.886+0900] GC(96) Archive regions: 2->2
[2025-12-19T15:38:48.886+0900] GC(96) Humongous regions: 20->20
[2025-12-19T15:38:48.886+0900] GC(96) Metaspace: 92754K(93888K)->92754K(93888K) NonClass: 82572K(83264K)->82572K(83264K) Class: 10181K(10624K)->10181K(10624K)
[2025-12-19T15:38:48.886+0900] GC(96) Pause Young (Normal) (G1 Evacuation Pause) 402M->178M(468M) 10.331ms
[2025-12-19T15:38:48.886+0900] GC(96) User=0.06s Sys=0.00s Real=0.01s
[2025-12-19T15:41:48.106+0900] GC(97) Pause Young (Normal) (G1 Evacuation Pause)
[2025-12-19T15:41:48.110+0900] GC(97) Using 10 workers of 10 for evacuation
[2025-12-19T15:41:48.127+0900] GC(97)   Pre Evacuate Collection Set: 2.1ms
[2025-12-19T15:41:48.128+0900] GC(97)   Merge Heap Roots: 0.4ms
[2025-12-19T15:41:48.128+0900] GC(97)   Evacuate Collection Set: 11.6ms
[2025-12-19T15:41:48.128+0900] GC(97)   Post Evacuate Collection Set: 2.5ms
[2025-12-19T15:41:48.128+0900] GC(97)   Other: 4.6ms
[2025-12-19T15:41:48.128+0900] GC(97) Eden regions: 56->0(56)
[2025-12-19T15:41:48.128+0900] GC(97) Survivor regions: 2->2(8)
[2025-12-19T15:41:48.128+0900] GC(97) Old regions: 23->23
[2025-12-19T15:41:48.128+0900] GC(97) Archive regions: 2->2
[2025-12-19T15:41:48.128+0900] GC(97) Humongous regions: 20->20
[2025-12-19T15:41:48.128+0900] GC(97) Metaspace: 92888K(93888K)->92888K(93888K) NonClass: 82705K(83264K)->82705K(83264K) Class: 10182K(10624K)->10182K(10624K)
[2025-12-19T15:41:48.129+0900] GC(97) Pause Young (Normal) (G1 Evacuation Pause) 402M->179M(468M) 22.109ms
[2025-12-19T15:41:48.129+0900] GC(97) User=0.13s Sys=0.00s Real=0.02s
[2025-12-19T15:44:57.227+0900] GC(98) Pause Young (Normal) (G1 Evacuation Pause)
[2025-12-19T15:44:57.227+0900] GC(98) Using 10 workers of 10 for evacuation
[2025-12-19T15:44:57.239+0900] GC(98)   Pre Evacuate Collection Set: 1.1ms
[2025-12-19T15:44:57.239+0900] GC(98)   Merge Heap Roots: 0.3ms
[2025-12-19T15:44:57.239+0900] GC(98)   Evacuate Collection Set: 8.2ms
[2025-12-19T15:44:57.239+0900] GC(98)   Post Evacuate Collection Set: 2.0ms
[2025-12-19T15:44:57.239+0900] GC(98)   Other: 1.0ms
[2025-12-19T15:44:57.239+0900] GC(98) Eden regions: 56->0(56)
[2025-12-19T15:44:57.240+0900] GC(98) Survivor regions: 2->2(8)
[2025-12-19T15:44:57.240+0900] GC(98) Old regions: 23->23
[2025-12-19T15:44:57.240+0900] GC(98) Archive regions: 2->2
[2025-12-19T15:44:57.240+0900] GC(98) Humongous regions: 20->20
[2025-12-19T15:44:57.240+0900] GC(98) Metaspace: 92934K(93888K)->92934K(93888K) NonClass: 82751K(83264K)->82751K(83264K) Class: 10182K(10624K)->10182K(10624K)
[2025-12-19T15:44:57.240+0900] GC(98) Pause Young (Normal) (G1 Evacuation Pause) 403M->179M(468M) 13.914ms
[2025-12-19T15:44:57.241+0900] GC(98) User=0.09s Sys=0.00s Real=0.01s
[2025-12-19T15:48:07.100+0900] GC(99) Pause Young (Normal) (G1 Evacuation Pause)
[2025-12-19T15:48:07.102+0900] GC(99) Using 10 workers of 10 for evacuation
[2025-12-19T15:48:07.121+0900] GC(99)   Pre Evacuate Collection Set: 1.0ms
[2025-12-19T15:48:07.121+0900] GC(99)   Merge Heap Roots: 0.6ms
[2025-12-19T15:48:07.121+0900] GC(99)   Evacuate Collection Set: 13.1ms
[2025-12-19T15:48:07.121+0900] GC(99)   Post Evacuate Collection Set: 2.7ms
[2025-12-19T15:48:07.121+0900] GC(99)   Other: 3.7ms
[2025-12-19T15:48:07.121+0900] GC(99) Eden regions: 56->0(56)
[2025-12-19T15:48:07.121+0900] GC(99) Survivor regions: 2->2(8)
[2025-12-19T15:48:07.121+0900] GC(99) Old regions: 23->23
[2025-12-19T15:48:07.122+0900] GC(99) Archive regions: 2->2
[2025-12-19T15:48:07.122+0900] GC(99) Humongous regions: 20->20
[2025-12-19T15:48:07.122+0900] GC(99) Metaspace: 93014K(93952K)->93014K(93952K) NonClass: 82831K(83328K)->82831K(83328K) Class: 10182K(10624K)->10182K(10624K)
[2025-12-19T15:48:07.122+0900] GC(99) Pause Young (Normal) (G1 Evacuation Pause) 403M->179M(468M) 22.210ms
[2025-12-19T15:48:07.122+0900] GC(99) User=0.15s Sys=0.00s Real=0.03s
[2025-12-19T15:51:39.006+0900] GC(100) Pause Young (Normal) (G1 Evacuation Pause)
[2025-12-19T15:51:39.007+0900] GC(100) Using 10 workers of 10 for evacuation
[2025-12-19T15:51:39.042+0900] GC(100)   Pre Evacuate Collection Set: 3.3ms
[2025-12-19T15:51:39.043+0900] GC(100)   Merge Heap Roots: 0.4ms
[2025-12-19T15:51:39.043+0900] GC(100)   Evacuate Collection Set: 25.3ms
[2025-12-19T15:51:39.043+0900] GC(100)   Post Evacuate Collection Set: 5.8ms
[2025-12-19T15:51:39.043+0900] GC(100)   Other: 1.5ms
[2025-12-19T15:51:39.043+0900] GC(100) Eden regions: 56->0(56)
[2025-12-19T15:51:39.043+0900] GC(100) Survivor regions: 2->2(8)
[2025-12-19T15:51:39.043+0900] GC(100) Old regions: 23->23
[2025-12-19T15:51:39.043+0900] GC(100) Archive regions: 2->2
[2025-12-19T15:51:39.043+0900] GC(100) Humongous regions: 20->20
[2025-12-19T15:51:39.043+0900] GC(100) Metaspace: 93036K(93952K)->93036K(93952K) NonClass: 82853K(83328K)->82853K(83328K) Class: 10182K(10624K)->10182K(10624K)
[2025-12-19T15:51:39.043+0900] GC(100) Pause Young (Normal) (G1 Evacuation Pause) 403M->180M(468M) 36.956ms
[2025-12-19T15:51:39.043+0900] GC(100) User=0.29s Sys=0.00s Real=0.04s
[2025-12-19T15:54:49.399+0900] GC(101) Pause Young (Normal) (G1 Evacuation Pause)
[2025-12-19T15:54:49.401+0900] GC(101) Using 10 workers of 10 for evacuation
[2025-12-19T15:54:49.420+0900] GC(101)   Pre Evacuate Collection Set: 1.2ms
[2025-12-19T15:54:49.420+0900] GC(101)   Merge Heap Roots: 0.4ms
[2025-12-19T15:54:49.420+0900] GC(101)   Evacuate Collection Set: 13.9ms
[2025-12-19T15:54:49.420+0900] GC(101)   Post Evacuate Collection Set: 2.7ms
[2025-12-19T15:54:49.420+0900] GC(101)   Other: 2.5ms
[2025-12-19T15:54:49.420+0900] GC(101) Eden regions: 56->0(56)
[2025-12-19T15:54:49.420+0900] GC(101) Survivor regions: 2->2(8)
[2025-12-19T15:54:49.421+0900] GC(101) Old regions: 23->23
[2025-12-19T15:54:49.421+0900] GC(101) Archive regions: 2->2
[2025-12-19T15:54:49.421+0900] GC(101) Humongous regions: 20->20
[2025-12-19T15:54:49.421+0900] GC(101) Metaspace: 93050K(93952K)->93050K(93952K) NonClass: 82867K(83328K)->82867K(83328K) Class: 10182K(10624K)->10182K(10624K)
[2025-12-19T15:54:49.421+0900] GC(101) Pause Young (Normal) (G1 Evacuation Pause) 404M->180M(468M) 21.410ms
[2025-12-19T15:54:49.421+0900] GC(101) User=0.15s Sys=0.00s Real=0.02s
[2025-12-19T16:00:06.094+0900] GC(102) Pause Young (Normal) (G1 Evacuation Pause)
[2025-12-19T16:00:06.096+0900] GC(102) Using 10 workers of 10 for evacuation
[2025-12-19T16:00:06.117+0900] GC(102)   Pre Evacuate Collection Set: 1.1ms
[2025-12-19T16:00:06.117+0900] GC(102)   Merge Heap Roots: 0.7ms
[2025-12-19T16:00:06.117+0900] GC(102)   Evacuate Collection Set: 17.8ms
[2025-12-19T16:00:06.117+0900] GC(102)   Post Evacuate Collection Set: 1.3ms
[2025-12-19T16:00:06.117+0900] GC(102)   Other: 1.8ms
[2025-12-19T16:00:06.117+0900] GC(102) Eden regions: 56->0(56)
[2025-12-19T16:00:06.117+0900] GC(102) Survivor regions: 2->2(8)
[2025-12-19T16:00:06.117+0900] GC(102) Old regions: 23->23
[2025-12-19T16:00:06.117+0900] GC(102) Archive regions: 2->2
[2025-12-19T16:00:06.117+0900] GC(102) Humongous regions: 20->20
[2025-12-19T16:00:06.117+0900] GC(102) Metaspace: 93056K(93952K)->93056K(93952K) NonClass: 82873K(83328K)->82873K(83328K) Class: 10182K(10624K)->10182K(10624K)
[2025-12-19T16:00:06.117+0900] GC(102) Pause Young (Normal) (G1 Evacuation Pause) 404M->181M(468M) 23.117ms
[2025-12-19T16:00:06.118+0900] GC(102) User=0.19s Sys=0.00s Real=0.02s
[2025-12-19T16:03:17.381+0900] GC(103) Pause Young (Normal) (G1 Evacuation Pause)
[2025-12-19T16:03:17.382+0900] GC(103) Using 10 workers of 10 for evacuation
[2025-12-19T16:03:17.409+0900] GC(103)   Pre Evacuate Collection Set: 1.3ms
[2025-12-19T16:03:17.409+0900] GC(103)   Merge Heap Roots: 0.5ms
[2025-12-19T16:03:17.409+0900] GC(103)   Evacuate Collection Set: 22.2ms
[2025-12-19T16:03:17.409+0900] GC(103)   Post Evacuate Collection Set: 1.6ms
[2025-12-19T16:03:17.409+0900] GC(103)   Other: 1.9ms
[2025-12-19T16:03:17.409+0900] GC(103) Eden regions: 56->0(56)
[2025-12-19T16:03:17.409+0900] GC(103) Survivor regions: 2->2(8)
[2025-12-19T16:03:17.409+0900] GC(103) Old regions: 23->23
[2025-12-19T16:03:17.409+0900] GC(103) Archive regions: 2->2
[2025-12-19T16:03:17.409+0900] GC(103) Humongous regions: 20->20
[2025-12-19T16:03:17.409+0900] GC(103) Metaspace: 93064K(93952K)->93064K(93952K) NonClass: 82881K(83328K)->82881K(83328K) Class: 10182K(10624K)->10182K(10624K)
[2025-12-19T16:03:17.409+0900] GC(103) Pause Young (Normal) (G1 Evacuation Pause) 405M->181M(468M) 28.086ms
[2025-12-19T16:03:17.409+0900] GC(103) User=0.23s Sys=0.00s Real=0.02s
[2025-12-19T16:06:26.153+0900] GC(104) Pause Young (Normal) (G1 Evacuation Pause)
[2025-12-19T16:06:26.154+0900] GC(104) Using 10 workers of 10 for evacuation
[2025-12-19T16:06:26.165+0900] GC(104)   Pre Evacuate Collection Set: 0.7ms
[2025-12-19T16:06:26.165+0900] GC(104)   Merge Heap Roots: 1.0ms
[2025-12-19T16:06:26.165+0900] GC(104)   Evacuate Collection Set: 6.5ms
[2025-12-19T16:06:26.165+0900] GC(104)   Post Evacuate Collection Set: 1.5ms
[2025-12-19T16:06:26.165+0900] GC(104)   Other: 2.3ms
[2025-12-19T16:06:26.165+0900] GC(104) Eden regions: 56->0(56)
[2025-12-19T16:06:26.165+0900] GC(104) Survivor regions: 2->2(8)
[2025-12-19T16:06:26.165+0900] GC(104) Old regions: 23->23
[2025-12-19T16:06:26.165+0900] GC(104) Archive regions: 2->2
[2025-12-19T16:06:26.165+0900] GC(104) Humongous regions: 20->20
[2025-12-19T16:06:26.165+0900] GC(104) Metaspace: 93097K(93952K)->93097K(93952K) NonClass: 82914K(83328K)->82914K(83328K) Class: 10182K(10624K)->10182K(10624K)
[2025-12-19T16:06:26.165+0900] GC(104) Pause Young (Normal) (G1 Evacuation Pause) 405M->182M(468M) 12.601ms
[2025-12-19T16:06:26.165+0900] GC(104) User=0.07s Sys=0.00s Real=0.01s
[2025-12-19T16:09:35.868+0900] GC(105) Pause Young (Normal) (G1 Evacuation Pause)
[2025-12-19T16:09:35.868+0900] GC(105) Using 10 workers of 10 for evacuation
[2025-12-19T16:09:35.888+0900] GC(105)   Pre Evacuate Collection Set: 0.5ms
[2025-12-19T16:09:35.888+0900] GC(105)   Merge Heap Roots: 0.2ms
[2025-12-19T16:09:35.889+0900] GC(105)   Evacuate Collection Set: 11.1ms
[2025-12-19T16:09:35.889+0900] GC(105)   Post Evacuate Collection Set: 8.2ms
[2025-12-19T16:09:35.889+0900] GC(105)   Other: 0.7ms
[2025-12-19T16:09:35.889+0900] GC(105) Eden regions: 56->0(56)
[2025-12-19T16:09:35.889+0900] GC(105) Survivor regions: 2->2(8)
[2025-12-19T16:09:35.890+0900] GC(105) Old regions: 23->23
[2025-12-19T16:09:35.890+0900] GC(105) Archive regions: 2->2
[2025-12-19T16:09:35.890+0900] GC(105) Humongous regions: 20->20
[2025-12-19T16:09:35.890+0900] GC(105) Metaspace: 93124K(94016K)->93124K(94016K) NonClass: 82941K(83392K)->82941K(83392K) Class: 10182K(10624K)->10182K(10624K)
[2025-12-19T16:09:35.890+0900] GC(105) Pause Young (Normal) (G1 Evacuation Pause) 406M->182M(468M) 22.288ms
[2025-12-19T16:09:35.890+0900] GC(105) User=0.16s Sys=0.00s Real=0.03s
[2025-12-19T16:38:03.339+0900] GC(106) Pause Young (Normal) (G1 Evacuation Pause)
[2025-12-19T16:38:03.339+0900] GC(106) Using 10 workers of 10 for evacuation
[2025-12-19T16:38:03.373+0900] GC(106)   Pre Evacuate Collection Set: 2.2ms
[2025-12-19T16:38:03.373+0900] GC(106)   Merge Heap Roots: 0.4ms
[2025-12-19T16:38:03.373+0900] GC(106)   Evacuate Collection Set: 25.5ms
[2025-12-19T16:38:03.373+0900] GC(106)   Post Evacuate Collection Set: 4.8ms
[2025-12-19T16:38:03.373+0900] GC(106)   Other: 1.0ms
[2025-12-19T16:38:03.373+0900] GC(106) Eden regions: 56->0(55)
[2025-12-19T16:38:03.374+0900] GC(106) Survivor regions: 2->2(8)
[2025-12-19T16:38:03.374+0900] GC(106) Old regions: 23->24
[2025-12-19T16:38:03.374+0900] GC(106) Archive regions: 2->2
[2025-12-19T16:38:03.374+0900] GC(106) Humongous regions: 20->20
[2025-12-19T16:38:03.374+0900] GC(106) Metaspace: 93124K(94016K)->93124K(94016K) NonClass: 82941K(83392K)->82941K(83392K) Class: 10182K(10624K)->10182K(10624K)
[2025-12-19T16:38:03.374+0900] GC(106) Pause Young (Normal) (G1 Evacuation Pause) 406M->183M(468M) 35.243ms
[2025-12-19T16:38:03.374+0900] GC(106) User=0.28s Sys=0.00s Real=0.04s
[2025-12-19T16:41:10.155+0900] GC(107) Pause Young (Normal) (G1 Evacuation Pause)
[2025-12-19T16:41:10.155+0900] GC(107) Using 10 workers of 10 for evacuation
[2025-12-19T16:41:10.169+0900] GC(107)   Pre Evacuate Collection Set: 0.8ms
[2025-12-19T16:41:10.169+0900] GC(107)   Merge Heap Roots: 0.4ms
[2025-12-19T16:41:10.169+0900] GC(107)   Evacuate Collection Set: 9.8ms
[2025-12-19T16:41:10.169+0900] GC(107)   Post Evacuate Collection Set: 2.2ms
[2025-12-19T16:41:10.169+0900] GC(107)   Other: 1.1ms
[2025-12-19T16:41:10.170+0900] GC(107) Eden regions: 55->0(55)
[2025-12-19T16:41:10.170+0900] GC(107) Survivor regions: 2->2(8)
[2025-12-19T16:41:10.170+0900] GC(107) Old regions: 24->24
[2025-12-19T16:41:10.170+0900] GC(107) Archive regions: 2->2
[2025-12-19T16:41:10.170+0900] GC(107) Humongous regions: 20->20
[2025-12-19T16:41:10.170+0900] GC(107) Metaspace: 93147K(94016K)->93147K(94016K) NonClass: 82964K(83392K)->82964K(83392K) Class: 10182K(10624K)->10182K(10624K)
[2025-12-19T16:41:10.170+0900] GC(107) Pause Young (Normal) (G1 Evacuation Pause) 403M->183M(468M) 15.898ms
[2025-12-19T16:41:10.171+0900] GC(107) User=0.11s Sys=0.00s Real=0.01s
[2025-12-19T16:44:17.324+0900] GC(108) Pause Young (Normal) (G1 Evacuation Pause)
[2025-12-19T16:44:17.326+0900] GC(108) Using 10 workers of 10 for evacuation
[2025-12-19T16:44:17.341+0900] GC(108)   Pre Evacuate Collection Set: 1.3ms
[2025-12-19T16:44:17.341+0900] GC(108)   Merge Heap Roots: 0.4ms
[2025-12-19T16:44:17.341+0900] GC(108)   Evacuate Collection Set: 9.9ms
[2025-12-19T16:44:17.341+0900] GC(108)   Post Evacuate Collection Set: 2.1ms
[2025-12-19T16:44:17.341+0900] GC(108)   Other: 3.2ms
[2025-12-19T16:44:17.342+0900] GC(108) Eden regions: 55->0(55)
[2025-12-19T16:44:17.342+0900] GC(108) Survivor regions: 2->2(8)
[2025-12-19T16:44:17.342+0900] GC(108) Old regions: 24->24
[2025-12-19T16:44:17.342+0900] GC(108) Archive regions: 2->2
[2025-12-19T16:44:17.342+0900] GC(108) Humongous regions: 20->20
[2025-12-19T16:44:17.342+0900] GC(108) Metaspace: 93149K(94016K)->93149K(94016K) NonClass: 82966K(83392K)->82966K(83392K) Class: 10182K(10624K)->10182K(10624K)
[2025-12-19T16:44:17.342+0900] GC(108) Pause Young (Normal) (G1 Evacuation Pause) 403M->184M(468M) 18.024ms
[2025-12-19T16:44:17.342+0900] GC(108) User=0.12s Sys=0.00s Real=0.02s
[2025-12-19T16:48:25.494+0900] GC(109) Pause Young (Normal) (G1 Evacuation Pause)
[2025-12-19T16:48:25.495+0900] GC(109) Using 10 workers of 10 for evacuation
[2025-12-19T16:48:25.511+0900] GC(109)   Pre Evacuate Collection Set: 0.9ms
[2025-12-19T16:48:25.512+0900] GC(109)   Merge Heap Roots: 0.4ms
[2025-12-19T16:48:25.512+0900] GC(109)   Evacuate Collection Set: 12.6ms
[2025-12-19T16:48:25.512+0900] GC(109)   Post Evacuate Collection Set: 1.9ms
[2025-12-19T16:48:25.512+0900] GC(109)   Other: 1.5ms
[2025-12-19T16:48:25.512+0900] GC(109) Eden regions: 55->0(55)
[2025-12-19T16:48:25.512+0900] GC(109) Survivor regions: 2->2(8)
[2025-12-19T16:48:25.512+0900] GC(109) Old regions: 24->24
[2025-12-19T16:48:25.512+0900] GC(109) Archive regions: 2->2
[2025-12-19T16:48:25.512+0900] GC(109) Humongous regions: 20->20
[2025-12-19T16:48:25.512+0900] GC(109) Metaspace: 93149K(94016K)->93149K(94016K) NonClass: 82966K(83392K)->82966K(83392K) Class: 10183K(10624K)->10183K(10624K)
[2025-12-19T16:48:25.512+0900] GC(109) Pause Young (Normal) (G1 Evacuation Pause) 404M->184M(468M) 18.157ms
[2025-12-19T16:48:25.513+0900] GC(109) User=0.14s Sys=0.00s Real=0.02s
[2025-12-19T16:51:20.775+0900] GC(110) Pause Young (Normal) (G1 Evacuation Pause)
[2025-12-19T16:51:20.777+0900] GC(110) Using 10 workers of 10 for evacuation
[2025-12-19T16:51:20.806+0900] GC(110)   Pre Evacuate Collection Set: 3.3ms
[2025-12-19T16:51:20.806+0900] GC(110)   Merge Heap Roots: 1.1ms
[2025-12-19T16:51:20.806+0900] GC(110)   Evacuate Collection Set: 21.4ms
[2025-12-19T16:51:20.806+0900] GC(110)   Post Evacuate Collection Set: 1.9ms
[2025-12-19T16:51:20.806+0900] GC(110)   Other: 3.7ms
[2025-12-19T16:51:20.806+0900] GC(110) Eden regions: 55->0(55)
[2025-12-19T16:51:20.806+0900] GC(110) Survivor regions: 2->2(8)
[2025-12-19T16:51:20.806+0900] GC(110) Old regions: 24->24
[2025-12-19T16:51:20.807+0900] GC(110) Archive regions: 2->2
[2025-12-19T16:51:20.807+0900] GC(110) Humongous regions: 20->20
[2025-12-19T16:51:20.807+0900] GC(110) Metaspace: 93253K(94080K)->93253K(94080K) NonClass: 83069K(83456K)->83069K(83456K) Class: 10183K(10624K)->10183K(10624K)
[2025-12-19T16:51:20.807+0900] GC(110) Pause Young (Normal) (G1 Evacuation Pause) 404M->184M(468M) 31.999ms
[2025-12-19T16:51:20.807+0900] GC(110) User=0.22s Sys=0.00s Real=0.03s
[2025-12-19T16:54:27.755+0900] GC(111) Pause Young (Normal) (G1 Evacuation Pause)
[2025-12-19T16:54:27.757+0900] GC(111) Using 10 workers of 10 for evacuation
[2025-12-19T16:54:27.785+0900] GC(111)   Pre Evacuate Collection Set: 1.3ms
[2025-12-19T16:54:27.786+0900] GC(111)   Merge Heap Roots: 0.4ms
[2025-12-19T16:54:27.786+0900] GC(111)   Evacuate Collection Set: 19.6ms
[2025-12-19T16:54:27.786+0900] GC(111)   Post Evacuate Collection Set: 6.3ms
[2025-12-19T16:54:27.786+0900] GC(111)   Other: 2.8ms
[2025-12-19T16:54:27.786+0900] GC(111) Eden regions: 55->0(55)
[2025-12-19T16:54:27.786+0900] GC(111) Survivor regions: 2->2(8)
[2025-12-19T16:54:27.786+0900] GC(111) Old regions: 24->24
[2025-12-19T16:54:27.786+0900] GC(111) Archive regions: 2->2
[2025-12-19T16:54:27.786+0900] GC(111) Humongous regions: 20->20
[2025-12-19T16:54:27.786+0900] GC(111) Metaspace: 93255K(94080K)->93255K(94080K) NonClass: 83072K(83456K)->83072K(83456K) Class: 10183K(10624K)->10183K(10624K)
[2025-12-19T16:54:27.786+0900] GC(111) Pause Young (Normal) (G1 Evacuation Pause) 404M->185M(468M) 31.066ms
[2025-12-19T16:54:27.786+0900] GC(111) User=0.21s Sys=0.00s Real=0.03s
[2025-12-19T16:57:34.253+0900] GC(112) Pause Young (Normal) (G1 Evacuation Pause)
[2025-12-19T16:57:34.255+0900] GC(112) Using 10 workers of 10 for evacuation
[2025-12-19T16:57:34.274+0900] GC(112)   Pre Evacuate Collection Set: 1.4ms
[2025-12-19T16:57:34.274+0900] GC(112)   Merge Heap Roots: 0.6ms
[2025-12-19T16:57:34.274+0900] GC(112)   Evacuate Collection Set: 13.7ms
[2025-12-19T16:57:34.274+0900] GC(112)   Post Evacuate Collection Set: 2.2ms
[2025-12-19T16:57:34.274+0900] GC(112)   Other: 3.3ms
[2025-12-19T16:57:34.274+0900] GC(112) Eden regions: 55->0(55)
[2025-12-19T16:57:34.274+0900] GC(112) Survivor regions: 2->2(8)
[2025-12-19T16:57:34.274+0900] GC(112) Old regions: 24->24
[2025-12-19T16:57:34.274+0900] GC(112) Archive regions: 2->2
[2025-12-19T16:57:34.274+0900] GC(112) Humongous regions: 20->20
[2025-12-19T16:57:34.275+0900] GC(112) Metaspace: 93256K(94080K)->93256K(94080K) NonClass: 83072K(83456K)->83072K(83456K) Class: 10183K(10624K)->10183K(10624K)
[2025-12-19T16:57:34.275+0900] GC(112) Pause Young (Normal) (G1 Evacuation Pause) 405M->185M(468M) 22.135ms
[2025-12-19T16:57:34.275+0900] GC(112) User=0.15s Sys=0.00s Real=0.02s
[2025-12-19T17:00:40.667+0900] GC(113) Pause Young (Normal) (G1 Evacuation Pause)
[2025-12-19T17:00:40.668+0900] GC(113) Using 10 workers of 10 for evacuation
[2025-12-19T17:00:40.692+0900] GC(113)   Pre Evacuate Collection Set: 1.2ms
[2025-12-19T17:00:40.692+0900] GC(113)   Merge Heap Roots: 0.5ms
[2025-12-19T17:00:40.693+0900] GC(113)   Evacuate Collection Set: 14.3ms
[2025-12-19T17:00:40.693+0900] GC(113)   Post Evacuate Collection Set: 7.8ms
[2025-12-19T17:00:40.693+0900] GC(113)   Other: 1.8ms
[2025-12-19T17:00:40.693+0900] GC(113) Eden regions: 55->0(55)
[2025-12-19T17:00:40.693+0900] GC(113) Survivor regions: 2->2(8)
[2025-12-19T17:00:40.693+0900] GC(113) Old regions: 24->24
[2025-12-19T17:00:40.693+0900] GC(113) Archive regions: 2->2
[2025-12-19T17:00:40.693+0900] GC(113) Humongous regions: 20->20
[2025-12-19T17:00:40.693+0900] GC(113) Metaspace: 93257K(94080K)->93257K(94080K) NonClass: 83073K(83456K)->83073K(83456K) Class: 10183K(10624K)->10183K(10624K)
[2025-12-19T17:00:40.693+0900] GC(113) Pause Young (Normal) (G1 Evacuation Pause) 405M->186M(468M) 26.349ms
[2025-12-19T17:00:40.693+0900] GC(113) User=0.17s Sys=0.00s Real=0.02s
[2025-12-19T17:03:47.460+0900] GC(114) Pause Young (Normal) (G1 Evacuation Pause)
[2025-12-19T17:03:47.461+0900] GC(114) Using 10 workers of 10 for evacuation
[2025-12-19T17:03:47.480+0900] GC(114)   Pre Evacuate Collection Set: 0.7ms
[2025-12-19T17:03:47.480+0900] GC(114)   Merge Heap Roots: 0.4ms
[2025-12-19T17:03:47.480+0900] GC(114)   Evacuate Collection Set: 15.6ms
[2025-12-19T17:03:47.481+0900] GC(114)   Post Evacuate Collection Set: 1.6ms
[2025-12-19T17:03:47.481+0900] GC(114)   Other: 1.1ms
[2025-12-19T17:03:47.481+0900] GC(114) Eden regions: 55->0(55)
[2025-12-19T17:03:47.481+0900] GC(114) Survivor regions: 2->2(8)
[2025-12-19T17:03:47.481+0900] GC(114) Old regions: 24->24
[2025-12-19T17:03:47.481+0900] GC(114) Archive regions: 2->2
[2025-12-19T17:03:47.481+0900] GC(114) Humongous regions: 20->20
[2025-12-19T17:03:47.482+0900] GC(114) Metaspace: 93270K(94080K)->93270K(94080K) NonClass: 83087K(83456K)->83087K(83456K) Class: 10183K(10624K)->10183K(10624K)
[2025-12-19T17:03:47.482+0900] GC(114) Pause Young (Normal) (G1 Evacuation Pause) 406M->186M(468M) 21.730ms
[2025-12-19T17:03:47.482+0900] GC(114) User=0.12s Sys=0.00s Real=0.02s
[2025-12-19T17:12:20.740+0900] GC(115) Pause Young (Normal) (G1 Evacuation Pause)
[2025-12-19T17:12:20.742+0900] GC(115) Using 10 workers of 10 for evacuation
[2025-12-19T17:12:20.758+0900] GC(115)   Pre Evacuate Collection Set: 1.7ms
[2025-12-19T17:12:20.759+0900] GC(115)   Merge Heap Roots: 0.4ms
[2025-12-19T17:12:20.759+0900] GC(115)   Evacuate Collection Set: 11.3ms
[2025-12-19T17:12:20.759+0900] GC(115)   Post Evacuate Collection Set: 1.8ms
[2025-12-19T17:12:20.759+0900] GC(115)   Other: 3.2ms
[2025-12-19T17:12:20.759+0900] GC(115) Eden regions: 55->0(54)
[2025-12-19T17:12:20.759+0900] GC(115) Survivor regions: 2->2(8)
[2025-12-19T17:12:20.759+0900] GC(115) Old regions: 24->25
[2025-12-19T17:12:20.759+0900] GC(115) Archive regions: 2->2
[2025-12-19T17:12:20.759+0900] GC(115) Humongous regions: 20->20
[2025-12-19T17:12:20.759+0900] GC(115) Metaspace: 93293K(94080K)->93293K(94080K) NonClass: 83109K(83456K)->83109K(83456K) Class: 10183K(10624K)->10183K(10624K)
[2025-12-19T17:12:20.760+0900] GC(115) Pause Young (Normal) (G1 Evacuation Pause) 406M->187M(468M) 19.391ms
[2025-12-19T17:12:20.760+0900] GC(115) User=0.13s Sys=0.00s Real=0.02s
[2025-12-19T17:15:24.709+0900] GC(116) Pause Young (Normal) (G1 Evacuation Pause)
[2025-12-19T17:15:24.710+0900] GC(116) Using 10 workers of 10 for evacuation
[2025-12-19T17:15:24.730+0900] GC(116)   Pre Evacuate Collection Set: 1.0ms
[2025-12-19T17:15:24.730+0900] GC(116)   Merge Heap Roots: 0.5ms
[2025-12-19T17:15:24.730+0900] GC(116)   Evacuate Collection Set: 15.6ms
[2025-12-19T17:15:24.731+0900] GC(116)   Post Evacuate Collection Set: 1.6ms
[2025-12-19T17:15:24.731+0900] GC(116)   Other: 2.8ms
[2025-12-19T17:15:24.731+0900] GC(116) Eden regions: 54->0(54)
[2025-12-19T17:15:24.731+0900] GC(116) Survivor regions: 2->2(7)
[2025-12-19T17:15:24.731+0900] GC(116) Old regions: 25->25
[2025-12-19T17:15:24.731+0900] GC(116) Archive regions: 2->2
[2025-12-19T17:15:24.731+0900] GC(116) Humongous regions: 20->20
[2025-12-19T17:15:24.731+0900] GC(116) Metaspace: 93294K(94080K)->93294K(94080K) NonClass: 83111K(83456K)->83111K(83456K) Class: 10183K(10624K)->10183K(10624K)
[2025-12-19T17:15:24.731+0900] GC(116) Pause Young (Normal) (G1 Evacuation Pause) 403M->187M(468M) 22.494ms
[2025-12-19T17:15:24.731+0900] GC(116) User=0.16s Sys=0.00s Real=0.03s
[2025-12-19T17:28:18.626+0900] GC(117) Pause Young (Normal) (G1 Evacuation Pause)
[2025-12-19T17:28:18.628+0900] GC(117) Using 10 workers of 10 for evacuation
[2025-12-19T17:28:18.646+0900] GC(117)   Pre Evacuate Collection Set: 1.4ms
[2025-12-19T17:28:18.646+0900] GC(117)   Merge Heap Roots: 0.7ms
[2025-12-19T17:28:18.647+0900] GC(117)   Evacuate Collection Set: 13.0ms
[2025-12-19T17:28:18.647+0900] GC(117)   Post Evacuate Collection Set: 1.9ms
[2025-12-19T17:28:18.647+0900] GC(117)   Other: 3.5ms
[2025-12-19T17:28:18.647+0900] GC(117) Eden regions: 54->0(54)
[2025-12-19T17:28:18.647+0900] GC(117) Survivor regions: 2->2(7)
[2025-12-19T17:28:18.647+0900] GC(117) Old regions: 25->25
[2025-12-19T17:28:18.647+0900] GC(117) Archive regions: 2->2
[2025-12-19T17:28:18.647+0900] GC(117) Humongous regions: 20->20
[2025-12-19T17:28:18.647+0900] GC(117) Metaspace: 93301K(94080K)->93301K(94080K) NonClass: 83117K(83456K)->83117K(83456K) Class: 10183K(10624K)->10183K(10624K)
[2025-12-19T17:28:18.647+0900] GC(117) Pause Young (Normal) (G1 Evacuation Pause) 403M->187M(468M) 21.243ms
[2025-12-19T17:28:18.647+0900] GC(117) User=0.13s Sys=0.00s Real=0.02s
[2025-12-19T17:31:22.268+0900] GC(118) Pause Young (Normal) (G1 Evacuation Pause)
[2025-12-19T17:31:22.271+0900] GC(118) Using 10 workers of 10 for evacuation
[2025-12-19T17:31:22.282+0900] GC(118)   Pre Evacuate Collection Set: 0.6ms
[2025-12-19T17:31:22.282+0900] GC(118)   Merge Heap Roots: 0.3ms
[2025-12-19T17:31:22.282+0900] GC(118)   Evacuate Collection Set: 7.7ms
[2025-12-19T17:31:22.282+0900] GC(118)   Post Evacuate Collection Set: 1.4ms
[2025-12-19T17:31:22.282+0900] GC(118)   Other: 3.2ms
[2025-12-19T17:31:22.282+0900] GC(118) Eden regions: 54->0(54)
[2025-12-19T17:31:22.282+0900] GC(118) Survivor regions: 2->2(7)
[2025-12-19T17:31:22.282+0900] GC(118) Old regions: 25->25
[2025-12-19T17:31:22.282+0900] GC(118) Archive regions: 2->2
[2025-12-19T17:31:22.282+0900] GC(118) Humongous regions: 20->20
[2025-12-19T17:31:22.283+0900] GC(118) Metaspace: 93302K(94080K)->93302K(94080K) NonClass: 83118K(83456K)->83118K(83456K) Class: 10183K(10624K)->10183K(10624K)
[2025-12-19T17:31:22.283+0900] GC(118) Pause Young (Normal) (G1 Evacuation Pause) 403M->188M(468M) 14.284ms
[2025-12-19T17:31:22.283+0900] GC(118) User=0.08s Sys=0.00s Real=0.02s
[2025-12-19T17:51:09.738+0900] GC(119) Pause Young (Normal) (G1 Evacuation Pause)
[2025-12-19T17:51:09.738+0900] GC(119) Using 10 workers of 10 for evacuation
[2025-12-19T17:51:09.745+0900] GC(119)   Pre Evacuate Collection Set: 0.3ms
[2025-12-19T17:51:09.745+0900] GC(119)   Merge Heap Roots: 0.1ms
[2025-12-19T17:51:09.745+0900] GC(119)   Evacuate Collection Set: 5.9ms
[2025-12-19T17:51:09.745+0900] GC(119)   Post Evacuate Collection Set: 1.0ms
[2025-12-19T17:51:09.745+0900] GC(119)   Other: 0.5ms
[2025-12-19T17:51:09.745+0900] GC(119) Eden regions: 54->0(54)
[2025-12-19T17:51:09.746+0900] GC(119) Survivor regions: 2->2(7)
[2025-12-19T17:51:09.746+0900] GC(119) Old regions: 25->25
[2025-12-19T17:51:09.746+0900] GC(119) Archive regions: 2->2
[2025-12-19T17:51:09.746+0900] GC(119) Humongous regions: 20->20
[2025-12-19T17:51:09.746+0900] GC(119) Metaspace: 93956K(94720K)->93956K(94720K) NonClass: 83772K(84096K)->83772K(84096K) Class: 10183K(10624K)->10183K(10624K)
[2025-12-19T17:51:09.746+0900] GC(119) Pause Young (Normal) (G1 Evacuation Pause) 404M->189M(468M) 8.139ms
[2025-12-19T17:51:09.746+0900] GC(119) User=0.06s Sys=0.00s Real=0.01s
[2025-12-19T19:55:53.874+0900] GC(120) Pause Young (Normal) (G1 Evacuation Pause)
[2025-12-19T19:55:53.876+0900] GC(120) Using 10 workers of 10 for evacuation
[2025-12-19T19:55:53.898+0900] GC(120)   Pre Evacuate Collection Set: 1.6ms
[2025-12-19T19:55:53.898+0900] GC(120)   Merge Heap Roots: 0.6ms
[2025-12-19T19:55:53.898+0900] GC(120)   Evacuate Collection Set: 16.5ms
[2025-12-19T19:55:53.898+0900] GC(120)   Post Evacuate Collection Set: 2.2ms
[2025-12-19T19:55:53.898+0900] GC(120)   Other: 3.7ms
[2025-12-19T19:55:53.898+0900] GC(120) Eden regions: 54->0(54)
[2025-12-19T19:55:53.898+0900] GC(120) Survivor regions: 2->2(7)
[2025-12-19T19:55:53.899+0900] GC(120) Old regions: 25->25
[2025-12-19T19:55:53.899+0900] GC(120) Archive regions: 2->2
[2025-12-19T19:55:53.899+0900] GC(120) Humongous regions: 20->20
[2025-12-19T19:55:53.899+0900] GC(120) Metaspace: 93970K(94784K)->93970K(94784K) NonClass: 83786K(84160K)->83786K(84160K) Class: 10183K(10624K)->10183K(10624K)
[2025-12-19T19:55:53.899+0900] GC(120) Pause Young (Normal) (G1 Evacuation Pause) 405M->189M(468M) 25.017ms
[2025-12-19T19:55:53.899+0900] GC(120) User=0.18s Sys=0.00s Real=0.02s
[2025-12-19T19:58:58.104+0900] GC(121) Pause Young (Normal) (G1 Evacuation Pause)
[2025-12-19T19:58:58.104+0900] GC(121) Using 10 workers of 10 for evacuation
[2025-12-19T19:58:58.126+0900] GC(121)   Pre Evacuate Collection Set: 1.0ms
[2025-12-19T19:58:58.127+0900] GC(121)   Merge Heap Roots: 0.4ms
[2025-12-19T19:58:58.127+0900] GC(121)   Evacuate Collection Set: 17.2ms
[2025-12-19T19:58:58.127+0900] GC(121)   Post Evacuate Collection Set: 2.7ms
[2025-12-19T19:58:58.127+0900] GC(121)   Other: 1.4ms
[2025-12-19T19:58:58.127+0900] GC(121) Eden regions: 54->0(54)
[2025-12-19T19:58:58.127+0900] GC(121) Survivor regions: 2->2(7)
[2025-12-19T19:58:58.127+0900] GC(121) Old regions: 25->25
[2025-12-19T19:58:58.127+0900] GC(121) Archive regions: 2->2
[2025-12-19T19:58:58.127+0900] GC(121) Humongous regions: 20->20
[2025-12-19T19:58:58.128+0900] GC(121) Metaspace: 93978K(94784K)->93978K(94784K) NonClass: 83794K(84160K)->83794K(84160K) Class: 10183K(10624K)->10183K(10624K)
[2025-12-19T19:58:58.128+0900] GC(121) Pause Young (Normal) (G1 Evacuation Pause) 405M->190M(468M) 23.906ms
[2025-12-19T19:58:58.128+0900] GC(121) User=0.19s Sys=0.00s Real=0.02s
[2025-12-19T20:02:03.711+0900] GC(122) Pause Young (Normal) (G1 Evacuation Pause)
[2025-12-19T20:02:03.712+0900] GC(122) Using 10 workers of 10 for evacuation
[2025-12-19T20:02:03.738+0900] GC(122)   Pre Evacuate Collection Set: 1.2ms
[2025-12-19T20:02:03.738+0900] GC(122)   Merge Heap Roots: 0.4ms
[2025-12-19T20:02:03.739+0900] GC(122)   Evacuate Collection Set: 22.7ms
[2025-12-19T20:02:03.739+0900] GC(122)   Post Evacuate Collection Set: 1.8ms
[2025-12-19T20:02:03.739+0900] GC(122)   Other: 1.3ms
[2025-12-19T20:02:03.739+0900] GC(122) Eden regions: 54->0(54)
[2025-12-19T20:02:03.739+0900] GC(122) Survivor regions: 2->2(7)
[2025-12-19T20:02:03.739+0900] GC(122) Old regions: 25->25
[2025-12-19T20:02:03.739+0900] GC(122) Archive regions: 2->2
[2025-12-19T20:02:03.739+0900] GC(122) Humongous regions: 20->20
[2025-12-19T20:02:03.739+0900] GC(122) Metaspace: 93981K(94784K)->93981K(94784K) NonClass: 83797K(84160K)->83797K(84160K) Class: 10183K(10624K)->10183K(10624K)
[2025-12-19T20:02:03.739+0900] GC(122) Pause Young (Normal) (G1 Evacuation Pause) 406M->190M(468M) 28.282ms
[2025-12-19T20:02:03.740+0900] GC(122) User=0.23s Sys=0.00s Real=0.02s
[2025-12-19T20:07:23.621+0900] GC(123) Pause Young (Normal) (G1 Evacuation Pause)
[2025-12-19T20:07:23.621+0900] GC(123) Using 10 workers of 10 for evacuation
[2025-12-19T20:07:23.656+0900] GC(123)   Pre Evacuate Collection Set: 1.3ms
[2025-12-19T20:07:23.657+0900] GC(123)   Merge Heap Roots: 0.4ms
[2025-12-19T20:07:23.657+0900] GC(123)   Evacuate Collection Set: 30.8ms
[2025-12-19T20:07:23.657+0900] GC(123)   Post Evacuate Collection Set: 2.0ms
[2025-12-19T20:07:23.657+0900] GC(123)   Other: 1.5ms
[2025-12-19T20:07:23.657+0900] GC(123) Eden regions: 54->0(54)
[2025-12-19T20:07:23.657+0900] GC(123) Survivor regions: 2->2(7)
[2025-12-19T20:07:23.657+0900] GC(123) Old regions: 25->25
[2025-12-19T20:07:23.657+0900] GC(123) Archive regions: 2->2
[2025-12-19T20:07:23.657+0900] GC(123) Humongous regions: 20->20
[2025-12-19T20:07:23.657+0900] GC(123) Metaspace: 93984K(94784K)->93984K(94784K) NonClass: 83800K(84160K)->83800K(84160K) Class: 10183K(10624K)->10183K(10624K)
[2025-12-19T20:07:23.657+0900] GC(123) Pause Young (Normal) (G1 Evacuation Pause) 406M->190M(468M) 36.827ms
[2025-12-19T20:07:23.658+0900] GC(123) User=0.31s Sys=0.00s Real=0.04s
[2025-12-19T20:10:25.077+0900] GC(124) Pause Young (Normal) (G1 Evacuation Pause)
[2025-12-19T20:10:25.079+0900] GC(124) Using 10 workers of 10 for evacuation
[2025-12-19T20:10:25.096+0900] GC(124)   Pre Evacuate Collection Set: 1.2ms
[2025-12-19T20:10:25.096+0900] GC(124)   Merge Heap Roots: 0.3ms
[2025-12-19T20:10:25.096+0900] GC(124)   Evacuate Collection Set: 12.3ms
[2025-12-19T20:10:25.096+0900] GC(124)   Post Evacuate Collection Set: 2.1ms
[2025-12-19T20:10:25.096+0900] GC(124)   Other: 2.8ms
[2025-12-19T20:10:25.096+0900] GC(124) Eden regions: 54->0(53)
[2025-12-19T20:10:25.096+0900] GC(124) Survivor regions: 2->2(7)
[2025-12-19T20:10:25.096+0900] GC(124) Old regions: 25->26
[2025-12-19T20:10:25.096+0900] GC(124) Archive regions: 2->2
[2025-12-19T20:10:25.096+0900] GC(124) Humongous regions: 20->20
[2025-12-19T20:10:25.097+0900] GC(124) Metaspace: 93994K(94784K)->93994K(94784K) NonClass: 83810K(84160K)->83810K(84160K) Class: 10183K(10624K)->10183K(10624K)
[2025-12-19T20:10:25.097+0900] GC(124) Pause Young (Normal) (G1 Evacuation Pause) 406M->191M(468M) 19.101ms
[2025-12-19T20:10:25.097+0900] GC(124) User=0.13s Sys=0.00s Real=0.02s
[2025-12-19T20:13:25.778+0900] GC(125) Pause Young (Normal) (G1 Evacuation Pause)
[2025-12-19T20:13:25.779+0900] GC(125) Using 10 workers of 10 for evacuation
[2025-12-19T20:13:25.796+0900] GC(125)   Pre Evacuate Collection Set: 0.8ms
[2025-12-19T20:13:25.796+0900] GC(125)   Merge Heap Roots: 0.4ms
[2025-12-19T20:13:25.796+0900] GC(125)   Evacuate Collection Set: 13.6ms
[2025-12-19T20:13:25.796+0900] GC(125)   Post Evacuate Collection Set: 1.5ms
[2025-12-19T20:13:25.796+0900] GC(125)   Other: 1.7ms
[2025-12-19T20:13:25.796+0900] GC(125) Eden regions: 53->0(53)
[2025-12-19T20:13:25.796+0900] GC(125) Survivor regions: 2->2(7)
[2025-12-19T20:13:25.796+0900] GC(125) Old regions: 26->26
[2025-12-19T20:13:25.796+0900] GC(125) Archive regions: 2->2
[2025-12-19T20:13:25.796+0900] GC(125) Humongous regions: 20->20
[2025-12-19T20:13:25.797+0900] GC(125) Metaspace: 94172K(94912K)->94172K(94912K) NonClass: 83988K(84288K)->83988K(84288K) Class: 10183K(10624K)->10183K(10624K)
[2025-12-19T20:13:25.797+0900] GC(125) Pause Young (Normal) (G1 Evacuation Pause) 403M->191M(468M) 18.749ms
[2025-12-19T20:13:25.797+0900] GC(125) User=0.14s Sys=0.00s Real=0.02s
[2025-12-19T20:16:16.525+0900] GC(126) Pause Young (Normal) (G1 Evacuation Pause)
[2025-12-19T20:16:16.527+0900] GC(126) Using 10 workers of 10 for evacuation
[2025-12-19T20:16:16.546+0900] GC(126)   Pre Evacuate Collection Set: 2.2ms
[2025-12-19T20:16:16.546+0900] GC(126)   Merge Heap Roots: 0.6ms
[2025-12-19T20:16:16.546+0900] GC(126)   Evacuate Collection Set: 13.5ms
[2025-12-19T20:16:16.546+0900] GC(126)   Post Evacuate Collection Set: 2.0ms
[2025-12-19T20:16:16.547+0900] GC(126)   Other: 3.1ms
[2025-12-19T20:16:16.547+0900] GC(126) Eden regions: 53->0(53)
[2025-12-19T20:16:16.547+0900] GC(126) Survivor regions: 2->2(7)
[2025-12-19T20:16:16.547+0900] GC(126) Old regions: 26->26
[2025-12-19T20:16:16.547+0900] GC(126) Archive regions: 2->2
[2025-12-19T20:16:16.547+0900] GC(126) Humongous regions: 20->20
[2025-12-19T20:16:16.547+0900] GC(126) Metaspace: 94394K(95104K)->94394K(95104K) NonClass: 84210K(84480K)->84210K(84480K) Class: 10183K(10624K)->10183K(10624K)
[2025-12-19T20:16:16.547+0900] GC(126) Pause Young (Normal) (G1 Evacuation Pause) 403M->192M(468M) 22.030ms
[2025-12-19T20:16:16.547+0900] GC(126) User=0.15s Sys=0.00s Real=0.03s
