[2025-12-19T00:17:35.245+0900] Using G1
[2025-12-19T00:17:35.246+0900] Version: 17.0.17+10-Ubuntu-122.04 (release)
[2025-12-19T00:17:35.246+0900] CPUs: 12 total, 12 available
[2025-12-19T00:17:35.246+0900] Memory: 9936M
[2025-12-19T00:17:35.246+0900] Large Page Support: Disabled
[2025-12-19T00:17:35.246+0900] NUMA Support: Disabled
[2025-12-19T00:17:35.246+0900] Compressed Oops: Enabled (Zero based)
[2025-12-19T00:17:35.246+0900] Heap Region Size: 4M
[2025-12-19T00:17:35.246+0900] Heap Min Capacity: 8M
[2025-12-19T00:17:35.246+0900] Heap Initial Capacity: 156M
[2025-12-19T00:17:35.246+0900] Heap Max Capacity: 8G
[2025-12-19T00:17:35.246+0900] Pre-touch: Disabled
[2025-12-19T00:17:35.246+0900] Parallel Workers: 10
[2025-12-19T00:17:35.246+0900] Concurrent Workers: 3
[2025-12-19T00:17:35.247+0900] Concurrent Refinement Workers: 10
[2025-12-19T00:17:35.247+0900] Periodic GC: Disabled
[2025-12-19T00:17:35.252+0900] CDS archive(s) mapped at: [0x0000005000000000-0x0000005000be0000-0x0000005000be0000), size 12451840, SharedBaseAddress: 0x0000005000000000, ArchiveRelocationMode: 1.
[2025-12-19T00:17:35.252+0900] Compressed class space mapped at: 0x0000005001000000-0x0000005041000000, reserved size: 1073741824
[2025-12-19T00:17:35.252+0900] Narrow klass base: 0x0000005000000000, Narrow klass shift: 0, Narrow klass range: 0x100000000
[2025-12-19T00:17:35.466+0900] GC(0) Pause Young (Normal) (G1 Evacuation Pause)
[2025-12-19T00:17:35.467+0900] GC(0) Using 3 workers of 10 for evacuation
[2025-12-19T00:17:35.473+0900] GC(0)   Pre Evacuate Collection Set: 0.1ms
[2025-12-19T00:17:35.473+0900] GC(0)   Merge Heap Roots: 0.1ms
[2025-12-19T00:17:35.473+0900] GC(0)   Evacuate Collection Set: 5.7ms
[2025-12-19T00:17:35.473+0900] GC(0)   Post Evacuate Collection Set: 0.5ms
[2025-12-19T00:17:35.473+0900] GC(0)   Other: 0.4ms
[2025-12-19T00:17:35.473+0900] GC(0) Eden regions: 5->0(2)
[2025-12-19T00:17:35.473+0900] GC(0) Survivor regions: 0->1(1)
[2025-12-19T00:17:35.473+0900] GC(0) Old regions: 0->3
[2025-12-19T00:17:35.474+0900] GC(0) Archive regions: 2->2
[2025-12-19T00:17:35.474+0900] GC(0) Humongous regions: 3->3
[2025-12-19T00:17:35.474+0900] GC(0) Metaspace: 548K(768K)->548K(768K) NonClass: 535K(640K)->535K(640K) Class: 13K(128K)->13K(128K)
[2025-12-19T00:17:35.474+0900] GC(0) Pause Young (Normal) (G1 Evacuation Pause) 35M->30M(164M) 7.255ms
[2025-12-19T00:17:35.474+0900] GC(0) User=0.01s Sys=0.01s Real=0.01s
[2025-12-19T00:17:35.522+0900] GC(1) Pause Young (Normal) (G1 Evacuation Pause)
[2025-12-19T00:17:35.522+0900] GC(1) Using 3 workers of 10 for evacuation
[2025-12-19T00:17:35.526+0900] GC(1)   Pre Evacuate Collection Set: 0.1ms
[2025-12-19T00:17:35.527+0900] GC(1)   Merge Heap Roots: 0.1ms
[2025-12-19T00:17:35.527+0900] GC(1)   Evacuate Collection Set: 3.7ms
[2025-12-19T00:17:35.527+0900] GC(1)   Post Evacuate Collection Set: 0.3ms
[2025-12-19T00:17:35.527+0900] GC(1)   Other: 0.2ms
[2025-12-19T00:17:35.527+0900] GC(1) Eden regions: 2->0(4)
[2025-12-19T00:17:35.527+0900] GC(1) Survivor regions: 1->1(1)
[2025-12-19T00:17:35.527+0900] GC(1) Old regions: 3->5
[2025-12-19T00:17:35.527+0900] GC(1) Archive regions: 2->2
[2025-12-19T00:17:35.527+0900] GC(1) Humongous regions: 5->5
[2025-12-19T00:17:35.527+0900] GC(1) Metaspace: 572K(768K)->572K(768K) NonClass: 559K(640K)->559K(640K) Class: 13K(128K)->13K(128K)
[2025-12-19T00:17:35.527+0900] GC(1) Pause Young (Normal) (G1 Evacuation Pause) 46M->46M(164M) 4.956ms
[2025-12-19T00:17:35.527+0900] GC(1) User=0.01s Sys=0.01s Real=0.00s
[2025-12-19T00:17:35.574+0900] GC(2) Pause Young (Concurrent Start) (G1 Humongous Allocation)
[2025-12-19T00:17:35.574+0900] GC(2) Using 3 workers of 10 for evacuation
[2025-12-19T00:17:35.577+0900] GC(2)   Pre Evacuate Collection Set: 0.1ms
[2025-12-19T00:17:35.577+0900] GC(2)   Merge Heap Roots: 0.1ms
[2025-12-19T00:17:35.577+0900] GC(2)   Evacuate Collection Set: 2.2ms
[2025-12-19T00:17:35.577+0900] GC(2)   Post Evacuate Collection Set: 0.3ms
[2025-12-19T00:17:35.577+0900] GC(2)   Other: 0.9ms
[2025-12-19T00:17:35.577+0900] GC(2) Eden regions: 2->0(6)
[2025-12-19T00:17:35.578+0900] GC(2) Survivor regions: 1->1(1)
[2025-12-19T00:17:35.578+0900] GC(2) Old regions: 5->7
[2025-12-19T00:17:35.578+0900] GC(2) Archive regions: 2->2
[2025-12-19T00:17:35.578+0900] GC(2) Humongous regions: 6->6
[2025-12-19T00:17:35.578+0900] GC(2) Metaspace: 1055K(1216K)->1055K(1216K) NonClass: 999K(1088K)->999K(1088K) Class: 55K(128K)->55K(128K)
[2025-12-19T00:17:35.578+0900] GC(2) Pause Young (Concurrent Start) (G1 Humongous Allocation) 57M->56M(164M) 4.358ms
[2025-12-19T00:17:35.578+0900] GC(2) User=0.00s Sys=0.00s Real=0.00s
[2025-12-19T00:17:35.578+0900] GC(3) Concurrent Undo Cycle
[2025-12-19T00:17:35.578+0900] GC(3) Concurrent Cleanup for Next Mark
[2025-12-19T00:17:35.581+0900] GC(3) Concurrent Cleanup for Next Mark 2.836ms
[2025-12-19T00:17:35.581+0900] GC(3) Concurrent Undo Cycle 3.133ms
[2025-12-19T00:17:35.689+0900] GC(4) Pause Young (Concurrent Start) (G1 Humongous Allocation)
[2025-12-19T00:17:35.689+0900] GC(4) Using 3 workers of 10 for evacuation
[2025-12-19T00:17:35.691+0900] GC(4)   Pre Evacuate Collection Set: 0.1ms
[2025-12-19T00:17:35.691+0900] GC(4)   Merge Heap Roots: 0.1ms
[2025-12-19T00:17:35.691+0900] GC(4)   Evacuate Collection Set: 1.0ms
[2025-12-19T00:17:35.691+0900] GC(4)   Post Evacuate Collection Set: 0.2ms
[2025-12-19T00:17:35.691+0900] GC(4)   Other: 0.3ms
[2025-12-19T00:17:35.691+0900] GC(4) Eden regions: 0->0(2)
[2025-12-19T00:17:35.691+0900] GC(4) Survivor regions: 1->0(1)
[2025-12-19T00:17:35.692+0900] GC(4) Old regions: 7->8
[2025-12-19T00:17:35.692+0900] GC(4) Archive regions: 2->2
[2025-12-19T00:17:35.692+0900] GC(4) Humongous regions: 18->18
[2025-12-19T00:17:35.692+0900] GC(4) Metaspace: 1055K(1216K)->1055K(1216K) NonClass: 999K(1088K)->999K(1088K) Class: 55K(128K)->55K(128K)
[2025-12-19T00:17:35.692+0900] GC(4) Pause Young (Concurrent Start) (G1 Humongous Allocation) 104M->104M(164M) 2.329ms
[2025-12-19T00:17:35.692+0900] GC(4) User=0.01s Sys=0.00s Real=0.01s
[2025-12-19T00:17:35.692+0900] GC(5) Concurrent Mark Cycle
[2025-12-19T00:17:35.692+0900] GC(5) Concurrent Clear Claimed Marks
[2025-12-19T00:17:35.692+0900] GC(5) Concurrent Clear Claimed Marks 0.103ms
[2025-12-19T00:17:35.692+0900] GC(5) Concurrent Scan Root Regions
[2025-12-19T00:17:35.693+0900] GC(5) Concurrent Scan Root Regions 0.813ms
[2025-12-19T00:17:35.693+0900] GC(5) Concurrent Mark
[2025-12-19T00:17:35.693+0900] GC(5) Concurrent Mark From Roots
[2025-12-19T00:17:35.694+0900] GC(5) Using 3 workers of 3 for marking
[2025-12-19T00:17:35.696+0900] GC(5) Concurrent Mark From Roots 2.508ms
[2025-12-19T00:17:35.696+0900] GC(5) Concurrent Preclean
[2025-12-19T00:17:35.696+0900] GC(5) Concurrent Preclean 0.139ms
[2025-12-19T00:17:35.698+0900] GC(5) Pause Remark
[2025-12-19T00:17:35.699+0900] GC(5) Pause Remark 113M->113M(208M) 1.169ms
[2025-12-19T00:17:35.699+0900] GC(5) User=0.00s Sys=0.00s Real=0.00s
[2025-12-19T00:17:35.699+0900] GC(5) Concurrent Mark 5.990ms
[2025-12-19T00:17:35.699+0900] GC(5) Concurrent Rebuild Remembered Sets
[2025-12-19T00:17:35.700+0900] GC(5) Concurrent Rebuild Remembered Sets 0.649ms
[2025-12-19T00:17:35.702+0900] GC(5) Pause Cleanup
[2025-12-19T00:17:35.702+0900] GC(5) Pause Cleanup 113M->113M(208M) 0.189ms
[2025-12-19T00:17:35.702+0900] GC(5) User=0.00s Sys=0.00s Real=0.00s
[2025-12-19T00:17:35.706+0900] GC(5) Concurrent Cleanup for Next Mark
[2025-12-19T00:17:35.707+0900] GC(5) Concurrent Cleanup for Next Mark 1.043ms
[2025-12-19T00:17:35.707+0900] GC(5) Concurrent Mark Cycle 14.979ms
[2025-12-19T00:17:35.831+0900] GC(6) Pause Young (Normal) (G1 Evacuation Pause)
[2025-12-19T00:17:35.831+0900] GC(6) Using 5 workers of 10 for evacuation
[2025-12-19T00:17:35.834+0900] GC(6)   Pre Evacuate Collection Set: 0.0ms
[2025-12-19T00:17:35.834+0900] GC(6)   Merge Heap Roots: 0.0ms
[2025-12-19T00:17:35.834+0900] GC(6)   Evacuate Collection Set: 1.2ms
[2025-12-19T00:17:35.834+0900] GC(6)   Post Evacuate Collection Set: 0.7ms
[2025-12-19T00:17:35.834+0900] GC(6)   Other: 0.8ms
[2025-12-19T00:17:35.834+0900] GC(6) Eden regions: 2->0(12)
[2025-12-19T00:17:35.834+0900] GC(6) Survivor regions: 0->1(1)
[2025-12-19T00:17:35.836+0900] GC(6) Old regions: 8->8
[2025-12-19T00:17:35.836+0900] GC(6) Archive regions: 2->2
[2025-12-19T00:17:35.836+0900] GC(6) Humongous regions: 20->20
[2025-12-19T00:17:35.836+0900] GC(6) Metaspace: 1593K(1792K)->1593K(1792K) NonClass: 1482K(1600K)->1482K(1600K) Class: 110K(192K)->110K(192K)
[2025-12-19T00:17:35.836+0900] GC(6) Pause Young (Normal) (G1 Evacuation Pause) 120M->115M(312M) 5.484ms
[2025-12-19T00:17:35.836+0900] GC(6) User=0.01s Sys=0.01s Real=0.00s
[2025-12-19T00:17:36.416+0900] GC(7) Pause Young (Normal) (G1 Evacuation Pause)
[2025-12-19T00:17:36.416+0900] GC(7) Using 7 workers of 10 for evacuation
[2025-12-19T00:17:36.421+0900] GC(7)   Pre Evacuate Collection Set: 0.1ms
[2025-12-19T00:17:36.422+0900] GC(7)   Merge Heap Roots: 0.1ms
[2025-12-19T00:17:36.422+0900] GC(7)   Evacuate Collection Set: 4.2ms
[2025-12-19T00:17:36.422+0900] GC(7)   Post Evacuate Collection Set: 0.5ms
[2025-12-19T00:17:36.422+0900] GC(7)   Other: 0.3ms
[2025-12-19T00:17:36.422+0900] GC(7) Eden regions: 12->0(24)
[2025-12-19T00:17:36.422+0900] GC(7) Survivor regions: 1->2(2)
[2025-12-19T00:17:36.422+0900] GC(7) Old regions: 8->8
[2025-12-19T00:17:36.422+0900] GC(7) Archive regions: 2->2
[2025-12-19T00:17:36.422+0900] GC(7) Humongous regions: 20->20
[2025-12-19T00:17:36.422+0900] GC(7) Metaspace: 14106K(14400K)->14106K(14400K) NonClass: 12454K(12608K)->12454K(12608K) Class: 1652K(1792K)->1652K(1792K)
[2025-12-19T00:17:36.422+0900] GC(7) Pause Young (Normal) (G1 Evacuation Pause) 163M->119M(312M) 6.149ms
[2025-12-19T00:17:36.422+0900] GC(7) User=0.02s Sys=0.01s Real=0.01s
[2025-12-19T00:17:36.699+0900] GC(8) Pause Young (Concurrent Start) (Metadata GC Threshold)
[2025-12-19T00:17:36.699+0900] GC(8) Using 7 workers of 10 for evacuation
[2025-12-19T00:17:36.704+0900] GC(8)   Pre Evacuate Collection Set: 0.3ms
[2025-12-19T00:17:36.705+0900] GC(8)   Merge Heap Roots: 0.1ms
[2025-12-19T00:17:36.705+0900] GC(8)   Evacuate Collection Set: 4.2ms
[2025-12-19T00:17:36.705+0900] GC(8)   Post Evacuate Collection Set: 0.9ms
[2025-12-19T00:17:36.705+0900] GC(8)   Other: 0.1ms
[2025-12-19T00:17:36.705+0900] GC(8) Eden regions: 11->0(26)
[2025-12-19T00:17:36.705+0900] GC(8) Survivor regions: 2->3(4)
[2025-12-19T00:17:36.705+0900] GC(8) Old regions: 8->8
[2025-12-19T00:17:36.705+0900] GC(8) Archive regions: 2->2
[2025-12-19T00:17:36.705+0900] GC(8) Humongous regions: 20->20
[2025-12-19T00:17:36.705+0900] GC(8) Metaspace: 21299K(21504K)->21299K(21504K) NonClass: 18990K(19072K)->18990K(19072K) Class: 2309K(2432K)->2309K(2432K)
[2025-12-19T00:17:36.705+0900] GC(8) Pause Young (Concurrent Start) (Metadata GC Threshold) 161M->121M(312M) 6.213ms
[2025-12-19T00:17:36.705+0900] GC(8) User=0.01s Sys=0.00s Real=0.01s
[2025-12-19T00:17:36.705+0900] GC(9) Concurrent Mark Cycle
[2025-12-19T00:17:36.705+0900] GC(9) Concurrent Clear Claimed Marks
[2025-12-19T00:17:36.706+0900] GC(9) Concurrent Clear Claimed Marks 0.197ms
[2025-12-19T00:17:36.706+0900] GC(9) Concurrent Scan Root Regions
[2025-12-19T00:17:36.707+0900] GC(9) Concurrent Scan Root Regions 1.456ms
[2025-12-19T00:17:36.707+0900] GC(9) Concurrent Mark
[2025-12-19T00:17:36.707+0900] GC(9) Concurrent Mark From Roots
[2025-12-19T00:17:36.707+0900] GC(9) Using 3 workers of 3 for marking
[2025-12-19T00:17:36.708+0900] GC(9) Concurrent Mark From Roots 0.858ms
[2025-12-19T00:17:36.708+0900] GC(9) Concurrent Preclean
[2025-12-19T00:17:36.708+0900] GC(9) Concurrent Preclean 0.108ms
[2025-12-19T00:17:36.708+0900] GC(9) Pause Remark
[2025-12-19T00:17:36.710+0900] GC(9) Pause Remark 123M->123M(312M) 1.230ms
[2025-12-19T00:17:36.710+0900] GC(9) User=0.00s Sys=0.00s Real=0.01s
[2025-12-19T00:17:36.710+0900] GC(9) Concurrent Mark 2.541ms
[2025-12-19T00:17:36.710+0900] GC(9) Concurrent Rebuild Remembered Sets
[2025-12-19T00:17:36.710+0900] GC(9) Concurrent Rebuild Remembered Sets 0.377ms
[2025-12-19T00:17:36.711+0900] GC(9) Pause Cleanup
[2025-12-19T00:17:36.711+0900] GC(9) Pause Cleanup 123M->123M(312M) 0.093ms
[2025-12-19T00:17:36.711+0900] GC(9) User=0.00s Sys=0.00s Real=0.00s
[2025-12-19T00:17:36.711+0900] GC(9) Concurrent Cleanup for Next Mark
[2025-12-19T00:17:36.712+0900] GC(9) Concurrent Cleanup for Next Mark 0.866ms
[2025-12-19T00:17:36.712+0900] GC(9) Concurrent Mark Cycle 6.527ms
[2025-12-19T00:17:37.121+0900] GC(10) Pause Young (Concurrent Start) (Metadata GC Threshold)
[2025-12-19T00:17:37.123+0900] GC(10) Using 7 workers of 10 for evacuation
[2025-12-19T00:17:37.128+0900] GC(10)   Pre Evacuate Collection Set: 0.1ms
[2025-12-19T00:17:37.128+0900] GC(10)   Merge Heap Roots: 0.1ms
[2025-12-19T00:17:37.129+0900] GC(10)   Evacuate Collection Set: 4.7ms
[2025-12-19T00:17:37.129+0900] GC(10)   Post Evacuate Collection Set: 0.7ms
[2025-12-19T00:17:37.129+0900] GC(10)   Other: 2.0ms
[2025-12-19T00:17:37.129+0900] GC(10) Eden regions: 16->0(24)
[2025-12-19T00:17:37.129+0900] GC(10) Survivor regions: 3->4(4)
[2025-12-19T00:17:37.129+0900] GC(10) Old regions: 8->9
[2025-12-19T00:17:37.129+0900] GC(10) Archive regions: 2->2
[2025-12-19T00:17:37.129+0900] GC(10) Humongous regions: 20->20
[2025-12-19T00:17:37.130+0900] GC(10) Metaspace: 35739K(35968K)->35739K(35968K) NonClass: 31747K(31872K)->31747K(31872K) Class: 3992K(4096K)->3992K(4096K)
[2025-12-19T00:17:37.130+0900] GC(10) Pause Young (Concurrent Start) (Metadata GC Threshold) 183M->129M(312M) 8.898ms
[2025-12-19T00:17:37.130+0900] GC(10) User=0.02s Sys=0.01s Real=0.01s
[2025-12-19T00:17:37.130+0900] GC(11) Concurrent Mark Cycle
[2025-12-19T00:17:37.130+0900] GC(11) Concurrent Clear Claimed Marks
[2025-12-19T00:17:37.130+0900] GC(11) Concurrent Clear Claimed Marks 0.165ms
[2025-12-19T00:17:37.131+0900] GC(11) Concurrent Scan Root Regions
[2025-12-19T00:17:37.134+0900] GC(11) Concurrent Scan Root Regions 3.391ms
[2025-12-19T00:17:37.134+0900] GC(11) Concurrent Mark
[2025-12-19T00:17:37.134+0900] GC(11) Concurrent Mark From Roots
[2025-12-19T00:17:37.134+0900] GC(11) Using 3 workers of 3 for marking
[2025-12-19T00:17:37.137+0900] GC(11) Concurrent Mark From Roots 2.566ms
[2025-12-19T00:17:37.139+0900] GC(11) Concurrent Preclean
[2025-12-19T00:17:37.139+0900] GC(11) Concurrent Preclean 0.333ms
[2025-12-19T00:17:37.139+0900] GC(11) Pause Remark
[2025-12-19T00:17:37.140+0900] GC(11) Pause Remark 131M->131M(312M) 1.335ms
[2025-12-19T00:17:37.141+0900] GC(11) User=0.00s Sys=0.01s Real=0.01s
[2025-12-19T00:17:37.141+0900] GC(11) Concurrent Mark 6.486ms
[2025-12-19T00:17:37.141+0900] GC(11) Concurrent Rebuild Remembered Sets
[2025-12-19T00:17:37.142+0900] GC(11) Concurrent Rebuild Remembered Sets 0.789ms
[2025-12-19T00:17:37.143+0900] GC(11) Pause Cleanup
[2025-12-19T00:17:37.143+0900] GC(11) Pause Cleanup 131M->131M(312M) 0.157ms
[2025-12-19T00:17:37.143+0900] GC(11) User=0.00s Sys=0.00s Real=0.00s
[2025-12-19T00:17:37.143+0900] GC(11) Concurrent Cleanup for Next Mark
[2025-12-19T00:17:37.144+0900] GC(11) Concurrent Cleanup for Next Mark 0.648ms
[2025-12-19T00:17:37.144+0900] GC(11) Concurrent Mark Cycle 13.948ms
[2025-12-19T00:17:38.912+0900] GC(12) Pause Young (Normal) (G1 Evacuation Pause)
[2025-12-19T00:17:38.912+0900] GC(12) Using 7 workers of 10 for evacuation
[2025-12-19T00:17:38.918+0900] GC(12)   Pre Evacuate Collection Set: 0.1ms
[2025-12-19T00:17:38.918+0900] GC(12)   Merge Heap Roots: 0.0ms
[2025-12-19T00:17:38.918+0900] GC(12)   Evacuate Collection Set: 4.9ms
[2025-12-19T00:17:38.918+0900] GC(12)   Post Evacuate Collection Set: 0.8ms
[2025-12-19T00:17:38.918+0900] GC(12)   Other: 0.2ms
[2025-12-19T00:17:38.918+0900] GC(12) Eden regions: 24->0(23)
[2025-12-19T00:17:38.918+0900] GC(12) Survivor regions: 4->4(4)
[2025-12-19T00:17:38.918+0900] GC(12) Old regions: 9->10
[2025-12-19T00:17:38.918+0900] GC(12) Archive regions: 2->2
[2025-12-19T00:17:38.919+0900] GC(12) Humongous regions: 20->20
[2025-12-19T00:17:38.919+0900] GC(12) Metaspace: 48988K(49472K)->48988K(49472K) NonClass: 43435K(43712K)->43435K(43712K) Class: 5553K(5760K)->5553K(5760K)
[2025-12-19T00:17:38.919+0900] GC(12) Pause Young (Normal) (G1 Evacuation Pause) 225M->137M(312M) 6.495ms
[2025-12-19T00:17:38.919+0900] GC(12) User=0.03s Sys=0.01s Real=0.00s
[2025-12-19T00:17:39.599+0900] GC(13) Pause Young (Concurrent Start) (Metadata GC Threshold)
[2025-12-19T00:17:39.599+0900] GC(13) Using 10 workers of 10 for evacuation
[2025-12-19T00:17:39.616+0900] GC(13)   Pre Evacuate Collection Set: 0.2ms
[2025-12-19T00:17:39.616+0900] GC(13)   Merge Heap Roots: 0.1ms
[2025-12-19T00:17:39.616+0900] GC(13)   Evacuate Collection Set: 10.8ms
[2025-12-19T00:17:39.616+0900] GC(13)   Post Evacuate Collection Set: 5.3ms
[2025-12-19T00:17:39.617+0900] GC(13)   Other: 0.8ms
[2025-12-19T00:17:39.617+0900] GC(13) Eden regions: 17->0(23)
[2025-12-19T00:17:39.617+0900] GC(13) Survivor regions: 4->2(4)
[2025-12-19T00:17:39.617+0900] GC(13) Old regions: 10->14
[2025-12-19T00:17:39.617+0900] GC(13) Archive regions: 2->2
[2025-12-19T00:17:39.617+0900] GC(13) Humongous regions: 20->20
[2025-12-19T00:17:39.617+0900] GC(13) Metaspace: 59731K(60288K)->59731K(60288K) NonClass: 52795K(53056K)->52795K(53056K) Class: 6936K(7232K)->6936K(7232K)
[2025-12-19T00:17:39.617+0900] GC(13) Pause Young (Concurrent Start) (Metadata GC Threshold) 205M->144M(312M) 18.541ms
[2025-12-19T00:17:39.617+0900] GC(13) User=0.04s Sys=0.00s Real=0.02s
[2025-12-19T00:17:39.618+0900] GC(14) Concurrent Mark Cycle
[2025-12-19T00:17:39.618+0900] GC(14) Concurrent Clear Claimed Marks
[2025-12-19T00:17:39.618+0900] GC(14) Concurrent Clear Claimed Marks 0.349ms
[2025-12-19T00:17:39.618+0900] GC(14) Concurrent Scan Root Regions
[2025-12-19T00:17:39.628+0900] GC(14) Concurrent Scan Root Regions 9.579ms
[2025-12-19T00:17:39.632+0900] GC(14) Concurrent Mark
[2025-12-19T00:17:39.633+0900] GC(14) Concurrent Mark From Roots
[2025-12-19T00:17:39.633+0900] GC(14) Using 3 workers of 3 for marking
[2025-12-19T00:17:39.653+0900] GC(14) Concurrent Mark From Roots 20.278ms
[2025-12-19T00:17:39.655+0900] GC(14) Concurrent Preclean
[2025-12-19T00:17:39.656+0900] GC(14) Concurrent Preclean 0.526ms
[2025-12-19T00:17:39.657+0900] GC(14) Pause Remark
[2025-12-19T00:17:39.666+0900] GC(14) Pause Remark 146M->146M(312M) 8.832ms
[2025-12-19T00:17:39.666+0900] GC(14) User=0.01s Sys=0.00s Real=0.01s
[2025-12-19T00:17:39.667+0900] GC(14) Concurrent Mark 35.432ms
[2025-12-19T00:17:39.667+0900] GC(14) Concurrent Rebuild Remembered Sets
[2025-12-19T00:17:39.681+0900] GC(14) Concurrent Rebuild Remembered Sets 13.913ms
[2025-12-19T00:17:39.683+0900] GC(14) Pause Cleanup
[2025-12-19T00:17:39.687+0900] GC(14) Pause Cleanup 148M->148M(312M) 3.354ms
[2025-12-19T00:17:39.688+0900] GC(14) User=0.00s Sys=0.00s Real=0.00s
[2025-12-19T00:17:39.691+0900] GC(14) Concurrent Cleanup for Next Mark
[2025-12-19T00:17:39.693+0900] GC(14) Concurrent Cleanup for Next Mark 1.613ms
[2025-12-19T00:17:39.693+0900] GC(14) Concurrent Mark Cycle 75.106ms
[2025-12-19T00:17:54.910+0900] GC(15) Pause Young (Concurrent Start) (G1 Evacuation Pause)
[2025-12-19T00:17:54.912+0900] GC(15) Using 10 workers of 10 for evacuation
[2025-12-19T00:17:54.924+0900] GC(15)   Pre Evacuate Collection Set: 0.8ms
[2025-12-19T00:17:54.924+0900] GC(15)   Merge Heap Roots: 0.3ms
[2025-12-19T00:17:54.924+0900] GC(15)   Evacuate Collection Set: 9.1ms
[2025-12-19T00:17:54.924+0900] GC(15)   Post Evacuate Collection Set: 1.3ms
[2025-12-19T00:17:54.924+0900] GC(15)   Other: 2.2ms
[2025-12-19T00:17:54.925+0900] GC(15) Eden regions: 23->0(23)
[2025-12-19T00:17:54.925+0900] GC(15) Survivor regions: 2->3(4)
[2025-12-19T00:17:54.925+0900] GC(15) Old regions: 14->14
[2025-12-19T00:17:54.925+0900] GC(15) Archive regions: 2->2
[2025-12-19T00:17:54.925+0900] GC(15) Humongous regions: 20->20
[2025-12-19T00:17:54.925+0900] GC(15) Metaspace: 79508K(80064K)->79508K(80064K) NonClass: 70473K(70784K)->70473K(70784K) Class: 9034K(9280K)->9034K(9280K)
[2025-12-19T00:17:54.925+0900] GC(15) Pause Young (Concurrent Start) (G1 Evacuation Pause) 236M->149M(312M) 15.009ms
[2025-12-19T00:17:54.925+0900] GC(15) User=0.05s Sys=0.01s Real=0.01s
[2025-12-19T00:17:54.925+0900] GC(16) Concurrent Mark Cycle
[2025-12-19T00:17:54.926+0900] GC(16) Concurrent Clear Claimed Marks
[2025-12-19T00:17:54.926+0900] GC(16) Concurrent Clear Claimed Marks 0.230ms
[2025-12-19T00:17:54.926+0900] GC(16) Concurrent Scan Root Regions
[2025-12-19T00:17:54.929+0900] GC(16) Concurrent Scan Root Regions 3.253ms
[2025-12-19T00:17:54.929+0900] GC(16) Concurrent Mark
[2025-12-19T00:17:54.930+0900] GC(16) Concurrent Mark From Roots
[2025-12-19T00:17:54.930+0900] GC(16) Using 3 workers of 3 for marking
[2025-12-19T00:17:54.938+0900] GC(16) Concurrent Mark From Roots 8.406ms
[2025-12-19T00:17:54.938+0900] GC(16) Concurrent Preclean
[2025-12-19T00:17:54.938+0900] GC(16) Concurrent Preclean 0.200ms
[2025-12-19T00:17:54.938+0900] GC(16) Pause Remark
[2025-12-19T00:17:54.946+0900] GC(16) Pause Remark 150M->150M(312M) 7.263ms
[2025-12-19T00:17:54.946+0900] GC(16) User=0.06s Sys=0.00s Real=0.01s
[2025-12-19T00:17:54.946+0900] GC(16) Concurrent Mark 16.537ms
[2025-12-19T00:17:54.946+0900] GC(16) Concurrent Rebuild Remembered Sets
[2025-12-19T00:17:54.950+0900] GC(16) Concurrent Rebuild Remembered Sets 3.599ms
[2025-12-19T00:17:54.952+0900] GC(16) Pause Cleanup
[2025-12-19T00:17:54.952+0900] GC(16) Pause Cleanup 150M->150M(312M) 0.211ms
[2025-12-19T00:17:54.952+0900] GC(16) User=0.00s Sys=0.00s Real=0.00s
[2025-12-19T00:17:54.952+0900] GC(16) Concurrent Cleanup for Next Mark
[2025-12-19T00:17:54.953+0900] GC(16) Concurrent Cleanup for Next Mark 0.690ms
[2025-12-19T00:17:54.953+0900] GC(16) Concurrent Mark Cycle 27.444ms
[2025-12-19T00:19:08.960+0900] GC(17) Pause Young (Prepare Mixed) (G1 Evacuation Pause)
[2025-12-19T00:19:08.961+0900] GC(17) Using 10 workers of 10 for evacuation
[2025-12-19T00:19:08.973+0900] GC(17)   Pre Evacuate Collection Set: 0.2ms
[2025-12-19T00:19:08.973+0900] GC(17)   Merge Heap Roots: 0.2ms
[2025-12-19T00:19:08.973+0900] GC(17)   Evacuate Collection Set: 10.6ms
[2025-12-19T00:19:08.973+0900] GC(17)   Post Evacuate Collection Set: 0.8ms
[2025-12-19T00:19:08.973+0900] GC(17)   Other: 1.3ms
[2025-12-19T00:19:08.973+0900] GC(17) Eden regions: 23->0(2)
[2025-12-19T00:19:08.973+0900] GC(17) Survivor regions: 3->2(4)
[2025-12-19T00:19:08.973+0900] GC(17) Old regions: 14->15
[2025-12-19T00:19:08.973+0900] GC(17) Archive regions: 2->2
[2025-12-19T00:19:08.974+0900] GC(17) Humongous regions: 20->20
[2025-12-19T00:19:08.974+0900] GC(17) Metaspace: 80423K(81024K)->80423K(81024K) NonClass: 71304K(71616K)->71304K(71616K) Class: 9118K(9408K)->9118K(9408K)
[2025-12-19T00:19:08.974+0900] GC(17) Pause Young (Prepare Mixed) (G1 Evacuation Pause) 241M->150M(376M) 13.808ms
[2025-12-19T00:19:08.974+0900] GC(17) User=0.10s Sys=0.00s Real=0.01s
[2025-12-19T00:19:15.895+0900] GC(18) Pause Young (Mixed) (G1 Evacuation Pause)
[2025-12-19T00:19:15.895+0900] GC(18) Using 10 workers of 10 for evacuation
[2025-12-19T00:19:15.904+0900] GC(18)   Pre Evacuate Collection Set: 0.3ms
[2025-12-19T00:19:15.905+0900] GC(18)   Merge Heap Roots: 0.2ms
[2025-12-19T00:19:15.905+0900] GC(18)   Evacuate Collection Set: 8.3ms
[2025-12-19T00:19:15.905+0900] GC(18)   Post Evacuate Collection Set: 0.5ms
[2025-12-19T00:19:15.905+0900] GC(18)   Other: 0.5ms
[2025-12-19T00:19:15.905+0900] GC(18) Eden regions: 2->0(38)
[2025-12-19T00:19:15.905+0900] GC(18) Survivor regions: 2->1(1)
[2025-12-19T00:19:15.905+0900] GC(18) Old regions: 15->16
[2025-12-19T00:19:15.905+0900] GC(18) Archive regions: 2->2
[2025-12-19T00:19:15.905+0900] GC(18) Humongous regions: 20->20
[2025-12-19T00:19:15.905+0900] GC(18) Metaspace: 80431K(81024K)->80431K(81024K) NonClass: 71312K(71616K)->71312K(71616K) Class: 9118K(9408K)->9118K(9408K)
[2025-12-19T00:19:15.905+0900] GC(18) Pause Young (Mixed) (G1 Evacuation Pause) 158M->149M(376M) 10.455ms
[2025-12-19T00:19:15.905+0900] GC(18) User=0.05s Sys=0.01s Real=0.01s
