[2025-12-18T23:49:31.789+0900] Using G1
[2025-12-18T23:49:31.789+0900] Version: 17.0.17+10-Ubuntu-122.04 (release)
[2025-12-18T23:49:31.789+0900] CPUs: 12 total, 12 available
[2025-12-18T23:49:31.789+0900] Memory: 7936M
[2025-12-18T23:49:31.789+0900] Large Page Support: Disabled
[2025-12-18T23:49:31.789+0900] NUMA Support: Disabled
[2025-12-18T23:49:31.789+0900] Compressed Oops: Enabled (Zero based)
[2025-12-18T23:49:31.790+0900] Heap Region Size: 4M
[2025-12-18T23:49:31.790+0900] Heap Min Capacity: 8M
[2025-12-18T23:49:31.790+0900] Heap Initial Capacity: 128M
[2025-12-18T23:49:31.790+0900] Heap Max Capacity: 8G
[2025-12-18T23:49:31.790+0900] Pre-touch: Disabled
[2025-12-18T23:49:31.790+0900] Parallel Workers: 10
[2025-12-18T23:49:31.790+0900] Concurrent Workers: 3
[2025-12-18T23:49:31.790+0900] Concurrent Refinement Workers: 10
[2025-12-18T23:49:31.790+0900] Periodic GC: Disabled
[2025-12-18T23:49:31.790+0900] CDS archive(s) mapped at: [0x0000000800000000-0x0000000800be0000-0x0000000800be0000), size 12451840, SharedBaseAddress: 0x0000000800000000, ArchiveRelocationMode: 1.
[2025-12-18T23:49:31.790+0900] Compressed class space mapped at: 0x0000000801000000-0x0000000841000000, reserved size: 1073741824
[2025-12-18T23:49:31.790+0900] Narrow klass base: 0x0000000800000000, Narrow klass shift: 0, Narrow klass range: 0x100000000
[2025-12-18T23:49:32.010+0900] GC(0) Pause Young (Normal) (G1 Evacuation Pause)
[2025-12-18T23:49:32.010+0900] GC(0) Using 3 workers of 10 for evacuation
[2025-12-18T23:49:32.016+0900] GC(0)   Pre Evacuate Collection Set: 0.1ms
[2025-12-18T23:49:32.016+0900] GC(0)   Merge Heap Roots: 0.1ms
[2025-12-18T23:49:32.016+0900] GC(0)   Evacuate Collection Set: 4.9ms
[2025-12-18T23:49:32.016+0900] GC(0)   Post Evacuate Collection Set: 0.3ms
[2025-12-18T23:49:32.016+0900] GC(0)   Other: 0.4ms
[2025-12-18T23:49:32.016+0900] GC(0) Eden regions: 5->0(2)
[2025-12-18T23:49:32.016+0900] GC(0) Survivor regions: 0->1(1)
[2025-12-18T23:49:32.016+0900] GC(0) Old regions: 0->3
[2025-12-18T23:49:32.016+0900] GC(0) Archive regions: 2->2
[2025-12-18T23:49:32.016+0900] GC(0) Humongous regions: 3->3
[2025-12-18T23:49:32.016+0900] GC(0) Metaspace: 548K(768K)->548K(768K) NonClass: 535K(640K)->535K(640K) Class: 13K(128K)->13K(128K)
[2025-12-18T23:49:32.016+0900] GC(0) Pause Young (Normal) (G1 Evacuation Pause) 35M->30M(136M) 6.312ms
[2025-12-18T23:49:32.016+0900] GC(0) User=0.00s Sys=0.02s Real=0.00s
[2025-12-18T23:49:32.065+0900] GC(1) Pause Young (Normal) (G1 Evacuation Pause)
[2025-12-18T23:49:32.065+0900] GC(1) Using 3 workers of 10 for evacuation
[2025-12-18T23:49:32.068+0900] GC(1)   Pre Evacuate Collection Set: 0.1ms
[2025-12-18T23:49:32.068+0900] GC(1)   Merge Heap Roots: 0.1ms
[2025-12-18T23:49:32.068+0900] GC(1)   Evacuate Collection Set: 2.3ms
[2025-12-18T23:49:32.068+0900] GC(1)   Post Evacuate Collection Set: 0.2ms
[2025-12-18T23:49:32.068+0900] GC(1)   Other: 0.1ms
[2025-12-18T23:49:32.068+0900] GC(1) Eden regions: 2->0(4)
[2025-12-18T23:49:32.069+0900] GC(1) Survivor regions: 1->1(1)
[2025-12-18T23:49:32.069+0900] GC(1) Old regions: 3->5
[2025-12-18T23:49:32.069+0900] GC(1) Archive regions: 2->2
[2025-12-18T23:49:32.069+0900] GC(1) Humongous regions: 5->5
[2025-12-18T23:49:32.069+0900] GC(1) Metaspace: 569K(768K)->569K(768K) NonClass: 556K(640K)->556K(640K) Class: 13K(128K)->13K(128K)
[2025-12-18T23:49:32.069+0900] GC(1) Pause Young (Normal) (G1 Evacuation Pause) 46M->46M(136M) 3.298ms
[2025-12-18T23:49:32.069+0900] GC(1) User=0.01s Sys=0.00s Real=0.00s
[2025-12-18T23:49:32.114+0900] GC(2) Pause Young (Concurrent Start) (G1 Humongous Allocation)
[2025-12-18T23:49:32.114+0900] GC(2) Using 3 workers of 10 for evacuation
[2025-12-18T23:49:32.116+0900] GC(2)   Pre Evacuate Collection Set: 0.1ms
[2025-12-18T23:49:32.116+0900] GC(2)   Merge Heap Roots: 0.1ms
[2025-12-18T23:49:32.116+0900] GC(2)   Evacuate Collection Set: 1.8ms
[2025-12-18T23:49:32.116+0900] GC(2)   Post Evacuate Collection Set: 0.2ms
[2025-12-18T23:49:32.116+0900] GC(2)   Other: 0.2ms
[2025-12-18T23:49:32.116+0900] GC(2) Eden regions: 2->0(3)
[2025-12-18T23:49:32.116+0900] GC(2) Survivor regions: 1->1(1)
[2025-12-18T23:49:32.117+0900] GC(2) Old regions: 5->7
[2025-12-18T23:49:32.117+0900] GC(2) Archive regions: 2->2
[2025-12-18T23:49:32.117+0900] GC(2) Humongous regions: 6->6
[2025-12-18T23:49:32.117+0900] GC(2) Metaspace: 1050K(1152K)->1050K(1152K) NonClass: 995K(1024K)->995K(1024K) Class: 55K(128K)->55K(128K)
[2025-12-18T23:49:32.117+0900] GC(2) Pause Young (Concurrent Start) (G1 Humongous Allocation) 57M->57M(136M) 2.895ms
[2025-12-18T23:49:32.117+0900] GC(2) User=0.00s Sys=0.00s Real=0.00s
[2025-12-18T23:49:32.117+0900] GC(3) Concurrent Mark Cycle
[2025-12-18T23:49:32.117+0900] GC(3) Concurrent Clear Claimed Marks
[2025-12-18T23:49:32.117+0900] GC(3) Concurrent Clear Claimed Marks 0.056ms
[2025-12-18T23:49:32.117+0900] GC(3) Concurrent Scan Root Regions
[2025-12-18T23:49:32.118+0900] GC(3) Concurrent Scan Root Regions 0.993ms
[2025-12-18T23:49:32.119+0900] GC(3) Concurrent Mark
[2025-12-18T23:49:32.119+0900] GC(3) Concurrent Mark From Roots
[2025-12-18T23:49:32.119+0900] GC(3) Using 3 workers of 3 for marking
[2025-12-18T23:49:32.121+0900] GC(3) Concurrent Mark From Roots 1.939ms
[2025-12-18T23:49:32.121+0900] GC(3) Concurrent Preclean
[2025-12-18T23:49:32.121+0900] GC(3) Concurrent Preclean 0.266ms
[2025-12-18T23:49:32.129+0900] GC(3) Pause Remark
[2025-12-18T23:49:32.130+0900] GC(3) Pause Remark 105M->105M(188M) 0.728ms
[2025-12-18T23:49:32.130+0900] GC(3) User=0.00s Sys=0.00s Real=0.00s
[2025-12-18T23:49:32.130+0900] GC(3) Concurrent Mark 10.947ms
[2025-12-18T23:49:32.130+0900] GC(3) Concurrent Rebuild Remembered Sets
[2025-12-18T23:49:32.131+0900] GC(3) Concurrent Rebuild Remembered Sets 0.613ms
[2025-12-18T23:49:32.131+0900] GC(3) Pause Cleanup
[2025-12-18T23:49:32.131+0900] GC(3) Pause Cleanup 105M->105M(188M) 0.169ms
[2025-12-18T23:49:32.132+0900] GC(3) User=0.00s Sys=0.00s Real=0.00s
[2025-12-18T23:49:32.132+0900] GC(3) Concurrent Cleanup for Next Mark
[2025-12-18T23:49:32.132+0900] GC(3) Concurrent Cleanup for Next Mark 0.694ms
[2025-12-18T23:49:32.133+0900] GC(3) Concurrent Mark Cycle 15.789ms
[2025-12-18T23:49:32.172+0900] GC(4) Pause Young (Concurrent Start) (G1 Humongous Allocation)
[2025-12-18T23:49:32.172+0900] GC(4) Using 4 workers of 10 for evacuation
[2025-12-18T23:49:32.174+0900] GC(4)   Pre Evacuate Collection Set: 0.1ms
[2025-12-18T23:49:32.174+0900] GC(4)   Merge Heap Roots: 0.1ms
[2025-12-18T23:49:32.174+0900] GC(4)   Evacuate Collection Set: 1.4ms
[2025-12-18T23:49:32.174+0900] GC(4)   Post Evacuate Collection Set: 0.3ms
[2025-12-18T23:49:32.174+0900] GC(4)   Other: 0.5ms
[2025-12-18T23:49:32.174+0900] GC(4) Eden regions: 0->0(3)
[2025-12-18T23:49:32.174+0900] GC(4) Survivor regions: 1->0(1)
[2025-12-18T23:49:32.174+0900] GC(4) Old regions: 7->8
[2025-12-18T23:49:32.174+0900] GC(4) Archive regions: 2->2
[2025-12-18T23:49:32.174+0900] GC(4) Humongous regions: 18->18
[2025-12-18T23:49:32.174+0900] GC(4) Metaspace: 1050K(1152K)->1050K(1152K) NonClass: 995K(1024K)->995K(1024K) Class: 55K(128K)->55K(128K)
[2025-12-18T23:49:32.174+0900] GC(4) Pause Young (Concurrent Start) (G1 Humongous Allocation) 105M->104M(188M) 2.803ms
[2025-12-18T23:49:32.175+0900] GC(4) User=0.01s Sys=0.00s Real=0.00s
[2025-12-18T23:49:32.176+0900] GC(5) Concurrent Mark Cycle
[2025-12-18T23:49:32.176+0900] GC(5) Concurrent Clear Claimed Marks
[2025-12-18T23:49:32.176+0900] GC(5) Concurrent Clear Claimed Marks 0.095ms
[2025-12-18T23:49:32.176+0900] GC(5) Concurrent Scan Root Regions
[2025-12-18T23:49:32.178+0900] GC(5) Concurrent Scan Root Regions 1.550ms
[2025-12-18T23:49:32.178+0900] GC(5) Concurrent Mark
[2025-12-18T23:49:32.178+0900] GC(5) Concurrent Mark From Roots
[2025-12-18T23:49:32.178+0900] GC(5) Using 3 workers of 3 for marking
[2025-12-18T23:49:32.180+0900] GC(5) Concurrent Mark From Roots 1.835ms
[2025-12-18T23:49:32.180+0900] GC(5) Concurrent Preclean
[2025-12-18T23:49:32.180+0900] GC(5) Concurrent Preclean 0.168ms
[2025-12-18T23:49:32.182+0900] GC(5) Pause Remark
[2025-12-18T23:49:32.183+0900] GC(5) Pause Remark 113M->113M(208M) 0.649ms
[2025-12-18T23:49:32.183+0900] GC(5) User=0.00s Sys=0.00s Real=0.00s
[2025-12-18T23:49:32.183+0900] GC(5) Concurrent Mark 4.897ms
[2025-12-18T23:49:32.183+0900] GC(5) Concurrent Rebuild Remembered Sets
[2025-12-18T23:49:32.184+0900] GC(5) Concurrent Rebuild Remembered Sets 0.480ms
[2025-12-18T23:49:32.184+0900] GC(5) Pause Cleanup
[2025-12-18T23:49:32.184+0900] GC(5) Pause Cleanup 113M->113M(208M) 0.188ms
[2025-12-18T23:49:32.184+0900] GC(5) User=0.00s Sys=0.00s Real=0.00s
[2025-12-18T23:49:32.184+0900] GC(5) Concurrent Cleanup for Next Mark
[2025-12-18T23:49:32.186+0900] GC(5) Concurrent Cleanup for Next Mark 1.430ms
[2025-12-18T23:49:32.186+0900] GC(5) Concurrent Mark Cycle 9.891ms
[2025-12-18T23:49:32.413+0900] GC(6) Pause Young (Prepare Mixed) (G1 Evacuation Pause)
[2025-12-18T23:49:32.415+0900] GC(6) Using 5 workers of 10 for evacuation
[2025-12-18T23:49:32.419+0900] GC(6)   Pre Evacuate Collection Set: 0.1ms
[2025-12-18T23:49:32.419+0900] GC(6)   Merge Heap Roots: 0.1ms
[2025-12-18T23:49:32.419+0900] GC(6)   Evacuate Collection Set: 2.7ms
[2025-12-18T23:49:32.419+0900] GC(6)   Post Evacuate Collection Set: 0.6ms
[2025-12-18T23:49:32.419+0900] GC(6)   Other: 1.8ms
[2025-12-18T23:49:32.419+0900] GC(6) Eden regions: 3->0(2)
[2025-12-18T23:49:32.419+0900] GC(6) Survivor regions: 0->1(1)
[2025-12-18T23:49:32.419+0900] GC(6) Old regions: 8->8
[2025-12-18T23:49:32.419+0900] GC(6) Archive regions: 2->2
[2025-12-18T23:49:32.419+0900] GC(6) Humongous regions: 20->20
[2025-12-18T23:49:32.420+0900] GC(6) Metaspace: 2335K(2432K)->2335K(2432K) NonClass: 2117K(2176K)->2117K(2176K) Class: 218K(256K)->218K(256K)
[2025-12-18T23:49:32.420+0900] GC(6) Pause Young (Prepare Mixed) (G1 Evacuation Pause) 124M->116M(312M) 6.128ms
[2025-12-18T23:49:32.420+0900] GC(6) User=0.02s Sys=0.00s Real=0.00s
[2025-12-18T23:49:32.480+0900] GC(7) Pause Young (Mixed) (G1 Evacuation Pause)
[2025-12-18T23:49:32.480+0900] GC(7) Using 7 workers of 10 for evacuation
[2025-12-18T23:49:32.483+0900] GC(7)   Pre Evacuate Collection Set: 0.1ms
[2025-12-18T23:49:32.484+0900] GC(7)   Merge Heap Roots: 0.0ms
[2025-12-18T23:49:32.484+0900] GC(7)   Evacuate Collection Set: 2.7ms
[2025-12-18T23:49:32.484+0900] GC(7)   Post Evacuate Collection Set: 0.2ms
[2025-12-18T23:49:32.484+0900] GC(7)   Other: 0.3ms
[2025-12-18T23:49:32.484+0900] GC(7) Eden regions: 2->0(13)
[2025-12-18T23:49:32.484+0900] GC(7) Survivor regions: 1->1(1)
[2025-12-18T23:49:32.484+0900] GC(7) Old regions: 8->8
[2025-12-18T23:49:32.484+0900] GC(7) Archive regions: 2->2
[2025-12-18T23:49:32.484+0900] GC(7) Humongous regions: 20->20
[2025-12-18T23:49:32.484+0900] GC(7) Metaspace: 3803K(4032K)->3803K(4032K) NonClass: 3364K(3456K)->3364K(3456K) Class: 439K(576K)->439K(576K)
[2025-12-18T23:49:32.484+0900] GC(7) Pause Young (Mixed) (G1 Evacuation Pause) 124M->115M(312M) 3.981ms
[2025-12-18T23:49:32.484+0900] GC(7) User=0.01s Sys=0.00s Real=0.00s
[2025-12-18T23:49:32.974+0900] GC(8) Pause Young (Normal) (G1 Evacuation Pause)
[2025-12-18T23:49:32.974+0900] GC(8) Using 7 workers of 10 for evacuation
[2025-12-18T23:49:32.978+0900] GC(8)   Pre Evacuate Collection Set: 0.0ms
[2025-12-18T23:49:32.978+0900] GC(8)   Merge Heap Roots: 0.1ms
[2025-12-18T23:49:32.978+0900] GC(8)   Evacuate Collection Set: 2.2ms
[2025-12-18T23:49:32.978+0900] GC(8)   Post Evacuate Collection Set: 0.7ms
[2025-12-18T23:49:32.978+0900] GC(8)   Other: 0.2ms
[2025-12-18T23:49:32.978+0900] GC(8) Eden regions: 13->0(20)
[2025-12-18T23:49:32.978+0900] GC(8) Survivor regions: 1->2(2)
[2025-12-18T23:49:32.978+0900] GC(8) Old regions: 8->8
[2025-12-18T23:49:32.978+0900] GC(8) Archive regions: 2->2
[2025-12-18T23:49:32.978+0900] GC(8) Humongous regions: 20->20
[2025-12-18T23:49:32.978+0900] GC(8) Metaspace: 18667K(18944K)->18667K(18944K) NonClass: 16653K(16832K)->16653K(16832K) Class: 2013K(2112K)->2013K(2112K)
[2025-12-18T23:49:32.978+0900] GC(8) Pause Young (Normal) (G1 Evacuation Pause) 167M->119M(312M) 3.943ms
[2025-12-18T23:49:32.978+0900] GC(8) User=0.00s Sys=0.00s Real=0.00s
[2025-12-18T23:49:33.130+0900] GC(9) Pause Young (Concurrent Start) (Metadata GC Threshold)
[2025-12-18T23:49:33.130+0900] GC(9) Using 7 workers of 10 for evacuation
[2025-12-18T23:49:33.132+0900] GC(9)   Pre Evacuate Collection Set: 0.1ms
[2025-12-18T23:49:33.132+0900] GC(9)   Merge Heap Roots: 0.0ms
[2025-12-18T23:49:33.132+0900] GC(9)   Evacuate Collection Set: 1.4ms
[2025-12-18T23:49:33.132+0900] GC(9)   Post Evacuate Collection Set: 0.4ms
[2025-12-18T23:49:33.132+0900] GC(9)   Other: 0.2ms
[2025-12-18T23:49:33.133+0900] GC(9) Eden regions: 7->0(23)
[2025-12-18T23:49:33.133+0900] GC(9) Survivor regions: 2->2(3)
[2025-12-18T23:49:33.133+0900] GC(9) Old regions: 8->8
[2025-12-18T23:49:33.133+0900] GC(9) Archive regions: 2->2
[2025-12-18T23:49:33.133+0900] GC(9) Humongous regions: 20->20
[2025-12-18T23:49:33.133+0900] GC(9) Metaspace: 21311K(21504K)->21311K(21504K) NonClass: 18996K(19072K)->18996K(19072K) Class: 2315K(2432K)->2315K(2432K)
[2025-12-18T23:49:33.133+0900] GC(9) Pause Young (Concurrent Start) (Metadata GC Threshold) 146M->121M(312M) 2.678ms
[2025-12-18T23:49:33.133+0900] GC(9) User=0.01s Sys=0.00s Real=0.00s
[2025-12-18T23:49:33.133+0900] GC(10) Concurrent Mark Cycle
[2025-12-18T23:49:33.133+0900] GC(10) Concurrent Clear Claimed Marks
[2025-12-18T23:49:33.133+0900] GC(10) Concurrent Clear Claimed Marks 0.054ms
[2025-12-18T23:49:33.133+0900] GC(10) Concurrent Scan Root Regions
[2025-12-18T23:49:33.134+0900] GC(10) Concurrent Scan Root Regions 1.433ms
[2025-12-18T23:49:33.134+0900] GC(10) Concurrent Mark
[2025-12-18T23:49:33.135+0900] GC(10) Concurrent Mark From Roots
[2025-12-18T23:49:33.135+0900] GC(10) Using 3 workers of 3 for marking
[2025-12-18T23:49:33.135+0900] GC(10) Concurrent Mark From Roots 0.949ms
[2025-12-18T23:49:33.136+0900] GC(10) Concurrent Preclean
[2025-12-18T23:49:33.136+0900] GC(10) Concurrent Preclean 0.128ms
[2025-12-18T23:49:33.137+0900] GC(10) Pause Remark
[2025-12-18T23:49:33.139+0900] GC(10) Pause Remark 122M->122M(312M) 1.885ms
[2025-12-18T23:49:33.139+0900] GC(10) User=0.00s Sys=0.00s Real=0.00s
[2025-12-18T23:49:33.139+0900] GC(10) Concurrent Mark 4.727ms
[2025-12-18T23:49:33.139+0900] GC(10) Concurrent Rebuild Remembered Sets
[2025-12-18T23:49:33.139+0900] GC(10) Concurrent Rebuild Remembered Sets 0.049ms
[2025-12-18T23:49:33.140+0900] GC(10) Pause Cleanup
[2025-12-18T23:49:33.140+0900] GC(10) Pause Cleanup 122M->122M(312M) 0.043ms
[2025-12-18T23:49:33.140+0900] GC(10) User=0.00s Sys=0.00s Real=0.00s
[2025-12-18T23:49:33.140+0900] GC(10) Concurrent Cleanup for Next Mark
[2025-12-18T23:49:33.141+0900] GC(10) Concurrent Cleanup for Next Mark 0.377ms
[2025-12-18T23:49:33.141+0900] GC(10) Concurrent Mark Cycle 7.739ms
[2025-12-18T23:49:33.506+0900] GC(11) Pause Young (Concurrent Start) (Metadata GC Threshold)
[2025-12-18T23:49:33.506+0900] GC(11) Using 7 workers of 10 for evacuation
[2025-12-18T23:49:33.510+0900] GC(11)   Pre Evacuate Collection Set: 0.1ms
[2025-12-18T23:49:33.510+0900] GC(11)   Merge Heap Roots: 0.1ms
[2025-12-18T23:49:33.510+0900] GC(11)   Evacuate Collection Set: 3.0ms
[2025-12-18T23:49:33.511+0900] GC(11)   Post Evacuate Collection Set: 0.6ms
[2025-12-18T23:49:33.511+0900] GC(11)   Other: 0.2ms
[2025-12-18T23:49:33.511+0900] GC(11) Eden regions: 14->0(26)
[2025-12-18T23:49:33.511+0900] GC(11) Survivor regions: 2->4(4)
[2025-12-18T23:49:33.511+0900] GC(11) Old regions: 8->8
[2025-12-18T23:49:33.511+0900] GC(11) Archive regions: 2->2
[2025-12-18T23:49:33.511+0900] GC(11) Humongous regions: 20->20
[2025-12-18T23:49:33.511+0900] GC(11) Metaspace: 35684K(35968K)->35684K(35968K) NonClass: 31665K(31808K)->31665K(31808K) Class: 4019K(4160K)->4019K(4160K)
[2025-12-18T23:49:33.511+0900] GC(11) Pause Young (Concurrent Start) (Metadata GC Threshold) 174M->129M(312M) 4.617ms
[2025-12-18T23:49:33.511+0900] GC(11) User=0.01s Sys=0.00s Real=0.01s
[2025-12-18T23:49:33.511+0900] GC(12) Concurrent Mark Cycle
[2025-12-18T23:49:33.511+0900] GC(12) Concurrent Clear Claimed Marks
[2025-12-18T23:49:33.511+0900] GC(12) Concurrent Clear Claimed Marks 0.054ms
[2025-12-18T23:49:33.511+0900] GC(12) Concurrent Scan Root Regions
[2025-12-18T23:49:33.512+0900] GC(12) Concurrent Scan Root Regions 1.171ms
[2025-12-18T23:49:33.512+0900] GC(12) Concurrent Mark
[2025-12-18T23:49:33.513+0900] GC(12) Concurrent Mark From Roots
[2025-12-18T23:49:33.513+0900] GC(12) Using 3 workers of 3 for marking
[2025-12-18T23:49:33.514+0900] GC(12) Concurrent Mark From Roots 1.018ms
[2025-12-18T23:49:33.514+0900] GC(12) Concurrent Preclean
[2025-12-18T23:49:33.514+0900] GC(12) Concurrent Preclean 0.094ms
[2025-12-18T23:49:33.514+0900] GC(12) Pause Remark
[2025-12-18T23:49:33.515+0900] GC(12) Pause Remark 131M->131M(312M) 1.069ms
[2025-12-18T23:49:33.515+0900] GC(12) User=0.00s Sys=0.00s Real=0.00s
[2025-12-18T23:49:33.515+0900] GC(12) Concurrent Mark 2.592ms
[2025-12-18T23:49:33.515+0900] GC(12) Concurrent Rebuild Remembered Sets
[2025-12-18T23:49:33.515+0900] GC(12) Concurrent Rebuild Remembered Sets 0.126ms
[2025-12-18T23:49:33.516+0900] GC(12) Pause Cleanup
[2025-12-18T23:49:33.516+0900] GC(12) Pause Cleanup 131M->131M(312M) 0.100ms
[2025-12-18T23:49:33.516+0900] GC(12) User=0.00s Sys=0.00s Real=0.00s
[2025-12-18T23:49:33.516+0900] GC(12) Concurrent Cleanup for Next Mark
[2025-12-18T23:49:33.517+0900] GC(12) Concurrent Cleanup for Next Mark 0.779ms
[2025-12-18T23:49:33.517+0900] GC(12) Concurrent Mark Cycle 5.956ms
[2025-12-18T23:49:36.314+0900] GC(13) Pause Young (Normal) (G1 Evacuation Pause)
[2025-12-18T23:49:36.315+0900] GC(13) Using 10 workers of 10 for evacuation
[2025-12-18T23:49:36.319+0900] GC(13)   Pre Evacuate Collection Set: 0.1ms
[2025-12-18T23:49:36.319+0900] GC(13)   Merge Heap Roots: 0.1ms
[2025-12-18T23:49:36.319+0900] GC(13)   Evacuate Collection Set: 3.3ms
[2025-12-18T23:49:36.319+0900] GC(13)   Post Evacuate Collection Set: 0.4ms
[2025-12-18T23:49:36.319+0900] GC(13)   Other: 0.2ms
[2025-12-18T23:49:36.319+0900] GC(13) Eden regions: 26->0(25)
[2025-12-18T23:49:36.319+0900] GC(13) Survivor regions: 4->4(4)
[2025-12-18T23:49:36.319+0900] GC(13) Old regions: 8->10
[2025-12-18T23:49:36.319+0900] GC(13) Archive regions: 2->2
[2025-12-18T23:49:36.319+0900] GC(13) Humongous regions: 20->20
[2025-12-18T23:49:36.319+0900] GC(13) Metaspace: 54905K(55424K)->54905K(55424K) NonClass: 48641K(48896K)->48641K(48896K) Class: 6263K(6528K)->6263K(6528K)
[2025-12-18T23:49:36.319+0900] GC(13) Pause Young (Normal) (G1 Evacuation Pause) 233M->135M(312M) 4.539ms
[2025-12-18T23:49:36.319+0900] GC(13) User=0.03s Sys=0.00s Real=0.00s
[2025-12-18T23:50:05.582+0900] GC(14) Pause Young (Concurrent Start) (Metadata GC Threshold)
[2025-12-18T23:50:05.582+0900] GC(14) Using 10 workers of 10 for evacuation
[2025-12-18T23:50:05.592+0900] GC(14)   Pre Evacuate Collection Set: 0.2ms
[2025-12-18T23:50:05.592+0900] GC(14)   Merge Heap Roots: 0.1ms
[2025-12-18T23:50:05.592+0900] GC(14)   Evacuate Collection Set: 8.7ms
[2025-12-18T23:50:05.593+0900] GC(14)   Post Evacuate Collection Set: 0.8ms
[2025-12-18T23:50:05.593+0900] GC(14)   Other: 0.5ms
[2025-12-18T23:50:05.593+0900] GC(14) Eden regions: 16->0(25)
[2025-12-18T23:50:05.593+0900] GC(14) Survivor regions: 4->3(4)
[2025-12-18T23:50:05.593+0900] GC(14) Old regions: 10->12
[2025-12-18T23:50:05.593+0900] GC(14) Archive regions: 2->2
[2025-12-18T23:50:05.593+0900] GC(14) Humongous regions: 20->20
[2025-12-18T23:50:05.593+0900] GC(14) Metaspace: 59558K(60096K)->59558K(60096K) NonClass: 52613K(52928K)->52613K(52928K) Class: 6945K(7168K)->6945K(7168K)
[2025-12-18T23:50:05.593+0900] GC(14) Pause Young (Concurrent Start) (Metadata GC Threshold) 196M->139M(312M) 11.259ms
[2025-12-18T23:50:05.593+0900] GC(14) User=0.06s Sys=0.00s Real=0.01s
[2025-12-18T23:50:05.593+0900] GC(15) Concurrent Mark Cycle
[2025-12-18T23:50:05.595+0900] GC(15) Concurrent Clear Claimed Marks
[2025-12-18T23:50:05.595+0900] GC(15) Concurrent Clear Claimed Marks 0.115ms
[2025-12-18T23:50:05.595+0900] GC(15) Concurrent Scan Root Regions
[2025-12-18T23:50:05.597+0900] GC(15) Concurrent Scan Root Regions 1.620ms
[2025-12-18T23:50:05.597+0900] GC(15) Concurrent Mark
[2025-12-18T23:50:05.597+0900] GC(15) Concurrent Mark From Roots
[2025-12-18T23:50:05.597+0900] GC(15) Using 3 workers of 3 for marking
[2025-12-18T23:50:05.599+0900] GC(15) Concurrent Mark From Roots 2.563ms
[2025-12-18T23:50:05.599+0900] GC(15) Concurrent Preclean
[2025-12-18T23:50:05.600+0900] GC(15) Concurrent Preclean 0.124ms
[2025-12-18T23:50:05.600+0900] GC(15) Pause Remark
[2025-12-18T23:50:05.601+0900] GC(15) Pause Remark 140M->140M(312M) 1.761ms
[2025-12-18T23:50:05.602+0900] GC(15) User=0.00s Sys=0.00s Real=0.01s
[2025-12-18T23:50:05.602+0900] GC(15) Concurrent Mark 4.961ms
[2025-12-18T23:50:05.602+0900] GC(15) Concurrent Rebuild Remembered Sets
[2025-12-18T23:50:05.603+0900] GC(15) Concurrent Rebuild Remembered Sets 1.723ms
[2025-12-18T23:50:05.604+0900] GC(15) Pause Cleanup
[2025-12-18T23:50:05.604+0900] GC(15) Pause Cleanup 140M->140M(312M) 0.121ms
[2025-12-18T23:50:05.604+0900] GC(15) User=0.00s Sys=0.00s Real=0.00s
[2025-12-18T23:50:05.604+0900] GC(15) Concurrent Cleanup for Next Mark
[2025-12-18T23:50:05.606+0900] GC(15) Concurrent Cleanup for Next Mark 1.972ms
[2025-12-18T23:50:05.606+0900] GC(15) Concurrent Mark Cycle 12.938ms
[2025-12-18T23:50:35.314+0900] GC(16) Pause Young (Concurrent Start) (G1 Evacuation Pause)
[2025-12-18T23:50:35.314+0900] GC(16) Using 10 workers of 10 for evacuation
[2025-12-18T23:50:35.323+0900] GC(16)   Pre Evacuate Collection Set: 0.2ms
[2025-12-18T23:50:35.323+0900] GC(16)   Merge Heap Roots: 0.1ms
[2025-12-18T23:50:35.323+0900] GC(16)   Evacuate Collection Set: 7.9ms
[2025-12-18T23:50:35.323+0900] GC(16)   Post Evacuate Collection Set: 0.4ms
[2025-12-18T23:50:35.323+0900] GC(16)   Other: 0.5ms
[2025-12-18T23:50:35.323+0900] GC(16) Eden regions: 25->0(25)
[2025-12-18T23:50:35.323+0900] GC(16) Survivor regions: 3->3(4)
[2025-12-18T23:50:35.323+0900] GC(16) Old regions: 12->13
[2025-12-18T23:50:35.323+0900] GC(16) Archive regions: 2->2
[2025-12-18T23:50:35.323+0900] GC(16) Humongous regions: 20->20
[2025-12-18T23:50:35.323+0900] GC(16) Metaspace: 73753K(74304K)->73753K(74304K) NonClass: 65223K(65536K)->65223K(65536K) Class: 8530K(8768K)->8530K(8768K)
[2025-12-18T23:50:35.323+0900] GC(16) Pause Young (Concurrent Start) (G1 Evacuation Pause) 239M->145M(312M) 9.710ms
[2025-12-18T23:50:35.323+0900] GC(16) User=0.08s Sys=0.00s Real=0.01s
[2025-12-18T23:50:35.323+0900] GC(17) Concurrent Mark Cycle
[2025-12-18T23:50:35.323+0900] GC(17) Concurrent Clear Claimed Marks
[2025-12-18T23:50:35.324+0900] GC(17) Concurrent Clear Claimed Marks 0.100ms
[2025-12-18T23:50:35.324+0900] GC(17) Concurrent Scan Root Regions
[2025-12-18T23:50:35.326+0900] GC(17) Concurrent Scan Root Regions 2.158ms
[2025-12-18T23:50:35.326+0900] GC(17) Concurrent Mark
[2025-12-18T23:50:35.326+0900] GC(17) Concurrent Mark From Roots
[2025-12-18T23:50:35.326+0900] GC(17) Using 3 workers of 3 for marking
[2025-12-18T23:50:35.329+0900] GC(17) Concurrent Mark From Roots 3.097ms
[2025-12-18T23:50:35.329+0900] GC(17) Concurrent Preclean
[2025-12-18T23:50:35.329+0900] GC(17) Concurrent Preclean 0.130ms
[2025-12-18T23:50:35.330+0900] GC(17) Pause Remark
[2025-12-18T23:50:35.331+0900] GC(17) Pause Remark 147M->147M(312M) 1.265ms
[2025-12-18T23:50:35.331+0900] GC(17) User=0.01s Sys=0.00s Real=0.00s
[2025-12-18T23:50:35.331+0900] GC(17) Concurrent Mark 5.402ms
[2025-12-18T23:50:35.331+0900] GC(17) Concurrent Rebuild Remembered Sets
[2025-12-18T23:50:35.334+0900] GC(17) Concurrent Rebuild Remembered Sets 2.312ms
[2025-12-18T23:50:35.335+0900] GC(17) Pause Cleanup
[2025-12-18T23:50:35.335+0900] GC(17) Pause Cleanup 148M->148M(312M) 0.127ms
[2025-12-18T23:50:35.335+0900] GC(17) User=0.00s Sys=0.00s Real=0.00s
[2025-12-18T23:50:35.335+0900] GC(17) Concurrent Cleanup for Next Mark
[2025-12-18T23:50:35.336+0900] GC(17) Concurrent Cleanup for Next Mark 0.527ms
[2025-12-18T23:50:35.336+0900] GC(17) Concurrent Mark Cycle 12.319ms
[2025-12-18T23:51:41.568+0900] GC(18) Pause Young (Prepare Mixed) (G1 Evacuation Pause)
[2025-12-18T23:51:41.568+0900] GC(18) Using 10 workers of 10 for evacuation
[2025-12-18T23:51:41.588+0900] GC(18)   Pre Evacuate Collection Set: 0.9ms
[2025-12-18T23:51:41.588+0900] GC(18)   Merge Heap Roots: 0.5ms
[2025-12-18T23:51:41.588+0900] GC(18)   Evacuate Collection Set: 16.6ms
[2025-12-18T23:51:41.588+0900] GC(18)   Post Evacuate Collection Set: 1.5ms
[2025-12-18T23:51:41.588+0900] GC(18)   Other: 1.1ms
[2025-12-18T23:51:41.589+0900] GC(18) Eden regions: 25->0(1)
[2025-12-18T23:51:41.589+0900] GC(18) Survivor regions: 3->3(4)
[2025-12-18T23:51:41.589+0900] GC(18) Old regions: 13->14
[2025-12-18T23:51:41.589+0900] GC(18) Archive regions: 2->2
[2025-12-18T23:51:41.589+0900] GC(18) Humongous regions: 20->20
[2025-12-18T23:51:41.589+0900] GC(18) Metaspace: 79579K(80192K)->79579K(80192K) NonClass: 70557K(70848K)->70557K(70848K) Class: 9022K(9344K)->9022K(9344K)
[2025-12-18T23:51:41.589+0900] GC(18) Pause Young (Prepare Mixed) (G1 Evacuation Pause) 245M->147M(376M) 21.290ms
[2025-12-18T23:51:41.589+0900] GC(18) User=0.14s Sys=0.02s Real=0.02s
[2025-12-18T23:51:45.113+0900] GC(19) Pause Young (Mixed) (G1 Evacuation Pause)
[2025-12-18T23:51:45.114+0900] GC(19) Using 10 workers of 10 for evacuation
[2025-12-18T23:51:45.130+0900] GC(19)   Pre Evacuate Collection Set: 0.3ms
[2025-12-18T23:51:45.131+0900] GC(19)   Merge Heap Roots: 0.1ms
[2025-12-18T23:51:45.131+0900] GC(19)   Evacuate Collection Set: 14.8ms
[2025-12-18T23:51:45.131+0900] GC(19)   Post Evacuate Collection Set: 1.2ms
[2025-12-18T23:51:45.131+0900] GC(19)   Other: 0.6ms
[2025-12-18T23:51:45.131+0900] GC(19) Eden regions: 1->0(37)
[2025-12-18T23:51:45.131+0900] GC(19) Survivor regions: 3->1(1)
[2025-12-18T23:51:45.131+0900] GC(19) Old regions: 14->16
[2025-12-18T23:51:45.131+0900] GC(19) Archive regions: 2->2
[2025-12-18T23:51:45.131+0900] GC(19) Humongous regions: 20->20
[2025-12-18T23:51:45.131+0900] GC(19) Metaspace: 79584K(80192K)->79584K(80192K) NonClass: 70562K(70848K)->70562K(70848K) Class: 9022K(9344K)->9022K(9344K)
[2025-12-18T23:51:45.132+0900] GC(19) Pause Young (Mixed) (G1 Evacuation Pause) 151M->147M(376M) 18.138ms
[2025-12-18T23:51:45.132+0900] GC(19) User=0.11s Sys=0.03s Real=0.02s
[2025-12-18T23:53:49.921+0900] GC(20) Pause Young (Normal) (G1 Evacuation Pause)
[2025-12-18T23:53:49.922+0900] GC(20) Using 10 workers of 10 for evacuation
[2025-12-18T23:53:49.925+0900] GC(20)   Pre Evacuate Collection Set: 0.4ms
[2025-12-18T23:53:49.925+0900] GC(20)   Merge Heap Roots: 0.2ms
[2025-12-18T23:53:49.925+0900] GC(20)   Evacuate Collection Set: 1.5ms
[2025-12-18T23:53:49.925+0900] GC(20)   Post Evacuate Collection Set: 0.9ms
[2025-12-18T23:53:49.925+0900] GC(20)   Other: 0.7ms
[2025-12-18T23:53:49.925+0900] GC(20) Eden regions: 37->0(40)
[2025-12-18T23:53:49.925+0900] GC(20) Survivor regions: 1->1(5)
[2025-12-18T23:53:49.925+0900] GC(20) Old regions: 16->16
[2025-12-18T23:53:49.925+0900] GC(20) Archive regions: 2->2
[2025-12-18T23:53:49.925+0900] GC(20) Humongous regions: 20->20
[2025-12-18T23:53:49.926+0900] GC(20) Metaspace: 80136K(80768K)->80136K(80768K) NonClass: 71104K(71424K)->71104K(71424K) Class: 9032K(9344K)->9032K(9344K)
[2025-12-18T23:53:49.926+0900] GC(20) Pause Young (Normal) (G1 Evacuation Pause) 295M->147M(376M) 4.429ms
[2025-12-18T23:53:49.926+0900] GC(20) User=0.01s Sys=0.00s Real=0.00s
[2025-12-18T23:56:05.152+0900] GC(21) Pause Young (Normal) (G1 Evacuation Pause)
[2025-12-18T23:56:05.154+0900] GC(21) Using 10 workers of 10 for evacuation
[2025-12-18T23:56:05.160+0900] GC(21)   Pre Evacuate Collection Set: 0.9ms
[2025-12-18T23:56:05.160+0900] GC(21)   Merge Heap Roots: 0.5ms
[2025-12-18T23:56:05.161+0900] GC(21)   Evacuate Collection Set: 3.0ms
[2025-12-18T23:56:05.161+0900] GC(21)   Post Evacuate Collection Set: 1.0ms
[2025-12-18T23:56:05.161+0900] GC(21)   Other: 2.7ms
[2025-12-18T23:56:05.161+0900] GC(21) Eden regions: 40->0(41)
[2025-12-18T23:56:05.161+0900] GC(21) Survivor regions: 1->1(6)
[2025-12-18T23:56:05.161+0900] GC(21) Old regions: 16->16
[2025-12-18T23:56:05.161+0900] GC(21) Archive regions: 2->2
[2025-12-18T23:56:05.161+0900] GC(21) Humongous regions: 20->20
[2025-12-18T23:56:05.161+0900] GC(21) Metaspace: 80958K(81600K)->80958K(81600K) NonClass: 71910K(72192K)->71910K(72192K) Class: 9047K(9408K)->9047K(9408K)
[2025-12-18T23:56:05.162+0900] GC(21) Pause Young (Normal) (G1 Evacuation Pause) 307M->147M(376M) 9.319ms
[2025-12-18T23:56:05.162+0900] GC(21) User=0.03s Sys=0.00s Real=0.01s
[2025-12-19T00:00:27.128+0900] GC(22) Pause Young (Normal) (G1 Evacuation Pause)
[2025-12-19T00:00:27.129+0900] GC(22) Using 10 workers of 10 for evacuation
[2025-12-19T00:00:27.137+0900] GC(22)   Pre Evacuate Collection Set: 1.0ms
[2025-12-19T00:00:27.138+0900] GC(22)   Merge Heap Roots: 0.4ms
[2025-12-19T00:00:27.138+0900] GC(22)   Evacuate Collection Set: 4.7ms
[2025-12-19T00:00:27.138+0900] GC(22)   Post Evacuate Collection Set: 1.7ms
[2025-12-19T00:00:27.138+0900] GC(22)   Other: 1.2ms
[2025-12-19T00:00:27.138+0900] GC(22) Eden regions: 41->0(42)
[2025-12-19T00:00:27.138+0900] GC(22) Survivor regions: 1->1(6)
[2025-12-19T00:00:27.138+0900] GC(22) Old regions: 16->16
[2025-12-19T00:00:27.138+0900] GC(22) Archive regions: 2->2
[2025-12-19T00:00:27.138+0900] GC(22) Humongous regions: 20->20
[2025-12-19T00:00:27.138+0900] GC(22) Metaspace: 81137K(81856K)->81137K(81856K) NonClass: 72090K(72448K)->72090K(72448K) Class: 9047K(9408K)->9047K(9408K)
[2025-12-19T00:00:27.138+0900] GC(22) Pause Young (Normal) (G1 Evacuation Pause) 311M->147M(376M) 9.925ms
[2025-12-19T00:00:27.138+0900] GC(22) User=0.03s Sys=0.01s Real=0.01s
[2025-12-19T00:02:47.721+0900] GC(23) Pause Young (Normal) (G1 Evacuation Pause)
[2025-12-19T00:02:47.723+0900] GC(23) Using 10 workers of 10 for evacuation
[2025-12-19T00:02:47.735+0900] GC(23)   Pre Evacuate Collection Set: 0.8ms
[2025-12-19T00:02:47.735+0900] GC(23)   Merge Heap Roots: 0.6ms
[2025-12-19T00:02:47.735+0900] GC(23)   Evacuate Collection Set: 8.2ms
[2025-12-19T00:02:47.735+0900] GC(23)   Post Evacuate Collection Set: 1.6ms
[2025-12-19T00:02:47.735+0900] GC(23)   Other: 2.7ms
[2025-12-19T00:02:47.735+0900] GC(23) Eden regions: 42->0(42)
[2025-12-19T00:02:47.735+0900] GC(23) Survivor regions: 1->1(6)
[2025-12-19T00:02:47.736+0900] GC(23) Old regions: 16->16
[2025-12-19T00:02:47.736+0900] GC(23) Archive regions: 2->2
[2025-12-19T00:02:47.736+0900] GC(23) Humongous regions: 20->20
[2025-12-19T00:02:47.736+0900] GC(23) Metaspace: 81490K(82112K)->81490K(82112K) NonClass: 72422K(72704K)->72422K(72704K) Class: 9068K(9408K)->9068K(9408K)
[2025-12-19T00:02:47.736+0900] GC(23) Pause Young (Normal) (G1 Evacuation Pause) 315M->148M(376M) 15.112ms
[2025-12-19T00:02:47.736+0900] GC(23) User=0.07s Sys=0.00s Real=0.02s
[2025-12-19T00:05:14.436+0900] GC(24) Pause Young (Normal) (G1 Evacuation Pause)
[2025-12-19T00:05:14.438+0900] GC(24) Using 10 workers of 10 for evacuation
[2025-12-19T00:05:14.452+0900] GC(24)   Pre Evacuate Collection Set: 0.9ms
[2025-12-19T00:05:14.452+0900] GC(24)   Merge Heap Roots: 0.5ms
[2025-12-19T00:05:14.452+0900] GC(24)   Evacuate Collection Set: 10.3ms
[2025-12-19T00:05:14.452+0900] GC(24)   Post Evacuate Collection Set: 1.9ms
[2025-12-19T00:05:14.452+0900] GC(24)   Other: 2.0ms
[2025-12-19T00:05:14.452+0900] GC(24) Eden regions: 42->0(42)
[2025-12-19T00:05:14.453+0900] GC(24) Survivor regions: 1->1(6)
[2025-12-19T00:05:14.453+0900] GC(24) Old regions: 16->16
[2025-12-19T00:05:14.453+0900] GC(24) Archive regions: 2->2
[2025-12-19T00:05:14.453+0900] GC(24) Humongous regions: 20->20
[2025-12-19T00:05:14.453+0900] GC(24) Metaspace: 81601K(82304K)->81601K(82304K) NonClass: 72532K(72896K)->72532K(72896K) Class: 9068K(9408K)->9068K(9408K)
[2025-12-19T00:05:14.453+0900] GC(24) Pause Young (Normal) (G1 Evacuation Pause) 316M->149M(376M) 16.608ms
[2025-12-19T00:05:14.453+0900] GC(24) User=0.09s Sys=0.01s Real=0.01s
[2025-12-19T00:07:36.822+0900] GC(25) Pause Young (Normal) (G1 Evacuation Pause)
[2025-12-19T00:07:36.822+0900] GC(25) Using 10 workers of 10 for evacuation
[2025-12-19T00:07:36.827+0900] GC(25)   Pre Evacuate Collection Set: 0.3ms
[2025-12-19T00:07:36.827+0900] GC(25)   Merge Heap Roots: 0.2ms
[2025-12-19T00:07:36.827+0900] GC(25)   Evacuate Collection Set: 3.5ms
[2025-12-19T00:07:36.827+0900] GC(25)   Post Evacuate Collection Set: 0.8ms
[2025-12-19T00:07:36.827+0900] GC(25)   Other: 0.6ms
[2025-12-19T00:07:36.827+0900] GC(25) Eden regions: 42->0(43)
[2025-12-19T00:07:36.827+0900] GC(25) Survivor regions: 1->1(6)
[2025-12-19T00:07:36.828+0900] GC(25) Old regions: 16->16
[2025-12-19T00:07:36.828+0900] GC(25) Archive regions: 2->2
[2025-12-19T00:07:36.828+0900] GC(25) Humongous regions: 20->20
[2025-12-19T00:07:36.828+0900] GC(25) Metaspace: 81737K(82368K)->81737K(82368K) NonClass: 72668K(72960K)->72668K(72960K) Class: 9068K(9408K)->9068K(9408K)
[2025-12-19T00:07:36.828+0900] GC(25) Pause Young (Normal) (G1 Evacuation Pause) 317M->149M(376M) 5.982ms
[2025-12-19T00:07:36.828+0900] GC(25) User=0.04s Sys=0.00s Real=0.01s
[2025-12-19T00:10:04.920+0900] GC(26) Pause Young (Normal) (G1 Evacuation Pause)
[2025-12-19T00:10:04.922+0900] GC(26) Using 10 workers of 10 for evacuation
[2025-12-19T00:10:04.931+0900] GC(26)   Pre Evacuate Collection Set: 0.6ms
[2025-12-19T00:10:04.932+0900] GC(26)   Merge Heap Roots: 0.4ms
[2025-12-19T00:10:04.932+0900] GC(26)   Evacuate Collection Set: 6.7ms
[2025-12-19T00:10:04.932+0900] GC(26)   Post Evacuate Collection Set: 1.4ms
[2025-12-19T00:10:04.932+0900] GC(26)   Other: 2.1ms
[2025-12-19T00:10:04.932+0900] GC(26) Eden regions: 43->0(43)
[2025-12-19T00:10:04.932+0900] GC(26) Survivor regions: 1->1(6)
[2025-12-19T00:10:04.932+0900] GC(26) Old regions: 16->16
[2025-12-19T00:10:04.932+0900] GC(26) Archive regions: 2->2
[2025-12-19T00:10:04.932+0900] GC(26) Humongous regions: 20->20
[2025-12-19T00:10:04.933+0900] GC(26) Metaspace: 81787K(82432K)->81787K(82432K) NonClass: 72719K(73024K)->72719K(73024K) Class: 9068K(9408K)->9068K(9408K)
[2025-12-19T00:10:04.933+0900] GC(26) Pause Young (Normal) (G1 Evacuation Pause) 321M->150M(376M) 12.323ms
[2025-12-19T00:10:04.933+0900] GC(26) User=0.07s Sys=0.00s Real=0.01s
[2025-12-19T00:12:33.525+0900] GC(27) Pause Young (Normal) (G1 Evacuation Pause)
[2025-12-19T00:12:33.527+0900] GC(27) Using 10 workers of 10 for evacuation
[2025-12-19T00:12:33.539+0900] GC(27)   Pre Evacuate Collection Set: 3.5ms
[2025-12-19T00:12:33.540+0900] GC(27)   Merge Heap Roots: 0.6ms
[2025-12-19T00:12:33.540+0900] GC(27)   Evacuate Collection Set: 6.1ms
[2025-12-19T00:12:33.540+0900] GC(27)   Post Evacuate Collection Set: 1.6ms
[2025-12-19T00:12:33.540+0900] GC(27)   Other: 2.6ms
[2025-12-19T00:12:33.540+0900] GC(27) Eden regions: 43->0(42)
[2025-12-19T00:12:33.541+0900] GC(27) Survivor regions: 1->2(6)
[2025-12-19T00:12:33.541+0900] GC(27) Old regions: 16->16
[2025-12-19T00:12:33.541+0900] GC(27) Archive regions: 2->2
[2025-12-19T00:12:33.541+0900] GC(27) Humongous regions: 20->20
[2025-12-19T00:12:33.541+0900] GC(27) Metaspace: 81892K(82560K)->81892K(82560K) NonClass: 72824K(73152K)->72824K(73152K) Class: 9068K(9408K)->9068K(9408K)
[2025-12-19T00:12:33.541+0900] GC(27) Pause Young (Normal) (G1 Evacuation Pause) 322M->150M(376M) 15.855ms
[2025-12-19T00:12:33.541+0900] GC(27) User=0.05s Sys=0.04s Real=0.01s
